******************************************************************************
            TI ARM Clang Linker PC v4.0.4                      
******************************************************************************
>> Linked Mon Aug  3 06:46:26 2026

OUTPUT FILE NAME:   <H2_LineCar_CCS.out>
ENTRY POINT SYMBOL: "_c_int00_noargs"  address: 0000b9a1


MEMORY CONFIGURATION

         name            origin    length      used     unused   attr    fill
----------------------  --------  ---------  --------  --------  ----  --------
  FLASH                 00000000   00020000  0000d400  00012c00  R  X
  SRAM                  20200000   00008000  000010c7  00006f39  RW X
  BCR_CONFIG            41c00000   000000ff  00000000  000000ff  R   
  BSL_CONFIG            41c00100   00000080  00000000  00000080  R   


SEGMENT ALLOCATION MAP

run origin  load origin   length   init length attrs members
----------  ----------- ---------- ----------- ----- -------
00000000    00000000    0000d400   0000d400    r-x
  00000000    00000000    000000c0   000000c0    r-- .intvecs
  000000c0    000000c0    0000c3d0   0000c3d0    r-x .text
  0000c490    0000c490    00000f40   00000f40    r-- .rodata
  0000d3d0    0000d3d0    00000030   00000030    r-- .cinit
20200000    20200000    00000eca   00000000    rw-
  20200000    20200000    00000ec1   00000000    rw- .bss
  20200ec4    20200ec4    00000006   00000000    rw- .data
20207e00    20207e00    00000200   00000000    rw-
  20207e00    20207e00    00000200   00000000    rw- .stack


SECTION ALLOCATION MAP

 output                                  attributes/
section   page    origin      length       input sections
--------  ----  ----------  ----------   ----------------
.intvecs   0    00000000    000000c0     
                  00000000    000000c0     startup_mspm0g350x_ticlang.o (.intvecs)

.text      0    000000c0    0000c3d0     
                  000000c0    00000bdc     libc.a : _scanfi.c.obj (.text.__TI_scanfi)
                  00000c9c    00000868            : _printfi.c.obj (.text:__TI_printfi_nofloat)
                  00001504    000003e0     h4_tuning_link.o (.text.parse_command)
                  000018e4    000003cc     h3_ball_control.o (.text.run_outer_loop)
                  00001cb0    000003b8     libc.a : strtod.c.obj (.text.strtod)
                  00002068    00000360     h5_balance_loop.o (.text.run_ball_control)
                  000023c8    0000033e     SEGGER_RTT_printf.o (.text.SEGGER_RTT_vprintf)
                  00002706    00000002     libclang_rt.builtins.a : aeabi_div0.c.obj (.text.__aeabi_idiv0)
                  00002708    00000320     h5_balance_loop.o (.text.h5_balance_loop_process)
                  00002a28    00000318     h4_balance_ab.o (.text.h4_balance_ab_process)
                  00002d40    000002c8     h4_balance_ab.o (.text.run_ball_control)
                  00003008    00000278     h3_ball_control.o (.text.update_motion_state)
                  00003280    00000268     h3_tuning_link.o (.text.parse_command)
                  000034e8    00000258     app.o (.text.run_control_5ms)
                  00003740    00000240     h3_ball_control.o (.text.h3_ball_control_process)
                  00003980    00000240     h5_balance_loop.o (.text.update_ui)
                  00003bc0    00000208     h3_ball_control.o (.text.update_ui)
                  00003dc8    000001f4     h4_balance_ab.o (.text.update_speed_profile)
                  00003fbc    000001e4     h5_balance_loop.o (.text.run_line_control)
                  000041a0    000001e2     SEGGER_RTT_printf.o (.text._PrintInt)
                  00004382    00000002     libclang_rt.builtins.a : aeabi_div0.c.obj (.text.__aeabi_ldiv0)
                  00004384    000001e0     libc.a : strtoll.c.obj (.text.strtoll)
                  00004564    000001e0     h4_balance_ab.o (.text.update_ui)
                  00004744    000001d4     h5_balance_loop.o (.text.update_speed_profile)
                  00004918    000001d0     h3_ball_control.o (.text.handle_tuning_commands)
                  00004ae8    000001cc     ti_msp_dl_config.o (.text.SYSCFG_DL_GPIO_init)
                  00004cb4    000001c8     SEGGER_RTT_printf.o (.text._PrintUnsigned)
                  00004e7c    000001ae     h3_vision.o (.text.parse_decimal_i32)
                  0000502a    00000002     --HOLE-- [fill = 0]
                  0000502c    000001a4     app.o (.text.update_ui)
                  000051d0    0000019c     main.o (.text.main)
                  0000536c    0000019c     h4_balance_ab.o (.text.run_line_control)
                  00005508    00000192     libclang_rt.builtins.a : adddf3.S.obj (.text.adddf3_subdf3)
                  0000569a    00000002     --HOLE-- [fill = 0]
                  0000569c    00000184     h3_tuning_link.o (.text.h3_tuning_link_telemetry)
                  00005820    00000178     app.o (.text.app_process)
                  00005998    00000178     h3_vision.o (.text.commit_frame)
                  00005b10    00000170     h4_tuning_link.o (.text.h4_tuning_link_telemetry)
                  00005c80    00000170     ssd1306.o (.text.ssd1306_draw_text_2x)
                  00005df0    0000016c     line_sensor.o (.text.line_sensor_read)
                  00005f5c    0000016c     libc.a : strtoull.c.obj (.text.strtoull)
                  000060c8    00000168     h5_balance_loop.o (.text.h5_balance_loop_init)
                  00006230    00000168     h4_balance_ab.o (.text.update_stiction_logic)
                  00006398    00000168     h5_balance_loop.o (.text.update_stiction_logic)
                  00006500    00000148     zdt_stepper.o (.text.zdt_stepper_rx_byte_isr)
                  00006648    00000144     libc.a : strtol.c.obj (.text.strtol)
                  0000678c    00000134     h3_vision.o (.text.h3_vision_process)
                  000068c0    0000012c     h4_balance_ab.o (.text.h4_balance_ab_init)
                  000069ec    0000012c     libc.a : strtoul.c.obj (.text.strtoul)
                  00006b18    00000128     SEGGER_RTT.o (.text.SEGGER_RTT_ReadNoLock)
                  00006c40    00000128     ssd1306.o (.text.ssd1306_init)
                  00006d68    00000124     h4_balance_ab.o (.text.handle_tuning_commands)
                  00006e8c    0000011c     h5_balance_loop.o (.text.handle_tuning_commands)
                  00006fa8    00000118     h3_ball_control.o (.text.h3_ball_control_init)
                  000070c0    00000118     main.o (.text.select_or_trigger_mode)
                  000071d8    0000010c     libclang_rt.builtins.a : divdf3.S.obj (.text.__divdf3)
                  000072e4    0000010c     h5_balance_loop.o (.text.update_finish_detection)
                  000073f0    00000108     h4_balance_ab.o (.text.send_motor_angle)
                  000074f8    00000108     h5_balance_loop.o (.text.send_motor_angle)
                  00007600    00000104     driverlib.a : dl_timer.o (.text.DL_Timer_initFourCCPWMMode)
                  00007704    000000fc                 : dl_timer.o (.text.DL_Timer_initTimerMode)
                  00007800    000000fc     h3_ball_control.o (.text.send_motor_angle)
                  000078fc    000000f8     ssd1306.o (.text.ssd1306_refresh_next_page)
                  000079f4    000000f0     h5_balance_loop.o (.text.start_run)
                  00007ae4    000000ec     h3_vision.o (.text.parse_legacy_line)
                  00007bd0    000000ec     h5_balance_loop.o (.text.reset_ready)
                  00007cbc    000000e8     ssd1306.o (.text.glyph_index)
                  00007da4    000000e8     main.o (.text.poll_keys_1ms_isr)
                  00007e8c    000000e4     libclang_rt.builtins.a : muldf3.S.obj (.text.__muldf3)
                  00007f70    000000e2     h3_vision.o (.text.parse_u32)
                  00008052    00000002     --HOLE-- [fill = 0]
                  00008054    000000e0     app.o (.text.app_init)
                  00008134    000000dc     SEGGER_RTT.o (.text._WriteBlocking)
                  00008210    000000d8     libc.a : s_scalbn.c.obj (.text.scalbn)
                  000082e8    000000d8     app.o (.text.state_text)
                  000083c0    000000d8     libclang_rt.builtins.a : addsf3.S.obj (.text)
                  00008498    000000d0     h4_balance_ab.o (.text.start_run)
                  00008568    000000cc     main.o (.text.draw_mode_menu)
                  00008634    000000cc     ssd1306.o (.text.ssd1306_draw_text)
                  00008700    000000b8     h3_ball_control.o (.text.handle_key)
                  000087b8    000000b8     h4_balance_ab.o (.text.update_precenter)
                  00008870    000000b8     h5_balance_loop.o (.text.update_precenter)
                  00008928    000000b4     motor_encoder.o (.text.motor_speed_control_10ms)
                  000089dc    000000b4     h4_balance_ab.o (.text.reset_ready)
                  00008a90    000000b0     SEGGER_RTT.o (.text.SEGGER_RTT_WriteNoLock)
                  00008b40    000000ac     h3_ball_control.o (.text.state_text)
                  00008bec    000000ac     h4_balance_ab.o (.text.state_text)
                  00008c98    000000ac     h5_balance_loop.o (.text.state_text)
                  00008d44    000000a8     motor_encoder.o (.text.speed_pi)
                  00008dec    000000a4     app.o (.text.start_run)
                  00008e90    000000a4     h4_balance_ab.o (.text.stop_vehicle)
                  00008f34    000000a2     libclang_rt.builtins.a : udivmoddi4.S.obj (.text)
                  00008fd6    00000002     --HOLE-- [fill = 0]
                  00008fd8    000000a0     ti_msp_dl_config.o (.text.SYSCFG_DL_initPower)
                  00009078    000000a0     h4_tuning_link.o (.text.h4_tuning_link_init)
                  00009118    000000a0     i2c_bus.o (.text.i2c_bus_write)
                  000091b8    0000009c     h4_balance_ab.o (.text.handle_key)
                  00009254    0000009c     h5_balance_loop.o (.text.handle_key)
                  000092f0    0000009c     h5_balance_loop.o (.text.stop_vehicle)
                  0000938c    0000009c     ssd1306.o (.text.write_commands)
                  00009428    0000009a     h3_vision.o (.text.parse_i32)
                  000094c2    00000002     --HOLE-- [fill = 0]
                  000094c4    00000098     h3_vision.o (.text.inside_legacy_checksum)
                  0000955c    00000098     h3_vision.o (.text.parse_line)
                  000095f4    00000094     h3_tuning_link.o (.text.h3_tuning_link_process)
                  00009688    00000094     h4_tuning_link.o (.text.h4_tuning_link_process)
                  0000971c    00000094     zdt_stepper.o (.text.zdt_stepper_move_absolute_deg)
                  000097b0    00000090     h5_balance_loop.o (.text.begin_finish_decel)
                  00009840    00000090     h3_ball_control.o (.text.start_run)
                  000098d0    0000008c     libclang_rt.builtins.a : mulsf3.S.obj (.text.__mulsf3)
                  0000995c    00000004     startup_mspm0g350x_ticlang.o (.text.Default_Handler)
                  00009960    00000088     libc.a : strcmp-armv6m.S.obj (.text:strcmp)
                  000099e8    00000084     SEGGER_RTT.o (.text._DoInit)
                  00009a6c    00000082     libclang_rt.builtins.a : divsf3.S.obj (.text.__divsf3)
                  00009aee    00000002     --HOLE-- [fill = 0]
                  00009af0    00000080     i2c_bus.o (.text.finish_transfer)
                  00009b70    00000080     app.o (.text.handle_key)
                  00009bf0    00000080     h3_vision.o (.text.skip_field)
                  00009c70    0000007e     h3_vision.o (.text.parse_standard_line)
                  00009cee    00000002     --HOLE-- [fill = 0]
                  00009cf0    0000007c     libc.a : copy_decompress_lzss.c.obj (.text:decompress:lzss)
                  00009d6c    00000078     SEGGER_RTT.o (.text._WriteNoCheck)
                  00009de4    00000078     h3_ball_control.o (.text.send_camera_ack)
                  00009e5c    00000078     main.o (.text.start_selected_mode)
                  00009ed4    00000074     SEGGER_RTT_printf.o (.text._StoreChar)
                  00009f48    00000074     libclang_rt.builtins.a : comparedf2.c.obj (.text.__gedf2)
                  00009fbc    00000004     libsysbm.a : hostexit.c.obj (.text.HOSTexit)
                  00009fc0    00000074     libclang_rt.builtins.a : truncdfsf2.S.obj (.text.__truncdfsf2)
                  0000a034    00000074     libc.a : sscanf.c.obj (.text._chkmbc)
                  0000a0a8    00000070     h3_tuning_link.o (.text.h3_tuning_link_init)
                  0000a118    00000070     main.o (.text.read_pressed_keys)
                  0000a188    00000070     h3_ball_control.o (.text.start_return_center)
                  0000a1f8    00000068     libclang_rt.builtins.a : comparedf2.c.obj (.text.__ledf2)
                  0000a260    00000068     motor_encoder.o (.text.set_pwm)
                  0000a2c8    00000064     ti_msp_dl_config.o (.text.SYSCFG_DL_PWM_LEFT_init)
                  0000a32c    00000064     ti_msp_dl_config.o (.text.SYSCFG_DL_PWM_RIGHT_init)
                  0000a390    00000064     motor_encoder.o (.text.motor_encoder_right_edge_isr)
                  0000a3f4    00000062     libclang_rt.builtins.a : aeabi_dcmp.S.obj (.text.__aeabi_dcmp)
                  0000a456    00000002     --HOLE-- [fill = 0]
                  0000a458    00000062                            : aeabi_fcmp.S.obj (.text.__aeabi_fcmp)
                  0000a4ba    00000002     --HOLE-- [fill = 0]
                  0000a4bc    00000060     h3_vision.o (.text.h3_vision_rx_byte_isr)
                  0000a51c    00000060     motor_encoder.o (.text.motor_encoder_left_edge_isr)
                  0000a57c    00000060     motor_encoder.o (.text.motor_init)
                  0000a5dc    00000060     app.o (.text.travelled_distance_mm)
                  0000a63c    00000060     h4_balance_ab.o (.text.travelled_distance_mm)
                  0000a69c    00000060     h5_balance_loop.o (.text.travelled_distance_mm)
                  0000a6fc    00000060     zdt_stepper.o (.text.zdt_stepper_init)
                  0000a75c    0000005e     driverlib.a : dl_i2c.o (.text.DL_I2C_fillControllerTXFIFO)
                  0000a7ba    00000002     --HOLE-- [fill = 0]
                  0000a7bc    00000058     ti_msp_dl_config.o (.text.SYSCFG_DL_I2C_DISPLAY_init)
                  0000a814    00000058     motor_encoder.o (.text.motor_prepare_run)
                  0000a86c    00000058     zdt_stepper.o (.text.send_frame)
                  0000a8c4    00000056     libclang_rt.builtins.a : aeabi_idivmod.S.obj (.text.__aeabi_idivmod)
                  0000a91a    00000002     --HOLE-- [fill = 0]
                  0000a91c    00000050     ti_msp_dl_config.o (.text.DL_GPIO_initPeripheralInputFunctionFeatures)
                  0000a96c    00000050     i2c_bus.o (.text.DL_I2C_startControllerTransfer)
                  0000a9bc    00000050     h5_balance_loop.o (.text.request_precenter)
                  0000aa0c    0000004c     ti_msp_dl_config.o (.text.DL_GPIO_initDigitalInputFeatures)
                  0000aa58    0000004c     ti_msp_dl_config.o (.text.DL_UART_setBaudRateDivisor)
                  0000aaa4    0000004c     ti_msp_dl_config.o (.text.SYSCFG_DL_VISION_UART_init)
                  0000aaf0    0000004c     h3_vision.o (.text.h3_vision_init)
                  0000ab3c    0000004c     libc.a : snprintf.c.obj (.text.snprintf)
                  0000ab88    0000004c     i2c_bus.o (.text.wait_idle)
                  0000abd4    00000048     driverlib.a : dl_uart.o (.text.DL_UART_init)
                  0000ac1c    00000048     ti_msp_dl_config.o (.text.SYSCFG_DL_DEBUG_UART_init)
                  0000ac64    00000048     main.o (.text.dispatch_key_debounced)
                  0000acac    00000048     app.o (.text.stop_with_state)
                  0000acf4    00000048     main.o (.text.zdt_uart_start_clean)
                  0000ad3c    00000044     main.o (.text.GROUP1_IRQHandler)
                  0000ad80    00000044     h4_balance_ab.o (.text.request_precenter)
                  0000adc4    00000044     main.o (.text.vision_uart_start_clean)
                  0000ae08    00000042     h3_tuning_link.o (.text.scaled_float)
                  0000ae4a    00000042     h4_tuning_link.o (.text.scaled_float)
                  0000ae8c    00000042     h3_ball_control.o (.text.vision_is_recent)
                  0000aece    00000042     h4_balance_ab.o (.text.vision_is_recent)
                  0000af10    00000042     h5_balance_loop.o (.text.vision_is_recent)
                  0000af52    00000002     --HOLE-- [fill = 0]
                  0000af54    00000040     libclang_rt.builtins.a : aeabi_uidivmod.S.obj (.text.__aeabi_uidivmod)
                  0000af94    00000040     libc.a : atoi.c.obj (.text.atoi)
                  0000afd4    00000040     h4_balance_ab.o (.text.smoothstep)
                  0000b014    00000040     h5_balance_loop.o (.text.smoothstep)
                  0000b054    0000003e     SEGGER_RTT.o (.text._GetAvailWriteSpace)
                  0000b092    0000003e     app.o (.text.clampf)
                  0000b0d0    0000003e     h3_ball_control.o (.text.clampf)
                  0000b10e    0000003e     h4_balance_ab.o (.text.clampf)
                  0000b14c    0000003e     h5_balance_loop.o (.text.clampf)
                  0000b18a    0000003e     motor_encoder.o (.text.clampf)
                  0000b1c8    0000003c     driverlib.a : dl_i2c.o (.text.DL_I2C_flushControllerTXFIFO)
                  0000b204    0000003c     ti_msp_dl_config.o (.text.DL_Timer_setCounterControl)
                  0000b240    0000003c     ti_msp_dl_config.o (.text.SYSCFG_DL_init)
                  0000b27c    0000003c     libclang_rt.builtins.a : floatsisf.S.obj (.text.__floatsisf)
                  0000b2b8    0000003c                            : comparesf2.S.obj (.text.__gtsf2)
                  0000b2f4    0000003c     motor_encoder.o (.text.motor_active_brake)
                  0000b330    0000003c     motor_encoder.o (.text.motor_coast)
                  0000b36c    0000003c     h4_balance_ab.o (.text.smoothstep_derivative)
                  0000b3a8    0000003c     h5_balance_loop.o (.text.smoothstep_derivative)
                  0000b3e4    0000003c     libc.a : autoinit.c.obj (.text:__TI_auto_init_nobinit_nopinit)
                  0000b420    0000003a     libclang_rt.builtins.a : comparesf2.S.obj (.text.__eqsf2)
                  0000b45a    00000002     --HOLE-- [fill = 0]
                  0000b45c    0000003a                            : muldsi3.S.obj (.text.__muldsi3)
                  0000b496    00000002     --HOLE-- [fill = 0]
                  0000b498    00000038     main.o (.text.TIMA1_IRQHandler)
                  0000b4d0    00000038     libclang_rt.builtins.a : fixsfsi.S.obj (.text.__fixsfsi)
                  0000b508    00000038     h3_tuning_link.o (.text.h3_tuning_link_take_command)
                  0000b540    00000038     h4_tuning_link.o (.text.h4_tuning_link_take_command)
                  0000b578    00000038     motor_encoder.o (.text.motor_set_targets)
                  0000b5b0    00000034     SEGGER_RTT.o (.text.SEGGER_RTT_Write)
                  0000b5e4    00000034     ti_msp_dl_config.o (.text.SYSCFG_DL_CONTROL_TIMER_init)
                  0000b618    00000034     main.o (.text.__NVIC_DisableIRQ)
                  0000b64c    00000032     libclang_rt.builtins.a : fixunssfsi.S.obj (.text.__fixunssfsi)
                  0000b67e    00000002     --HOLE-- [fill = 0]
                  0000b680    00000030     driverlib.a : dl_i2c.o (.text.DL_I2C_flushControllerRXFIFO)
                  0000b6b0    00000030                 : dl_uart.o (.text.DL_UART_transmitDataBlocking)
                  0000b6e0    00000030     main.o (.text.UART0_IRQHandler)
                  0000b710    00000030     main.o (.text.UART1_IRQHandler)
                  0000b740    00000030     libc.a : snprintf.c.obj (.text._outs)
                  0000b770    00000030            : sscanf.c.obj (.text.sscanf)
                  0000b7a0    0000002e     zdt_stepper.o (.text.zdt_stepper_enable)
                  0000b7ce    0000002c     SEGGER_RTT_printf.o (.text.SEGGER_RTT_printf)
                  0000b7fa    00000002     --HOLE-- [fill = 0]
                  0000b7fc    0000002c     main.o (.text.__NVIC_ClearPendingIRQ)
                  0000b828    0000002c     main.o (.text.__NVIC_EnableIRQ)
                  0000b854    0000002c     h3_ball_control.o (.text.absf)
                  0000b880    0000002c     h4_balance_ab.o (.text.absf)
                  0000b8ac    0000002c     h5_balance_loop.o (.text.absf)
                  0000b8d8    00000028     i2c_bus.o (.text.DL_Common_updateReg)
                  0000b900    00000028     ti_msp_dl_config.o (.text.DL_Common_updateReg)
                  0000b928    00000028     ti_msp_dl_config.o (.text.DL_I2C_setControllerRXFIFOThreshold)
                  0000b950    00000028     ti_msp_dl_config.o (.text.DL_I2C_setControllerTXFIFOThreshold)
                  0000b978    00000028     libclang_rt.builtins.a : floatunsisf.S.obj (.text.__floatunsisf)
                  0000b9a0    00000028     libc.a : boot_cortex_m.c.obj (.text:_c_int00_noargs)
                  0000b9c8    00000026     ti_msp_dl_config.o (.text.DL_I2C_setAnalogGlitchFilterPulseWidth)
                  0000b9ee    00000026     driverlib.a : dl_i2c.o (.text.DL_I2C_setClockConfig)
                  0000ba14    00000024     libclang_rt.builtins.a : muldi3.S.obj (.text.__muldi3)
                  0000ba38    00000024     motor_encoder.o (.text.set_right_direction_forward)
                  0000ba5c    00000024     ssd1306.o (.text.try_init_at)
                  0000ba80    00000022     ti_msp_dl_config.o (.text.SYSCFG_DL_SYSCTL_init)
                  0000baa2    00000022     line_sensor.o (.text.is_black)
                  0000bac4    00000022     libc.a : memccpy.c.obj (.text.memccpy)
                  0000bae6    00000002     --HOLE-- [fill = 0]
                  0000bae8    00000020     ti_msp_dl_config.o (.text.DL_GPIO_initPeripheralInputFunction)
                  0000bb08    00000020     app.o (.text.abs_i32)
                  0000bb28    00000020     h4_balance_ab.o (.text.abs_i32)
                  0000bb48    00000020     h5_balance_loop.o (.text.abs_i32)
                  0000bb68    00000020     h3_vision.o (.text.h3_vision_take_new_sample)
                  0000bb88    00000020     h3_tuning_link.o (.text.reply)
                  0000bba8    00000020     h4_tuning_link.o (.text.reply)
                  0000bbc8    00000020     motor_encoder.o (.text.set_left_direction_forward)
                  0000bbe8    0000001e     ti_msp_dl_config.o (.text.DL_UART_setOversampling)
                  0000bc06    0000001e     SEGGER_RTT.o (.text.SEGGER_RTT_WriteString)
                  0000bc24    0000001e     libclang_rt.builtins.a : ashldi3.S.obj (.text.__ashldi3)
                  0000bc42    00000002     --HOLE-- [fill = 0]
                  0000bc44    0000001c     ti_msp_dl_config.o (.text.DL_GPIO_clearInterruptStatus)
                  0000bc60    0000001c     ti_msp_dl_config.o (.text.DL_GPIO_enableHiZ)
                  0000bc7c    0000001c     ti_msp_dl_config.o (.text.DL_GPIO_enableInterrupt)
                  0000bc98    0000001c     ti_msp_dl_config.o (.text.DL_GPIO_initPeripheralOutputFunction)
                  0000bcb4    0000001c     ti_msp_dl_config.o (.text.DL_GPIO_setLowerPinsPolarity)
                  0000bcd0    0000001c     main.o (.text.DL_Interrupt_getPendingGroup)
                  0000bcec    0000001c     ti_msp_dl_config.o (.text.DL_SYSCTL_setSYSOSCFreq)
                  0000bd08    0000001c     ti_msp_dl_config.o (.text.DL_Timer_enableInterrupt)
                  0000bd24    0000001c     driverlib.a : dl_timer.o (.text.DL_Timer_setCaptCompUpdateMethod)
                  0000bd40    0000001c                 : dl_timer.o (.text.DL_Timer_setClockConfig)
                  0000bd5c    0000001c     ti_msp_dl_config.o (.text.DL_UART_enableInterrupt)
                  0000bd78    0000001c     SEGGER_RTT.o (.text.SEGGER_RTT_Read)
                  0000bd94    0000001c     h3_tuning_link.o (.text.h3_tuning_link_event)
                  0000bdb0    0000001c     h4_tuning_link.o (.text.h4_tuning_link_event)
                  0000bdcc    0000001c     main.o (.text.take_key_events)
                  0000bde8    0000001c     zdt_stepper.o (.text.zdt_stepper_read_real_position)
                  0000be04    0000001c     zdt_stepper.o (.text.zdt_stepper_read_status_flags)
                  0000be20    0000001c     zdt_stepper.o (.text.zdt_stepper_stop_now)
                  0000be3c    00000018     ti_msp_dl_config.o (.text.DL_GPIO_enableOutput)
                  0000be54    00000018     ti_msp_dl_config.o (.text.DL_GPIO_enablePower)
                  0000be6c    00000018     ti_msp_dl_config.o (.text.DL_GPIO_initDigitalOutput)
                  0000be84    00000018     ti_msp_dl_config.o (.text.DL_GPIO_reset)
                  0000be9c    00000018     motor_encoder.o (.text.DL_GPIO_setPins)
                  0000beb4    00000018     ti_msp_dl_config.o (.text.DL_GPIO_setUpperPinsPolarity)
                  0000becc    00000018     ti_msp_dl_config.o (.text.DL_I2C_enableAnalogGlitchFilter)
                  0000bee4    00000018     ti_msp_dl_config.o (.text.DL_I2C_enableController)
                  0000befc    00000018     ti_msp_dl_config.o (.text.DL_I2C_enableControllerClockStretching)
                  0000bf14    00000018     ti_msp_dl_config.o (.text.DL_I2C_enablePower)
                  0000bf2c    00000018     ti_msp_dl_config.o (.text.DL_I2C_reset)
                  0000bf44    00000018     ti_msp_dl_config.o (.text.DL_I2C_setTimerPeriod)
                  0000bf5c    00000018     ti_msp_dl_config.o (.text.DL_SYSCTL_setBORThreshold)
                  0000bf74    00000018     ti_msp_dl_config.o (.text.DL_Timer_enablePower)
                  0000bf8c    00000018     ti_msp_dl_config.o (.text.DL_Timer_reset)
                  0000bfa4    00000018     driverlib.a : dl_timer.o (.text.DL_Timer_setCaptureCompareOutCtl)
                  0000bfbc    00000018     main.o (.text.DL_UART_clearInterruptStatus)
                  0000bfd4    00000018     ti_msp_dl_config.o (.text.DL_UART_enablePower)
                  0000bfec    00000018     main.o (.text.DL_UART_isRXFIFOEmpty)
                  0000c004    00000018     ti_msp_dl_config.o (.text.DL_UART_reset)
                  0000c01c    00000018     libc.a : snprintf.c.obj (.text._outc)
                  0000c034    00000018     zdt_stepper.o (.text.zdt_stepper_read_driver_config)
                  0000c04c    00000016     line_sensor.o (.text.DL_GPIO_readPins)
                  0000c062    00000016     main.o (.text.DL_GPIO_readPins)
                  0000c078    00000016     motor_encoder.o (.text.DL_GPIO_readPins)
                  0000c08e    00000016     ti_msp_dl_config.o (.text.DL_UART_enable)
                  0000c0a4    00000014     motor_encoder.o (.text.DL_GPIO_clearPins)
                  0000c0b8    00000014     ti_msp_dl_config.o (.text.DL_GPIO_clearPins)
                  0000c0cc    00000014     i2c_bus.o (.text.DL_I2C_getControllerStatus)
                  0000c0e0    00000014     i2c_bus.o (.text.DL_I2C_resetControllerTransfer)
                  0000c0f4    00000014     ti_msp_dl_config.o (.text.DL_I2C_resetControllerTransfer)
                  0000c108    00000014     ti_msp_dl_config.o (.text.DL_SYSCTL_disableSYSPLL)
                  0000c11c    00000014     ti_msp_dl_config.o (.text.DL_SYSCTL_enableMFCLK)
                  0000c130    00000014     ti_msp_dl_config.o (.text.DL_Timer_enableClock)
                  0000c144    00000014     ti_msp_dl_config.o (.text.DL_Timer_setCCPDirection)
                  0000c158    00000014     main.o (.text.DL_UART_receiveData)
                  0000c16c    00000014     libclang_rt.builtins.a : aeabi_uldivmod.S.obj (.text.__aeabi_uldivmod)
                  0000c180    00000014     libc.a : sscanf.c.obj (.text._inpchar)
                  0000c194    00000014     h3_ball_control.o (.text.h3_ball_control_vision_rx_isr)
                  0000c1a8    00000014     h3_ball_control.o (.text.h3_ball_control_zdt_rx_isr)
                  0000c1bc    00000014     ssd1306.o (.text.ssd1306_clear)
                  0000c1d0    00000012     main.o (.text.DL_GPIO_getPendingInterrupt)
                  0000c1e2    00000012     main.o (.text.DL_Timer_getPendingInterrupt)
                  0000c1f4    00000012     driverlib.a : dl_uart.o (.text.DL_UART_setClockConfig)
                  0000c206    00000012     libc.a : memcpy16.S.obj (.text:TI_memcpy_small)
                  0000c218    00000012            : copy_decompress_none.c.obj (.text:decompress:none)
                  0000c22a    00000002     --HOLE-- [fill = 0]
                  0000c22c    00000010     ti_msp_dl_config.o (.text.DL_SYSCTL_disableHFXT)
                  0000c23c    00000010     driverlib.a : dl_timer.o (.text.DL_Timer_setCaptureCompareValue)
                  0000c24c    00000010     app.o (.text.app_tick_1ms_isr)
                  0000c25c    00000010     h3_ball_control.o (.text.h3_ball_control_tick_1ms_isr)
                  0000c26c    00000010     h4_balance_ab.o (.text.h4_balance_ab_tick_1ms_isr)
                  0000c27c    00000010     h5_balance_loop.o (.text.h5_balance_loop_tick_1ms_isr)
                  0000c28c    00000010     ssd1306.o (.text.ssd1306_is_present)
                  0000c29c    00000010     libc.a : wcslen.c.obj (.text.wcslen)
                  0000c2ac    00000010     zdt_stepper.o (.text.zdt_stepper_send_reference_back)
                  0000c2bc    00000010     zdt_stepper.o (.text.zdt_stepper_send_reference_test)
                  0000c2cc    00000010     libc.a : copy_zero_init.c.obj (.text:decompress:ZI)
                  0000c2dc    0000000e            : _scanfi.c.obj (.text.OUTLINED_FUNCTION_1)
                  0000c2ea    0000000e            : _scanfi.c.obj (.text.OUTLINED_FUNCTION_2)
                  0000c2f8    0000000e            : _scanfi.c.obj (.text.OUTLINED_FUNCTION_4)
                  0000c306    00000002     --HOLE-- [fill = 0]
                  0000c308    0000000e     libclang_rt.builtins.a : aeabi_memset.S.obj (.text.__aeabi_memset)
                  0000c316    0000000e     libc.a : strcpy.c.obj (.text.strcpy)
                  0000c324    0000000e            : _printfi.c.obj (.text.strlen)
                  0000c332    0000000e            : strlen.c.obj (.text.strlen)
                  0000c340    0000000e            : memset16.S.obj (.text:TI_memset_small)
                  0000c34e    00000002     --HOLE-- [fill = 0]
                  0000c350    0000000c     libclang_rt.builtins.a : aeabi_memset.S.obj (.text.__aeabi_memclr)
                  0000c35c    0000000c     app.o (.text.app_millis)
                  0000c368    0000000c     app.o (.text.app_start_key_isr)
                  0000c374    0000000c     h3_ball_control.o (.text.h3_ball_control_start_key_isr)
                  0000c380    0000000c     h3_ball_control.o (.text.h3_ball_control_vision_ready)
                  0000c38c    0000000c     h3_ball_control.o (.text.h3_millis)
                  0000c398    0000000c     h4_balance_ab.o (.text.h4_balance_ab_start_key_isr)
                  0000c3a4    0000000c     h4_balance_ab.o (.text.h4_balance_ab_vision_ready)
                  0000c3b0    0000000c     h4_balance_ab.o (.text.h4_millis)
                  0000c3bc    0000000c     h5_balance_loop.o (.text.h5_balance_loop_start_key_isr)
                  0000c3c8    0000000c     h5_balance_loop.o (.text.h5_balance_loop_vision_ready)
                  0000c3d4    0000000c     h5_balance_loop.o (.text.h5_millis)
                  0000c3e0    0000000a     driverlib.a : dl_common.o (.text.DL_Common_delayCycles)
                  0000c3ea    00000008     libc.a : _scanfi.c.obj (.text.OUTLINED_FUNCTION_0)
                  0000c3f2    00000008            : strtod.c.obj (.text.OUTLINED_FUNCTION_0)
                  0000c3fa    00000008            : strtod.c.obj (.text.OUTLINED_FUNCTION_1)
                  0000c402    00000002     --HOLE-- [fill = 0]
                  0000c404    00000010     libclang_rt.builtins.a : aeabi_dcmp.S.obj (.tramp.__aeabi_dcmpeq.1)
                  0000c414    00000008     SEGGER_RTT.o (.text.SEGGER_RTT_Init)
                  0000c41c    00000008     libc.a : aeabi_portable.c.obj (.text.__aeabi_errno_addr)
                  0000c424    00000008     libclang_rt.builtins.a : aeabi_memcpy.S.obj (.text.__aeabi_memcpy)
                  0000c42c    00000008     libc.a : sscanf.c.obj (.text._uninpchar)
                  0000c434    00000008     h3_tuning_link.o (.text.h3_tuning_link_runtime)
                  0000c43c    00000008     h3_vision.o (.text.h3_vision_get)
                  0000c444    00000008     h4_tuning_link.o (.text.h4_tuning_link_runtime)
                  0000c44c    00000008     h5_balance_loop.o (.text.h5_runtime)
                  0000c454    00000008     motor_encoder.o (.text.motor_get)
                  0000c45c    00000008     zdt_stepper.o (.text.zdt_stepper_get_status)
                  0000c464    00000006     libc.a : _scanfi.c.obj (.text.OUTLINED_FUNCTION_3)
                  0000c46a    00000006            : exit.c.obj (.text:abort)
                  0000c470    00000004     startup_mspm0g350x_ticlang.o (.text.Reset_Handler)
                  0000c474    00000010     libc.a : boot_cortex_m.c.obj (.tramp._c_int00_noargs.1)
                  0000c484    00000004            : pre_init.c.obj (.text._system_pre_init)
                  0000c488    00000008     --HOLE-- [fill = 0]

.cinit     0    0000d3d0    00000030     
                  0000d3d0    0000000c     (__TI_handler_table)
                  0000d3dc    00000008     (.cinit..bss.load) [load image, compression = zero_init]
                  0000d3e4    00000007     (.cinit..data.load) [load image, compression = lzss]
                  0000d3eb    00000001     --HOLE-- [fill = 0]
                  0000d3ec    00000010     (__TI_cinit_table)
                  0000d3fc    00000004     --HOLE-- [fill = 0]

.rodata    0    0000c490    00000f40     
                  0000c490    00000101     libc.a : aeabi_ctype.S.obj (.rodata:__aeabi_ctype_table_)
                  0000c591    000000d2     ssd1306.o (.rodata.g_font)
                  0000c663    000000b4     h4_tuning_link.o (.rodata.str1.11131084382007363596.1)
                  0000c717    00000001     --HOLE-- [fill = 0]
                  0000c718    00000080     libc.a : strtod.c.obj (.rodata.digits)
                  0000c798    0000005a     h3_tuning_link.o (.rodata.str1.10218159078692993451.1)
                  0000c7f2    00000058     h3_tuning_link.o (.rodata.str1.1366156615253811946.1)
                  0000c84a    0000004b     h4_tuning_link.o (.rodata.str1.1251641940915496637.1)
                  0000c895    00000003     ti_msp_dl_config.o (.rodata.gCONTROL_TIMERClockConfig)
                  0000c898    00000048     libc.a : strtod.c.obj (.rodata.powerof10)
                  0000c8e0    00000034     h5_balance_loop.o (.rodata.g_h5_competition_runtime)
                  0000c914    0000001c     h4_balance_ab.o (.rodata.str1.1204185567882838853.1)
                  0000c930    0000001c     h5_balance_loop.o (.rodata.str1.252201551417138418.1)
                  0000c94c    0000001a     h5_balance_loop.o (.rodata.str1.16146868579842661344.1)
                  0000c966    0000001a     h5_balance_loop.o (.rodata.str1.685075095214340320.1)
                  0000c980    00000019     h3_ball_control.o (.rodata.str1.12695798723665544532.1)
                  0000c999    00000019     h3_ball_control.o (.rodata.str1.17160114413371085226.1)
                  0000c9b2    00000019     h5_balance_loop.o (.rodata.str1.9044429178556251794.1)
                  0000c9cb    00000019     ssd1306.o (.rodata.try_init_at.init_commands)
                  0000c9e4    00000018     h4_tuning_link.o (.rodata.str1.15656627668050229668.1)
                  0000c9fc    00000017     h4_balance_ab.o (.rodata.str1.10074358216733046100.1)
                  0000ca13    00000017     h4_balance_ab.o (.rodata.str1.15562808008871296733.1)
                  0000ca2a    00000017     h3_ball_control.o (.rodata.str1.3036510924497347778.1)
                  0000ca41    00000016     h5_balance_loop.o (.rodata.str1.11764758396778499668.1)
                  0000ca57    00000016     h4_tuning_link.o (.rodata.str1.6820832419760176196.1)
                  0000ca6d    00000016     h4_balance_ab.o (.rodata.str1.8991655673864310414.1)
                  0000ca83    00000015     h5_balance_loop.o (.rodata.str1.15151327024003395696.1)
                  0000ca98    00000015     h5_balance_loop.o (.rodata.str1.16032231368259384081.1)
                  0000caad    00000003     ti_msp_dl_config.o (.rodata.gPWM_LEFTClockConfig)
                  0000cab0    00000014     ti_msp_dl_config.o (.rodata.gCONTROL_TIMERTimerConfig)
                  0000cac4    00000014     h5_balance_loop.o (.rodata.str1.18015086308414759165.1)
                  0000cad8    00000014     h5_balance_loop.o (.rodata.str1.18223453896455894728.1)
                  0000caec    00000014     h4_tuning_link.o (.rodata.str1.2471452817049506722.1)
                  0000cb00    00000014     h3_tuning_link.o (.rodata.str1.6550298247165071433.1)
                  0000cb14    00000013     h3_ball_control.o (.rodata.str1.10557231840400332371.1)
                  0000cb27    00000013     h5_balance_loop.o (.rodata.str1.10647522475410364438.1)
                  0000cb3a    00000013     h4_tuning_link.o (.rodata.str1.10899371947112129375.1)
                  0000cb4d    00000013     h4_tuning_link.o (.rodata.str1.11420061626199010382.1)
                  0000cb60    00000013     h4_balance_ab.o (.rodata.str1.11892055104385329969.1)
                  0000cb73    00000013     h3_ball_control.o (.rodata.str1.2156722851266222832.1)
                  0000cb86    00000013     h4_balance_ab.o (.rodata.str1.5906074965064778641.1)
                  0000cb99    00000012     h3_ball_control.o (.rodata.str1.1126359134911944296.1)
                  0000cbab    00000012     h5_balance_loop.o (.rodata.str1.11995797831151794140.1)
                  0000cbbd    00000012     h3_ball_control.o (.rodata.str1.14985158219793567657.1)
                  0000cbcf    00000012     h3_ball_control.o (.rodata.str1.3516315778190940846.1)
                  0000cbe1    00000012     h4_balance_ab.o (.rodata.str1.452837658822035033.1)
                  0000cbf3    00000012     h4_tuning_link.o (.rodata.str1.502920152844811605.1)
                  0000cc05    00000012     h4_balance_ab.o (.rodata.str1.6290866878327753785.1)
                  0000cc17    00000012     h3_tuning_link.o (.rodata.str1.7960252041146012317.1)
                  0000cc29    00000011     libc.a : _printfi.c.obj (.rodata.str1.10348868589481759720.1)
                  0000cc3a    00000011     h5_balance_loop.o (.rodata.str1.10752835938627841140.1)
                  0000cc4b    00000011     h3_ball_control.o (.rodata.str1.11875267916847732718.1)
                  0000cc5c    00000011     libc.a : _printfi.c.obj (.rodata.str1.15363888844622738466.1)
                  0000cc6d    00000011     h3_ball_control.o (.rodata.str1.15431543767815374290.1)
                  0000cc7e    00000011     h3_ball_control.o (.rodata.str1.16566806302315456484.1)
                  0000cc8f    00000011     h4_balance_ab.o (.rodata.str1.2210983572876389170.1)
                  0000cca0    00000011     app.o (.rodata.str1.2606929252065540862.1)
                  0000ccb1    00000011     h3_ball_control.o (.rodata.str1.310176657490481817.1)
                  0000ccc2    00000011     h3_ball_control.o (.rodata.str1.3328094260642726465.1)
                  0000ccd3    00000011     h3_ball_control.o (.rodata.str1.5095976179259903684.1)
                  0000cce4    00000011     h4_balance_ab.o (.rodata.str1.5690726957608555088.1)
                  0000ccf5    00000011     h4_tuning_link.o (.rodata.str1.799032770133606458.1)
                  0000cd06    00000011     h5_balance_loop.o (.rodata.str1.8861219347396608772.1)
                  0000cd17    00000010     SEGGER_RTT_printf.o (.rodata._PrintUnsigned._aV2C)
                  0000cd27    00000001     --HOLE-- [fill = 0]
                  0000cd28    00000010     line_sensor.o (.rodata.line_sensor_read.weights)
                  0000cd38    00000010     h4_balance_ab.o (.rodata.str1.12798039205447639617.1)
                  0000cd48    00000010     h5_balance_loop.o (.rodata.str1.13015241724065143780.1)
                  0000cd58    00000010     h3_tuning_link.o (.rodata.str1.16329731956048209902.1)
                  0000cd68    00000010     h3_tuning_link.o (.rodata.str1.16794917733953926581.1)
                  0000cd78    00000010     main.o (.rodata.str1.18227636981041470289.1)
                  0000cd88    00000010     main.o (.rodata.str1.2846389346932560359.1)
                  0000cd98    00000010     h5_balance_loop.o (.rodata.str1.4350027978366819655.1)
                  0000cda8    00000010     h5_balance_loop.o (.rodata.str1.6691585467170043384.1)
                  0000cdb8    00000010     h3_ball_control.o (.rodata.str1.7577149768182804784.1)
                  0000cdc8    0000000f     h4_balance_ab.o (.rodata.str1.10665707428896001412.1)
                  0000cdd7    0000000f     h4_balance_ab.o (.rodata.str1.10718363472885562763.1)
                  0000cde6    0000000f     h4_balance_ab.o (.rodata.str1.10742103410498967875.1)
                  0000cdf5    0000000f     h5_balance_loop.o (.rodata.str1.12285638356719180570.1)
                  0000ce04    0000000f     h5_balance_loop.o (.rodata.str1.12597758778047707617.1)
                  0000ce13    0000000f     h3_ball_control.o (.rodata.str1.13141150544294324688.1)
                  0000ce22    0000000f     h5_balance_loop.o (.rodata.str1.14249185988643480136.1)
                  0000ce31    0000000f     h3_ball_control.o (.rodata.str1.14682952647622405038.1)
                  0000ce40    0000000f     h5_balance_loop.o (.rodata.str1.18325542078154660378.1)
                  0000ce4f    0000000f     h5_balance_loop.o (.rodata.str1.2026855380143439852.1)
                  0000ce5e    0000000f     h4_balance_ab.o (.rodata.str1.4781396282713521863.1)
                  0000ce6d    0000000f     h4_tuning_link.o (.rodata.str1.5126457579424933403.1)
                  0000ce7c    0000000f     h3_ball_control.o (.rodata.str1.6513029696915202382.1)
                  0000ce8b    0000000f     main.o (.rodata.str1.8154729771448623357.1)
                  0000ce9a    0000000f     h5_balance_loop.o (.rodata.str1.8178280191274291034.1)
                  0000cea9    0000000f     h4_balance_ab.o (.rodata.str1.9344201496241608406.1)
                  0000ceb8    0000000e     h3_tuning_link.o (.rodata.str1.13279474203910071291.1)
                  0000cec6    0000000e     main.o (.rodata.str1.15159059442110792349.1)
                  0000ced4    0000000e     h4_balance_ab.o (.rodata.str1.15245941461093950164.1)
                  0000cee2    0000000e     h4_balance_ab.o (.rodata.str1.15451816242524411734.1)
                  0000cef0    0000000e     h3_tuning_link.o (.rodata.str1.16959831008040899032.1)
                  0000cefe    0000000e     main.o (.rodata.str1.17100691992556644108.1)
                  0000cf0c    0000000e     h4_tuning_link.o (.rodata.str1.17516664902177456570.1)
                  0000cf1a    0000000e     h3_ball_control.o (.rodata.str1.2395749509541821367.1)
                  0000cf28    0000000e     h5_balance_loop.o (.rodata.str1.2519199812928928945.1)
                  0000cf36    0000000e     app.o (.rodata.str1.3543938948723267646.1)
                  0000cf44    0000000e     h4_balance_ab.o (.rodata.str1.3701070429528507566.1)
                  0000cf52    0000000e     h3_ball_control.o (.rodata.str1.5334463718731916073.1)
                  0000cf60    0000000e     app.o (.rodata.str1.5602021903949372904.1)
                  0000cf6e    0000000e     app.o (.rodata.str1.8682387830711593804.1)
                  0000cf7c    0000000e     h3_ball_control.o (.rodata.str1.8801625546549058199.1)
                  0000cf8a    0000000d     h5_balance_loop.o (.rodata.str1.1237711856011018488.1)
                  0000cf97    0000000d     h4_balance_ab.o (.rodata.str1.13739683739537931207.1)
                  0000cfa4    0000000d     app.o (.rodata.str1.14141965288680528547.1)
                  0000cfb1    0000000d     h4_tuning_link.o (.rodata.str1.14189832616202679835.1)
                  0000cfbe    0000000d     h4_balance_ab.o (.rodata.str1.15286884286053115361.1)
                  0000cfcb    0000000d     h3_ball_control.o (.rodata.str1.15542972626696010633.1)
                  0000cfd8    0000000d     h3_ball_control.o (.rodata.str1.16094584847282460967.1)
                  0000cfe5    0000000d     h4_balance_ab.o (.rodata.str1.3694528093466575100.1)
                  0000cff2    0000000d     h3_ball_control.o (.rodata.str1.6320901919405435980.1)
                  0000cfff    0000000d     h4_tuning_link.o (.rodata.str1.930049678560543799.1)
                  0000d00c    0000000d     zdt_stepper.o (.rodata.zdt_stepper_send_reference_back.frame)
                  0000d019    0000000d     zdt_stepper.o (.rodata.zdt_stepper_send_reference_test.frame)
                  0000d026    0000000c     h3_ball_control.o (.rodata.str1.13599687812454243081.1)
                  0000d032    0000000c     app.o (.rodata.str1.13935281678674483141.1)
                  0000d03e    0000000c     h4_balance_ab.o (.rodata.str1.1418149302902121166.1)
                  0000d04a    0000000c     h4_balance_ab.o (.rodata.str1.14243840658024366603.1)
                  0000d056    0000000c     h5_balance_loop.o (.rodata.str1.16048580003445176867.1)
                  0000d062    0000000c     h4_balance_ab.o (.rodata.str1.17304290323112144282.1)
                  0000d06e    0000000c     h4_balance_ab.o (.rodata.str1.2429198592489197672.1)
                  0000d07a    0000000c     h5_balance_loop.o (.rodata.str1.2889830917798639777.1)
                  0000d086    0000000c     h5_balance_loop.o (.rodata.str1.3765228754798483705.1)
                  0000d092    0000000c     h5_balance_loop.o (.rodata.str1.4084659271574869996.1)
                  0000d09e    0000000c     h4_tuning_link.o (.rodata.str1.578327332868239548.1)
                  0000d0aa    0000000c     h4_balance_ab.o (.rodata.str1.6185542381162394211.1)
                  0000d0b6    0000000c     h4_balance_ab.o (.rodata.str1.7162227641625322856.1)
                  0000d0c2    0000000c     h3_tuning_link.o (.rodata.str1.860752882519934477.1)
                  0000d0ce    0000000c     h4_tuning_link.o (.rodata.str1.962639885173555274.1)
                  0000d0da    0000000b     h4_tuning_link.o (.rodata.str1.11141638062646447452.1)
                  0000d0e5    0000000b     h3_tuning_link.o (.rodata.str1.14501648342268147298.1)
                  0000d0f0    0000000b     h3_tuning_link.o (.rodata.str1.16171095414779551744.1)
                  0000d0fb    0000000b     app.o (.rodata.str1.1944712146988729081.1)
                  0000d106    0000000a     ti_msp_dl_config.o (.rodata.gDEBUG_UARTConfig)
                  0000d110    0000000a     ti_msp_dl_config.o (.rodata.gVISION_UARTConfig)
                  0000d11a    0000000a     app.o (.rodata.str1.10450196737795524526.1)
                  0000d124    0000000a     h4_tuning_link.o (.rodata.str1.1110187297510841750.1)
                  0000d12e    0000000a     h4_balance_ab.o (.rodata.str1.11956715684305757768.1)
                  0000d138    0000000a     h4_tuning_link.o (.rodata.str1.14023393678871298837.1)
                  0000d142    0000000a     h4_tuning_link.o (.rodata.str1.14227576622344067769.1)
                  0000d14c    0000000a     h3_ball_control.o (.rodata.str1.16656616020101717245.1)
                  0000d156    0000000a     h3_tuning_link.o (.rodata.str1.1934055512551796135.1)
                  0000d160    0000000a     main.o (.rodata.str1.288608917962107522.1)
                  0000d16a    0000000a     app.o (.rodata.str1.4360399834097859481.1)
                  0000d174    0000000a     h5_balance_loop.o (.rodata.str1.4449600382031378304.1)
                  0000d17e    00000009     main.o (.rodata.str1.12180500075719773345.1)
                  0000d187    00000009     libc.a : _scanfi.c.obj (.rodata.str1.12964984209033246150.1)
                  0000d190    00000009     h5_balance_loop.o (.rodata.str1.13339651871871205274.1)
                  0000d199    00000009     SEGGER_RTT.o (.rodata.str1.1347869369698290154.1)
                  0000d1a2    00000009     h3_ball_control.o (.rodata.str1.1405161051558020165.1)
                  0000d1ab    00000009     h5_balance_loop.o (.rodata.str1.14742475270209164646.1)
                  0000d1b4    00000009     h4_balance_ab.o (.rodata.str1.14978697944443431754.1)
                  0000d1bd    00000009     h3_tuning_link.o (.rodata.str1.15951788003922213949.1)
                  0000d1c6    00000009     h3_ball_control.o (.rodata.str1.16556530777337167717.1)
                  0000d1cf    00000009     h4_balance_ab.o (.rodata.str1.262245562983337396.1)
                  0000d1d8    00000009     h3_tuning_link.o (.rodata.str1.2780627885379847873.1)
                  0000d1e1    00000009     h4_balance_ab.o (.rodata.str1.7599581010782748867.1)
                  0000d1ea    00000009     h5_balance_loop.o (.rodata.str1.7690964063285885712.1)
                  0000d1f3    00000009     h5_balance_loop.o (.rodata.str1.7736596800472782471.1)
                  0000d1fc    00000009     h4_tuning_link.o (.rodata.str1.8762017572468778858.1)
                  0000d205    00000009     h3_tuning_link.o (.rodata.str1.9107908380711643443.1)
                  0000d20e    00000009     h5_balance_loop.o (.rodata.str1.9969217910993923491.1)
                  0000d217    00000001     --HOLE-- [fill = 0]
                  0000d218    00000008     libc.a : _scanfi.c.obj (.rodata..L__const._sproc_float.special)
                  0000d220    00000008     ti_msp_dl_config.o (.rodata.gPWM_LEFTConfig)
                  0000d228    00000008     ti_msp_dl_config.o (.rodata.gPWM_RIGHTConfig)
                  0000d230    00000008     h3_ball_control.o (.rodata.str1.10153115017827215444.1)
                  0000d238    00000008     h3_tuning_link.o (.rodata.str1.10761872028093102433.1)
                  0000d240    00000008     h4_tuning_link.o (.rodata.str1.11827387660578177807.1)
                  0000d248    00000008     h4_tuning_link.o (.rodata.str1.12063150199307282044.1)
                  0000d250    00000008     h3_ball_control.o (.rodata.str1.12966144182881050767.1)
                  0000d258    00000008     h3_tuning_link.o (.rodata.str1.13825721972002761475.1)
                  0000d260    00000008     h3_ball_control.o (.rodata.str1.14042360478803217214.1)
                  0000d268    00000008     h5_balance_loop.o (.rodata.str1.14109372627073439961.1)
                  0000d270    00000008     h4_tuning_link.o (.rodata.str1.15637482261442646439.1)
                  0000d278    00000008     h5_balance_loop.o (.rodata.str1.16178125342431595251.1)
                  0000d280    00000008     h3_tuning_link.o (.rodata.str1.2173056223687720993.1)
                  0000d288    00000008     app.o (.rodata.str1.2540114484728192048.1)
                  0000d290    00000008     h4_balance_ab.o (.rodata.str1.3400593005034760845.1)
                  0000d298    00000008     h3_ball_control.o (.rodata.str1.5543627561405077967.1)
                  0000d2a0    00000007     libc.a : _scanfi.c.obj (.rodata._sproc_int.flit)
                  0000d2a7    00000007     h3_tuning_link.o (.rodata.str1.11944796311768819877.1)
                  0000d2ae    00000007     app.o (.rodata.str1.12441497784875596899.1)
                  0000d2b5    00000007     h4_balance_ab.o (.rodata.str1.12597834540599177315.1)
                  0000d2bc    00000007     SEGGER_RTT.o (.rodata.str1.1377668454645174194.1)
                  0000d2c3    00000007     h4_tuning_link.o (.rodata.str1.13941681592401983084.1)
                  0000d2ca    00000007     h3_tuning_link.o (.rodata.str1.14214889785964027745.1)
                  0000d2d1    00000007     h3_ball_control.o (.rodata.str1.14451229389811978652.1)
                  0000d2d8    00000007     h4_tuning_link.o (.rodata.str1.1841648361441153384.1)
                  0000d2df    00000007     app.o (.rodata.str1.2568190970272041647.1)
                  0000d2e6    00000007     h3_ball_control.o (.rodata.str1.3499223319192506562.1)
                  0000d2ed    00000007     h4_tuning_link.o (.rodata.str1.4156518039635239711.1)
                  0000d2f4    00000007     h3_tuning_link.o (.rodata.str1.561395030728031355.1)
                  0000d2fb    00000006     libc.a : _scanfi.c.obj (.rodata._sproc_int.barr)
                  0000d301    00000006     app.o (.rodata.str1.11849843482968746561.1)
                  0000d307    00000006     app.o (.rodata.str1.11879963978103418143.1)
                  0000d30d    00000006     h3_ball_control.o (.rodata.str1.12349733267510933482.1)
                  0000d313    00000006     h3_ball_control.o (.rodata.str1.13132125606125582124.1)
                  0000d319    00000006     h4_balance_ab.o (.rodata.str1.13293472722882700693.1)
                  0000d31f    00000006     h3_tuning_link.o (.rodata.str1.14658482146732036165.1)
                  0000d325    00000006     h5_balance_loop.o (.rodata.str1.147263221220532932.1)
                  0000d32b    00000006     h4_balance_ab.o (.rodata.str1.17252871060134510903.1)
                  0000d331    00000006     h4_balance_ab.o (.rodata.str1.17410448705373643228.1)
                  0000d337    00000006     h4_tuning_link.o (.rodata.str1.17580952699097096096.1)
                  0000d33d    00000006     h4_balance_ab.o (.rodata.str1.18161206671529350026.1)
                  0000d343    00000006     h5_balance_loop.o (.rodata.str1.2109542461942195844.1)
                  0000d349    00000006     h4_balance_ab.o (.rodata.str1.2120885378815176801.1)
                  0000d34f    00000006     h4_tuning_link.o (.rodata.str1.3111120328334946571.1)
                  0000d355    00000006     h3_tuning_link.o (.rodata.str1.334767335784406961.1)
                  0000d35b    00000006     h5_balance_loop.o (.rodata.str1.5855342047818648525.1)
                  0000d361    00000006     h3_ball_control.o (.rodata.str1.7106409058061791663.1)
                  0000d367    00000006     app.o (.rodata.str1.7777424699149452427.1)
                  0000d36d    00000006     h3_ball_control.o (.rodata.str1.8518641162528035037.1)
                  0000d373    00000005     app.o (.rodata.str1.1155299426122084162.1)
                  0000d378    00000005     h4_balance_ab.o (.rodata.str1.11868074110175883812.1)
                  0000d37d    00000005     h4_tuning_link.o (.rodata.str1.12453014200569553360.1)
                  0000d382    00000005     h5_balance_loop.o (.rodata.str1.5083303494820949473.1)
                  0000d387    00000005     h3_ball_control.o (.rodata.str1.5788038055639424766.1)
                  0000d38c    00000005     h3_tuning_link.o (.rodata.str1.6914390080480306980.1)
                  0000d391    00000004     h4_tuning_link.o (.rodata.str1.10603013145178738508.1)
                  0000d395    00000004     h5_balance_loop.o (.rodata.str1.16463708404188699911.1)
                  0000d399    00000004     libc.a : _scanfi.c.obj (.rodata.str1.3403580589742030990.1)
                  0000d39d    00000004     h3_tuning_link.o (.rodata.str1.6142588366470987890.1)
                  0000d3a1    00000004     SEGGER_RTT.o (.rodata.str1.6528701487320202176.1)
                  0000d3a5    00000004     app.o (.rodata.str1.6810515665389614968.1)
                  0000d3a9    00000004     h4_tuning_link.o (.rodata.str1.6956914468574190064.1)
                  0000d3ad    00000003     ti_msp_dl_config.o (.rodata.gPWM_RIGHTClockConfig)
                  0000d3b0    00000003     h5_balance_loop.o (.rodata.str1.13188712971171619201.1)
                  0000d3b3    00000003     h4_balance_ab.o (.rodata.str1.14466353697479005304.1)
                  0000d3b6    00000003     h4_tuning_link.o (.rodata.str1.15481964643629048538.1)
                  0000d3b9    00000003     h3_tuning_link.o (.rodata.str1.2961185572538257204.1)
                  0000d3bc    00000003     h3_tuning_link.o (.rodata.str1.4342818907371618067.1)
                  0000d3bf    00000003     h5_balance_loop.o (.rodata.str1.6294460429689856792.1)
                  0000d3c2    00000003     h4_balance_ab.o (.rodata.str1.6899531538363629930.1)
                  0000d3c5    00000003     h5_balance_loop.o (.rodata.str1.759799018201039374.1)
                  0000d3c8    00000002     ti_msp_dl_config.o (.rodata.gDEBUG_UARTClockConfig)
                  0000d3ca    00000002     ti_msp_dl_config.o (.rodata.gI2C_DISPLAYClockConfig)
                  0000d3cc    00000002     ti_msp_dl_config.o (.rodata.gVISION_UARTClockConfig)
                  0000d3ce    00000002     --HOLE-- [fill = 0]

.init_array 
*          0    00000000    00000000     UNINITIALIZED

.binit     0    00000000    00000000     

.bss       0    20200000    00000ec1     UNINITIALIZED
                  20200000    00000400     SEGGER_RTT.o (.bss._acUpBuffer)
                  20200400    00000400     ssd1306.o (.bss.g_frame)
                  20200800    000000bc     (.common:gCONTROL_TIMERBackup)
                  202008bc    000000bc     (.common:gPWM_RIGHTBackup)
                  20200978    000000a8     (.common:_SEGGER_RTT)
                  20200a20    00000080     SEGGER_RTT.o (.bss._acDownBuffer)
                  20200aa0    00000080     h3_vision.o (.bss.g_rx_buffer)
                  20200b20    00000060     h4_tuning_link.o (.bss.g_line)
                  20200b80    00000050     h3_tuning_link.o (.bss.g_command_line)
                  20200bd0    00000040     h3_vision.o (.bss.g_line)
                  20200c10    0000003c     h3_vision.o (.bss.g_sample)
                  20200c4c    00000034     h4_tuning_link.o (.bss.g_runtime)
                  20200c80    0000002c     zdt_stepper.o (.bss.g_status)
                  20200cac    00000020     motor_encoder.o (.bss.g_motor)
                  20200ccc    00000018     h3_tuning_link.o (.bss.g_runtime)
                  20200ce4    00000010     zdt_stepper.o (.bss.g_rx_frame)
                  20200cf4    00000006     app.o (.bss.g_line)
                  20200cfa    00000006     h4_balance_ab.o (.bss.g_line)
                  20200d00    00000006     h5_balance_loop.o (.bss.g_line)
                  20200d06    00000002     app.o (.bss.g_finish_wide_ms)
                  20200d08    00000004     h3_ball_control.o (.bss.g_auto_start_vision_since_ms)
                  20200d0c    00000004     app.o (.bss.g_boot_ms)
                  20200d10    00000004     app.o (.bss.g_brake_start_ms)
                  20200d14    00000004     h3_ball_control.o (.bss.g_camera_ack_tx_frames)
                  20200d18    00000004     h4_balance_ab.o (.bss.g_centered_since_ms)
                  20200d1c    00000004     h5_balance_loop.o (.bss.g_centered_since_ms)
                  20200d20    00000004     app.o (.bss.g_distance_mm)
                  20200d24    00000004     h4_balance_ab.o (.bss.g_distance_mm)
                  20200d28    00000004     h5_balance_loop.o (.bss.g_distance_mm)
                  20200d2c    00000004     h4_balance_ab.o (.bss.g_feedforward_deg)
                  20200d30    00000004     h5_balance_loop.o (.bss.g_feedforward_deg)
                  20200d34    00000004     h5_balance_loop.o (.bss.g_finish_distance_mm)
                  20200d38    00000004     h3_ball_control.o (.bss.g_finish_elapsed_ms)
                  20200d3c    00000004     h4_balance_ab.o (.bss.g_finish_elapsed_ms)
                  20200d40    00000004     h5_balance_loop.o (.bss.g_finish_elapsed_ms)
                  20200d44    00000004     h3_ball_control.o (.bss.g_integral_mm_s)
                  20200d48    00000004     h4_balance_ab.o (.bss.g_integral_mm_s)
                  20200d4c    00000004     h5_balance_loop.o (.bss.g_integral_mm_s)
                  20200d50    00000004     main.o (.bss.g_key_debounce_count)
                  20200d54    00000004     h4_balance_ab.o (.bss.g_kick_cooldown_until_ms)
                  20200d58    00000004     h5_balance_loop.o (.bss.g_kick_cooldown_until_ms)
                  20200d5c    00000004     h4_balance_ab.o (.bss.g_kick_start_ms)
                  20200d60    00000004     h5_balance_loop.o (.bss.g_kick_start_ms)
                  20200d64    00000004     h5_balance_loop.o (.bss.g_lap_elapsed_ms)
                  20200d68    00000004     h3_ball_control.o (.bss.g_last_command_angle_deg)
                  20200d6c    00000004     h3_ball_control.o (.bss.g_last_command_ms)
                  20200d70    00000004     main.o (.bss.g_last_dispatch_key_ms)
                  20200d74    00000004     app.o (.bss.g_last_key_ms)
                  20200d78    00000004     h3_ball_control.o (.bss.g_last_key_ms)
                  20200d7c    00000004     h4_balance_ab.o (.bss.g_last_key_ms)
                  20200d80    00000004     h5_balance_loop.o (.bss.g_last_key_ms)
                  20200d84    00000004     motor_encoder.o (.bss.g_last_left_count)
                  20200d88    00000004     app.o (.bss.g_last_line_control_ms)
                  20200d8c    00000004     h4_balance_ab.o (.bss.g_last_line_control_ms)
                  20200d90    00000004     h5_balance_loop.o (.bss.g_last_line_control_ms)
                  20200d94    00000004     app.o (.bss.g_last_line_seen_ms)
                  20200d98    00000004     h4_balance_ab.o (.bss.g_last_line_seen_ms)
                  20200d9c    00000004     h5_balance_loop.o (.bss.g_last_line_seen_ms)
                  20200da0    00000004     main.o (.bss.g_last_menu_refresh_ms)
                  20200da4    00000004     h4_balance_ab.o (.bss.g_last_motor_command_ms)
                  20200da8    00000004     h5_balance_loop.o (.bss.g_last_motor_command_ms)
                  20200dac    00000004     h4_balance_ab.o (.bss.g_last_motor_deg)
                  20200db0    00000004     h5_balance_loop.o (.bss.g_last_motor_deg)
                  20200db4    00000004     h3_ball_control.o (.bss.g_last_motor_diag_ms)
                  20200db8    00000004     app.o (.bss.g_last_oled_page_ms)
                  20200dbc    00000004     h3_ball_control.o (.bss.g_last_oled_page_ms)
                  20200dc0    00000004     h4_balance_ab.o (.bss.g_last_oled_page_ms)
                  20200dc4    00000004     h5_balance_loop.o (.bss.g_last_oled_page_ms)
                  20200dc8    00000004     motor_encoder.o (.bss.g_last_right_count)
                  20200dcc    00000004     h4_balance_ab.o (.bss.g_last_speed_control_ms)
                  20200dd0    00000004     h5_balance_loop.o (.bss.g_last_speed_control_ms)
                  20200dd4    00000004     app.o (.bss.g_last_speed_ms)
                  20200dd8    00000004     h3_tuning_link.o (.bss.g_last_telemetry_ms)
                  20200ddc    00000004     h4_tuning_link.o (.bss.g_last_telemetry_ms)
                  20200de0    00000004     app.o (.bss.g_last_ui_ms)
                  20200de4    00000004     h3_ball_control.o (.bss.g_last_ui_ms)
                  20200de8    00000004     h4_balance_ab.o (.bss.g_last_ui_ms)
                  20200dec    00000004     h5_balance_loop.o (.bss.g_last_ui_ms)
                  20200df0    00000004     motor_encoder.o (.bss.g_left_count)
                  20200df4    00000004     motor_encoder.o (.bss.g_left_integral)
                  20200df8    00000004     app.o (.bss.g_millis)
                  20200dfc    00000004     h3_ball_control.o (.bss.g_millis)
                  20200e00    00000004     h4_balance_ab.o (.bss.g_millis)
                  20200e04    00000004     h5_balance_loop.o (.bss.g_millis)
                  20200e08    00000004     h3_ball_control.o (.bss.g_phase_start_ms)
                  20200e0c    00000004     h4_balance_ab.o (.bss.g_phase_start_ms)
                  20200e10    00000004     h5_balance_loop.o (.bss.g_phase_start_ms)
                  20200e14    00000004     h4_balance_ab.o (.bss.g_planned_accel_m_s2)
                  20200e18    00000004     h5_balance_loop.o (.bss.g_planned_accel_m_s2)
                  20200e1c    00000004     h3_ball_control.o (.bss.g_positive_reached_ms)
                  20200e20    00000004     h4_balance_ab.o (.bss.g_predicted_mm)
                  20200e24    00000004     h5_balance_loop.o (.bss.g_predicted_mm)
                  20200e28    00000004     motor_encoder.o (.bss.g_right_count)
                  20200e2c    00000004     motor_encoder.o (.bss.g_right_integral)
                  20200e30    00000004     app.o (.bss.g_run_start_ms)
                  20200e34    00000004     h3_ball_control.o (.bss.g_run_start_ms)
                  20200e38    00000004     h4_balance_ab.o (.bss.g_run_start_ms)
                  20200e3c    00000004     h5_balance_loop.o (.bss.g_run_start_ms)
                  20200e40    00000004     h3_ball_control.o (.bss.g_stable_start_ms)
                  20200e44    00000004     h3_ball_control.o (.bss.g_stall_anchor_position_mm)
                  20200e48    00000004     h3_ball_control.o (.bss.g_stall_start_ms)
                  20200e4c    00000004     app.o (.bss.g_start_left_count)
                  20200e50    00000004     h4_balance_ab.o (.bss.g_start_left_count)
                  20200e54    00000004     h5_balance_loop.o (.bss.g_start_left_count)
                  20200e58    00000004     h5_balance_loop.o (.bss.g_start_request_ms)
                  20200e5c    00000004     app.o (.bss.g_start_right_count)
                  20200e60    00000004     h4_balance_ab.o (.bss.g_start_right_count)
                  20200e64    00000004     h5_balance_loop.o (.bss.g_start_right_count)
                  20200e68    00000004     app.o (.bss.g_stop_elapsed_ms)
                  20200e6c    00000004     h4_balance_ab.o (.bss.g_stuck_start_ms)
                  20200e70    00000004     h5_balance_loop.o (.bss.g_stuck_start_ms)
                  20200e74    00000004     main.o (.bss.g_system_ms)
                  20200e78    00000004     h3_ball_control.o (.bss.g_target_mm)
                  20200e7c    00000004     h4_balance_ab.o (.bss.g_target_rpm)
                  20200e80    00000004     h5_balance_loop.o (.bss.g_target_rpm)
                  20200e84    00000002     h5_balance_loop.o (.bss.g_finish_wide_ms)
                  20200e86    00000002     app.o (.bss.g_last_line_error)
                  20200e88    00000002     h4_balance_ab.o (.bss.g_last_line_error)
                  20200e8a    00000002     h5_balance_loop.o (.bss.g_last_line_error)
                  20200e8c    00000002     h3_vision.o (.bss.g_rx_head)
                  20200e8e    00000002     h3_vision.o (.bss.g_rx_tail)
                  20200e90    00000002     app.o (.bss.g_start_clear_ms)
                  20200e92    00000002     h5_balance_loop.o (.bss.g_start_clear_ms)
                  20200e94    00000001     main.o (.bss.g_active_mode)
                  20200e95    00000001     ssd1306.o (.bss.g_address)
                  20200e96    00000001     app.o (.bss.g_app_state)
                  20200e97    00000001     h3_ball_control.o (.bss.g_auto_started)
                  20200e98    00000001     h3_tuning_link.o (.bss.g_command_length)
                  20200e99    00000001     main.o (.bss.g_dispatch_key_seen)
                  20200e9a    00000001     h5_balance_loop.o (.bss.g_finish_marker_seen)
                  20200e9b    00000001     h3_tuning_link.o (.bss.g_force_telemetry)
                  20200e9c    00000001     h4_tuning_link.o (.bss.g_force_telemetry)
                  20200e9d    00000001     main.o (.bss.g_h3_start_pending)
                  20200e9e    00000001     main.o (.bss.g_h4_start_pending)
                  20200e9f    00000001     main.o (.bss.g_h5_start_pending)
                  20200ea0    00000001     main.o (.bss.g_key_events)
                  20200ea1    00000001     main.o (.bss.g_key_stable_pressed)
                  20200ea2    00000001     h4_balance_ab.o (.bss.g_kick_active)
                  20200ea3    00000001     h5_balance_loop.o (.bss.g_kick_active)
                  20200ea4    00000001     h4_tuning_link.o (.bss.g_length)
                  20200ea5    00000001     h3_vision.o (.bss.g_line_length)
                  20200ea6    00000001     h3_ball_control.o (.bss.g_motion_phase)
                  20200ea7    00000001     h3_ball_control.o (.bss.g_motor_armed)
                  20200ea8    00000001     h4_balance_ab.o (.bss.g_motor_armed)
                  20200ea9    00000001     h5_balance_loop.o (.bss.g_motor_armed)
                  20200eaa    00000001     h3_ball_control.o (.bss.g_motor_diag_read_position)
                  20200eab    00000001     h3_vision.o (.bss.g_new_sample)
                  20200eac    00000001     h3_ball_control.o (.bss.g_oled_present)
                  20200ead    00000001     h4_balance_ab.o (.bss.g_oled_present)
                  20200eae    00000001     h5_balance_loop.o (.bss.g_oled_present)
                  20200eaf    00000001     h4_tuning_link.o (.bss.g_pending)
                  20200eb0    00000001     h3_tuning_link.o (.bss.g_pending_command)
                  20200eb1    00000001     ssd1306.o (.bss.g_present)
                  20200eb2    00000001     ssd1306.o (.bss.g_refresh_page)
                  20200eb3    00000001     app.o (.bss.g_result_valid)
                  20200eb4    00000001     zdt_stepper.o (.bss.g_rx_length)
                  20200eb5    00000001     main.o (.bss.g_selected_mode)
                  20200eb6    00000001     app.o (.bss.g_start_key_event)
                  20200eb7    00000001     h3_ball_control.o (.bss.g_start_key_event)
                  20200eb8    00000001     h4_balance_ab.o (.bss.g_start_key_event)
                  20200eb9    00000001     h5_balance_loop.o (.bss.g_start_key_event)
                  20200eba    00000001     app.o (.bss.g_start_line_cleared)
                  20200ebb    00000001     h5_balance_loop.o (.bss.g_start_line_cleared)
                  20200ebc    00000001     h4_balance_ab.o (.bss.g_start_pending)
                  20200ebd    00000001     h5_balance_loop.o (.bss.g_start_pending)
                  20200ebe    00000001     h3_ball_control.o (.bss.g_state)
                  20200ebf    00000001     h4_balance_ab.o (.bss.g_state)
                  20200ec0    00000001     h5_balance_loop.o (.bss.g_state)

.data      0    20200ec4    00000006     UNINITIALIZED
                  20200ec4    00000004     libc.a : aeabi_portable.c.obj (.data.__aeabi_errno)
                  20200ec8    00000002     line_sensor.o (.data.line_sensor_read.last_error)

.stack     0    20207e00    00000200     UNINITIALIZED
                  20207e00    00000004     libc.a : boot_cortex_m.c.obj (.stack)
                  20207e04    000001fc     --HOLE--

__llvm_prf_cnts 
*          0    20200000    00000000     UNINITIALIZED

__llvm_prf_bits 
*          0    20200000    00000000     UNINITIALIZED

MODULE SUMMARY

       Module                         code    ro data   rw data
       ------                         ----    -------   -------
    .\
       ti_msp_dl_config.o             2480    71        376    
       main.o                         2114    94        24     
       startup_mspm0g350x_ticlang.o   8       192       0      
    +--+------------------------------+-------+---------+---------+
       Total:                         4602    357       400    
                                                               
    .\src\
       h5_balance_loop.o              6580    652       128    
       h4_balance_ab.o                5720    541       110    
       h3_ball_control.o              4692    524       79     
       ssd1306.o                      1576    235       1027   
       h3_vision.o                    2500    0         258    
       app.o                          2430    164       72     
       h4_tuning_link.o               1858    596       155    
       h3_tuning_link.o               1454    419       111    
       motor_encoder.o                1212    0         56     
       zdt_stepper.o                  854     26        61     
       i2c_bus.o                      524     0         0      
       line_sensor.o                  420     16        2      
    +--+------------------------------+-------+---------+---------+
       Total:                         29820   3173      2059   
                                                               
    .\src\segger_rtt\
       SEGGER_RTT.o                   1124    20        1320   
       SEGGER_RTT_printf.o            1928    16        0      
    +--+------------------------------+-------+---------+---------+
       Total:                         3052    36        1320   
                                                               
    F:/ti/mspm0_sdk_2_10_00_04/source/ti/driverlib/lib/ticlang/m0p/mspm0g1x0x_g3x0x/driverlib.a
       dl_timer.o                     608     0         0      
       dl_i2c.o                       240     0         0      
       dl_uart.o                      138     0         0      
       dl_common.o                    10      0         0      
    +--+------------------------------+-------+---------+---------+
       Total:                         996     0         0      
                                                               
    F:\ti\ccs2051\ccs\tools\compiler\ti-cgt-armllvm_4.0.4.LTS\lib\armv6m-ti-none-eabi/c/libc.a
       _scanfi.c.obj                  3092    34        0      
       _printfi.c.obj                 2166    34        0      
       strtod.c.obj                   968     200       0      
       strtoll.c.obj                  480     0         0      
       strtoull.c.obj                 364     0         0      
       strtol.c.obj                   324     0         0      
       strtoul.c.obj                  300     0         0      
       aeabi_ctype.S.obj              0       257       0      
       s_scalbn.c.obj                 216     0         0      
       sscanf.c.obj                   192     0         0      
       snprintf.c.obj                 148     0         0      
       strcmp-armv6m.S.obj            136     0         0      
       copy_decompress_lzss.c.obj     124     0         0      
       atoi.c.obj                     64      0         0      
       autoinit.c.obj                 60      0         0      
       boot_cortex_m.c.obj            56      0         0      
       memccpy.c.obj                  34      0         0      
       copy_decompress_none.c.obj     18      0         0      
       memcpy16.S.obj                 18      0         0      
       copy_zero_init.c.obj           16      0         0      
       wcslen.c.obj                   16      0         0      
       memset16.S.obj                 14      0         0      
       strcpy.c.obj                   14      0         0      
       strlen.c.obj                   14      0         0      
       aeabi_portable.c.obj           8       0         4      
       exit.c.obj                     6       0         0      
       pre_init.c.obj                 4       0         0      
    +--+------------------------------+-------+---------+---------+
       Total:                         8852    525       4      
                                                               
    F:\ti\ccs2051\ccs\tools\compiler\ti-cgt-armllvm_4.0.4.LTS\lib\armv6m-ti-none-eabi/c/libsysbm.a
       hostexit.c.obj                 4       0         0      
    +--+------------------------------+-------+---------+---------+
       Total:                         4       0         0      
                                                               
    F:\ti\ccs2051\ccs\tools\compiler\ti-cgt-armllvm_4.0.4.LTS\lib\armv6m-ti-none-eabi/libclang_rt.builtins.a
       adddf3.S.obj                   402     0         0      
       divdf3.S.obj                   268     0         0      
       muldf3.S.obj                   228     0         0      
       comparedf2.c.obj               220     0         0      
       addsf3.S.obj                   216     0         0      
       udivmoddi4.S.obj               162     0         0      
       mulsf3.S.obj                   140     0         0      
       divsf3.S.obj                   130     0         0      
       comparesf2.S.obj               118     0         0      
       truncdfsf2.S.obj               116     0         0      
       aeabi_dcmp.S.obj               114     0         0      
       aeabi_fcmp.S.obj               98      0         0      
       aeabi_idivmod.S.obj            86      0         0      
       aeabi_uidivmod.S.obj           64      0         0      
       floatsisf.S.obj                60      0         0      
       muldsi3.S.obj                  58      0         0      
       fixsfsi.S.obj                  56      0         0      
       fixunssfsi.S.obj               50      0         0      
       floatunsisf.S.obj              40      0         0      
       muldi3.S.obj                   36      0         0      
       ashldi3.S.obj                  30      0         0      
       aeabi_memset.S.obj             26      0         0      
       aeabi_uldivmod.S.obj           20      0         0      
       aeabi_memcpy.S.obj             8       0         0      
       aeabi_div0.c.obj               4       0         0      
    +--+------------------------------+-------+---------+---------+
       Total:                         2750    0         0      
                                                               
       Stack:                         0       0         512    
       Linker Generated:              0       43        0      
    +--+------------------------------+-------+---------+---------+
       Grand Total:                   50076   4134      4295   


LINKER GENERATED COPY TABLES

__TI_cinit_table @ 0000d3ec records: 2, size/record: 8, table size: 16
	.bss: load addr=0000d3dc, load size=00000008 bytes, run addr=20200000, run size=00000ec1 bytes, compression=zero_init
	.data: load addr=0000d3e4, load size=00000007 bytes, run addr=20200ec4, run size=00000006 bytes, compression=lzss


LINKER GENERATED HANDLER TABLE

__TI_handler_table @ 0000d3d0 records: 3, size/record: 4, table size: 12
	index: 0, handler: __TI_decompress_lzss
	index: 1, handler: __TI_decompress_none
	index: 2, handler: __TI_zero_init


FAR CALL TRAMPOLINES

callee name               trampoline name
   callee addr  tramp addr   call addr  call info
--------------  -----------  ---------  ----------------
__aeabi_dcmpeq            $Tramp$TT$L$PI$$__aeabi_dcmpeq
   0000a3f5     0000c404     0000c400   libc.a : strtod.c.obj (.text.OUTLINED_FUNCTION_1)
[...]
0000d3fc  __TI_CINIT_Warm                 
0000d3d0  __TI_Handler_Table_Base         
0000d3dc  __TI_Handler_Table_Limit        
0000b3e5  __TI_auto_init_nobinit_nopinit  
00009cf1  __TI_decompress_lzss            
0000c219  __TI_decompress_none            
ffffffff  __TI_pprof_out_hndl             
00000c9d  __TI_printfi_nofloat            
ffffffff  __TI_prof_data_size             
ffffffff  __TI_prof_data_start            
000000c1  __TI_scanfi                     
00000000  __TI_static_base__              
0000c2cd  __TI_zero_init                  
00005513  __adddf3                        
000083cb  __addsf3                        
0000c490  __aeabi_ctype_table_            
0000c490  __aeabi_ctype_table_C           
00009fc1  __aeabi_d2f                     
00005513  __aeabi_dadd                    
0000a3f5  __aeabi_dcmpeq                  
0000a431  __aeabi_dcmpge                  
0000a445  __aeabi_dcmpgt                  
0000a41d  __aeabi_dcmple                  
0000a409  __aeabi_dcmplt                  
000071d9  __aeabi_ddiv                    
00007e8d  __aeabi_dmul                    
00005509  __aeabi_dsub                    
20200ec4  __aeabi_errno                   
0000c41d  __aeabi_errno_addr              
0000b4d1  __aeabi_f2iz                    
0000b64d  __aeabi_f2uiz                   
000083cb  __aeabi_fadd                    
0000a459  __aeabi_fcmpeq                  
0000a495  __aeabi_fcmpge                  
0000a4a9  __aeabi_fcmpgt                  
0000a481  __aeabi_fcmple                  
0000a46d  __aeabi_fcmplt                  
00009a6d  __aeabi_fdiv                    
000098d1  __aeabi_fmul                    
000083c1  __aeabi_fsub                    
0000b27d  __aeabi_i2f                     
0000a8c5  __aeabi_idiv                    
00002707  __aeabi_idiv0                   
0000a8c5  __aeabi_idivmod                 
00004383  __aeabi_ldiv0                   
0000bc25  __aeabi_llsl                    
0000ba15  __aeabi_lmul                    
0000c351  __aeabi_memclr                  
0000c351  __aeabi_memclr4                 
0000c351  __aeabi_memclr8                 
0000c425  __aeabi_memcpy                  
0000c425  __aeabi_memcpy4                 
0000c425  __aeabi_memcpy8                 
0000c309  __aeabi_memset                  
0000c309  __aeabi_memset4                 
0000c309  __aeabi_memset8                 
0000b979  __aeabi_ui2f                    
0000af55  __aeabi_uidiv                   
0000af55  __aeabi_uidivmod                
0000c16d  __aeabi_uldivmod                
0000bc25  __ashldi3                       
ffffffff  __binit__                       
0000a1f9  __cmpdf2                        
0000b421  __cmpsf2                        
000071d9  __divdf3                        
00009a6d  __divsf3                        
0000a1f9  __eqdf2                         
0000b421  __eqsf2                         
0000b4d1  __fixsfsi                       
0000b64d  __fixunssfsi                    
0000b27d  __floatsisf                     
0000b979  __floatunsisf                   
00009f49  __gedf2                         
0000b2b9  __gesf2                         
00009f49  __gtdf2                         
0000b2b9  __gtsf2                         
0000a1f9  __ledf2                         
0000b421  __lesf2                         
0000a1f9  __ltdf2                         
0000b421  __ltsf2                         
UNDEFED   __mpu_init                      
00007e8d  __muldf3                        
0000ba15  __muldi3                        
0000b45d  __muldsi3                       
000098d1  __mulsf3                        
0000a1f9  __nedf2                         
0000b421  __nesf2                         
20207e00  __stack                         
20200000  __start___llvm_prf_bits         
20200000  __start___llvm_prf_cnts         
20200000  __stop___llvm_prf_bits          
20200000  __stop___llvm_prf_cnts          
00005509  __subdf3                        
000083c1  __subsf3                        
00009fc1  __truncdfsf2                    
00008f35  __udivmoddi4                    
0000b9a1  _c_int00_noargs                 
UNDEFED   _system_post_cinit              
0000c485  _system_pre_init                
0000c46b  abort                           
00008055  app_init                        
0000c35d  app_millis                      
00005821  app_process                     
0000c369  app_start_key_isr               
0000c24d  app_tick_1ms_isr                
0000af95  atoi                            
ffffffff  binit                           
20200800  gCONTROL_TIMERBackup            
202008bc  gPWM_RIGHTBackup                
00006fa9  h3_ball_control_init            
00003741  h3_ball_control_process         
0000c375  h3_ball_control_start_key_isr   
0000c25d  h3_ball_control_tick_1ms_isr    
0000c381  h3_ball_control_vision_ready    
0000c195  h3_ball_control_vision_rx_isr   
0000c1a9  h3_ball_control_zdt_rx_isr      
0000bd95  h3_tuning_link_event            
0000a0a9  h3_tuning_link_init             
000095f5  h3_tuning_link_process          
0000c435  h3_tuning_link_runtime          
0000b509  h3_tuning_link_take_command     
0000569d  h3_tuning_link_telemetry        
0000c43d  h3_vision_get                   
0000aaf1  h3_vision_init                  
0000678d  h3_vision_process               
0000a4bd  h3_vision_rx_byte_isr           
0000bb69  h3_vision_take_new_sample       
000068c1  h4_balance_ab_init              
00002a29  h4_balance_ab_process           
0000c399  h4_balance_ab_start_key_isr     
0000c26d  h4_balance_ab_tick_1ms_isr      
0000c3a5  h4_balance_ab_vision_ready      
0000bdb1  h4_tuning_link_event            
00009079  h4_tuning_link_init             
00009689  h4_tuning_link_process          
0000c445  h4_tuning_link_runtime          
0000b541  h4_tuning_link_take_command     
00005b11  h4_tuning_link_telemetry        
000060c9  h5_balance_loop_init            
00002709  h5_balance_loop_process         
0000c3bd  h5_balance_loop_start_key_isr   
0000c27d  h5_balance_loop_tick_1ms_isr    
0000c3c9  h5_balance_loop_vision_ready    
00009119  i2c_bus_write                   
00000000  interruptVectors                
00008211  ldexp                           
00008211  ldexpl                          
00005df1  line_sensor_read                
000051d1  main                            
0000bac5  memccpy                         
0000b2f5  motor_active_brake              
0000b331  motor_coast                     
0000a51d  motor_encoder_left_edge_isr     
0000a391  motor_encoder_right_edge_isr    
0000c455  motor_get                       
0000a57d  motor_init                      
0000a815  motor_prepare_run               
0000b579  motor_set_targets               
00008929  motor_speed_control_10ms        
00008211  scalbn                          
00008211  scalbnl                         
0000ab3d  snprintf                        
0000b771  sscanf                          
0000c1bd  ssd1306_clear                   
00008635  ssd1306_draw_text               
00005c81  ssd1306_draw_text_2x            
00006c41  ssd1306_init                    
0000c28d  ssd1306_is_present              
000078fd  ssd1306_refresh_next_page       
00009961  strcmp                          
0000c317  strcpy                          
0000c333  strlen                          
00001cb1  strtod                          
00006649  strtol                          
00001cb1  strtold                         
00004385  strtoll                         
000069ed  strtoul                         
00005f5d  strtoull                        
0000c29d  wcslen                          
0000b7a1  zdt_stepper_enable              
0000c45d  zdt_stepper_get_status          
0000a6fd  zdt_stepper_init                
0000971d  zdt_stepper_move_absolute_deg   
0000c035  zdt_stepper_read_driver_config  
0000bde9  zdt_stepper_read_real_position  
0000be05  zdt_stepper_read_status_flags   
00006501  zdt_stepper_rx_byte_isr         
0000c2ad  zdt_stepper_send_reference_back 
0000c2bd  zdt_stepper_send_reference_test 
0000be21  zdt_stepper_stop_now            


GLOBAL SYMBOLS: SORTED BY Symbol Address 

address   name                            
-------   ----                            
00000000  __TI_ATRegion0_region_sz        
00000000  __TI_ATRegion0_src_addr         
00000000  __TI_ATRegion0_trg_addr         
00000000  __TI_ATRegion1_region_sz        
00000000  __TI_ATRegion1_src_addr         
00000000  __TI_ATRegion1_trg_addr         
00000000  __TI_ATRegion2_region_sz        
00000000  __TI_ATRegion2_src_addr         
00000000  __TI_ATRegion2_trg_addr         
00000000  __TI_static_base__              
00000000  interruptVectors                
000000c1  __TI_scanfi                     
00000200  __STACK_SIZE                    
00000c9d  __TI_printfi_nofloat            
00001cb1  strtod                          
00001cb1  strtold                         
000023c9  SEGGER_RTT_vprintf              
00002707  __aeabi_idiv0                   
00002709  h5_balance_loop_process         
00002a29  h4_balance_ab_process           
00003741  h3_ball_control_process         
00004383  __aeabi_ldiv0                   
00004385  strtoll                         
00004ae9  SYSCFG_DL_GPIO_init             
000051d1  main                            
00005509  __aeabi_dsub                    
00005509  __subdf3                        
00005513  __adddf3                        
00005513  __aeabi_dadd                    
0000569d  h3_tuning_link_telemetry        
00005821  app_process                     
00005b11  h4_tuning_link_telemetry        
00005c81  ssd1306_draw_text_2x            
00005df1  line_sensor_read                
00005f5d  strtoull                        
000060c9  h5_balance_loop_init            
00006501  zdt_stepper_rx_byte_isr         
00006649  strtol                          
0000678d  h3_vision_process               
000068c1  h4_balance_ab_init              
000069ed  strtoul                         
00006b19  SEGGER_RTT_ReadNoLock           
00006c41  ssd1306_init                    
00006fa9  h3_ball_control_init            
000071d9  __aeabi_ddiv                    
000071d9  __divdf3                        
00007601  DL_Timer_initFourCCPWMMode      
00007705  DL_Timer_initTimerMode          
000078fd  ssd1306_refresh_next_page       
00007e8d  __aeabi_dmul                    
00007e8d  __muldf3                        
00008055  app_init                        
00008211  ldexp                           
00008211  ldexpl                          
00008211  scalbn                          
00008211  scalbnl                         
000083c1  __aeabi_fsub                    
000083c1  __subsf3                        
000083cb  __addsf3                        
000083cb  __aeabi_fadd                    
00008635  ssd1306_draw_text               
00008929  motor_speed_control_10ms        
00008a91  SEGGER_RTT_WriteNoLock          
00008f35  __udivmoddi4                    
00008fd9  SYSCFG_DL_initPower             
00009079  h4_tuning_link_init             
00009119  i2c_bus_write                   
000095f5  h3_tuning_link_process          
00009689  h4_tuning_link_process          
0000971d  zdt_stepper_move_absolute_deg   
000098d1  __aeabi_fmul                    
000098d1  __mulsf3                        
0000995d  ADC0_IRQHandler                 
0000995d  ADC1_IRQHandler                 
0000995d  AES_IRQHandler                  
0000995d  CANFD0_IRQHandler               
0000995d  DAC0_IRQHandler                 
0000995d  DMA_IRQHandler                  
0000995d  Default_Handler                 
0000995d  GROUP0_IRQHandler               
0000995d  HardFault_Handler               
0000995d  I2C0_IRQHandler                 
0000995d  I2C1_IRQHandler                 
0000995d  NMI_Handler                     
0000995d  PendSV_Handler                  
0000995d  RTC_IRQHandler                  
0000995d  SPI0_IRQHandler                 
0000995d  SPI1_IRQHandler                 
0000995d  SVC_Handler                     
0000995d  SysTick_Handler                 
0000995d  TIMA0_IRQHandler                
0000995d  TIMG0_IRQHandler                
0000995d  TIMG12_IRQHandler               
0000995d  TIMG6_IRQHandler                
0000995d  TIMG7_IRQHandler                
0000995d  TIMG8_IRQHandler                
0000995d  UART2_IRQHandler                
0000995d  UART3_IRQHandler                
00009961  strcmp                          
00009a6d  __aeabi_fdiv                    
00009a6d  __divsf3                        
00009cf1  __TI_decompress_lzss            
00009f49  __gedf2                         
00009f49  __gtdf2                         
00009fbc  C$$EXIT                         
00009fbd  HOSTexit                        
00009fc1  __aeabi_d2f                     
00009fc1  __truncdfsf2                    
0000a0a9  h3_tuning_link_init             
0000a1f9  __cmpdf2                        
0000a1f9  __eqdf2                         
0000a1f9  __ledf2                         
0000a1f9  __ltdf2                         
0000a1f9  __nedf2                         
0000a2c9  SYSCFG_DL_PWM_LEFT_init         
0000a32d  SYSCFG_DL_PWM_RIGHT_init        
0000a391  motor_encoder_right_edge_isr    
0000a3f5  __aeabi_dcmpeq                  
0000a409  __aeabi_dcmplt                  
0000a41d  __aeabi_dcmple                  
0000a431  __aeabi_dcmpge                  
0000a445  __aeabi_dcmpgt                  
0000a459  __aeabi_fcmpeq                  
0000a46d  __aeabi_fcmplt                  
0000a481  __aeabi_fcmple                  
0000a495  __aeabi_fcmpge                  
0000a4a9  __aeabi_fcmpgt                  
0000a4bd  h3_vision_rx_byte_isr           
0000a51d  motor_encoder_left_edge_isr     
0000a57d  motor_init                      
0000a6fd  zdt_stepper_init                
0000a75d  DL_I2C_fillControllerTXFIFO     
0000a7bd  SYSCFG_DL_I2C_DISPLAY_init      
0000a815  motor_prepare_run               
0000a8c5  __aeabi_idiv                    
0000a8c5  __aeabi_idivmod                 
0000aaa5  SYSCFG_DL_VISION_UART_init      
0000aaf1  h3_vision_init                  
0000ab3d  snprintf                        
0000abd5  DL_UART_init                    
0000ac1d  SYSCFG_DL_DEBUG_UART_init       
0000ad3d  GROUP1_IRQHandler               
0000af55  __aeabi_uidiv                   
0000af55  __aeabi_uidivmod                
0000af95  atoi                            
0000b1c9  DL_I2C_flushControllerTXFIFO    
0000b241  SYSCFG_DL_init                  
0000b27d  __aeabi_i2f                     
0000b27d  __floatsisf                     
0000b2b9  __gesf2                         
0000b2b9  __gtsf2                         
0000b2f5  motor_active_brake              
0000b331  motor_coast                     
0000b3e5  __TI_auto_init_nobinit_nopinit  
0000b421  __cmpsf2                        
0000b421  __eqsf2                         
0000b421  __lesf2                         
0000b421  __ltsf2                         
0000b421  __nesf2                         
0000b45d  __muldsi3                       
0000b499  TIMA1_IRQHandler                
0000b4d1  __aeabi_f2iz                    
0000b4d1  __fixsfsi                       
0000b509  h3_tuning_link_take_command     
0000b541  h4_tuning_link_take_command     
0000b579  motor_set_targets               
0000b5b1  SEGGER_RTT_Write                
0000b5e5  SYSCFG_DL_CONTROL_TIMER_init    
0000b64d  __aeabi_f2uiz                   
0000b64d  __fixunssfsi                    
0000b681  DL_I2C_flushControllerRXFIFO    
0000b6b1  DL_UART_transmitDataBlocking    
0000b6e1  UART0_IRQHandler                
0000b711  UART1_IRQHandler                
0000b771  sscanf                          
0000b7a1  zdt_stepper_enable              
0000b7cf  SEGGER_RTT_printf               
0000b979  __aeabi_ui2f                    
0000b979  __floatunsisf                   
0000b9a1  _c_int00_noargs                 
0000b9ef  DL_I2C_setClockConfig           
0000ba15  __aeabi_lmul                    
0000ba15  __muldi3                        
0000ba81  SYSCFG_DL_SYSCTL_init           
0000bac5  memccpy                         
0000bb69  h3_vision_take_new_sample       
0000bc07  SEGGER_RTT_WriteString          
0000bc25  __aeabi_llsl                    
0000bc25  __ashldi3                       
0000bd25  DL_Timer_setCaptCompUpdateMethod
0000bd41  DL_Timer_setClockConfig         
0000bd79  SEGGER_RTT_Read                 
0000bd95  h3_tuning_link_event            
0000bdb1  h4_tuning_link_event            
0000bde9  zdt_stepper_read_real_position  
0000be05  zdt_stepper_read_status_flags   
0000be21  zdt_stepper_stop_now            
0000bfa5  DL_Timer_setCaptureCompareOutCtl
0000c035  zdt_stepper_read_driver_config  
0000c16d  __aeabi_uldivmod                
0000c195  h3_ball_control_vision_rx_isr   
0000c1a9  h3_ball_control_zdt_rx_isr      
0000c1bd  ssd1306_clear                   
0000c1f5  DL_UART_setClockConfig          
0000c207  TI_memcpy_small                 
0000c219  __TI_decompress_none            
0000c23d  DL_Timer_setCaptureCompareValue 
0000c24d  app_tick_1ms_isr                
0000c25d  h3_ball_control_tick_1ms_isr    
0000c26d  h4_balance_ab_tick_1ms_isr      
0000c27d  h5_balance_loop_tick_1ms_isr    
0000c28d  ssd1306_is_present              
0000c29d  wcslen                          
0000c2ad  zdt_stepper_send_reference_back 
0000c2bd  zdt_stepper_send_reference_test 
0000c2cd  __TI_zero_init                  
0000c309  __aeabi_memset                  
0000c309  __aeabi_memset4                 
0000c309  __aeabi_memset8                 
0000c317  strcpy                          
0000c333  strlen                          
0000c341  TI_memset_small                 
0000c351  __aeabi_memclr                  
0000c351  __aeabi_memclr4                 
0000c351  __aeabi_memclr8                 
0000c35d  app_millis                      
0000c369  app_start_key_isr               
0000c375  h3_ball_control_start_key_isr   
0000c381  h3_ball_control_vision_ready    
0000c399  h4_balance_ab_start_key_isr     
0000c3a5  h4_balance_ab_vision_ready      
0000c3bd  h5_balance_loop_start_key_isr   
0000c3c9  h5_balance_loop_vision_ready    
0000c3e1  DL_Common_delayCycles           
0000c415  SEGGER_RTT_Init                 
0000c41d  __aeabi_errno_addr              
0000c425  __aeabi_memcpy                  
0000c425  __aeabi_memcpy4                 
0000c425  __aeabi_memcpy8                 
0000c435  h3_tuning_link_runtime          
0000c43d  h3_vision_get                   
0000c445  h4_tuning_link_runtime          
0000c455  motor_get                       
0000c45d  zdt_stepper_get_status          
0000c46b  abort                           
0000c471  Reset_Handler                   
0000c485  _system_pre_init                
0000c490  __aeabi_ctype_table_            
0000c490  __aeabi_ctype_table_C           
0000d3d0  __TI_Handler_Table_Base         
0000d3dc  __TI_Handler_Table_Limit        
0000d3ec  __TI_CINIT_Base                 
0000d3fc  __TI_CINIT_Limit                
0000d3fc  __TI_CINIT_Warm                 
20200000  __start___llvm_prf_bits         
20200000  __start___llvm_prf_cnts         
20200000  __stop___llvm_prf_bits          
20200000  __stop___llvm_prf_cnts          
20200800  gCONTROL_TIMERBackup            
202008bc  gPWM_RIGHTBackup                
20200978  _SEGGER_RTT                     
20200ec4  __aeabi_errno                   
20207e00  __stack                         
20208000  __STACK_END                     
ffffffff  __TI_pprof_out_hndl             
ffffffff  __TI_prof_data_size             
ffffffff  __TI_prof_data_start            
ffffffff  __binit__                       
ffffffff  binit                           
UNDEFED   __mpu_init                      
UNDEFED   _system_post_cinit              

[271 symbols]
