******************************************************************************
            TI ARM Clang Linker PC v4.0.4                      
******************************************************************************
>> Linked Tue Aug  4 03:12:00 2026

OUTPUT FILE NAME:   <H2_LineCar_CCS.out>
ENTRY POINT SYMBOL: "_c_int00_noargs"  address: 0000d72d


MEMORY CONFIGURATION

         name            origin    length      used     unused   attr    fill
----------------------  --------  ---------  --------  --------  ----  --------
  FLASH                 00000000   00020000  0000f490  00010b70  R  X
  SRAM                  20200000   00008000  00001163  00006e9d  RW X
  BCR_CONFIG            41c00000   000000ff  00000000  000000ff  R   
  BSL_CONFIG            41c00100   00000080  00000000  00000080  R   


SEGMENT ALLOCATION MAP

run origin  load origin   length   init length attrs members
----------  ----------- ---------- ----------- ----- -------
00000000    00000000    0000f490   0000f490    r-x
  00000000    00000000    000000c0   000000c0    r-- .intvecs
  000000c0    000000c0    0000e1b0   0000e1b0    r-x .text
  0000e270    0000e270    000011f0   000011f0    r-- .rodata
  0000f460    0000f460    00000030   00000030    r-- .cinit
20200000    20200000    00000f66   00000000    rw-
  20200000    20200000    00000f5d   00000000    rw- .bss
  20200f60    20200f60    00000006   00000000    rw- .data
20207e00    20207e00    00000200   00000000    rw-
  20207e00    20207e00    00000200   00000000    rw- .stack


SECTION ALLOCATION MAP

 output                                  attributes/
section   page    origin      length       input sections
--------  ----  ----------  ----------   ----------------
.intvecs   0    00000000    000000c0     
                  00000000    000000c0     startup_mspm0g350x_ticlang.o (.intvecs)

.text      0    000000c0    0000e1b0     
                  000000c0    00000bdc     libc.a : _scanfi.c.obj (.text.__TI_scanfi)
                  00000c9c    00000868            : _printfi.c.obj (.text:__TI_printfi_nofloat)
                  00001504    000003e0     h4_tuning_link.o (.text.parse_command)
                  000018e4    000003cc     h3_ball_control.o (.text.run_outer_loop)
                  00001cb0    000003b8     libc.a : strtod.c.obj (.text.strtod)
                  00002068    000003a8     h5_balance_loop.o (.text.run_ball_control)
                  00002410    0000037c     h6_balance_any.o (.text.run_ball_control)
                  0000278c    0000034c     h6_balance_any.o (.text.h6_balance_any_process)
                  00002ad8    0000033e     SEGGER_RTT_printf.o (.text.SEGGER_RTT_vprintf)
                  00002e16    00000002     libclang_rt.builtins.a : aeabi_div0.c.obj (.text.__aeabi_idiv0)
                  00002e18    00000320     h5_balance_loop.o (.text.h5_balance_loop_process)
                  00003138    00000318     h4_balance_ab.o (.text.h4_balance_ab_process)
                  00003450    000002c8     h4_balance_ab.o (.text.run_ball_control)
                  00003718    00000278     h3_ball_control.o (.text.update_motion_state)
                  00003990    00000268     h3_tuning_link.o (.text.parse_command)
                  00003bf8    00000258     app.o (.text.run_control_5ms)
                  00003e50    00000250     h6_balance_any.o (.text.update_ui)
                  000040a0    00000240     h3_ball_control.o (.text.h3_ball_control_process)
                  000042e0    00000240     h5_balance_loop.o (.text.update_ui)
                  00004520    00000208     h3_ball_control.o (.text.update_ui)
                  00004728    000001f4     h4_balance_ab.o (.text.update_speed_profile)
                  0000491c    000001e4     h5_balance_loop.o (.text.run_line_control)
                  00004b00    000001e4     h6_balance_any.o (.text.run_line_control)
                  00004ce4    000001e2     SEGGER_RTT_printf.o (.text._PrintInt)
                  00004ec6    00000002     libclang_rt.builtins.a : aeabi_div0.c.obj (.text.__aeabi_ldiv0)
                  00004ec8    000001e0     libc.a : strtoll.c.obj (.text.strtoll)
                  000050a8    000001e0     h4_balance_ab.o (.text.update_ui)
                  00005288    000001dc     main.o (.text.main)
                  00005464    000001d4     h5_balance_loop.o (.text.update_speed_profile)
                  00005638    000001d4     h6_balance_any.o (.text.update_speed_profile)
                  0000580c    000001d0     h3_ball_control.o (.text.handle_tuning_commands)
                  000059dc    000001cc     ti_msp_dl_config.o (.text.SYSCFG_DL_GPIO_init)
                  00005ba8    000001c8     SEGGER_RTT_printf.o (.text._PrintUnsigned)
                  00005d70    000001ae     h3_vision.o (.text.parse_decimal_i32)
                  00005f1e    00000002     --HOLE-- [fill = 0]
                  00005f20    000001a8     h6_balance_any.o (.text.h6_balance_any_init)
                  000060c8    000001a4     app.o (.text.update_ui)
                  0000626c    0000019c     h4_balance_ab.o (.text.run_line_control)
                  00006408    00000194     h6_balance_any.o (.text.update_target_capture)
                  0000659c    00000192     libclang_rt.builtins.a : adddf3.S.obj (.text.adddf3_subdf3)
                  0000672e    00000002     --HOLE-- [fill = 0]
                  00006730    00000184     h3_tuning_link.o (.text.h3_tuning_link_telemetry)
                  000068b4    00000178     app.o (.text.app_process)
                  00006a2c    00000178     h3_vision.o (.text.commit_frame)
                  00006ba4    00000170     h4_tuning_link.o (.text.h4_tuning_link_telemetry)
                  00006d14    00000170     ssd1306.o (.text.ssd1306_draw_text_2x)
                  00006e84    0000016c     line_sensor.o (.text.line_sensor_read)
                  00006ff0    0000016c     libc.a : strtoull.c.obj (.text.strtoull)
                  0000715c    0000016c     h6_balance_any.o (.text.update_stiction_logic)
                  000072c8    00000168     h5_balance_loop.o (.text.h5_balance_loop_init)
                  00007430    00000168     h4_balance_ab.o (.text.update_stiction_logic)
                  00007598    00000168     h5_balance_loop.o (.text.update_stiction_logic)
                  00007700    00000148     zdt_stepper.o (.text.zdt_stepper_rx_byte_isr)
                  00007848    00000144     main.o (.text.select_or_trigger_mode)
                  0000798c    00000144     libc.a : strtol.c.obj (.text.strtol)
                  00007ad0    00000134     h3_vision.o (.text.h3_vision_process)
                  00007c04    00000130     h6_balance_any.o (.text.handle_tuning_commands)
                  00007d34    0000012c     h4_balance_ab.o (.text.h4_balance_ab_init)
                  00007e60    0000012c     libc.a : strtoul.c.obj (.text.strtoul)
                  00007f8c    00000128     SEGGER_RTT.o (.text.SEGGER_RTT_ReadNoLock)
                  000080b4    00000128     ssd1306.o (.text.ssd1306_init)
                  000081dc    00000124     h4_balance_ab.o (.text.handle_tuning_commands)
                  00008300    0000011c     h5_balance_loop.o (.text.handle_tuning_commands)
                  0000841c    00000118     h3_ball_control.o (.text.h3_ball_control_init)
                  00008534    0000010c     libclang_rt.builtins.a : divdf3.S.obj (.text.__divdf3)
                  00008640    0000010c     h6_balance_any.o (.text.reset_ready)
                  0000874c    0000010c     h5_balance_loop.o (.text.update_finish_detection)
                  00008858    0000010c     h6_balance_any.o (.text.update_finish_detection)
                  00008964    00000108     h4_balance_ab.o (.text.send_motor_angle)
                  00008a6c    00000108     h5_balance_loop.o (.text.send_motor_angle)
                  00008b74    00000108     h6_balance_any.o (.text.send_motor_angle)
                  00008c7c    00000104     driverlib.a : dl_timer.o (.text.DL_Timer_initFourCCPWMMode)
                  00008d80    000000fc                 : dl_timer.o (.text.DL_Timer_initTimerMode)
                  00008e7c    000000fc     h3_ball_control.o (.text.send_motor_angle)
                  00008f78    000000f8     ssd1306.o (.text.ssd1306_refresh_next_page)
                  00009070    000000f0     h5_balance_loop.o (.text.start_run)
                  00009160    000000f0     h6_balance_any.o (.text.start_run)
                  00009250    000000ec     h3_vision.o (.text.parse_legacy_line)
                  0000933c    000000ec     h5_balance_loop.o (.text.reset_ready)
                  00009428    000000e8     main.o (.text.draw_mode_menu)
                  00009510    000000e8     ssd1306.o (.text.glyph_index)
                  000095f8    000000e8     main.o (.text.poll_keys_1ms_isr)
                  000096e0    000000e4     libclang_rt.builtins.a : muldf3.S.obj (.text.__muldf3)
                  000097c4    000000e2     h3_vision.o (.text.parse_u32)
                  000098a6    00000002     --HOLE-- [fill = 0]
                  000098a8    000000e0     app.o (.text.app_init)
                  00009988    000000dc     SEGGER_RTT.o (.text._WriteBlocking)
                  00009a64    000000d8     libc.a : s_scalbn.c.obj (.text.scalbn)
                  00009b3c    000000d8     app.o (.text.state_text)
                  00009c14    000000d8     libclang_rt.builtins.a : addsf3.S.obj (.text)
                  00009cec    000000d4     h6_balance_any.o (.text.update_prestart_hold)
                  00009dc0    000000d0     h4_balance_ab.o (.text.start_run)
                  00009e90    000000cc     ssd1306.o (.text.ssd1306_draw_text)
                  00009f5c    000000c8     h6_balance_any.o (.text.state_text)
                  0000a024    000000b8     h3_ball_control.o (.text.handle_key)
                  0000a0dc    000000b8     h4_balance_ab.o (.text.update_precenter)
                  0000a194    000000b8     h5_balance_loop.o (.text.update_precenter)
                  0000a24c    000000b4     motor_encoder.o (.text.motor_speed_control_10ms)
                  0000a300    000000b4     h4_balance_ab.o (.text.reset_ready)
                  0000a3b4    000000b0     SEGGER_RTT.o (.text.SEGGER_RTT_WriteNoLock)
                  0000a464    000000ac     h3_ball_control.o (.text.state_text)
                  0000a510    000000ac     h4_balance_ab.o (.text.state_text)
                  0000a5bc    000000ac     h5_balance_loop.o (.text.state_text)
                  0000a668    000000a8     motor_encoder.o (.text.speed_pi)
                  0000a710    000000a4     app.o (.text.start_run)
                  0000a7b4    000000a4     h4_balance_ab.o (.text.stop_vehicle)
                  0000a858    000000a2     libclang_rt.builtins.a : udivmoddi4.S.obj (.text)
                  0000a8fa    00000002     --HOLE-- [fill = 0]
                  0000a8fc    000000a0     ti_msp_dl_config.o (.text.SYSCFG_DL_initPower)
                  0000a99c    000000a0     h4_tuning_link.o (.text.h4_tuning_link_init)
                  0000aa3c    000000a0     i2c_bus.o (.text.i2c_bus_write)
                  0000aadc    0000009c     h4_balance_ab.o (.text.handle_key)
                  0000ab78    0000009c     h5_balance_loop.o (.text.handle_key)
                  0000ac14    0000009c     h6_balance_any.o (.text.handle_key)
                  0000acb0    0000009c     h5_balance_loop.o (.text.stop_vehicle)
                  0000ad4c    0000009c     h6_balance_any.o (.text.stop_vehicle)
                  0000ade8    0000009c     ssd1306.o (.text.write_commands)
                  0000ae84    0000009a     h3_vision.o (.text.parse_i32)
                  0000af1e    00000002     --HOLE-- [fill = 0]
                  0000af20    00000098     h3_vision.o (.text.inside_legacy_checksum)
                  0000afb8    00000098     h3_vision.o (.text.parse_line)
                  0000b050    00000094     h3_tuning_link.o (.text.h3_tuning_link_process)
                  0000b0e4    00000094     h4_tuning_link.o (.text.h4_tuning_link_process)
                  0000b178    00000094     main.o (.text.start_selected_mode)
                  0000b20c    00000094     zdt_stepper.o (.text.zdt_stepper_move_absolute_deg)
                  0000b2a0    00000090     h5_balance_loop.o (.text.begin_finish_decel)
                  0000b330    00000090     h6_balance_any.o (.text.begin_finish_decel)
                  0000b3c0    00000090     h3_ball_control.o (.text.start_run)
                  0000b450    0000008c     libclang_rt.builtins.a : mulsf3.S.obj (.text.__mulsf3)
                  0000b4dc    00000004     startup_mspm0g350x_ticlang.o (.text.Default_Handler)
                  0000b4e0    00000088     libc.a : strcmp-armv6m.S.obj (.text:strcmp)
                  0000b568    00000084     SEGGER_RTT.o (.text._DoInit)
                  0000b5ec    00000084     h6_balance_any.o (.text.request_target_capture)
                  0000b670    00000082     libclang_rt.builtins.a : divsf3.S.obj (.text.__divsf3)
                  0000b6f2    00000002     --HOLE-- [fill = 0]
                  0000b6f4    00000080     i2c_bus.o (.text.finish_transfer)
                  0000b774    00000080     app.o (.text.handle_key)
                  0000b7f4    00000080     h3_vision.o (.text.skip_field)
                  0000b874    0000007e     h3_vision.o (.text.parse_standard_line)
                  0000b8f2    00000002     --HOLE-- [fill = 0]
                  0000b8f4    0000007c     libc.a : copy_decompress_lzss.c.obj (.text:decompress:lzss)
                  0000b970    00000078     SEGGER_RTT.o (.text._WriteNoCheck)
                  0000b9e8    00000078     h3_ball_control.o (.text.send_camera_ack)
                  0000ba60    00000074     SEGGER_RTT_printf.o (.text._StoreChar)
                  0000bad4    00000074     libclang_rt.builtins.a : comparedf2.c.obj (.text.__gedf2)
                  0000bb48    00000008     libc.a : _scanfi.c.obj (.text.OUTLINED_FUNCTION_0)
                  0000bb50    00000074     libclang_rt.builtins.a : truncdfsf2.S.obj (.text.__truncdfsf2)
                  0000bbc4    00000074     libc.a : sscanf.c.obj (.text._chkmbc)
                  0000bc38    00000070     h3_tuning_link.o (.text.h3_tuning_link_init)
                  0000bca8    00000070     main.o (.text.read_pressed_keys)
                  0000bd18    00000070     h3_ball_control.o (.text.start_return_center)
                  0000bd88    00000068     libclang_rt.builtins.a : comparedf2.c.obj (.text.__ledf2)
                  0000bdf0    00000068     motor_encoder.o (.text.set_pwm)
                  0000be58    00000064     ti_msp_dl_config.o (.text.SYSCFG_DL_PWM_LEFT_init)
                  0000bebc    00000064     ti_msp_dl_config.o (.text.SYSCFG_DL_PWM_RIGHT_init)
                  0000bf20    00000064     motor_encoder.o (.text.motor_encoder_right_edge_isr)
                  0000bf84    00000062     libclang_rt.builtins.a : aeabi_dcmp.S.obj (.text.__aeabi_dcmp)
                  0000bfe6    00000002     --HOLE-- [fill = 0]
                  0000bfe8    00000062                            : aeabi_fcmp.S.obj (.text.__aeabi_fcmp)
                  0000c04a    00000002     --HOLE-- [fill = 0]
                  0000c04c    00000060     h3_vision.o (.text.h3_vision_rx_byte_isr)
                  0000c0ac    00000060     motor_encoder.o (.text.motor_encoder_left_edge_isr)
                  0000c10c    00000060     motor_encoder.o (.text.motor_init)
                  0000c16c    00000060     app.o (.text.travelled_distance_mm)
                  0000c1cc    00000060     h4_balance_ab.o (.text.travelled_distance_mm)
                  0000c22c    00000060     h5_balance_loop.o (.text.travelled_distance_mm)
                  0000c28c    00000060     h6_balance_any.o (.text.travelled_distance_mm)
                  0000c2ec    00000060     zdt_stepper.o (.text.zdt_stepper_init)
                  0000c34c    0000005e     driverlib.a : dl_i2c.o (.text.DL_I2C_fillControllerTXFIFO)
                  0000c3aa    00000002     --HOLE-- [fill = 0]
                  0000c3ac    00000058     ti_msp_dl_config.o (.text.SYSCFG_DL_I2C_DISPLAY_init)
                  0000c404    00000058     motor_encoder.o (.text.motor_prepare_run)
                  0000c45c    00000058     zdt_stepper.o (.text.send_frame)
                  0000c4b4    00000056     libclang_rt.builtins.a : aeabi_idivmod.S.obj (.text.__aeabi_idivmod)
                  0000c50a    00000002     --HOLE-- [fill = 0]
                  0000c50c    00000050     ti_msp_dl_config.o (.text.DL_GPIO_initPeripheralInputFunctionFeatures)
                  0000c55c    00000050     i2c_bus.o (.text.DL_I2C_startControllerTransfer)
                  0000c5ac    00000050     h5_balance_loop.o (.text.request_precenter)
                  0000c5fc    0000004c     ti_msp_dl_config.o (.text.DL_GPIO_initDigitalInputFeatures)
                  0000c648    0000004c     ti_msp_dl_config.o (.text.DL_UART_setBaudRateDivisor)
                  0000c694    0000004c     ti_msp_dl_config.o (.text.SYSCFG_DL_VISION_UART_init)
                  0000c6e0    0000004c     h3_vision.o (.text.h3_vision_init)
                  0000c72c    0000004c     libc.a : snprintf.c.obj (.text.snprintf)
                  0000c778    0000004c     i2c_bus.o (.text.wait_idle)
                  0000c7c4    00000048     driverlib.a : dl_uart.o (.text.DL_UART_init)
                  0000c80c    00000048     ti_msp_dl_config.o (.text.SYSCFG_DL_DEBUG_UART_init)
                  0000c854    00000048     main.o (.text.dispatch_key_debounced)
                  0000c89c    00000048     app.o (.text.stop_with_state)
                  0000c8e4    00000048     main.o (.text.zdt_uart_start_clean)
                  0000c92c    00000044     main.o (.text.GROUP1_IRQHandler)
                  0000c970    00000044     h4_balance_ab.o (.text.request_precenter)
                  0000c9b4    00000044     main.o (.text.vision_uart_start_clean)
                  0000c9f8    00000042     h3_tuning_link.o (.text.scaled_float)
                  0000ca3a    00000042     h4_tuning_link.o (.text.scaled_float)
                  0000ca7c    00000042     h3_ball_control.o (.text.vision_is_recent)
                  0000cabe    00000042     h4_balance_ab.o (.text.vision_is_recent)
                  0000cb00    00000042     h5_balance_loop.o (.text.vision_is_recent)
                  0000cb42    00000042     h6_balance_any.o (.text.vision_is_recent)
                  0000cb84    00000040     libclang_rt.builtins.a : aeabi_uidivmod.S.obj (.text.__aeabi_uidivmod)
                  0000cbc4    00000040     libc.a : atoi.c.obj (.text.atoi)
                  0000cc04    00000040     h4_balance_ab.o (.text.smoothstep)
                  0000cc44    00000040     h5_balance_loop.o (.text.smoothstep)
                  0000cc84    00000040     h6_balance_any.o (.text.smoothstep)
                  0000ccc4    0000003e     SEGGER_RTT.o (.text._GetAvailWriteSpace)
                  0000cd02    0000003e     app.o (.text.clampf)
                  0000cd40    0000003e     h3_ball_control.o (.text.clampf)
                  0000cd7e    0000003e     h4_balance_ab.o (.text.clampf)
                  0000cdbc    0000003e     h5_balance_loop.o (.text.clampf)
                  0000cdfa    0000003e     h6_balance_any.o (.text.clampf)
                  0000ce38    0000003e     motor_encoder.o (.text.clampf)
                  0000ce76    00000002     --HOLE-- [fill = 0]
                  0000ce78    0000003c     driverlib.a : dl_i2c.o (.text.DL_I2C_flushControllerTXFIFO)
                  0000ceb4    0000003c     ti_msp_dl_config.o (.text.DL_Timer_setCounterControl)
                  0000cef0    0000003c     ti_msp_dl_config.o (.text.SYSCFG_DL_init)
                  0000cf2c    0000003c     main.o (.text.TIMA1_IRQHandler)
                  0000cf68    0000003c     libclang_rt.builtins.a : floatsisf.S.obj (.text.__floatsisf)
                  0000cfa4    0000003c                            : comparesf2.S.obj (.text.__gtsf2)
                  0000cfe0    0000003c     motor_encoder.o (.text.motor_active_brake)
                  0000d01c    0000003c     motor_encoder.o (.text.motor_coast)
                  0000d058    0000003c     h6_balance_any.o (.text.restart_capture_with_sample)
                  0000d094    0000003c     h4_balance_ab.o (.text.smoothstep_derivative)
                  0000d0d0    0000003c     h5_balance_loop.o (.text.smoothstep_derivative)
                  0000d10c    0000003c     h6_balance_any.o (.text.smoothstep_derivative)
                  0000d148    0000003c     libc.a : autoinit.c.obj (.text:__TI_auto_init_nobinit_nopinit)
                  0000d184    0000003a     libclang_rt.builtins.a : comparesf2.S.obj (.text.__eqsf2)
                  0000d1be    00000002     --HOLE-- [fill = 0]
                  0000d1c0    0000003a                            : muldsi3.S.obj (.text.__muldsi3)
                  0000d1fa    00000002     --HOLE-- [fill = 0]
                  0000d1fc    00000038                            : fixsfsi.S.obj (.text.__fixsfsi)
                  0000d234    00000038     h3_tuning_link.o (.text.h3_tuning_link_take_command)
                  0000d26c    00000038     h4_tuning_link.o (.text.h4_tuning_link_take_command)
                  0000d2a4    00000038     motor_encoder.o (.text.motor_set_targets)
                  0000d2dc    00000034     SEGGER_RTT.o (.text.SEGGER_RTT_Write)
                  0000d310    00000034     ti_msp_dl_config.o (.text.SYSCFG_DL_CONTROL_TIMER_init)
                  0000d344    00000034     main.o (.text.__NVIC_DisableIRQ)
                  0000d378    00000034     h6_balance_any.o (.text.clear_capture)
                  0000d3ac    00000032     libclang_rt.builtins.a : fixunssfsi.S.obj (.text.__fixunssfsi)
                  0000d3de    00000002     --HOLE-- [fill = 0]
                  0000d3e0    00000030     driverlib.a : dl_i2c.o (.text.DL_I2C_flushControllerRXFIFO)
                  0000d410    00000030                 : dl_uart.o (.text.DL_UART_transmitDataBlocking)
                  0000d440    00000030     main.o (.text.UART0_IRQHandler)
                  0000d470    00000030     main.o (.text.UART1_IRQHandler)
                  0000d4a0    00000030     libc.a : snprintf.c.obj (.text._outs)
                  0000d4d0    00000030            : sscanf.c.obj (.text.sscanf)
                  0000d500    0000002e     zdt_stepper.o (.text.zdt_stepper_enable)
                  0000d52e    0000002c     SEGGER_RTT_printf.o (.text.SEGGER_RTT_printf)
                  0000d55a    00000002     --HOLE-- [fill = 0]
                  0000d55c    0000002c     main.o (.text.__NVIC_ClearPendingIRQ)
                  0000d588    0000002c     main.o (.text.__NVIC_EnableIRQ)
                  0000d5b4    0000002c     h3_ball_control.o (.text.absf)
                  0000d5e0    0000002c     h4_balance_ab.o (.text.absf)
                  0000d60c    0000002c     h5_balance_loop.o (.text.absf)
                  0000d638    0000002c     h6_balance_any.o (.text.absf)
                  0000d664    00000028     i2c_bus.o (.text.DL_Common_updateReg)
                  0000d68c    00000028     ti_msp_dl_config.o (.text.DL_Common_updateReg)
                  0000d6b4    00000028     ti_msp_dl_config.o (.text.DL_I2C_setControllerRXFIFOThreshold)
                  0000d6dc    00000028     ti_msp_dl_config.o (.text.DL_I2C_setControllerTXFIFOThreshold)
                  0000d704    00000028     libclang_rt.builtins.a : floatunsisf.S.obj (.text.__floatunsisf)
                  0000d72c    00000028     libc.a : boot_cortex_m.c.obj (.text:_c_int00_noargs)
                  0000d754    00000026     ti_msp_dl_config.o (.text.DL_I2C_setAnalogGlitchFilterPulseWidth)
                  0000d77a    00000026     driverlib.a : dl_i2c.o (.text.DL_I2C_setClockConfig)
                  0000d7a0    00000024     libclang_rt.builtins.a : muldi3.S.obj (.text.__muldi3)
                  0000d7c4    00000024     motor_encoder.o (.text.set_right_direction_forward)
                  0000d7e8    00000024     ssd1306.o (.text.try_init_at)
                  0000d80c    00000022     ti_msp_dl_config.o (.text.SYSCFG_DL_SYSCTL_init)
                  0000d82e    00000022     line_sensor.o (.text.is_black)
                  0000d850    00000022     libc.a : memccpy.c.obj (.text.memccpy)
                  0000d872    00000002     --HOLE-- [fill = 0]
                  0000d874    00000020     ti_msp_dl_config.o (.text.DL_GPIO_initPeripheralInputFunction)
                  0000d894    00000020     app.o (.text.abs_i32)
                  0000d8b4    00000020     h4_balance_ab.o (.text.abs_i32)
                  0000d8d4    00000020     h5_balance_loop.o (.text.abs_i32)
                  0000d8f4    00000020     h6_balance_any.o (.text.abs_i32)
                  0000d914    00000020     h3_vision.o (.text.h3_vision_take_new_sample)
                  0000d934    00000020     h3_tuning_link.o (.text.reply)
                  0000d954    00000020     h4_tuning_link.o (.text.reply)
                  0000d974    00000020     motor_encoder.o (.text.set_left_direction_forward)
                  0000d994    0000001e     ti_msp_dl_config.o (.text.DL_UART_setOversampling)
                  0000d9b2    0000001e     SEGGER_RTT.o (.text.SEGGER_RTT_WriteString)
                  0000d9d0    0000001e     libclang_rt.builtins.a : ashldi3.S.obj (.text.__ashldi3)
                  0000d9ee    00000002     --HOLE-- [fill = 0]
                  0000d9f0    0000001c     ti_msp_dl_config.o (.text.DL_GPIO_clearInterruptStatus)
                  0000da0c    0000001c     ti_msp_dl_config.o (.text.DL_GPIO_enableHiZ)
                  0000da28    0000001c     ti_msp_dl_config.o (.text.DL_GPIO_enableInterrupt)
                  0000da44    0000001c     ti_msp_dl_config.o (.text.DL_GPIO_initPeripheralOutputFunction)
                  0000da60    0000001c     ti_msp_dl_config.o (.text.DL_GPIO_setLowerPinsPolarity)
                  0000da7c    0000001c     main.o (.text.DL_Interrupt_getPendingGroup)
                  0000da98    0000001c     ti_msp_dl_config.o (.text.DL_SYSCTL_setSYSOSCFreq)
                  0000dab4    0000001c     ti_msp_dl_config.o (.text.DL_Timer_enableInterrupt)
                  0000dad0    0000001c     driverlib.a : dl_timer.o (.text.DL_Timer_setCaptCompUpdateMethod)
                  0000daec    0000001c                 : dl_timer.o (.text.DL_Timer_setClockConfig)
                  0000db08    0000001c     ti_msp_dl_config.o (.text.DL_UART_enableInterrupt)
                  0000db24    0000001c     SEGGER_RTT.o (.text.SEGGER_RTT_Read)
                  0000db40    0000001c     h3_tuning_link.o (.text.h3_tuning_link_event)
                  0000db5c    0000001c     h4_tuning_link.o (.text.h4_tuning_link_event)
                  0000db78    0000001c     main.o (.text.take_key_events)
                  0000db94    0000001c     zdt_stepper.o (.text.zdt_stepper_read_real_position)
                  0000dbb0    0000001c     zdt_stepper.o (.text.zdt_stepper_read_status_flags)
                  0000dbcc    0000001c     zdt_stepper.o (.text.zdt_stepper_stop_now)
                  0000dbe8    00000018     ti_msp_dl_config.o (.text.DL_GPIO_enableOutput)
                  0000dc00    00000018     ti_msp_dl_config.o (.text.DL_GPIO_enablePower)
                  0000dc18    00000018     ti_msp_dl_config.o (.text.DL_GPIO_initDigitalOutput)
                  0000dc30    00000018     ti_msp_dl_config.o (.text.DL_GPIO_reset)
                  0000dc48    00000018     motor_encoder.o (.text.DL_GPIO_setPins)
                  0000dc60    00000018     ti_msp_dl_config.o (.text.DL_GPIO_setUpperPinsPolarity)
                  0000dc78    00000018     ti_msp_dl_config.o (.text.DL_I2C_enableAnalogGlitchFilter)
                  0000dc90    00000018     ti_msp_dl_config.o (.text.DL_I2C_enableController)
                  0000dca8    00000018     ti_msp_dl_config.o (.text.DL_I2C_enableControllerClockStretching)
                  0000dcc0    00000018     ti_msp_dl_config.o (.text.DL_I2C_enablePower)
                  0000dcd8    00000018     ti_msp_dl_config.o (.text.DL_I2C_reset)
                  0000dcf0    00000018     ti_msp_dl_config.o (.text.DL_I2C_setTimerPeriod)
                  0000dd08    00000018     ti_msp_dl_config.o (.text.DL_SYSCTL_setBORThreshold)
                  0000dd20    00000018     ti_msp_dl_config.o (.text.DL_Timer_enablePower)
                  0000dd38    00000018     ti_msp_dl_config.o (.text.DL_Timer_reset)
                  0000dd50    00000018     driverlib.a : dl_timer.o (.text.DL_Timer_setCaptureCompareOutCtl)
                  0000dd68    00000018     main.o (.text.DL_UART_clearInterruptStatus)
                  0000dd80    00000018     ti_msp_dl_config.o (.text.DL_UART_enablePower)
                  0000dd98    00000018     main.o (.text.DL_UART_isRXFIFOEmpty)
                  0000ddb0    00000018     ti_msp_dl_config.o (.text.DL_UART_reset)
                  0000ddc8    00000018     libc.a : snprintf.c.obj (.text._outc)
                  0000dde0    00000018     zdt_stepper.o (.text.zdt_stepper_read_driver_config)
                  0000ddf8    00000016     line_sensor.o (.text.DL_GPIO_readPins)
                  0000de0e    00000016     main.o (.text.DL_GPIO_readPins)
                  0000de24    00000016     motor_encoder.o (.text.DL_GPIO_readPins)
                  0000de3a    00000016     ti_msp_dl_config.o (.text.DL_UART_enable)
                  0000de50    00000014     motor_encoder.o (.text.DL_GPIO_clearPins)
                  0000de64    00000014     ti_msp_dl_config.o (.text.DL_GPIO_clearPins)
                  0000de78    00000014     i2c_bus.o (.text.DL_I2C_getControllerStatus)
                  0000de8c    00000014     i2c_bus.o (.text.DL_I2C_resetControllerTransfer)
                  0000dea0    00000014     ti_msp_dl_config.o (.text.DL_I2C_resetControllerTransfer)
                  0000deb4    00000014     ti_msp_dl_config.o (.text.DL_SYSCTL_disableSYSPLL)
                  0000dec8    00000014     ti_msp_dl_config.o (.text.DL_SYSCTL_enableMFCLK)
                  0000dedc    00000014     ti_msp_dl_config.o (.text.DL_Timer_enableClock)
                  0000def0    00000014     ti_msp_dl_config.o (.text.DL_Timer_setCCPDirection)
                  0000df04    00000014     main.o (.text.DL_UART_receiveData)
                  0000df18    00000014     libclang_rt.builtins.a : aeabi_uldivmod.S.obj (.text.__aeabi_uldivmod)
                  0000df2c    00000014     libc.a : sscanf.c.obj (.text._inpchar)
                  0000df40    00000014     h3_ball_control.o (.text.h3_ball_control_vision_rx_isr)
                  0000df54    00000014     h3_ball_control.o (.text.h3_ball_control_zdt_rx_isr)
                  0000df68    00000014     ssd1306.o (.text.ssd1306_clear)
                  0000df7c    00000012     main.o (.text.DL_GPIO_getPendingInterrupt)
                  0000df8e    00000012     main.o (.text.DL_Timer_getPendingInterrupt)
                  0000dfa0    00000012     driverlib.a : dl_uart.o (.text.DL_UART_setClockConfig)
                  0000dfb2    00000012     libc.a : memcpy16.S.obj (.text:TI_memcpy_small)
                  0000dfc4    00000012            : copy_decompress_none.c.obj (.text:decompress:none)
                  0000dfd6    00000002     --HOLE-- [fill = 0]
                  0000dfd8    00000010     ti_msp_dl_config.o (.text.DL_SYSCTL_disableHFXT)
                  0000dfe8    00000010     driverlib.a : dl_timer.o (.text.DL_Timer_setCaptureCompareValue)
                  0000dff8    00000010     app.o (.text.app_tick_1ms_isr)
                  0000e008    00000010     h3_ball_control.o (.text.h3_ball_control_tick_1ms_isr)
                  0000e018    00000010     h4_balance_ab.o (.text.h4_balance_ab_tick_1ms_isr)
                  0000e028    00000010     h5_balance_loop.o (.text.h5_balance_loop_tick_1ms_isr)
                  0000e038    00000010     h6_balance_any.o (.text.h6_balance_any_tick_1ms_isr)
                  0000e048    00000010     ssd1306.o (.text.ssd1306_is_present)
                  0000e058    00000010     libc.a : wcslen.c.obj (.text.wcslen)
                  0000e068    00000010     zdt_stepper.o (.text.zdt_stepper_send_reference_back)
                  0000e078    00000010     zdt_stepper.o (.text.zdt_stepper_send_reference_test)
                  0000e088    00000010     libc.a : copy_zero_init.c.obj (.text:decompress:ZI)
                  0000e098    0000000e            : _scanfi.c.obj (.text.OUTLINED_FUNCTION_1)
                  0000e0a6    0000000e            : _scanfi.c.obj (.text.OUTLINED_FUNCTION_2)
                  0000e0b4    0000000e            : _scanfi.c.obj (.text.OUTLINED_FUNCTION_4)
                  0000e0c2    00000002     --HOLE-- [fill = 0]
                  0000e0c4    0000000e     libclang_rt.builtins.a : aeabi_memset.S.obj (.text.__aeabi_memset)
                  0000e0d2    0000000e     libc.a : strcpy.c.obj (.text.strcpy)
                  0000e0e0    0000000e            : _printfi.c.obj (.text.strlen)
                  0000e0ee    0000000e            : strlen.c.obj (.text.strlen)
                  0000e0fc    0000000e            : memset16.S.obj (.text:TI_memset_small)
                  0000e10a    00000002     --HOLE-- [fill = 0]
                  0000e10c    0000000c     libclang_rt.builtins.a : aeabi_memset.S.obj (.text.__aeabi_memclr)
                  0000e118    0000000c     app.o (.text.app_millis)
                  0000e124    0000000c     app.o (.text.app_start_key_isr)
                  0000e130    0000000c     h3_ball_control.o (.text.h3_ball_control_start_key_isr)
                  0000e13c    0000000c     h3_ball_control.o (.text.h3_ball_control_vision_ready)
                  0000e148    0000000c     h3_ball_control.o (.text.h3_millis)
                  0000e154    0000000c     h4_balance_ab.o (.text.h4_balance_ab_start_key_isr)
                  0000e160    0000000c     h4_balance_ab.o (.text.h4_balance_ab_vision_ready)
                  0000e16c    0000000c     h4_balance_ab.o (.text.h4_millis)
                  0000e178    0000000c     h5_balance_loop.o (.text.h5_balance_loop_start_key_isr)
                  0000e184    0000000c     h5_balance_loop.o (.text.h5_balance_loop_vision_ready)
                  0000e190    0000000c     h5_balance_loop.o (.text.h5_millis)
                  0000e19c    0000000c     h6_balance_any.o (.text.h6_balance_any_start_key_isr)
                  0000e1a8    0000000c     h6_balance_any.o (.text.h6_balance_any_vision_ready)
                  0000e1b4    0000000c     h6_balance_any.o (.text.h6_millis)
                  0000e1c0    0000000a     driverlib.a : dl_common.o (.text.DL_Common_delayCycles)
                  0000e1ca    00000008     libc.a : strtod.c.obj (.text.OUTLINED_FUNCTION_0)
                  0000e1d2    00000008            : strtod.c.obj (.text.OUTLINED_FUNCTION_1)
                  0000e1da    00000002     --HOLE-- [fill = 0]
                  0000e1dc    00000010     libclang_rt.builtins.a : aeabi_dcmp.S.obj (.tramp.__aeabi_dcmpeq.1)
                  0000e1ec    00000008     SEGGER_RTT.o (.text.SEGGER_RTT_Init)
                  0000e1f4    00000008     libc.a : aeabi_portable.c.obj (.text.__aeabi_errno_addr)
                  0000e1fc    00000008     libclang_rt.builtins.a : aeabi_memcpy.S.obj (.text.__aeabi_memcpy)
                  0000e204    00000008     libc.a : sscanf.c.obj (.text._uninpchar)
                  0000e20c    00000008     h3_tuning_link.o (.text.h3_tuning_link_runtime)
                  0000e214    00000008     h3_vision.o (.text.h3_vision_get)
                  0000e21c    00000008     h4_tuning_link.o (.text.h4_tuning_link_runtime)
                  0000e224    00000008     h5_balance_loop.o (.text.h5_runtime)
                  0000e22c    00000008     h6_balance_any.o (.text.h6_runtime)
                  0000e234    00000008     motor_encoder.o (.text.motor_get)
                  0000e23c    00000008     zdt_stepper.o (.text.zdt_stepper_get_status)
                  0000e244    00000006     libc.a : _scanfi.c.obj (.text.OUTLINED_FUNCTION_3)
                  0000e24a    00000006            : exit.c.obj (.text:abort)
                  0000e250    00000004     libsysbm.a : hostexit.c.obj (.text.HOSTexit)
                  0000e254    00000004     startup_mspm0g350x_ticlang.o (.text.Reset_Handler)
                  0000e258    00000010     libc.a : boot_cortex_m.c.obj (.tramp._c_int00_noargs.1)
                  0000e268    00000004            : pre_init.c.obj (.text._system_pre_init)
                  0000e26c    00000004     --HOLE-- [fill = 0]

.cinit     0    0000f460    00000030     
                  0000f460    0000000c     (__TI_handler_table)
                  0000f46c    00000008     (.cinit..bss.load) [load image, compression = zero_init]
                  0000f474    00000007     (.cinit..data.load) [load image, compression = lzss]
                  0000f47b    00000001     --HOLE-- [fill = 0]
                  0000f47c    00000010     (__TI_cinit_table)
                  0000f48c    00000004     --HOLE-- [fill = 0]

.rodata    0    0000e270    000011f0     
                  0000e270    00000101     libc.a : aeabi_ctype.S.obj (.rodata:__aeabi_ctype_table_)
                  0000e371    000000d2     ssd1306.o (.rodata.g_font)
                  0000e443    000000b4     h4_tuning_link.o (.rodata.str1.11131084382007363596.1)
                  0000e4f7    00000001     --HOLE-- [fill = 0]
                  0000e4f8    00000080     libc.a : strtod.c.obj (.rodata.digits)
                  0000e578    0000005a     h3_tuning_link.o (.rodata.str1.10218159078692993451.1)
                  0000e5d2    00000058     h3_tuning_link.o (.rodata.str1.1366156615253811946.1)
                  0000e62a    0000004b     h4_tuning_link.o (.rodata.str1.1251641940915496637.1)
                  0000e675    00000003     ti_msp_dl_config.o (.rodata.gCONTROL_TIMERClockConfig)
                  0000e678    00000048     libc.a : strtod.c.obj (.rodata.powerof10)
                  0000e6c0    00000034     h5_balance_loop.o (.rodata.g_h5_competition_runtime)
                  0000e6f4    00000034     h6_balance_any.o (.rodata.g_h6_competition_runtime)
                  0000e728    0000001c     h4_balance_ab.o (.rodata.str1.1204185567882838853.1)
                  0000e744    0000001c     h5_balance_loop.o (.rodata.str1.252201551417138418.1)
                  0000e760    0000001c     h6_balance_any.o (.rodata.str1.8796281694181826018.1)
                  0000e77c    0000001a     h5_balance_loop.o (.rodata.str1.16146868579842661344.1)
                  0000e796    0000001a     h5_balance_loop.o (.rodata.str1.685075095214340320.1)
                  0000e7b0    0000001a     h6_balance_any.o (.rodata.str1.8420675192042753617.1)
                  0000e7ca    00000019     h6_balance_any.o (.rodata.str1.10497968753249308424.1)
                  0000e7e3    00000019     h3_ball_control.o (.rodata.str1.12695798723665544532.1)
                  0000e7fc    00000019     h3_ball_control.o (.rodata.str1.17160114413371085226.1)
                  0000e815    00000019     h5_balance_loop.o (.rodata.str1.9044429178556251794.1)
                  0000e82e    00000019     ssd1306.o (.rodata.try_init_at.init_commands)
                  0000e847    00000018     h4_tuning_link.o (.rodata.str1.15656627668050229668.1)
                  0000e85f    00000018     h6_balance_any.o (.rodata.str1.3150772755468547703.1)
                  0000e877    00000017     h4_balance_ab.o (.rodata.str1.10074358216733046100.1)
                  0000e88e    00000017     h4_balance_ab.o (.rodata.str1.15562808008871296733.1)
                  0000e8a5    00000017     h3_ball_control.o (.rodata.str1.3036510924497347778.1)
                  0000e8bc    00000016     h5_balance_loop.o (.rodata.str1.11764758396778499668.1)
                  0000e8d2    00000016     h4_tuning_link.o (.rodata.str1.6820832419760176196.1)
                  0000e8e8    00000016     h4_balance_ab.o (.rodata.str1.8991655673864310414.1)
                  0000e8fe    00000015     h6_balance_any.o (.rodata.str1.1326649120114933367.1)
                  0000e913    00000015     h5_balance_loop.o (.rodata.str1.15151327024003395696.1)
                  0000e928    00000015     h5_balance_loop.o (.rodata.str1.16032231368259384081.1)
                  0000e93d    00000003     ti_msp_dl_config.o (.rodata.gPWM_LEFTClockConfig)
                  0000e940    00000014     ti_msp_dl_config.o (.rodata.gCONTROL_TIMERTimerConfig)
                  0000e954    00000014     h6_balance_any.o (.rodata.str1.14886528461417443106.1)
                  0000e968    00000014     h5_balance_loop.o (.rodata.str1.18015086308414759165.1)
                  0000e97c    00000014     h5_balance_loop.o (.rodata.str1.18223453896455894728.1)
                  0000e990    00000014     h4_tuning_link.o (.rodata.str1.2471452817049506722.1)
                  0000e9a4    00000014     h6_balance_any.o (.rodata.str1.4703496466369004115.1)
                  0000e9b8    00000014     h3_tuning_link.o (.rodata.str1.6550298247165071433.1)
                  0000e9cc    00000013     h3_ball_control.o (.rodata.str1.10557231840400332371.1)
                  0000e9df    00000013     h5_balance_loop.o (.rodata.str1.10647522475410364438.1)
                  0000e9f2    00000013     h4_tuning_link.o (.rodata.str1.10899371947112129375.1)
                  0000ea05    00000013     h4_tuning_link.o (.rodata.str1.11420061626199010382.1)
                  0000ea18    00000013     h4_balance_ab.o (.rodata.str1.11892055104385329969.1)
                  0000ea2b    00000013     h6_balance_any.o (.rodata.str1.13271157365618291097.1)
                  0000ea3e    00000013     h6_balance_any.o (.rodata.str1.17556847723808972393.1)
                  0000ea51    00000013     h3_ball_control.o (.rodata.str1.2156722851266222832.1)
                  0000ea64    00000013     h4_balance_ab.o (.rodata.str1.5906074965064778641.1)
                  0000ea77    00000012     h3_ball_control.o (.rodata.str1.1126359134911944296.1)
                  0000ea89    00000012     h5_balance_loop.o (.rodata.str1.11995797831151794140.1)
                  0000ea9b    00000012     h3_ball_control.o (.rodata.str1.14985158219793567657.1)
                  0000eaad    00000012     h3_ball_control.o (.rodata.str1.3516315778190940846.1)
                  0000eabf    00000012     h4_balance_ab.o (.rodata.str1.452837658822035033.1)
                  0000ead1    00000012     h4_tuning_link.o (.rodata.str1.502920152844811605.1)
                  0000eae3    00000012     h6_balance_any.o (.rodata.str1.5607696747510603232.1)
                  0000eaf5    00000012     h4_balance_ab.o (.rodata.str1.6290866878327753785.1)
                  0000eb07    00000012     h3_tuning_link.o (.rodata.str1.7960252041146012317.1)
                  0000eb19    00000011     libc.a : _printfi.c.obj (.rodata.str1.10348868589481759720.1)
                  0000eb2a    00000011     h5_balance_loop.o (.rodata.str1.10752835938627841140.1)
                  0000eb3b    00000011     h6_balance_any.o (.rodata.str1.11377912464282928296.1)
                  0000eb4c    00000011     h3_ball_control.o (.rodata.str1.11875267916847732718.1)
                  0000eb5d    00000011     libc.a : _printfi.c.obj (.rodata.str1.15363888844622738466.1)
                  0000eb6e    00000011     h3_ball_control.o (.rodata.str1.15431543767815374290.1)
                  0000eb7f    00000011     h3_ball_control.o (.rodata.str1.16566806302315456484.1)
                  0000eb90    00000011     h6_balance_any.o (.rodata.str1.16941306897211243178.1)
                  0000eba1    00000011     h4_balance_ab.o (.rodata.str1.2210983572876389170.1)
                  0000ebb2    00000011     app.o (.rodata.str1.2606929252065540862.1)
                  0000ebc3    00000011     h3_ball_control.o (.rodata.str1.310176657490481817.1)
                  0000ebd4    00000011     h3_ball_control.o (.rodata.str1.3328094260642726465.1)
                  0000ebe5    00000011     h6_balance_any.o (.rodata.str1.3763354701207362954.1)
                  0000ebf6    00000011     h3_ball_control.o (.rodata.str1.5095976179259903684.1)
                  0000ec07    00000011     h4_balance_ab.o (.rodata.str1.5690726957608555088.1)
                  0000ec18    00000011     h6_balance_any.o (.rodata.str1.6987057343617222166.1)
                  0000ec29    00000011     h4_tuning_link.o (.rodata.str1.799032770133606458.1)
                  0000ec3a    00000011     h6_balance_any.o (.rodata.str1.8415471409043121322.1)
                  0000ec4b    00000011     h5_balance_loop.o (.rodata.str1.8861219347396608772.1)
                  0000ec5c    00000010     SEGGER_RTT_printf.o (.rodata._PrintUnsigned._aV2C)
                  0000ec6c    00000010     line_sensor.o (.rodata.line_sensor_read.weights)
                  0000ec7c    00000010     main.o (.rodata.str1.12180500075719773345.1)
                  0000ec8c    00000010     h4_balance_ab.o (.rodata.str1.12798039205447639617.1)
                  0000ec9c    00000010     h5_balance_loop.o (.rodata.str1.13015241724065143780.1)
                  0000ecac    00000010     h6_balance_any.o (.rodata.str1.16142742665067153300.1)
                  0000ecbc    00000010     h3_tuning_link.o (.rodata.str1.16329731956048209902.1)
                  0000eccc    00000010     h3_tuning_link.o (.rodata.str1.16794917733953926581.1)
                  0000ecdc    00000010     main.o (.rodata.str1.2846389346932560359.1)
                  0000ecec    00000010     h5_balance_loop.o (.rodata.str1.4350027978366819655.1)
                  0000ecfc    00000010     h6_balance_any.o (.rodata.str1.5463946175023753762.1)
                  0000ed0c    00000010     h5_balance_loop.o (.rodata.str1.6691585467170043384.1)
                  0000ed1c    00000010     h3_ball_control.o (.rodata.str1.7577149768182804784.1)
                  0000ed2c    00000010     h6_balance_any.o (.rodata.str1.9587531035971815856.1)
                  0000ed3c    0000000f     h4_balance_ab.o (.rodata.str1.10665707428896001412.1)
                  0000ed4b    0000000f     h4_balance_ab.o (.rodata.str1.10718363472885562763.1)
                  0000ed5a    0000000f     h4_balance_ab.o (.rodata.str1.10742103410498967875.1)
                  0000ed69    0000000f     h5_balance_loop.o (.rodata.str1.12285638356719180570.1)
                  0000ed78    0000000f     h5_balance_loop.o (.rodata.str1.12597758778047707617.1)
                  0000ed87    0000000f     h3_ball_control.o (.rodata.str1.13141150544294324688.1)
                  0000ed96    0000000f     h6_balance_any.o (.rodata.str1.13874894064944902199.1)
                  0000eda5    0000000f     h5_balance_loop.o (.rodata.str1.14249185988643480136.1)
                  0000edb4    0000000f     h3_ball_control.o (.rodata.str1.14682952647622405038.1)
                  0000edc3    0000000f     h6_balance_any.o (.rodata.str1.15141484535962711443.1)
                  0000edd2    0000000f     h6_balance_any.o (.rodata.str1.17036373580591796604.1)
                  0000ede1    0000000f     main.o (.rodata.str1.17100691992556644108.1)
                  0000edf0    0000000f     h5_balance_loop.o (.rodata.str1.18325542078154660378.1)
                  0000edff    0000000f     h5_balance_loop.o (.rodata.str1.2026855380143439852.1)
                  0000ee0e    0000000f     h4_balance_ab.o (.rodata.str1.4781396282713521863.1)
                  0000ee1d    0000000f     h4_tuning_link.o (.rodata.str1.5126457579424933403.1)
                  0000ee2c    0000000f     h6_balance_any.o (.rodata.str1.624799395846511534.1)
                  0000ee3b    0000000f     h3_ball_control.o (.rodata.str1.6513029696915202382.1)
                  0000ee4a    0000000f     main.o (.rodata.str1.8154729771448623357.1)
                  0000ee59    0000000f     h5_balance_loop.o (.rodata.str1.8178280191274291034.1)
                  0000ee68    0000000f     h4_balance_ab.o (.rodata.str1.9344201496241608406.1)
                  0000ee77    0000000e     h3_tuning_link.o (.rodata.str1.13279474203910071291.1)
                  0000ee85    0000000e     h6_balance_any.o (.rodata.str1.13755035461799715549.1)
                  0000ee93    0000000e     main.o (.rodata.str1.15159059442110792349.1)
                  0000eea1    0000000e     h4_balance_ab.o (.rodata.str1.15245941461093950164.1)
                  0000eeaf    0000000e     h4_balance_ab.o (.rodata.str1.15451816242524411734.1)
                  0000eebd    0000000e     h3_tuning_link.o (.rodata.str1.16959831008040899032.1)
                  0000eecb    0000000e     h4_tuning_link.o (.rodata.str1.17516664902177456570.1)
                  0000eed9    0000000e     main.o (.rodata.str1.18227636981041470289.1)
                  0000eee7    0000000e     h3_ball_control.o (.rodata.str1.2395749509541821367.1)
                  0000eef5    0000000e     h5_balance_loop.o (.rodata.str1.2519199812928928945.1)
                  0000ef03    0000000e     app.o (.rodata.str1.3543938948723267646.1)
                  0000ef11    0000000e     h4_balance_ab.o (.rodata.str1.3701070429528507566.1)
                  0000ef1f    0000000e     h3_ball_control.o (.rodata.str1.5334463718731916073.1)
                  0000ef2d    0000000e     h6_balance_any.o (.rodata.str1.5348116767904110183.1)
                  0000ef3b    0000000e     app.o (.rodata.str1.5602021903949372904.1)
                  0000ef49    0000000e     app.o (.rodata.str1.8682387830711593804.1)
                  0000ef57    0000000e     h3_ball_control.o (.rodata.str1.8801625546549058199.1)
                  0000ef65    0000000d     h5_balance_loop.o (.rodata.str1.1237711856011018488.1)
                  0000ef72    0000000d     h4_balance_ab.o (.rodata.str1.13739683739537931207.1)
                  0000ef7f    0000000d     app.o (.rodata.str1.14141965288680528547.1)
                  0000ef8c    0000000d     h4_tuning_link.o (.rodata.str1.14189832616202679835.1)
                  0000ef99    0000000d     h4_balance_ab.o (.rodata.str1.15286884286053115361.1)
                  0000efa6    0000000d     h3_ball_control.o (.rodata.str1.15542972626696010633.1)
                  0000efb3    0000000d     h3_ball_control.o (.rodata.str1.16094584847282460967.1)
                  0000efc0    0000000d     h6_balance_any.o (.rodata.str1.1917896800049097515.1)
                  0000efcd    0000000d     h4_balance_ab.o (.rodata.str1.3694528093466575100.1)
                  0000efda    0000000d     h3_ball_control.o (.rodata.str1.6320901919405435980.1)
                  0000efe7    0000000d     h4_tuning_link.o (.rodata.str1.930049678560543799.1)
                  0000eff4    0000000d     zdt_stepper.o (.rodata.zdt_stepper_send_reference_back.frame)
                  0000f001    0000000d     zdt_stepper.o (.rodata.zdt_stepper_send_reference_test.frame)
                  0000f00e    0000000c     h3_ball_control.o (.rodata.str1.13599687812454243081.1)
                  0000f01a    0000000c     app.o (.rodata.str1.13935281678674483141.1)
                  0000f026    0000000c     h4_balance_ab.o (.rodata.str1.1418149302902121166.1)
                  0000f032    0000000c     h4_balance_ab.o (.rodata.str1.14243840658024366603.1)
                  0000f03e    0000000c     h5_balance_loop.o (.rodata.str1.16048580003445176867.1)
                  0000f04a    0000000c     h4_balance_ab.o (.rodata.str1.17304290323112144282.1)
                  0000f056    0000000c     h6_balance_any.o (.rodata.str1.17599223177176524406.1)
                  0000f062    0000000c     h4_balance_ab.o (.rodata.str1.2429198592489197672.1)
                  0000f06e    0000000c     h5_balance_loop.o (.rodata.str1.2889830917798639777.1)
                  0000f07a    0000000c     h5_balance_loop.o (.rodata.str1.3765228754798483705.1)
                  0000f086    0000000c     h5_balance_loop.o (.rodata.str1.4084659271574869996.1)
                  0000f092    0000000c     h4_tuning_link.o (.rodata.str1.578327332868239548.1)
                  0000f09e    0000000c     h6_balance_any.o (.rodata.str1.6073041702666533121.1)
                  0000f0aa    0000000c     h4_balance_ab.o (.rodata.str1.6185542381162394211.1)
                  0000f0b6    0000000c     h4_balance_ab.o (.rodata.str1.7162227641625322856.1)
                  0000f0c2    0000000c     h3_tuning_link.o (.rodata.str1.860752882519934477.1)
                  0000f0ce    0000000c     h6_balance_any.o (.rodata.str1.869156018568767040.1)
                  0000f0da    0000000c     h4_tuning_link.o (.rodata.str1.962639885173555274.1)
                  0000f0e6    0000000b     h4_tuning_link.o (.rodata.str1.11141638062646447452.1)
                  0000f0f1    0000000b     h3_tuning_link.o (.rodata.str1.14501648342268147298.1)
                  0000f0fc    0000000b     h3_tuning_link.o (.rodata.str1.16171095414779551744.1)
                  0000f107    0000000b     app.o (.rodata.str1.1944712146988729081.1)
                  0000f112    0000000b     h6_balance_any.o (.rodata.str1.5415241289019190949.1)
                  0000f11d    00000001     --HOLE-- [fill = 0]
                  0000f11e    0000000a     ti_msp_dl_config.o (.rodata.gDEBUG_UARTConfig)
                  0000f128    0000000a     ti_msp_dl_config.o (.rodata.gVISION_UARTConfig)
                  0000f132    0000000a     app.o (.rodata.str1.10450196737795524526.1)
                  0000f13c    0000000a     h4_tuning_link.o (.rodata.str1.1110187297510841750.1)
                  0000f146    0000000a     h4_balance_ab.o (.rodata.str1.11956715684305757768.1)
                  0000f150    0000000a     h4_tuning_link.o (.rodata.str1.14023393678871298837.1)
                  0000f15a    0000000a     main.o (.rodata.str1.14112174005742061988.1)
                  0000f164    0000000a     h4_tuning_link.o (.rodata.str1.14227576622344067769.1)
                  0000f16e    0000000a     h3_ball_control.o (.rodata.str1.16656616020101717245.1)
                  0000f178    0000000a     h3_tuning_link.o (.rodata.str1.1934055512551796135.1)
                  0000f182    0000000a     h6_balance_any.o (.rodata.str1.4029287805852491280.1)
                  0000f18c    0000000a     app.o (.rodata.str1.4360399834097859481.1)
                  0000f196    0000000a     h5_balance_loop.o (.rodata.str1.4449600382031378304.1)
                  0000f1a0    00000009     h6_balance_any.o (.rodata.str1.10012395831176759818.1)
                  0000f1a9    00000009     h6_balance_any.o (.rodata.str1.10581183655447273830.1)
                  0000f1b2    00000009     libc.a : _scanfi.c.obj (.rodata.str1.12964984209033246150.1)
                  0000f1bb    00000009     h5_balance_loop.o (.rodata.str1.13339651871871205274.1)
                  0000f1c4    00000009     SEGGER_RTT.o (.rodata.str1.1347869369698290154.1)
                  0000f1cd    00000009     h3_ball_control.o (.rodata.str1.1405161051558020165.1)
                  0000f1d6    00000009     h6_balance_any.o (.rodata.str1.14137133944559023406.1)
                  0000f1df    00000009     h5_balance_loop.o (.rodata.str1.14742475270209164646.1)
                  0000f1e8    00000009     h4_balance_ab.o (.rodata.str1.14978697944443431754.1)
                  0000f1f1    00000009     h3_tuning_link.o (.rodata.str1.15951788003922213949.1)
                  0000f1fa    00000009     h3_ball_control.o (.rodata.str1.16556530777337167717.1)
                  0000f203    00000009     h4_balance_ab.o (.rodata.str1.262245562983337396.1)
                  0000f20c    00000009     h3_tuning_link.o (.rodata.str1.2780627885379847873.1)
                  0000f215    00000009     main.o (.rodata.str1.288608917962107522.1)
                  0000f21e    00000009     h6_balance_any.o (.rodata.str1.3120134985289924691.1)
                  0000f227    00000009     h6_balance_any.o (.rodata.str1.6296014952631627940.1)
                  0000f230    00000009     h4_balance_ab.o (.rodata.str1.7599581010782748867.1)
                  0000f239    00000009     h5_balance_loop.o (.rodata.str1.7690964063285885712.1)
                  0000f242    00000009     h5_balance_loop.o (.rodata.str1.7736596800472782471.1)
                  0000f24b    00000009     h4_tuning_link.o (.rodata.str1.8762017572468778858.1)
                  0000f254    00000009     h3_tuning_link.o (.rodata.str1.9107908380711643443.1)
                  0000f25d    00000009     h5_balance_loop.o (.rodata.str1.9969217910993923491.1)
                  0000f266    00000002     ti_msp_dl_config.o (.rodata.gDEBUG_UARTClockConfig)
                  0000f268    00000008     libc.a : _scanfi.c.obj (.rodata..L__const._sproc_float.special)
                  0000f270    00000008     ti_msp_dl_config.o (.rodata.gPWM_LEFTConfig)
                  0000f278    00000008     ti_msp_dl_config.o (.rodata.gPWM_RIGHTConfig)
                  0000f280    00000008     h3_ball_control.o (.rodata.str1.10153115017827215444.1)
                  0000f288    00000008     h3_tuning_link.o (.rodata.str1.10761872028093102433.1)
                  0000f290    00000008     h4_tuning_link.o (.rodata.str1.11827387660578177807.1)
                  0000f298    00000008     h4_tuning_link.o (.rodata.str1.12063150199307282044.1)
                  0000f2a0    00000008     h6_balance_any.o (.rodata.str1.12353578385973570039.1)
                  0000f2a8    00000008     h3_ball_control.o (.rodata.str1.12966144182881050767.1)
                  0000f2b0    00000008     h3_tuning_link.o (.rodata.str1.13825721972002761475.1)
                  0000f2b8    00000008     h3_ball_control.o (.rodata.str1.14042360478803217214.1)
                  0000f2c0    00000008     h5_balance_loop.o (.rodata.str1.14109372627073439961.1)
                  0000f2c8    00000008     h4_tuning_link.o (.rodata.str1.15637482261442646439.1)
                  0000f2d0    00000008     h5_balance_loop.o (.rodata.str1.16178125342431595251.1)
                  0000f2d8    00000008     h3_tuning_link.o (.rodata.str1.2173056223687720993.1)
                  0000f2e0    00000008     app.o (.rodata.str1.2540114484728192048.1)
                  0000f2e8    00000008     h6_balance_any.o (.rodata.str1.3132780713205760399.1)
                  0000f2f0    00000008     h4_balance_ab.o (.rodata.str1.3400593005034760845.1)
                  0000f2f8    00000008     h3_ball_control.o (.rodata.str1.5543627561405077967.1)
                  0000f300    00000008     h6_balance_any.o (.rodata.str1.7655950726753432072.1)
                  0000f308    00000007     libc.a : _scanfi.c.obj (.rodata._sproc_int.flit)
                  0000f30f    00000007     h3_tuning_link.o (.rodata.str1.11944796311768819877.1)
                  0000f316    00000007     app.o (.rodata.str1.12441497784875596899.1)
                  0000f31d    00000007     h4_balance_ab.o (.rodata.str1.12597834540599177315.1)
                  0000f324    00000007     SEGGER_RTT.o (.rodata.str1.1377668454645174194.1)
                  0000f32b    00000007     h4_tuning_link.o (.rodata.str1.13941681592401983084.1)
                  0000f332    00000007     h3_tuning_link.o (.rodata.str1.14214889785964027745.1)
                  0000f339    00000007     h3_ball_control.o (.rodata.str1.14451229389811978652.1)
                  0000f340    00000007     h4_tuning_link.o (.rodata.str1.1841648361441153384.1)
                  0000f347    00000007     app.o (.rodata.str1.2568190970272041647.1)
                  0000f34e    00000007     h3_ball_control.o (.rodata.str1.3499223319192506562.1)
                  0000f355    00000007     h4_tuning_link.o (.rodata.str1.4156518039635239711.1)
                  0000f35c    00000007     h3_tuning_link.o (.rodata.str1.561395030728031355.1)
                  0000f363    00000006     libc.a : _scanfi.c.obj (.rodata._sproc_int.barr)
                  0000f369    00000006     app.o (.rodata.str1.11849843482968746561.1)
                  0000f36f    00000006     app.o (.rodata.str1.11879963978103418143.1)
                  0000f375    00000006     h3_ball_control.o (.rodata.str1.12349733267510933482.1)
                  0000f37b    00000006     h3_ball_control.o (.rodata.str1.13132125606125582124.1)
                  0000f381    00000006     h4_balance_ab.o (.rodata.str1.13293472722882700693.1)
                  0000f387    00000006     h3_tuning_link.o (.rodata.str1.14658482146732036165.1)
                  0000f38d    00000006     h5_balance_loop.o (.rodata.str1.147263221220532932.1)
                  0000f393    00000006     h4_balance_ab.o (.rodata.str1.17252871060134510903.1)
                  0000f399    00000006     h6_balance_any.o (.rodata.str1.17365720007008925336.1)
                  0000f39f    00000006     h4_balance_ab.o (.rodata.str1.17410448705373643228.1)
                  0000f3a5    00000006     h4_tuning_link.o (.rodata.str1.17580952699097096096.1)
                  0000f3ab    00000006     h4_balance_ab.o (.rodata.str1.18161206671529350026.1)
                  0000f3b1    00000006     h5_balance_loop.o (.rodata.str1.2109542461942195844.1)
                  0000f3b7    00000006     h4_balance_ab.o (.rodata.str1.2120885378815176801.1)
                  0000f3bd    00000006     h4_tuning_link.o (.rodata.str1.3111120328334946571.1)
                  0000f3c3    00000006     h3_tuning_link.o (.rodata.str1.334767335784406961.1)
                  0000f3c9    00000006     h6_balance_any.o (.rodata.str1.5177916231308030015.1)
                  0000f3cf    00000006     h5_balance_loop.o (.rodata.str1.5855342047818648525.1)
                  0000f3d5    00000006     h3_ball_control.o (.rodata.str1.7106409058061791663.1)
                  0000f3db    00000006     app.o (.rodata.str1.7777424699149452427.1)
                  0000f3e1    00000006     h3_ball_control.o (.rodata.str1.8518641162528035037.1)
                  0000f3e7    00000006     h6_balance_any.o (.rodata.str1.8798825418810125261.1)
                  0000f3ed    00000005     app.o (.rodata.str1.1155299426122084162.1)
                  0000f3f2    00000005     h4_balance_ab.o (.rodata.str1.11868074110175883812.1)
                  0000f3f7    00000005     h4_tuning_link.o (.rodata.str1.12453014200569553360.1)
                  0000f3fc    00000005     h6_balance_any.o (.rodata.str1.13180103347043426883.1)
                  0000f401    00000005     h6_balance_any.o (.rodata.str1.15558996653591981729.1)
                  0000f406    00000005     h5_balance_loop.o (.rodata.str1.5083303494820949473.1)
                  0000f40b    00000005     h3_ball_control.o (.rodata.str1.5788038055639424766.1)
                  0000f410    00000005     h3_tuning_link.o (.rodata.str1.6914390080480306980.1)
                  0000f415    00000004     h4_tuning_link.o (.rodata.str1.10603013145178738508.1)
                  0000f419    00000004     h5_balance_loop.o (.rodata.str1.16463708404188699911.1)
                  0000f41d    00000004     libc.a : _scanfi.c.obj (.rodata.str1.3403580589742030990.1)
                  0000f421    00000004     h6_balance_any.o (.rodata.str1.5860979039219698248.1)
                  0000f425    00000004     h3_tuning_link.o (.rodata.str1.6142588366470987890.1)
                  0000f429    00000004     SEGGER_RTT.o (.rodata.str1.6528701487320202176.1)
                  0000f42d    00000004     app.o (.rodata.str1.6810515665389614968.1)
                  0000f431    00000004     h4_tuning_link.o (.rodata.str1.6956914468574190064.1)
                  0000f435    00000003     ti_msp_dl_config.o (.rodata.gPWM_RIGHTClockConfig)
                  0000f438    00000003     h5_balance_loop.o (.rodata.str1.13188712971171619201.1)
                  0000f43b    00000003     h4_balance_ab.o (.rodata.str1.14466353697479005304.1)
                  0000f43e    00000003     h4_tuning_link.o (.rodata.str1.15481964643629048538.1)
                  0000f441    00000003     h6_balance_any.o (.rodata.str1.16398482728457124590.1)
                  0000f444    00000003     h3_tuning_link.o (.rodata.str1.2961185572538257204.1)
                  0000f447    00000003     h6_balance_any.o (.rodata.str1.4232985595637247364.1)
                  0000f44a    00000003     h3_tuning_link.o (.rodata.str1.4342818907371618067.1)
                  0000f44d    00000003     h5_balance_loop.o (.rodata.str1.6294460429689856792.1)
                  0000f450    00000003     h4_balance_ab.o (.rodata.str1.6899531538363629930.1)
                  0000f453    00000003     h5_balance_loop.o (.rodata.str1.759799018201039374.1)
                  0000f456    00000002     ti_msp_dl_config.o (.rodata.gI2C_DISPLAYClockConfig)
                  0000f458    00000002     ti_msp_dl_config.o (.rodata.gVISION_UARTClockConfig)
                  0000f45a    00000006     --HOLE-- [fill = 0]

.init_array 
*          0    00000000    00000000     UNINITIALIZED

.binit     0    00000000    00000000     

.bss       0    20200000    00000f5d     UNINITIALIZED
                  20200000    00000400     SEGGER_RTT.o (.bss._acUpBuffer)
                  20200400    00000400     ssd1306.o (.bss.g_frame)
                  20200800    000000bc     (.common:gCONTROL_TIMERBackup)
                  202008bc    000000bc     (.common:gPWM_RIGHTBackup)
                  20200978    000000a8     (.common:_SEGGER_RTT)
                  20200a20    00000080     SEGGER_RTT.o (.bss._acDownBuffer)
                  20200aa0    00000080     h3_vision.o (.bss.g_rx_buffer)
                  20200b20    00000060     h4_tuning_link.o (.bss.g_line)
                  20200b80    00000050     h3_tuning_link.o (.bss.g_command_line)
                  20200bd0    00000040     h3_vision.o (.bss.g_line)
                  20200c10    0000003c     h3_vision.o (.bss.g_sample)
                  20200c4c    00000034     h4_tuning_link.o (.bss.g_runtime)
                  20200c80    0000002c     zdt_stepper.o (.bss.g_status)
                  20200cac    00000020     motor_encoder.o (.bss.g_motor)
                  20200ccc    00000018     h3_tuning_link.o (.bss.g_runtime)
                  20200ce4    00000010     zdt_stepper.o (.bss.g_rx_frame)
                  20200cf4    00000006     app.o (.bss.g_line)
                  20200cfa    00000006     h4_balance_ab.o (.bss.g_line)
                  20200d00    00000006     h5_balance_loop.o (.bss.g_line)
                  20200d06    00000006     h6_balance_any.o (.bss.g_line)
                  20200d0c    00000004     h3_ball_control.o (.bss.g_auto_start_vision_since_ms)
                  20200d10    00000004     app.o (.bss.g_boot_ms)
                  20200d14    00000004     app.o (.bss.g_brake_start_ms)
                  20200d18    00000004     h3_ball_control.o (.bss.g_camera_ack_tx_frames)
                  20200d1c    00000004     h6_balance_any.o (.bss.g_capture_max_mm)
                  20200d20    00000004     h6_balance_any.o (.bss.g_capture_min_mm)
                  20200d24    00000004     h6_balance_any.o (.bss.g_capture_start_ms)
                  20200d28    00000004     h6_balance_any.o (.bss.g_capture_sum_mm)
                  20200d2c    00000004     h4_balance_ab.o (.bss.g_centered_since_ms)
                  20200d30    00000004     h5_balance_loop.o (.bss.g_centered_since_ms)
                  20200d34    00000004     h6_balance_any.o (.bss.g_centered_since_ms)
                  20200d38    00000004     app.o (.bss.g_distance_mm)
                  20200d3c    00000004     h4_balance_ab.o (.bss.g_distance_mm)
                  20200d40    00000004     h5_balance_loop.o (.bss.g_distance_mm)
                  20200d44    00000004     h6_balance_any.o (.bss.g_distance_mm)
                  20200d48    00000004     h4_balance_ab.o (.bss.g_feedforward_deg)
                  20200d4c    00000004     h5_balance_loop.o (.bss.g_feedforward_deg)
                  20200d50    00000004     h6_balance_any.o (.bss.g_feedforward_deg)
                  20200d54    00000004     h5_balance_loop.o (.bss.g_finish_distance_mm)
                  20200d58    00000004     h6_balance_any.o (.bss.g_finish_distance_mm)
                  20200d5c    00000004     h3_ball_control.o (.bss.g_finish_elapsed_ms)
                  20200d60    00000004     h4_balance_ab.o (.bss.g_finish_elapsed_ms)
                  20200d64    00000004     h5_balance_loop.o (.bss.g_finish_elapsed_ms)
                  20200d68    00000004     h6_balance_any.o (.bss.g_finish_elapsed_ms)
                  20200d6c    00000004     h3_ball_control.o (.bss.g_integral_mm_s)
                  20200d70    00000004     h4_balance_ab.o (.bss.g_integral_mm_s)
                  20200d74    00000004     h5_balance_loop.o (.bss.g_integral_mm_s)
                  20200d78    00000004     h6_balance_any.o (.bss.g_integral_mm_s)
                  20200d7c    00000004     main.o (.bss.g_key_debounce_count)
                  20200d80    00000004     h4_balance_ab.o (.bss.g_kick_cooldown_until_ms)
                  20200d84    00000004     h5_balance_loop.o (.bss.g_kick_cooldown_until_ms)
                  20200d88    00000004     h6_balance_any.o (.bss.g_kick_cooldown_until_ms)
                  20200d8c    00000004     h4_balance_ab.o (.bss.g_kick_start_ms)
                  20200d90    00000004     h5_balance_loop.o (.bss.g_kick_start_ms)
                  20200d94    00000004     h6_balance_any.o (.bss.g_kick_start_ms)
                  20200d98    00000004     h5_balance_loop.o (.bss.g_lap_elapsed_ms)
                  20200d9c    00000004     h6_balance_any.o (.bss.g_lap_elapsed_ms)
                  20200da0    00000004     h3_ball_control.o (.bss.g_last_command_angle_deg)
                  20200da4    00000004     h3_ball_control.o (.bss.g_last_command_ms)
                  20200da8    00000004     main.o (.bss.g_last_dispatch_key_ms)
                  20200dac    00000004     app.o (.bss.g_last_key_ms)
                  20200db0    00000004     h3_ball_control.o (.bss.g_last_key_ms)
                  20200db4    00000004     h4_balance_ab.o (.bss.g_last_key_ms)
                  20200db8    00000004     h5_balance_loop.o (.bss.g_last_key_ms)
                  20200dbc    00000004     h6_balance_any.o (.bss.g_last_key_ms)
                  20200dc0    00000004     motor_encoder.o (.bss.g_last_left_count)
                  20200dc4    00000004     app.o (.bss.g_last_line_control_ms)
                  20200dc8    00000004     h4_balance_ab.o (.bss.g_last_line_control_ms)
                  20200dcc    00000004     h5_balance_loop.o (.bss.g_last_line_control_ms)
                  20200dd0    00000004     h6_balance_any.o (.bss.g_last_line_control_ms)
                  20200dd4    00000004     app.o (.bss.g_last_line_seen_ms)
                  20200dd8    00000004     h4_balance_ab.o (.bss.g_last_line_seen_ms)
                  20200ddc    00000004     h5_balance_loop.o (.bss.g_last_line_seen_ms)
                  20200de0    00000004     h6_balance_any.o (.bss.g_last_line_seen_ms)
                  20200de4    00000004     main.o (.bss.g_last_menu_refresh_ms)
                  20200de8    00000004     h4_balance_ab.o (.bss.g_last_motor_command_ms)
                  20200dec    00000004     h5_balance_loop.o (.bss.g_last_motor_command_ms)
                  20200df0    00000004     h6_balance_any.o (.bss.g_last_motor_command_ms)
                  20200df4    00000004     h4_balance_ab.o (.bss.g_last_motor_deg)
                  20200df8    00000004     h5_balance_loop.o (.bss.g_last_motor_deg)
                  20200dfc    00000004     h6_balance_any.o (.bss.g_last_motor_deg)
                  20200e00    00000004     h3_ball_control.o (.bss.g_last_motor_diag_ms)
                  20200e04    00000004     app.o (.bss.g_last_oled_page_ms)
                  20200e08    00000004     h3_ball_control.o (.bss.g_last_oled_page_ms)
                  20200e0c    00000004     h4_balance_ab.o (.bss.g_last_oled_page_ms)
                  20200e10    00000004     h5_balance_loop.o (.bss.g_last_oled_page_ms)
                  20200e14    00000004     h6_balance_any.o (.bss.g_last_oled_page_ms)
                  20200e18    00000004     motor_encoder.o (.bss.g_last_right_count)
                  20200e1c    00000004     h4_balance_ab.o (.bss.g_last_speed_control_ms)
                  20200e20    00000004     h5_balance_loop.o (.bss.g_last_speed_control_ms)
                  20200e24    00000004     h6_balance_any.o (.bss.g_last_speed_control_ms)
                  20200e28    00000004     app.o (.bss.g_last_speed_ms)
                  20200e2c    00000004     h3_tuning_link.o (.bss.g_last_telemetry_ms)
                  20200e30    00000004     h4_tuning_link.o (.bss.g_last_telemetry_ms)
                  20200e34    00000004     app.o (.bss.g_last_ui_ms)
                  20200e38    00000004     h3_ball_control.o (.bss.g_last_ui_ms)
                  20200e3c    00000004     h4_balance_ab.o (.bss.g_last_ui_ms)
                  20200e40    00000004     h5_balance_loop.o (.bss.g_last_ui_ms)
                  20200e44    00000004     h6_balance_any.o (.bss.g_last_ui_ms)
                  20200e48    00000004     motor_encoder.o (.bss.g_left_count)
                  20200e4c    00000004     motor_encoder.o (.bss.g_left_integral)
                  20200e50    00000004     app.o (.bss.g_millis)
                  20200e54    00000004     h3_ball_control.o (.bss.g_millis)
                  20200e58    00000004     h4_balance_ab.o (.bss.g_millis)
                  20200e5c    00000004     h5_balance_loop.o (.bss.g_millis)
                  20200e60    00000004     h6_balance_any.o (.bss.g_millis)
                  20200e64    00000004     h3_ball_control.o (.bss.g_phase_start_ms)
                  20200e68    00000004     h4_balance_ab.o (.bss.g_phase_start_ms)
                  20200e6c    00000004     h5_balance_loop.o (.bss.g_phase_start_ms)
                  20200e70    00000004     h6_balance_any.o (.bss.g_phase_start_ms)
                  20200e74    00000004     h4_balance_ab.o (.bss.g_planned_accel_m_s2)
                  20200e78    00000004     h5_balance_loop.o (.bss.g_planned_accel_m_s2)
                  20200e7c    00000004     h6_balance_any.o (.bss.g_planned_accel_m_s2)
                  20200e80    00000004     h3_ball_control.o (.bss.g_positive_reached_ms)
                  20200e84    00000004     h4_balance_ab.o (.bss.g_predicted_mm)
                  20200e88    00000004     h5_balance_loop.o (.bss.g_predicted_mm)
                  20200e8c    00000004     h6_balance_any.o (.bss.g_predicted_mm)
                  20200e90    00000004     h6_balance_any.o (.bss.g_relative_mm)
                  20200e94    00000004     motor_encoder.o (.bss.g_right_count)
                  20200e98    00000004     motor_encoder.o (.bss.g_right_integral)
                  20200e9c    00000004     app.o (.bss.g_run_start_ms)
                  20200ea0    00000004     h3_ball_control.o (.bss.g_run_start_ms)
                  20200ea4    00000004     h4_balance_ab.o (.bss.g_run_start_ms)
                  20200ea8    00000004     h5_balance_loop.o (.bss.g_run_start_ms)
                  20200eac    00000004     h6_balance_any.o (.bss.g_run_start_ms)
                  20200eb0    00000004     h3_ball_control.o (.bss.g_stable_start_ms)
                  20200eb4    00000004     h3_ball_control.o (.bss.g_stall_anchor_position_mm)
                  20200eb8    00000004     h3_ball_control.o (.bss.g_stall_start_ms)
                  20200ebc    00000004     app.o (.bss.g_start_left_count)
                  20200ec0    00000004     h4_balance_ab.o (.bss.g_start_left_count)
                  20200ec4    00000004     h5_balance_loop.o (.bss.g_start_left_count)
                  20200ec8    00000004     h6_balance_any.o (.bss.g_start_left_count)
                  20200ecc    00000004     h5_balance_loop.o (.bss.g_start_request_ms)
                  20200ed0    00000004     h6_balance_any.o (.bss.g_start_request_ms)
                  20200ed4    00000004     app.o (.bss.g_start_right_count)
                  20200ed8    00000004     h4_balance_ab.o (.bss.g_start_right_count)
                  20200edc    00000004     h5_balance_loop.o (.bss.g_start_right_count)
                  20200ee0    00000004     h6_balance_any.o (.bss.g_start_right_count)
                  20200ee4    00000004     app.o (.bss.g_stop_elapsed_ms)
                  20200ee8    00000004     h4_balance_ab.o (.bss.g_stuck_start_ms)
                  20200eec    00000004     h5_balance_loop.o (.bss.g_stuck_start_ms)
                  20200ef0    00000004     h6_balance_any.o (.bss.g_stuck_start_ms)
                  20200ef4    00000004     main.o (.bss.g_system_ms)
                  20200ef8    00000004     h3_ball_control.o (.bss.g_target_mm)
                  20200efc    00000004     h6_balance_any.o (.bss.g_target_mm)
                  20200f00    00000004     h4_balance_ab.o (.bss.g_target_rpm)
                  20200f04    00000004     h5_balance_loop.o (.bss.g_target_rpm)
                  20200f08    00000004     h6_balance_any.o (.bss.g_target_rpm)
                  20200f0c    00000002     h6_balance_any.o (.bss.g_capture_samples)
                  20200f0e    00000002     app.o (.bss.g_finish_wide_ms)
                  20200f10    00000002     h5_balance_loop.o (.bss.g_finish_wide_ms)
                  20200f12    00000002     h6_balance_any.o (.bss.g_finish_wide_ms)
                  20200f14    00000002     app.o (.bss.g_last_line_error)
                  20200f16    00000002     h4_balance_ab.o (.bss.g_last_line_error)
                  20200f18    00000002     h5_balance_loop.o (.bss.g_last_line_error)
                  20200f1a    00000002     h6_balance_any.o (.bss.g_last_line_error)
                  20200f1c    00000002     h3_vision.o (.bss.g_rx_head)
                  20200f1e    00000002     h3_vision.o (.bss.g_rx_tail)
                  20200f20    00000002     app.o (.bss.g_start_clear_ms)
                  20200f22    00000002     h5_balance_loop.o (.bss.g_start_clear_ms)
                  20200f24    00000002     h6_balance_any.o (.bss.g_start_clear_ms)
                  20200f26    00000001     main.o (.bss.g_active_mode)
                  20200f27    00000001     ssd1306.o (.bss.g_address)
                  20200f28    00000001     app.o (.bss.g_app_state)
                  20200f29    00000001     h3_ball_control.o (.bss.g_auto_started)
                  20200f2a    00000001     h3_tuning_link.o (.bss.g_command_length)
                  20200f2b    00000001     main.o (.bss.g_dispatch_key_seen)
                  20200f2c    00000001     h5_balance_loop.o (.bss.g_finish_marker_seen)
                  20200f2d    00000001     h6_balance_any.o (.bss.g_finish_marker_seen)
                  20200f2e    00000001     h3_tuning_link.o (.bss.g_force_telemetry)
                  20200f2f    00000001     h4_tuning_link.o (.bss.g_force_telemetry)
                  20200f30    00000001     main.o (.bss.g_h3_start_pending)
                  20200f31    00000001     main.o (.bss.g_h4_start_pending)
                  20200f32    00000001     main.o (.bss.g_h5_start_pending)
                  20200f33    00000001     main.o (.bss.g_h6_start_pending)
                  20200f34    00000001     main.o (.bss.g_key_events)
                  20200f35    00000001     main.o (.bss.g_key_stable_pressed)
                  20200f36    00000001     h4_balance_ab.o (.bss.g_kick_active)
[...]
000000c1  __TI_scanfi                     
00000000  __TI_static_base__              
0000e089  __TI_zero_init                  
000065a7  __adddf3                        
00009c1f  __addsf3                        
0000e270  __aeabi_ctype_table_            
0000e270  __aeabi_ctype_table_C           
0000bb51  __aeabi_d2f                     
000065a7  __aeabi_dadd                    
0000bf85  __aeabi_dcmpeq                  
0000bfc1  __aeabi_dcmpge                  
0000bfd5  __aeabi_dcmpgt                  
0000bfad  __aeabi_dcmple                  
0000bf99  __aeabi_dcmplt                  
00008535  __aeabi_ddiv                    
000096e1  __aeabi_dmul                    
0000659d  __aeabi_dsub                    
20200f60  __aeabi_errno                   
0000e1f5  __aeabi_errno_addr              
0000d1fd  __aeabi_f2iz                    
0000d3ad  __aeabi_f2uiz                   
00009c1f  __aeabi_fadd                    
0000bfe9  __aeabi_fcmpeq                  
0000c025  __aeabi_fcmpge                  
0000c039  __aeabi_fcmpgt                  
0000c011  __aeabi_fcmple                  
0000bffd  __aeabi_fcmplt                  
0000b671  __aeabi_fdiv                    
0000b451  __aeabi_fmul                    
00009c15  __aeabi_fsub                    
0000cf69  __aeabi_i2f                     
0000c4b5  __aeabi_idiv                    
00002e17  __aeabi_idiv0                   
0000c4b5  __aeabi_idivmod                 
00004ec7  __aeabi_ldiv0                   
0000d9d1  __aeabi_llsl                    
0000d7a1  __aeabi_lmul                    
0000e10d  __aeabi_memclr                  
0000e10d  __aeabi_memclr4                 
0000e10d  __aeabi_memclr8                 
0000e1fd  __aeabi_memcpy                  
0000e1fd  __aeabi_memcpy4                 
0000e1fd  __aeabi_memcpy8                 
0000e0c5  __aeabi_memset                  
0000e0c5  __aeabi_memset4                 
0000e0c5  __aeabi_memset8                 
0000d705  __aeabi_ui2f                    
0000cb85  __aeabi_uidiv                   
0000cb85  __aeabi_uidivmod                
0000df19  __aeabi_uldivmod                
0000d9d1  __ashldi3                       
ffffffff  __binit__                       
0000bd89  __cmpdf2                        
0000d185  __cmpsf2                        
00008535  __divdf3                        
0000b671  __divsf3                        
0000bd89  __eqdf2                         
0000d185  __eqsf2                         
0000d1fd  __fixsfsi                       
0000d3ad  __fixunssfsi                    
0000cf69  __floatsisf                     
0000d705  __floatunsisf                   
0000bad5  __gedf2                         
0000cfa5  __gesf2                         
0000bad5  __gtdf2                         
0000cfa5  __gtsf2                         
0000bd89  __ledf2                         
0000d185  __lesf2                         
0000bd89  __ltdf2                         
0000d185  __ltsf2                         
UNDEFED   __mpu_init                      
000096e1  __muldf3                        
0000d7a1  __muldi3                        
0000d1c1  __muldsi3                       
0000b451  __mulsf3                        
0000bd89  __nedf2                         
0000d185  __nesf2                         
20207e00  __stack                         
20200000  __start___llvm_prf_bits         
20200000  __start___llvm_prf_cnts         
20200000  __stop___llvm_prf_bits          
20200000  __stop___llvm_prf_cnts          
0000659d  __subdf3                        
00009c15  __subsf3                        
0000bb51  __truncdfsf2                    
0000a859  __udivmoddi4                    
0000d72d  _c_int00_noargs                 
UNDEFED   _system_post_cinit              
0000e269  _system_pre_init                
0000e24b  abort                           
000098a9  app_init                        
0000e119  app_millis                      
000068b5  app_process                     
0000e125  app_start_key_isr               
0000dff9  app_tick_1ms_isr                
0000cbc5  atoi                            
ffffffff  binit                           
20200800  gCONTROL_TIMERBackup            
202008bc  gPWM_RIGHTBackup                
0000841d  h3_ball_control_init            
000040a1  h3_ball_control_process         
0000e131  h3_ball_control_start_key_isr   
0000e009  h3_ball_control_tick_1ms_isr    
0000e13d  h3_ball_control_vision_ready    
0000df41  h3_ball_control_vision_rx_isr   
0000df55  h3_ball_control_zdt_rx_isr      
0000db41  h3_tuning_link_event            
0000bc39  h3_tuning_link_init             
0000b051  h3_tuning_link_process          
0000e20d  h3_tuning_link_runtime          
0000d235  h3_tuning_link_take_command     
00006731  h3_tuning_link_telemetry        
0000e215  h3_vision_get                   
0000c6e1  h3_vision_init                  
00007ad1  h3_vision_process               
0000c04d  h3_vision_rx_byte_isr           
0000d915  h3_vision_take_new_sample       
00007d35  h4_balance_ab_init              
00003139  h4_balance_ab_process           
0000e155  h4_balance_ab_start_key_isr     
0000e019  h4_balance_ab_tick_1ms_isr      
0000e161  h4_balance_ab_vision_ready      
0000db5d  h4_tuning_link_event            
0000a99d  h4_tuning_link_init             
0000b0e5  h4_tuning_link_process          
0000e21d  h4_tuning_link_runtime          
0000d26d  h4_tuning_link_take_command     
00006ba5  h4_tuning_link_telemetry        
000072c9  h5_balance_loop_init            
00002e19  h5_balance_loop_process         
0000e179  h5_balance_loop_start_key_isr   
0000e029  h5_balance_loop_tick_1ms_isr    
0000e185  h5_balance_loop_vision_ready    
00005f21  h6_balance_any_init             
0000278d  h6_balance_any_process          
0000e19d  h6_balance_any_start_key_isr    
0000e039  h6_balance_any_tick_1ms_isr     
0000e1a9  h6_balance_any_vision_ready     
0000aa3d  i2c_bus_write                   
00000000  interruptVectors                
00009a65  ldexp                           
00009a65  ldexpl                          
00006e85  line_sensor_read                
00005289  main                            
0000d851  memccpy                         
0000cfe1  motor_active_brake              
0000d01d  motor_coast                     
0000c0ad  motor_encoder_left_edge_isr     
0000bf21  motor_encoder_right_edge_isr    
0000e235  motor_get                       
0000c10d  motor_init                      
0000c405  motor_prepare_run               
0000d2a5  motor_set_targets               
0000a24d  motor_speed_control_10ms        
00009a65  scalbn                          
00009a65  scalbnl                         
0000c72d  snprintf                        
0000d4d1  sscanf                          
0000df69  ssd1306_clear                   
00009e91  ssd1306_draw_text               
00006d15  ssd1306_draw_text_2x            
000080b5  ssd1306_init                    
0000e049  ssd1306_is_present              
00008f79  ssd1306_refresh_next_page       
0000b4e1  strcmp                          
0000e0d3  strcpy                          
0000e0ef  strlen                          
00001cb1  strtod                          
0000798d  strtol                          
00001cb1  strtold                         
00004ec9  strtoll                         
00007e61  strtoul                         
00006ff1  strtoull                        
0000e059  wcslen                          
0000d501  zdt_stepper_enable              
0000e23d  zdt_stepper_get_status          
0000c2ed  zdt_stepper_init                
0000b20d  zdt_stepper_move_absolute_deg   
0000dde1  zdt_stepper_read_driver_config  
0000db95  zdt_stepper_read_real_position  
0000dbb1  zdt_stepper_read_status_flags   
00007701  zdt_stepper_rx_byte_isr         
0000e069  zdt_stepper_send_reference_back 
0000e079  zdt_stepper_send_reference_test 
0000dbcd  zdt_stepper_stop_now            


GLOBAL SYMBOLS: SORTED BY Symbol Address 

address   name                            
-------   ----                            
00000000  __TI_ATRegion0_region_sz        
00000000  __TI_ATRegion0_src_addr         
00000000  __TI_ATRegion0_trg_addr         
00000000  __TI_ATRegion1_region_sz        
00000000  __TI_ATRegion1_src_addr         
00000000  __TI_ATRegion1_trg_addr         
00000000  __TI_ATRegion2_region_sz        
00000000  __TI_ATRegion2_src_addr         
00000000  __TI_ATRegion2_trg_addr         
00000000  __TI_static_base__              
00000000  interruptVectors                
000000c1  __TI_scanfi                     
00000200  __STACK_SIZE                    
00000c9d  __TI_printfi_nofloat            
00001cb1  strtod                          
00001cb1  strtold                         
0000278d  h6_balance_any_process          
00002ad9  SEGGER_RTT_vprintf              
00002e17  __aeabi_idiv0                   
00002e19  h5_balance_loop_process         
00003139  h4_balance_ab_process           
000040a1  h3_ball_control_process         
00004ec7  __aeabi_ldiv0                   
00004ec9  strtoll                         
00005289  main                            
000059dd  SYSCFG_DL_GPIO_init             
00005f21  h6_balance_any_init             
0000659d  __aeabi_dsub                    
0000659d  __subdf3                        
000065a7  __adddf3                        
000065a7  __aeabi_dadd                    
00006731  h3_tuning_link_telemetry        
000068b5  app_process                     
00006ba5  h4_tuning_link_telemetry        
00006d15  ssd1306_draw_text_2x            
00006e85  line_sensor_read                
00006ff1  strtoull                        
000072c9  h5_balance_loop_init            
00007701  zdt_stepper_rx_byte_isr         
0000798d  strtol                          
00007ad1  h3_vision_process               
00007d35  h4_balance_ab_init              
00007e61  strtoul                         
00007f8d  SEGGER_RTT_ReadNoLock           
000080b5  ssd1306_init                    
0000841d  h3_ball_control_init            
00008535  __aeabi_ddiv                    
00008535  __divdf3                        
00008c7d  DL_Timer_initFourCCPWMMode      
00008d81  DL_Timer_initTimerMode          
00008f79  ssd1306_refresh_next_page       
000096e1  __aeabi_dmul                    
000096e1  __muldf3                        
000098a9  app_init                        
00009a65  ldexp                           
00009a65  ldexpl                          
00009a65  scalbn                          
00009a65  scalbnl                         
00009c15  __aeabi_fsub                    
00009c15  __subsf3                        
00009c1f  __addsf3                        
00009c1f  __aeabi_fadd                    
00009e91  ssd1306_draw_text               
0000a24d  motor_speed_control_10ms        
0000a3b5  SEGGER_RTT_WriteNoLock          
0000a859  __udivmoddi4                    
0000a8fd  SYSCFG_DL_initPower             
0000a99d  h4_tuning_link_init             
0000aa3d  i2c_bus_write                   
0000b051  h3_tuning_link_process          
0000b0e5  h4_tuning_link_process          
0000b20d  zdt_stepper_move_absolute_deg   
0000b451  __aeabi_fmul                    
0000b451  __mulsf3                        
0000b4dd  ADC0_IRQHandler                 
0000b4dd  ADC1_IRQHandler                 
0000b4dd  AES_IRQHandler                  
0000b4dd  CANFD0_IRQHandler               
0000b4dd  DAC0_IRQHandler                 
0000b4dd  DMA_IRQHandler                  
0000b4dd  Default_Handler                 
0000b4dd  GROUP0_IRQHandler               
0000b4dd  HardFault_Handler               
0000b4dd  I2C0_IRQHandler                 
0000b4dd  I2C1_IRQHandler                 
0000b4dd  NMI_Handler                     
0000b4dd  PendSV_Handler                  
0000b4dd  RTC_IRQHandler                  
0000b4dd  SPI0_IRQHandler                 
0000b4dd  SPI1_IRQHandler                 
0000b4dd  SVC_Handler                     
0000b4dd  SysTick_Handler                 
0000b4dd  TIMA0_IRQHandler                
0000b4dd  TIMG0_IRQHandler                
0000b4dd  TIMG12_IRQHandler               
0000b4dd  TIMG6_IRQHandler                
0000b4dd  TIMG7_IRQHandler                
0000b4dd  TIMG8_IRQHandler                
0000b4dd  UART2_IRQHandler                
0000b4dd  UART3_IRQHandler                
0000b4e1  strcmp                          
0000b671  __aeabi_fdiv                    
0000b671  __divsf3                        
0000b8f5  __TI_decompress_lzss            
0000bad5  __gedf2                         
0000bad5  __gtdf2                         
0000bb51  __aeabi_d2f                     
0000bb51  __truncdfsf2                    
0000bc39  h3_tuning_link_init             
0000bd89  __cmpdf2                        
0000bd89  __eqdf2                         
0000bd89  __ledf2                         
0000bd89  __ltdf2                         
0000bd89  __nedf2                         
0000be59  SYSCFG_DL_PWM_LEFT_init         
0000bebd  SYSCFG_DL_PWM_RIGHT_init        
0000bf21  motor_encoder_right_edge_isr    
0000bf85  __aeabi_dcmpeq                  
0000bf99  __aeabi_dcmplt                  
0000bfad  __aeabi_dcmple                  
0000bfc1  __aeabi_dcmpge                  
0000bfd5  __aeabi_dcmpgt                  
0000bfe9  __aeabi_fcmpeq                  
0000bffd  __aeabi_fcmplt                  
0000c011  __aeabi_fcmple                  
0000c025  __aeabi_fcmpge                  
0000c039  __aeabi_fcmpgt                  
0000c04d  h3_vision_rx_byte_isr           
0000c0ad  motor_encoder_left_edge_isr     
0000c10d  motor_init                      
0000c2ed  zdt_stepper_init                
0000c34d  DL_I2C_fillControllerTXFIFO     
0000c3ad  SYSCFG_DL_I2C_DISPLAY_init      
0000c405  motor_prepare_run               
0000c4b5  __aeabi_idiv                    
0000c4b5  __aeabi_idivmod                 
0000c695  SYSCFG_DL_VISION_UART_init      
0000c6e1  h3_vision_init                  
0000c72d  snprintf                        
0000c7c5  DL_UART_init                    
0000c80d  SYSCFG_DL_DEBUG_UART_init       
0000c92d  GROUP1_IRQHandler               
0000cb85  __aeabi_uidiv                   
0000cb85  __aeabi_uidivmod                
0000cbc5  atoi                            
0000ce79  DL_I2C_flushControllerTXFIFO    
0000cef1  SYSCFG_DL_init                  
0000cf2d  TIMA1_IRQHandler                
0000cf69  __aeabi_i2f                     
0000cf69  __floatsisf                     
0000cfa5  __gesf2                         
0000cfa5  __gtsf2                         
0000cfe1  motor_active_brake              
0000d01d  motor_coast                     
0000d149  __TI_auto_init_nobinit_nopinit  
0000d185  __cmpsf2                        
0000d185  __eqsf2                         
0000d185  __lesf2                         
0000d185  __ltsf2                         
0000d185  __nesf2                         
0000d1c1  __muldsi3                       
0000d1fd  __aeabi_f2iz                    
0000d1fd  __fixsfsi                       
0000d235  h3_tuning_link_take_command     
0000d26d  h4_tuning_link_take_command     
0000d2a5  motor_set_targets               
0000d2dd  SEGGER_RTT_Write                
0000d311  SYSCFG_DL_CONTROL_TIMER_init    
0000d3ad  __aeabi_f2uiz                   
0000d3ad  __fixunssfsi                    
0000d3e1  DL_I2C_flushControllerRXFIFO    
0000d411  DL_UART_transmitDataBlocking    
0000d441  UART0_IRQHandler                
0000d471  UART1_IRQHandler                
0000d4d1  sscanf                          
0000d501  zdt_stepper_enable              
0000d52f  SEGGER_RTT_printf               
0000d705  __aeabi_ui2f                    
0000d705  __floatunsisf                   
0000d72d  _c_int00_noargs                 
0000d77b  DL_I2C_setClockConfig           
0000d7a1  __aeabi_lmul                    
0000d7a1  __muldi3                        
0000d80d  SYSCFG_DL_SYSCTL_init           
0000d851  memccpy                         
0000d915  h3_vision_take_new_sample       
0000d9b3  SEGGER_RTT_WriteString          
0000d9d1  __aeabi_llsl                    
0000d9d1  __ashldi3                       
0000dad1  DL_Timer_setCaptCompUpdateMethod
0000daed  DL_Timer_setClockConfig         
0000db25  SEGGER_RTT_Read                 
0000db41  h3_tuning_link_event            
0000db5d  h4_tuning_link_event            
0000db95  zdt_stepper_read_real_position  
0000dbb1  zdt_stepper_read_status_flags   
0000dbcd  zdt_stepper_stop_now            
0000dd51  DL_Timer_setCaptureCompareOutCtl
0000dde1  zdt_stepper_read_driver_config  
0000df19  __aeabi_uldivmod                
0000df41  h3_ball_control_vision_rx_isr   
0000df55  h3_ball_control_zdt_rx_isr      
0000df69  ssd1306_clear                   
0000dfa1  DL_UART_setClockConfig          
0000dfb3  TI_memcpy_small                 
0000dfc5  __TI_decompress_none            
0000dfe9  DL_Timer_setCaptureCompareValue 
0000dff9  app_tick_1ms_isr                
0000e009  h3_ball_control_tick_1ms_isr    
0000e019  h4_balance_ab_tick_1ms_isr      
0000e029  h5_balance_loop_tick_1ms_isr    
0000e039  h6_balance_any_tick_1ms_isr     
0000e049  ssd1306_is_present              
0000e059  wcslen                          
0000e069  zdt_stepper_send_reference_back 
0000e079  zdt_stepper_send_reference_test 
0000e089  __TI_zero_init                  
0000e0c5  __aeabi_memset                  
0000e0c5  __aeabi_memset4                 
0000e0c5  __aeabi_memset8                 
0000e0d3  strcpy                          
0000e0ef  strlen                          
0000e0fd  TI_memset_small                 
0000e10d  __aeabi_memclr                  
0000e10d  __aeabi_memclr4                 
0000e10d  __aeabi_memclr8                 
0000e119  app_millis                      
0000e125  app_start_key_isr               
0000e131  h3_ball_control_start_key_isr   
0000e13d  h3_ball_control_vision_ready    
0000e155  h4_balance_ab_start_key_isr     
0000e161  h4_balance_ab_vision_ready      
0000e179  h5_balance_loop_start_key_isr   
0000e185  h5_balance_loop_vision_ready    
0000e19d  h6_balance_any_start_key_isr    
0000e1a9  h6_balance_any_vision_ready     
0000e1c1  DL_Common_delayCycles           
0000e1ed  SEGGER_RTT_Init                 
0000e1f5  __aeabi_errno_addr              
0000e1fd  __aeabi_memcpy                  
0000e1fd  __aeabi_memcpy4                 
0000e1fd  __aeabi_memcpy8                 
0000e20d  h3_tuning_link_runtime          
0000e215  h3_vision_get                   
0000e21d  h4_tuning_link_runtime          
0000e235  motor_get                       
0000e23d  zdt_stepper_get_status          
0000e24b  abort                           
0000e250  C$$EXIT                         
0000e251  HOSTexit                        
0000e255  Reset_Handler                   
0000e269  _system_pre_init                
0000e270  __aeabi_ctype_table_            
0000e270  __aeabi_ctype_table_C           
0000f460  __TI_Handler_Table_Base         
0000f46c  __TI_Handler_Table_Limit        
0000f47c  __TI_CINIT_Base                 
0000f48c  __TI_CINIT_Limit                
0000f48c  __TI_CINIT_Warm                 
20200000  __start___llvm_prf_bits         
20200000  __start___llvm_prf_cnts         
20200000  __stop___llvm_prf_bits          
20200000  __stop___llvm_prf_cnts          
20200800  gCONTROL_TIMERBackup            
202008bc  gPWM_RIGHTBackup                
20200978  _SEGGER_RTT                     
20200f60  __aeabi_errno                   
20207e00  __stack                         
20208000  __STACK_END                     
ffffffff  __TI_pprof_out_hndl             
ffffffff  __TI_prof_data_size             
ffffffff  __TI_prof_data_start            
ffffffff  __binit__                       
ffffffff  binit                           
UNDEFED   __mpu_init                      
UNDEFED   _system_post_cinit              

[276 symbols]
