******************************************************************************
            TI ARM Clang Linker PC v4.0.4                      
******************************************************************************
>> Linked Sat Aug  1 01:15:38 2026

OUTPUT FILE NAME:   <H2_LineCar_CCS.out>
ENTRY POINT SYMBOL: "_c_int00_noargs"  address: 00004cfd


MEMORY CONFIGURATION

         name            origin    length      used     unused   attr    fill
----------------------  --------  ---------  --------  --------  ----  --------
  FLASH                 00000000   00020000  000058f0  0001a710  R  X
  SRAM                  20200000   00008000  00000901  000076ff  RW X
  BCR_CONFIG            41c00000   000000ff  00000000  000000ff  R   
  BSL_CONFIG            41c00100   00000080  00000000  00000080  R   


SEGMENT ALLOCATION MAP

run origin  load origin   length   init length attrs members
----------  ----------- ---------- ----------- ----- -------
00000000    00000000    000058f0   000058f0    r-x
  00000000    00000000    000000c0   000000c0    r-- .intvecs
  000000c0    000000c0    00005410   00005410    r-x .text
  000054d0    000054d0    000003f0   000003f0    r-- .rodata
  000058c0    000058c0    00000030   00000030    r-- .cinit
20200000    20200000    00000704   00000000    rw-
  20200000    20200000    000006fd   00000000    rw- .bss
  20200700    20200700    00000004   00000000    rw- .data
20207e00    20207e00    00000200   00000000    rw-
  20207e00    20207e00    00000200   00000000    rw- .stack


SECTION ALLOCATION MAP

 output                                  attributes/
section   page    origin      length       input sections
--------  ----  ----------  ----------   ----------------
.intvecs   0    00000000    000000c0     
                  00000000    000000c0     startup_mspm0g350x_ticlang.o (.intvecs)

.text      0    000000c0    00005410     
                  000000c0    00000bdc     libc.a : _scanfi.c.obj (.text.__TI_scanfi)
                  00000c9c    00000868            : _printfi.c.obj (.text:__TI_printfi_nofloat)
                  00001504    000003b8            : strtod.c.obj (.text.strtod)
                  000018bc    000001e0            : strtoll.c.obj (.text.strtoll)
                  00001a9c    000001c0     h3_vision.o (.text.parse_line)
                  00001c5c    000001b8     ti_msp_dl_config.o (.text.SYSCFG_DL_GPIO_init)
                  00001e14    000001a4     h3_ball_control.o (.text.update_ui)
                  00001fb8    00000192     libclang_rt.builtins.a : adddf3.S.obj (.text.adddf3_subdf3)
                  0000214a    00000002                            : aeabi_div0.c.obj (.text.__aeabi_idiv0)
                  0000214c    00000170     h3_ball_control.o (.text.update_motion_state)
                  000022bc    0000016c     libc.a : strtoull.c.obj (.text.strtoull)
                  00002428    0000015c     h3_ball_control.o (.text.h3_ball_control_process)
                  00002584    00000144     libc.a : strtol.c.obj (.text.strtol)
                  000026c8    0000013c     h3_ball_control.o (.text.run_outer_loop)
                  00002804    0000012c     libc.a : strtoul.c.obj (.text.strtoul)
                  00002930    00000128     ssd1306.o (.text.ssd1306_init)
                  00002a58    0000010c     libclang_rt.builtins.a : divdf3.S.obj (.text.__divdf3)
                  00002b64    00000104     driverlib.a : dl_timer.o (.text.DL_Timer_initFourCCPWMMode)
                  00002c68    000000fc                 : dl_timer.o (.text.DL_Timer_initTimerMode)
                  00002d64    000000f8     ssd1306.o (.text.ssd1306_refresh_next_page)
                  00002e5c    000000f0     h3_ball_control.o (.text.send_motor_angle)
                  00002f4c    000000e8     ssd1306.o (.text.glyph_index)
                  00003034    000000e4     libclang_rt.builtins.a : muldf3.S.obj (.text.__muldf3)
                  00003118    000000d8     libc.a : s_scalbn.c.obj (.text.scalbn)
                  000031f0    000000d8     libclang_rt.builtins.a : addsf3.S.obj (.text)
                  000032c8    000000cc     ssd1306.o (.text.ssd1306_draw_text)
                  00003394    000000c4     h3_ball_control.o (.text.handle_key)
                  00003458    000000b8     h3_ball_control.o (.text.h3_ball_control_init)
                  00003510    000000a4     h3_vision.o (.text.h3_vision_process)
                  000035b4    000000a2     libclang_rt.builtins.a : udivmoddi4.S.obj (.text)
                  00003656    00000002                            : aeabi_div0.c.obj (.text.__aeabi_ldiv0)
                  00003658    000000a0     ti_msp_dl_config.o (.text.SYSCFG_DL_initPower)
                  000036f8    000000a0     i2c_bus.o (.text.i2c_bus_write)
                  00003798    0000009c     h3_ball_control.o (.text.state_text)
                  00003834    0000009c     ssd1306.o (.text.write_commands)
                  000038d0    00000094     zdt_stepper.o (.text.zdt_stepper_move_absolute_deg)
                  00003964    0000008c     libclang_rt.builtins.a : mulsf3.S.obj (.text.__mulsf3)
                  000039f0    0000008c     zdt_stepper.o (.text.send_frame)
                  00003a7c    00000084     zdt_stepper.o (.text.zdt_stepper_rx_byte_isr)
                  00003b00    00000082     libclang_rt.builtins.a : divsf3.S.obj (.text.__divsf3)
                  00003b82    00000002     --HOLE-- [fill = 0]
                  00003b84    00000080     i2c_bus.o (.text.finish_transfer)
                  00003c04    0000007c     libc.a : copy_decompress_lzss.c.obj (.text:decompress:lzss)
                  00003c80    00000074     libclang_rt.builtins.a : comparedf2.c.obj (.text.__gedf2)
                  00003cf4    0000000c                            : aeabi_memset.S.obj (.text.__aeabi_memclr)
                  00003d00    00000074                            : truncdfsf2.S.obj (.text.__truncdfsf2)
                  00003d74    00000074     libc.a : sscanf.c.obj (.text._chkmbc)
                  00003de8    00000068     libclang_rt.builtins.a : comparedf2.c.obj (.text.__ledf2)
                  00003e50    00000068     motor_encoder.o (.text.set_pwm)
                  00003eb8    00000064     ti_msp_dl_config.o (.text.SYSCFG_DL_PWM_LEFT_init)
                  00003f1c    00000064     ti_msp_dl_config.o (.text.SYSCFG_DL_PWM_RIGHT_init)
                  00003f80    00000062     libclang_rt.builtins.a : aeabi_dcmp.S.obj (.text.__aeabi_dcmp)
                  00003fe2    00000002     --HOLE-- [fill = 0]
                  00003fe4    00000062                            : aeabi_fcmp.S.obj (.text.__aeabi_fcmp)
                  00004046    00000002     --HOLE-- [fill = 0]
                  00004048    00000060     motor_encoder.o (.text.motor_init)
                  000040a8    0000005e     driverlib.a : dl_i2c.o (.text.DL_I2C_fillControllerTXFIFO)
                  00004106    00000002     --HOLE-- [fill = 0]
                  00004108    0000005c     zdt_stepper.o (.text.zdt_stepper_init)
                  00004164    00000058     ti_msp_dl_config.o (.text.SYSCFG_DL_I2C_DISPLAY_init)
                  000041bc    00000058     h3_vision.o (.text.h3_vision_rx_byte_isr)
                  00004214    00000056     libclang_rt.builtins.a : aeabi_idivmod.S.obj (.text.__aeabi_idivmod)
                  0000426a    00000002     --HOLE-- [fill = 0]
                  0000426c    00000054     main.o (.text.main)
                  000042c0    00000050     ti_msp_dl_config.o (.text.DL_GPIO_initPeripheralInputFunctionFeatures)
                  00004310    00000050     i2c_bus.o (.text.DL_I2C_startControllerTransfer)
                  00004360    0000004c     ti_msp_dl_config.o (.text.DL_GPIO_initDigitalInputFeatures)
                  000043ac    0000004c     ti_msp_dl_config.o (.text.DL_UART_setBaudRateDivisor)
                  000043f8    0000004c     libc.a : snprintf.c.obj (.text.snprintf)
                  00004444    0000004c     h3_ball_control.o (.text.start_run)
                  00004490    0000004c     i2c_bus.o (.text.wait_idle)
                  000044dc    00000048     driverlib.a : dl_uart.o (.text.DL_UART_init)
                  00004524    00000048     ti_msp_dl_config.o (.text.SYSCFG_DL_DEBUG_UART_init)
                  0000456c    00000048     ti_msp_dl_config.o (.text.SYSCFG_DL_VISION_UART_init)
                  000045b4    00000048     h3_vision.o (.text.h3_vision_init)
                  000045fc    00000042     h3_ball_control.o (.text.vision_is_recent)
                  0000463e    00000002     --HOLE-- [fill = 0]
                  00004640    00000040     libclang_rt.builtins.a : aeabi_uidivmod.S.obj (.text.__aeabi_uidivmod)
                  00004680    00000040     libc.a : atoi.c.obj (.text.atoi)
                  000046c0    0000003e     h3_ball_control.o (.text.clampf)
                  000046fe    0000003e     motor_encoder.o (.text.clampf)
                  0000473c    0000003c     driverlib.a : dl_i2c.o (.text.DL_I2C_flushControllerTXFIFO)
                  00004778    0000003c     ti_msp_dl_config.o (.text.DL_Timer_setCounterControl)
                  000047b4    0000003c     ti_msp_dl_config.o (.text.SYSCFG_DL_init)
                  000047f0    0000003c     libclang_rt.builtins.a : floatsisf.S.obj (.text.__floatsisf)
                  0000482c    0000003c                            : comparesf2.S.obj (.text.__gtsf2)
                  00004868    0000003c     motor_encoder.o (.text.motor_coast)
                  000048a4    0000003c     libc.a : autoinit.c.obj (.text:__TI_auto_init_nobinit_nopinit)
                  000048e0    0000003a     libclang_rt.builtins.a : comparesf2.S.obj (.text.__eqsf2)
                  0000491a    00000002     --HOLE-- [fill = 0]
                  0000491c    0000003a                            : muldsi3.S.obj (.text.__muldsi3)
                  00004956    00000002     --HOLE-- [fill = 0]
                  00004958    00000038                            : fixsfsi.S.obj (.text.__fixsfsi)
                  00004990    00000038     motor_encoder.o (.text.motor_set_targets)
                  000049c8    00000034     ti_msp_dl_config.o (.text.SYSCFG_DL_CONTROL_TIMER_init)
                  000049fc    00000034     h3_vision.o (.text.sequence_is_new)
                  00004a30    00000032     libclang_rt.builtins.a : fixunssfsi.S.obj (.text.__fixunssfsi)
                  00004a62    00000002     --HOLE-- [fill = 0]
                  00004a64    00000030     driverlib.a : dl_i2c.o (.text.DL_I2C_flushControllerRXFIFO)
                  00004a94    00000030     main.o (.text.UART0_IRQHandler)
                  00004ac4    00000030     main.o (.text.UART1_IRQHandler)
                  00004af4    00000030     libc.a : snprintf.c.obj (.text._outs)
                  00004b24    00000030            : sscanf.c.obj (.text.sscanf)
                  00004b54    0000002e     zdt_stepper.o (.text.zdt_stepper_enable)
                  00004b82    00000002     --HOLE-- [fill = 0]
                  00004b84    0000002c     main.o (.text.GROUP1_IRQHandler)
                  00004bb0    0000002c     main.o (.text.__NVIC_ClearPendingIRQ)
                  00004bdc    0000002c     main.o (.text.__NVIC_EnableIRQ)
                  00004c08    0000002c     h3_ball_control.o (.text.absf)
                  00004c34    00000028     i2c_bus.o (.text.DL_Common_updateReg)
                  00004c5c    00000028     ti_msp_dl_config.o (.text.DL_Common_updateReg)
                  00004c84    00000028     ti_msp_dl_config.o (.text.DL_I2C_setControllerRXFIFOThreshold)
                  00004cac    00000028     ti_msp_dl_config.o (.text.DL_I2C_setControllerTXFIFOThreshold)
                  00004cd4    00000028     libclang_rt.builtins.a : floatunsisf.S.obj (.text.__floatunsisf)
                  00004cfc    00000028     libc.a : boot_cortex_m.c.obj (.text:_c_int00_noargs)
                  00004d24    00000026     ti_msp_dl_config.o (.text.DL_I2C_setAnalogGlitchFilterPulseWidth)
                  00004d4a    00000026     driverlib.a : dl_i2c.o (.text.DL_I2C_setClockConfig)
                  00004d70    00000024     libclang_rt.builtins.a : muldi3.S.obj (.text.__muldi3)
                  00004d94    00000024     ssd1306.o (.text.try_init_at)
                  00004db8    00000022     ti_msp_dl_config.o (.text.SYSCFG_DL_SYSCTL_init)
                  00004dda    00000022     libc.a : memccpy.c.obj (.text.memccpy)
                  00004dfc    00000020     ti_msp_dl_config.o (.text.DL_GPIO_initPeripheralInputFunction)
                  00004e1c    00000020     h3_vision.o (.text.h3_vision_take_new_sample)
                  00004e3c    0000001e     ti_msp_dl_config.o (.text.DL_UART_setOversampling)
                  00004e5a    00000002     --HOLE-- [fill = 0]
                  00004e5c    0000001e     libclang_rt.builtins.a : ashldi3.S.obj (.text.__ashldi3)
                  00004e7a    00000002     --HOLE-- [fill = 0]
                  00004e7c    0000001c     ti_msp_dl_config.o (.text.DL_GPIO_clearInterruptStatus)
                  00004e98    0000001c     ti_msp_dl_config.o (.text.DL_GPIO_enableHiZ)
                  00004eb4    0000001c     ti_msp_dl_config.o (.text.DL_GPIO_enableInterrupt)
                  00004ed0    0000001c     ti_msp_dl_config.o (.text.DL_GPIO_initPeripheralOutputFunction)
                  00004eec    0000001c     ti_msp_dl_config.o (.text.DL_GPIO_setLowerPinsPolarity)
                  00004f08    0000001c     main.o (.text.DL_Interrupt_getPendingGroup)
                  00004f24    0000001c     ti_msp_dl_config.o (.text.DL_SYSCTL_setSYSOSCFreq)
                  00004f40    0000001c     ti_msp_dl_config.o (.text.DL_Timer_enableInterrupt)
                  00004f5c    0000001c     driverlib.a : dl_timer.o (.text.DL_Timer_setCaptCompUpdateMethod)
                  00004f78    0000001c                 : dl_timer.o (.text.DL_Timer_setClockConfig)
                  00004f94    0000001c     main.o (.text.DL_UART_enableInterrupt)
                  00004fb0    0000001c     ti_msp_dl_config.o (.text.DL_UART_enableInterrupt)
                  00004fcc    0000001c     driverlib.a : dl_uart.o (.text.DL_UART_transmitDataCheck)
                  00004fe8    0000001c     main.o (.text.TIMA1_IRQHandler)
                  00005004    00000018     ti_msp_dl_config.o (.text.DL_GPIO_enableOutput)
                  0000501c    00000018     ti_msp_dl_config.o (.text.DL_GPIO_enablePower)
                  00005034    00000018     ti_msp_dl_config.o (.text.DL_GPIO_initDigitalOutput)
                  0000504c    00000018     ti_msp_dl_config.o (.text.DL_GPIO_reset)
                  00005064    00000018     ti_msp_dl_config.o (.text.DL_GPIO_setUpperPinsPolarity)
                  0000507c    00000018     ti_msp_dl_config.o (.text.DL_I2C_enableAnalogGlitchFilter)
                  00005094    00000018     ti_msp_dl_config.o (.text.DL_I2C_enableController)
                  000050ac    00000018     ti_msp_dl_config.o (.text.DL_I2C_enableControllerClockStretching)
                  000050c4    00000018     ti_msp_dl_config.o (.text.DL_I2C_enablePower)
                  000050dc    00000018     ti_msp_dl_config.o (.text.DL_I2C_reset)
                  000050f4    00000018     ti_msp_dl_config.o (.text.DL_I2C_setTimerPeriod)
                  0000510c    00000018     ti_msp_dl_config.o (.text.DL_SYSCTL_setBORThreshold)
                  00005124    00000018     ti_msp_dl_config.o (.text.DL_Timer_enablePower)
                  0000513c    00000018     ti_msp_dl_config.o (.text.DL_Timer_reset)
                  00005154    00000018     driverlib.a : dl_timer.o (.text.DL_Timer_setCaptureCompareOutCtl)
                  0000516c    00000018     main.o (.text.DL_UART_clearInterruptStatus)
                  00005184    00000018     ti_msp_dl_config.o (.text.DL_UART_enablePower)
                  0000519c    00000018     main.o (.text.DL_UART_isRXFIFOEmpty)
                  000051b4    00000018     ti_msp_dl_config.o (.text.DL_UART_reset)
                  000051cc    00000018     libc.a : snprintf.c.obj (.text._outc)
                  000051e4    00000016     ti_msp_dl_config.o (.text.DL_UART_enable)
                  000051fa    00000014     motor_encoder.o (.text.DL_GPIO_clearPins)
                  0000520e    00000014     ti_msp_dl_config.o (.text.DL_GPIO_clearPins)
                  00005222    00000002     --HOLE-- [fill = 0]
                  00005224    00000014     i2c_bus.o (.text.DL_I2C_getControllerStatus)
                  00005238    00000014     i2c_bus.o (.text.DL_I2C_resetControllerTransfer)
                  0000524c    00000014     ti_msp_dl_config.o (.text.DL_I2C_resetControllerTransfer)
                  00005260    00000014     ti_msp_dl_config.o (.text.DL_SYSCTL_disableSYSPLL)
                  00005274    00000014     ti_msp_dl_config.o (.text.DL_SYSCTL_enableMFCLK)
                  00005288    00000014     ti_msp_dl_config.o (.text.DL_Timer_enableClock)
                  0000529c    00000014     ti_msp_dl_config.o (.text.DL_Timer_setCCPDirection)
                  000052b0    00000014     main.o (.text.DL_UART_receiveData)
                  000052c4    00000014     libclang_rt.builtins.a : aeabi_uldivmod.S.obj (.text.__aeabi_uldivmod)
                  000052d8    00000014     libc.a : sscanf.c.obj (.text._inpchar)
                  000052ec    00000014     h3_ball_control.o (.text.h3_ball_control_vision_rx_isr)
                  00005300    00000014     h3_ball_control.o (.text.h3_ball_control_zdt_rx_isr)
                  00005314    00000014     ssd1306.o (.text.ssd1306_clear)
                  00005328    00000012     main.o (.text.DL_GPIO_getPendingInterrupt)
                  0000533a    00000012     main.o (.text.DL_Timer_getPendingInterrupt)
                  0000534c    00000012     main.o (.text.DL_UART_getPendingInterrupt)
                  0000535e    00000012     driverlib.a : dl_uart.o (.text.DL_UART_setClockConfig)
                  00005370    00000012     libc.a : memcpy16.S.obj (.text:TI_memcpy_small)
                  00005382    00000012            : copy_decompress_none.c.obj (.text:decompress:none)
                  00005394    00000010     ti_msp_dl_config.o (.text.DL_SYSCTL_disableHFXT)
                  000053a4    00000010     driverlib.a : dl_timer.o (.text.DL_Timer_setCaptureCompareValue)
                  000053b4    00000010     h3_ball_control.o (.text.h3_ball_control_tick_1ms_isr)
                  000053c4    00000010     libc.a : wcslen.c.obj (.text.wcslen)
                  000053d4    00000010            : copy_zero_init.c.obj (.text:decompress:ZI)
                  000053e4    0000000e            : _scanfi.c.obj (.text.OUTLINED_FUNCTION_1)
                  000053f2    0000000e            : _scanfi.c.obj (.text.OUTLINED_FUNCTION_2)
                  00005400    0000000e            : _scanfi.c.obj (.text.OUTLINED_FUNCTION_4)
                  0000540e    00000002     --HOLE-- [fill = 0]
                  00005410    0000000e     libclang_rt.builtins.a : aeabi_memset.S.obj (.text.__aeabi_memset)
                  0000541e    0000000e     libc.a : _printfi.c.obj (.text.strlen)
                  0000542c    0000000e            : memset16.S.obj (.text:TI_memset_small)
                  0000543a    00000002     --HOLE-- [fill = 0]
                  0000543c    0000000c     h3_ball_control.o (.text.h3_ball_control_start_key_isr)
                  00005448    0000000c     h3_ball_control.o (.text.h3_millis)
                  00005454    0000000a     driverlib.a : dl_common.o (.text.DL_Common_delayCycles)
                  0000545e    00000008     libc.a : _scanfi.c.obj (.text.OUTLINED_FUNCTION_0)
                  00005466    00000008            : strtod.c.obj (.text.OUTLINED_FUNCTION_0)
                  0000546e    00000008            : strtod.c.obj (.text.OUTLINED_FUNCTION_1)
                  00005476    00000002     --HOLE-- [fill = 0]
                  00005478    00000010     libclang_rt.builtins.a : aeabi_dcmp.S.obj (.tramp.__aeabi_dcmpeq.1)
                  00005488    00000008     libc.a : aeabi_portable.c.obj (.text.__aeabi_errno_addr)
                  00005490    00000008     libclang_rt.builtins.a : aeabi_memcpy.S.obj (.text.__aeabi_memcpy)
                  00005498    00000008     libc.a : sscanf.c.obj (.text._uninpchar)
                  000054a0    00000008     h3_vision.o (.text.h3_vision_get)
                  000054a8    00000008     zdt_stepper.o (.text.zdt_stepper_get_status)
                  000054b0    00000006     libc.a : _scanfi.c.obj (.text.OUTLINED_FUNCTION_3)
                  000054b6    00000006            : exit.c.obj (.text:abort)
                  000054bc    00000004     startup_mspm0g350x_ticlang.o (.text.Default_Handler)
                  000054c0    00000004     libsysbm.a : hostexit.c.obj (.text.HOSTexit)
                  000054c4    00000004     startup_mspm0g350x_ticlang.o (.text.Reset_Handler)
                  000054c8    00000004     libc.a : pre_init.c.obj (.text._system_pre_init)
                  000054cc    00000004     --HOLE-- [fill = 0]

.cinit     0    000058c0    00000030     
                  000058c0    0000000c     (__TI_handler_table)
                  000058cc    00000008     (.cinit..bss.load) [load image, compression = zero_init]
                  000058d4    00000007     (.cinit..data.load) [load image, compression = lzss]
                  000058db    00000001     --HOLE-- [fill = 0]
                  000058dc    00000010     (__TI_cinit_table)
                  000058ec    00000004     --HOLE-- [fill = 0]

.rodata    0    000054d0    000003f0     
                  000054d0    00000101     libc.a : aeabi_ctype.S.obj (.rodata:__aeabi_ctype_table_)
                  000055d1    000000d2     ssd1306.o (.rodata.g_font)
                  000056a3    00000005     h3_ball_control.o (.rodata.str1.16556530777337167717.1)
                  000056a8    00000080     libc.a : strtod.c.obj (.rodata.digits)
                  00005728    00000048            : strtod.c.obj (.rodata.powerof10)
                  00005770    00000019     ssd1306.o (.rodata.try_init_at.init_commands)
                  00005789    00000003     ti_msp_dl_config.o (.rodata.gCONTROL_TIMERClockConfig)
                  0000578c    00000014     ti_msp_dl_config.o (.rodata.gCONTROL_TIMERTimerConfig)
                  000057a0    00000013     h3_ball_control.o (.rodata.str1.5334463718731916073.1)
                  000057b3    00000011     libc.a : _printfi.c.obj (.rodata.str1.10348868589481759720.1)
                  000057c4    00000011            : _printfi.c.obj (.rodata.str1.15363888844622738466.1)
                  000057d5    00000011     h3_vision.o (.rodata.str1.17220951644683955064.1)
                  000057e6    00000010     h3_ball_control.o (.rodata.str1.14451229389811978652.1)
                  000057f6    00000010     h3_ball_control.o (.rodata.str1.3499223319192506562.1)
                  00005806    0000000d     h3_ball_control.o (.rodata.str1.6320901919405435980.1)
                  00005813    0000000c     h3_ball_control.o (.rodata.str1.13132125606125582124.1)
                  0000581f    00000001     --HOLE-- [fill = 0]
                  00005820    0000000a     ti_msp_dl_config.o (.rodata.gDEBUG_UARTConfig)
                  0000582a    0000000a     ti_msp_dl_config.o (.rodata.gVISION_UARTConfig)
                  00005834    00000009     h3_ball_control.o (.rodata.str1.10153115017827215444.1)
                  0000583d    00000009     libc.a : _scanfi.c.obj (.rodata.str1.12964984209033246150.1)
                  00005846    00000009     h3_ball_control.o (.rodata.str1.7577149768182804784.1)
                  0000584f    00000001     --HOLE-- [fill = 0]
                  00005850    00000008     libc.a : _scanfi.c.obj (.rodata..L__const._sproc_float.special)
                  00005858    00000008     ti_msp_dl_config.o (.rodata.gPWM_LEFTConfig)
                  00005860    00000008     ti_msp_dl_config.o (.rodata.gPWM_RIGHTConfig)
                  00005868    00000008     h3_ball_control.o (.rodata.str1.10557231840400332371.1)
                  00005870    00000008     h3_ball_control.o (.rodata.str1.1126359134911944296.1)
                  00005878    00000008     h3_ball_control.o (.rodata.str1.13141150544294324688.1)
                  00005880    00000008     h3_ball_control.o (.rodata.str1.8518641162528035037.1)
                  00005888    00000007     libc.a : _scanfi.c.obj (.rodata._sproc_int.flit)
                  0000588f    00000006            : _scanfi.c.obj (.rodata._sproc_int.barr)
                  00005895    00000006     h3_ball_control.o (.rodata.str1.5543627561405077967.1)
                  0000589b    00000006     h3_ball_control.o (.rodata.str1.8801625546549058199.1)
                  000058a1    00000004     libc.a : _scanfi.c.obj (.rodata.str1.3403580589742030990.1)
                  000058a5    00000003     ti_msp_dl_config.o (.rodata.gPWM_LEFTClockConfig)
                  000058a8    00000003     ti_msp_dl_config.o (.rodata.gPWM_RIGHTClockConfig)
                  000058ab    00000002     ti_msp_dl_config.o (.rodata.gDEBUG_UARTClockConfig)
                  000058ad    00000002     ti_msp_dl_config.o (.rodata.gI2C_DISPLAYClockConfig)
                  000058af    00000002     ti_msp_dl_config.o (.rodata.gVISION_UARTClockConfig)
                  000058b1    0000000f     --HOLE-- [fill = 0]

.init_array 
*          0    00000000    00000000     UNINITIALIZED

.binit     0    00000000    00000000     

.bss       0    20200000    000006fd     UNINITIALIZED
                  20200000    00000400     ssd1306.o (.bss.g_frame)
                  20200400    000000bc     (.common:gCONTROL_TIMERBackup)
                  202004bc    000000bc     (.common:gPWM_RIGHTBackup)
                  20200578    00000080     h3_vision.o (.bss.g_rx_buffer)
                  202005f8    00000040     h3_vision.o (.bss.g_line)
                  20200638    00000030     h3_vision.o (.bss.g_sample)
                  20200668    00000020     motor_encoder.o (.bss.g_motor)
                  20200688    00000010     zdt_stepper.o (.bss.g_rx_frame)
                  20200698    00000010     zdt_stepper.o (.bss.g_status)
                  202006a8    00000004     h3_ball_control.o (.bss.g_finish_elapsed_ms)
                  202006ac    00000004     h3_ball_control.o (.bss.g_integral_mm_s)
                  202006b0    00000004     h3_ball_control.o (.bss.g_last_command_angle_deg)
                  202006b4    00000004     h3_ball_control.o (.bss.g_last_command_ms)
                  202006b8    00000004     h3_ball_control.o (.bss.g_last_key_ms)
                  202006bc    00000004     motor_encoder.o (.bss.g_last_left_count)
                  202006c0    00000004     h3_ball_control.o (.bss.g_last_oled_page_ms)
                  202006c4    00000004     motor_encoder.o (.bss.g_last_right_count)
                  202006c8    00000004     h3_ball_control.o (.bss.g_last_ui_ms)
                  202006cc    00000004     motor_encoder.o (.bss.g_left_count)
                  202006d0    00000004     motor_encoder.o (.bss.g_left_integral)
                  202006d4    00000004     h3_ball_control.o (.bss.g_millis)
                  202006d8    00000004     h3_ball_control.o (.bss.g_positive_reached_ms)
                  202006dc    00000004     motor_encoder.o (.bss.g_right_count)
                  202006e0    00000004     motor_encoder.o (.bss.g_right_integral)
                  202006e4    00000004     h3_ball_control.o (.bss.g_run_start_ms)
                  202006e8    00000004     h3_ball_control.o (.bss.g_stable_start_ms)
                  202006ec    00000004     h3_ball_control.o (.bss.g_target_mm)
                  202006f0    00000002     h3_vision.o (.bss.g_rx_head)
                  202006f2    00000002     h3_vision.o (.bss.g_rx_tail)
                  202006f4    00000001     ssd1306.o (.bss.g_address)
                  202006f5    00000001     h3_vision.o (.bss.g_line_length)
                  202006f6    00000001     h3_vision.o (.bss.g_new_sample)
                  202006f7    00000001     h3_ball_control.o (.bss.g_oled_present)
                  202006f8    00000001     ssd1306.o (.bss.g_present)
                  202006f9    00000001     ssd1306.o (.bss.g_refresh_page)
                  202006fa    00000001     zdt_stepper.o (.bss.g_rx_length)
                  202006fb    00000001     h3_ball_control.o (.bss.g_start_key_event)
                  202006fc    00000001     h3_ball_control.o (.bss.g_state)

.data      0    20200700    00000004     UNINITIALIZED
                  20200700    00000004     libc.a : aeabi_portable.c.obj (.data.__aeabi_errno)

.stack     0    20207e00    00000200     UNINITIALIZED
                  20207e00    00000004     libc.a : boot_cortex_m.c.obj (.stack)
                  20207e04    000001fc     --HOLE--

__llvm_prf_cnts 
*          0    20200000    00000000     UNINITIALIZED

__llvm_prf_bits 
*          0    20200000    00000000     UNINITIALIZED

MODULE SUMMARY

       Module                         code    ro data   rw data
       ------                         ----    -------   -------
    .\
       ti_msp_dl_config.o             2456    71        376    
       main.o                         518     0         0      
       startup_mspm0g350x_ticlang.o   8       192       0      
    +--+------------------------------+-------+---------+---------+
       Total:                         2982    263       376    
                                                               
    .\src\
       h3_ball_control.o              2556    143       51     
       ssd1306.o                      1192    235       1027   
       h3_vision.o                    864     17        246    
       zdt_stepper.o                  566     0         33     
       i2c_bus.o                      524     0         0      
       motor_encoder.o                398     0         56     
    +--+------------------------------+-------+---------+---------+
       Total:                         6100    395       1413   
                                                               
    F:/ti/mspm0_sdk_2_10_00_04/source/ti/driverlib/lib/ticlang/m0p/mspm0g1x0x_g3x0x/driverlib.a
       dl_timer.o                     608     0         0      
       dl_i2c.o                       240     0         0      
       dl_uart.o                      118     0         0      
       dl_common.o                    10      0         0      
    +--+------------------------------+-------+---------+---------+
       Total:                         976     0         0      
                                                               
    F:\ti\ccs2051\ccs\tools\compiler\ti-cgt-armllvm_4.0.4.LTS\lib\armv6m-ti-none-eabi/c/libc.a
       _scanfi.c.obj                  3092    34        0      
       _printfi.c.obj                 2166    34        0      
       strtod.c.obj                   968     200       0      
       strtoll.c.obj                  480     0         0      
       strtoull.c.obj                 364     0         0      
       strtol.c.obj                   324     0         0      
       strtoul.c.obj                  300     0         0      
       aeabi_ctype.S.obj              0       257       0      
       s_scalbn.c.obj                 216     0         0      
       sscanf.c.obj                   192     0         0      
       snprintf.c.obj                 148     0         0      
       copy_decompress_lzss.c.obj     124     0         0      
       atoi.c.obj                     64      0         0      
       autoinit.c.obj                 60      0         0      
       boot_cortex_m.c.obj            40      0         0      
       memccpy.c.obj                  34      0         0      
       copy_decompress_none.c.obj     18      0         0      
       memcpy16.S.obj                 18      0         0      
       copy_zero_init.c.obj           16      0         0      
       wcslen.c.obj                   16      0         0      
       memset16.S.obj                 14      0         0      
       aeabi_portable.c.obj           8       0         4      
       exit.c.obj                     6       0         0      
       pre_init.c.obj                 4       0         0      
    +--+------------------------------+-------+---------+---------+
       Total:                         8672    525       4      
                                                               
    F:\ti\ccs2051\ccs\tools\compiler\ti-cgt-armllvm_4.0.4.LTS\lib\armv6m-ti-none-eabi/c/libsysbm.a
       hostexit.c.obj                 4       0         0      
    +--+------------------------------+-------+---------+---------+
       Total:                         4       0         0      
                                                               
    F:\ti\ccs2051\ccs\tools\compiler\ti-cgt-armllvm_4.0.4.LTS\lib\armv6m-ti-none-eabi/libclang_rt.builtins.a
       adddf3.S.obj                   402     0         0      
       divdf3.S.obj                   268     0         0      
       muldf3.S.obj                   228     0         0      
       comparedf2.c.obj               220     0         0      
       addsf3.S.obj                   216     0         0      
       udivmoddi4.S.obj               162     0         0      
       mulsf3.S.obj                   140     0         0      
       divsf3.S.obj                   130     0         0      
       comparesf2.S.obj               118     0         0      
       truncdfsf2.S.obj               116     0         0      
       aeabi_dcmp.S.obj               114     0         0      
       aeabi_fcmp.S.obj               98      0         0      
       aeabi_idivmod.S.obj            86      0         0      
       aeabi_uidivmod.S.obj           64      0         0      
       floatsisf.S.obj                60      0         0      
       muldsi3.S.obj                  58      0         0      
       fixsfsi.S.obj                  56      0         0      
       fixunssfsi.S.obj               50      0         0      
       floatunsisf.S.obj              40      0         0      
       muldi3.S.obj                   36      0         0      
       ashldi3.S.obj                  30      0         0      
       aeabi_memset.S.obj             26      0         0      
       aeabi_uldivmod.S.obj           20      0         0      
       aeabi_memcpy.S.obj             8       0         0      
       aeabi_div0.c.obj               4       0         0      
    +--+------------------------------+-------+---------+---------+
       Total:                         2750    0         0      
                                                               
       Stack:                         0       0         512    
       Linker Generated:              0       43        0      
    +--+------------------------------+-------+---------+---------+
       Grand Total:                   21484   1226      2305   


LINKER GENERATED COPY TABLES

__TI_cinit_table @ 000058dc records: 2, size/record: 8, table size: 16
	.bss: load addr=000058cc, load size=00000008 bytes, run addr=20200000, run size=000006fd bytes, compression=zero_init
	.data: load addr=000058d4, load size=00000007 bytes, run addr=20200700, run size=00000004 bytes, compression=lzss


LINKER GENERATED HANDLER TABLE

__TI_handler_table @ 000058c0 records: 3, size/record: 4, table size: 12
	index: 0, handler: __TI_decompress_lzss
	index: 1, handler: __TI_decompress_none
	index: 2, handler: __TI_zero_init


FAR CALL TRAMPOLINES

callee name               trampoline name
   callee addr  tramp addr   call addr  call info
--------------  -----------  ---------  ----------------
__aeabi_dcmpeq            $Tramp$TT$L$PI$$__aeabi_dcmpeq
   00003f81     00005478     00005474   libc.a : strtod.c.obj (.text.OUTLINED_FUNCTION_1)

[1 trampolines]
[1 trampoline calls]


GLOBAL SYMBOLS: SORTED ALPHABETICALLY BY Name 

address   name                            
-------   ----                            
000054bd  ADC0_IRQHandler                 
000054bd  ADC1_IRQHandler                 
000054bd  AES_IRQHandler                  
000054c0  C$$EXIT                         
000054bd  CANFD0_IRQHandler               
000054bd  DAC0_IRQHandler                 
00005455  DL_Common_delayCycles           
000040a9  DL_I2C_fillControllerTXFIFO     
00004a65  DL_I2C_flushControllerRXFIFO    
0000473d  DL_I2C_flushControllerTXFIFO    
00004d4b  DL_I2C_setClockConfig           
00002b65  DL_Timer_initFourCCPWMMode      
00002c69  DL_Timer_initTimerMode          
00004f5d  DL_Timer_setCaptCompUpdateMethod
00005155  DL_Timer_setCaptureCompareOutCtl
000053a5  DL_Timer_setCaptureCompareValue 
00004f79  DL_Timer_setClockConfig         
000044dd  DL_UART_init                    
0000535f  DL_UART_setClockConfig          
00004fcd  DL_UART_transmitDataCheck       
000054bd  DMA_IRQHandler                  
000054bd  Default_Handler                 
000054bd  GROUP0_IRQHandler               
00004b85  GROUP1_IRQHandler               
000054c1  HOSTexit                        
000054bd  HardFault_Handler               
000054bd  I2C0_IRQHandler                 
000054bd  I2C1_IRQHandler                 
000054bd  NMI_Handler                     
000054bd  PendSV_Handler                  
000054bd  RTC_IRQHandler                  
000054c5  Reset_Handler                   
000054bd  SPI0_IRQHandler                 
000054bd  SPI1_IRQHandler                 
000054bd  SVC_Handler                     
000049c9  SYSCFG_DL_CONTROL_TIMER_init    
00004525  SYSCFG_DL_DEBUG_UART_init       
00001c5d  SYSCFG_DL_GPIO_init             
00004165  SYSCFG_DL_I2C_DISPLAY_init      
00003eb9  SYSCFG_DL_PWM_LEFT_init         
00003f1d  SYSCFG_DL_PWM_RIGHT_init        
00004db9  SYSCFG_DL_SYSCTL_init           
0000456d  SYSCFG_DL_VISION_UART_init      
000047b5  SYSCFG_DL_init                  
00003659  SYSCFG_DL_initPower             
000054bd  SysTick_Handler                 
000054bd  TIMA0_IRQHandler                
00004fe9  TIMA1_IRQHandler                
000054bd  TIMG0_IRQHandler                
000054bd  TIMG12_IRQHandler               
000054bd  TIMG6_IRQHandler                
000054bd  TIMG7_IRQHandler                
000054bd  TIMG8_IRQHandler                
00005371  TI_memcpy_small                 
0000542d  TI_memset_small                 
00004a95  UART0_IRQHandler                
00004ac5  UART1_IRQHandler                
000054bd  UART2_IRQHandler                
000054bd  UART3_IRQHandler                
20208000  __STACK_END                     
00000200  __STACK_SIZE                    
00000000  __TI_ATRegion0_region_sz        
00000000  __TI_ATRegion0_src_addr         
00000000  __TI_ATRegion0_trg_addr         
00000000  __TI_ATRegion1_region_sz        
00000000  __TI_ATRegion1_src_addr         
00000000  __TI_ATRegion1_trg_addr         
00000000  __TI_ATRegion2_region_sz        
00000000  __TI_ATRegion2_src_addr         
00000000  __TI_ATRegion2_trg_addr         
000058dc  __TI_CINIT_Base                 
000058ec  __TI_CINIT_Limit                
000058ec  __TI_CINIT_Warm                 
000058c0  __TI_Handler_Table_Base         
000058cc  __TI_Handler_Table_Limit        
000048a5  __TI_auto_init_nobinit_nopinit  
00003c05  __TI_decompress_lzss            
00005383  __TI_decompress_none            
ffffffff  __TI_pprof_out_hndl             
00000c9d  __TI_printfi_nofloat            
ffffffff  __TI_prof_data_size             
ffffffff  __TI_prof_data_start            
000000c1  __TI_scanfi                     
00000000  __TI_static_base__              
000053d5  __TI_zero_init                  
00001fc3  __adddf3                        
000031fb  __addsf3                        
000054d0  __aeabi_ctype_table_            
000054d0  __aeabi_ctype_table_C           
00003d01  __aeabi_d2f                     
00001fc3  __aeabi_dadd                    
00003f81  __aeabi_dcmpeq                  
00003fbd  __aeabi_dcmpge                  
00003fd1  __aeabi_dcmpgt                  
00003fa9  __aeabi_dcmple                  
00003f95  __aeabi_dcmplt                  
00002a59  __aeabi_ddiv                    
00003035  __aeabi_dmul                    
00001fb9  __aeabi_dsub                    
20200700  __aeabi_errno                   
00005489  __aeabi_errno_addr              
00004959  __aeabi_f2iz                    
00004a31  __aeabi_f2uiz                   
000031fb  __aeabi_fadd                    
00003fe5  __aeabi_fcmpeq                  
00004021  __aeabi_fcmpge                  
00004035  __aeabi_fcmpgt                  
0000400d  __aeabi_fcmple                  
00003ff9  __aeabi_fcmplt                  
00003b01  __aeabi_fdiv                    
00003965  __aeabi_fmul                    
000031f1  __aeabi_fsub                    
000047f1  __aeabi_i2f                     
00004215  __aeabi_idiv                    
0000214b  __aeabi_idiv0                   
00004215  __aeabi_idivmod                 
00003657  __aeabi_ldiv0                   
00004e5d  __aeabi_llsl                    
00004d71  __aeabi_lmul                    
00003cf5  __aeabi_memclr                  
00003cf5  __aeabi_memclr4                 
00003cf5  __aeabi_memclr8                 
00005491  __aeabi_memcpy                  
00005491  __aeabi_memcpy4                 
00005491  __aeabi_memcpy8                 
00005411  __aeabi_memset                  
00005411  __aeabi_memset4                 
00005411  __aeabi_memset8                 
00004cd5  __aeabi_ui2f                    
00004641  __aeabi_uidiv                   
00004641  __aeabi_uidivmod                
000052c5  __aeabi_uldivmod                
00004e5d  __ashldi3                       
ffffffff  __binit__                       
00003de9  __cmpdf2                        
000048e1  __cmpsf2                        
00002a59  __divdf3                        
00003b01  __divsf3                        
00003de9  __eqdf2                         
000048e1  __eqsf2                         
00004959  __fixsfsi                       
00004a31  __fixunssfsi                    
000047f1  __floatsisf                     
00004cd5  __floatunsisf                   
00003c81  __gedf2                         
0000482d  __gesf2                         
00003c81  __gtdf2                         
0000482d  __gtsf2                         
00003de9  __ledf2                         
000048e1  __lesf2                         
00003de9  __ltdf2                         
000048e1  __ltsf2                         
UNDEFED   __mpu_init                      
00003035  __muldf3                        
00004d71  __muldi3                        
0000491d  __muldsi3                       
00003965  __mulsf3                        
00003de9  __nedf2                         
000048e1  __nesf2                         
20207e00  __stack                         
20200000  __start___llvm_prf_bits         
20200000  __start___llvm_prf_cnts         
20200000  __stop___llvm_prf_bits          
20200000  __stop___llvm_prf_cnts          
00001fb9  __subdf3                        
000031f1  __subsf3                        
00003d01  __truncdfsf2                    
000035b5  __udivmoddi4                    
00004cfd  _c_int00_noargs                 
UNDEFED   _system_post_cinit              
000054c9  _system_pre_init                
000054b7  abort                           
00004681  atoi                            
ffffffff  binit                           
20200400  gCONTROL_TIMERBackup            
202004bc  gPWM_RIGHTBackup                
00003459  h3_ball_control_init            
00002429  h3_ball_control_process         
0000543d  h3_ball_control_start_key_isr   
000053b5  h3_ball_control_tick_1ms_isr    
000052ed  h3_ball_control_vision_rx_isr   
00005301  h3_ball_control_zdt_rx_isr      
000054a1  h3_vision_get                   
000045b5  h3_vision_init                  
00003511  h3_vision_process               
000041bd  h3_vision_rx_byte_isr           
00004e1d  h3_vision_take_new_sample       
000036f9  i2c_bus_write                   
00000000  interruptVectors                
00003119  ldexp                           
00003119  ldexpl                          
0000426d  main                            
00004ddb  memccpy                         
00004869  motor_coast                     
00004049  motor_init                      
00004991  motor_set_targets               
00003119  scalbn                          
00003119  scalbnl                         
000043f9  snprintf                        
00004b25  sscanf                          
00005315  ssd1306_clear                   
000032c9  ssd1306_draw_text               
00002931  ssd1306_init                    
00002d65  ssd1306_refresh_next_page       
00001505  strtod                          
00002585  strtol                          
00001505  strtold                         
000018bd  strtoll                         
00002805  strtoul                         
000022bd  strtoull                        
000053c5  wcslen                          
00004b55  zdt_stepper_enable              
000054a9  zdt_stepper_get_status          
00004109  zdt_stepper_init                
000038d1  zdt_stepper_move_absolute_deg   
00003a7d  zdt_stepper_rx_byte_isr         


GLOBAL SYMBOLS: SORTED BY Symbol Address 

address   name                            
-------   ----                            
00000000  __TI_ATRegion0_region_sz        
00000000  __TI_ATRegion0_src_addr         
00000000  __TI_ATRegion0_trg_addr         
00000000  __TI_ATRegion1_region_sz        
00000000  __TI_ATRegion1_src_addr         
00000000  __TI_ATRegion1_trg_addr         
00000000  __TI_ATRegion2_region_sz        
00000000  __TI_ATRegion2_src_addr         
00000000  __TI_ATRegion2_trg_addr         
00000000  __TI_static_base__              
00000000  interruptVectors                
000000c1  __TI_scanfi                     
00000200  __STACK_SIZE                    
00000c9d  __TI_printfi_nofloat            
00001505  strtod                          
00001505  strtold                         
000018bd  strtoll                         
00001c5d  SYSCFG_DL_GPIO_init             
00001fb9  __aeabi_dsub                    
00001fb9  __subdf3                        
00001fc3  __adddf3                        
00001fc3  __aeabi_dadd                    
0000214b  __aeabi_idiv0                   
000022bd  strtoull                        
00002429  h3_ball_control_process         
00002585  strtol                          
00002805  strtoul                         
00002931  ssd1306_init                    
00002a59  __aeabi_ddiv                    
00002a59  __divdf3                        
00002b65  DL_Timer_initFourCCPWMMode      
00002c69  DL_Timer_initTimerMode          
00002d65  ssd1306_refresh_next_page       
00003035  __aeabi_dmul                    
00003035  __muldf3                        
00003119  ldexp                           
00003119  ldexpl                          
00003119  scalbn                          
00003119  scalbnl                         
000031f1  __aeabi_fsub                    
000031f1  __subsf3                        
000031fb  __addsf3                        
000031fb  __aeabi_fadd                    
000032c9  ssd1306_draw_text               
00003459  h3_ball_control_init            
00003511  h3_vision_process               
000035b5  __udivmoddi4                    
00003657  __aeabi_ldiv0                   
00003659  SYSCFG_DL_initPower             
000036f9  i2c_bus_write                   
000038d1  zdt_stepper_move_absolute_deg   
00003965  __aeabi_fmul                    
00003965  __mulsf3                        
00003a7d  zdt_stepper_rx_byte_isr         
00003b01  __aeabi_fdiv                    
00003b01  __divsf3                        
00003c05  __TI_decompress_lzss            
00003c81  __gedf2                         
00003c81  __gtdf2                         
00003cf5  __aeabi_memclr                  
00003cf5  __aeabi_memclr4                 
00003cf5  __aeabi_memclr8                 
00003d01  __aeabi_d2f                     
00003d01  __truncdfsf2                    
00003de9  __cmpdf2                        
00003de9  __eqdf2                         
00003de9  __ledf2                         
00003de9  __ltdf2                         
00003de9  __nedf2                         
00003eb9  SYSCFG_DL_PWM_LEFT_init         
00003f1d  SYSCFG_DL_PWM_RIGHT_init        
00003f81  __aeabi_dcmpeq                  
00003f95  __aeabi_dcmplt                  
00003fa9  __aeabi_dcmple                  
00003fbd  __aeabi_dcmpge                  
00003fd1  __aeabi_dcmpgt                  
00003fe5  __aeabi_fcmpeq                  
00003ff9  __aeabi_fcmplt                  
0000400d  __aeabi_fcmple                  
00004021  __aeabi_fcmpge                  
00004035  __aeabi_fcmpgt                  
00004049  motor_init                      
000040a9  DL_I2C_fillControllerTXFIFO     
00004109  zdt_stepper_init                
00004165  SYSCFG_DL_I2C_DISPLAY_init      
000041bd  h3_vision_rx_byte_isr           
00004215  __aeabi_idiv                    
00004215  __aeabi_idivmod                 
0000426d  main                            
000043f9  snprintf                        
000044dd  DL_UART_init                    
00004525  SYSCFG_DL_DEBUG_UART_init       
0000456d  SYSCFG_DL_VISION_UART_init      
000045b5  h3_vision_init                  
00004641  __aeabi_uidiv                   
00004641  __aeabi_uidivmod                
00004681  atoi                            
0000473d  DL_I2C_flushControllerTXFIFO    
000047b5  SYSCFG_DL_init                  
000047f1  __aeabi_i2f                     
000047f1  __floatsisf                     
0000482d  __gesf2                         
0000482d  __gtsf2                         
00004869  motor_coast                     
000048a5  __TI_auto_init_nobinit_nopinit  
000048e1  __cmpsf2                        
000048e1  __eqsf2                         
000048e1  __lesf2                         
000048e1  __ltsf2                         
000048e1  __nesf2                         
0000491d  __muldsi3                       
00004959  __aeabi_f2iz                    
00004959  __fixsfsi                       
00004991  motor_set_targets               
000049c9  SYSCFG_DL_CONTROL_TIMER_init    
00004a31  __aeabi_f2uiz                   
00004a31  __fixunssfsi                    
00004a65  DL_I2C_flushControllerRXFIFO    
00004a95  UART0_IRQHandler                
00004ac5  UART1_IRQHandler                
00004b25  sscanf                          
00004b55  zdt_stepper_enable              
00004b85  GROUP1_IRQHandler               
00004cd5  __aeabi_ui2f                    
00004cd5  __floatunsisf                   
00004cfd  _c_int00_noargs                 
00004d4b  DL_I2C_setClockConfig           
00004d71  __aeabi_lmul                    
00004d71  __muldi3                        
00004db9  SYSCFG_DL_SYSCTL_init           
00004ddb  memccpy                         
00004e1d  h3_vision_take_new_sample       
00004e5d  __aeabi_llsl                    
00004e5d  __ashldi3                       
00004f5d  DL_Timer_setCaptCompUpdateMethod
00004f79  DL_Timer_setClockConfig         
00004fcd  DL_UART_transmitDataCheck       
00004fe9  TIMA1_IRQHandler                
00005155  DL_Timer_setCaptureCompareOutCtl
000052c5  __aeabi_uldivmod                
000052ed  h3_ball_control_vision_rx_isr   
00005301  h3_ball_control_zdt_rx_isr      
00005315  ssd1306_clear                   
0000535f  DL_UART_setClockConfig          
00005371  TI_memcpy_small                 
00005383  __TI_decompress_none            
000053a5  DL_Timer_setCaptureCompareValue 
000053b5  h3_ball_control_tick_1ms_isr    
000053c5  wcslen                          
000053d5  __TI_zero_init                  
00005411  __aeabi_memset                  
00005411  __aeabi_memset4                 
00005411  __aeabi_memset8                 
0000542d  TI_memset_small                 
0000543d  h3_ball_control_start_key_isr   
00005455  DL_Common_delayCycles           
00005489  __aeabi_errno_addr              
00005491  __aeabi_memcpy                  
00005491  __aeabi_memcpy4                 
00005491  __aeabi_memcpy8                 
000054a1  h3_vision_get                   
000054a9  zdt_stepper_get_status          
000054b7  abort                           
000054bd  ADC0_IRQHandler                 
000054bd  ADC1_IRQHandler                 
000054bd  AES_IRQHandler                  
000054bd  CANFD0_IRQHandler               
000054bd  DAC0_IRQHandler                 
000054bd  DMA_IRQHandler                  
000054bd  Default_Handler                 
000054bd  GROUP0_IRQHandler               
000054bd  HardFault_Handler               
000054bd  I2C0_IRQHandler                 
000054bd  I2C1_IRQHandler                 
000054bd  NMI_Handler                     
000054bd  PendSV_Handler                  
000054bd  RTC_IRQHandler                  
000054bd  SPI0_IRQHandler                 
000054bd  SPI1_IRQHandler                 
000054bd  SVC_Handler                     
000054bd  SysTick_Handler                 
000054bd  TIMA0_IRQHandler                
000054bd  TIMG0_IRQHandler                
000054bd  TIMG12_IRQHandler               
000054bd  TIMG6_IRQHandler                
000054bd  TIMG7_IRQHandler                
000054bd  TIMG8_IRQHandler                
000054bd  UART2_IRQHandler                
000054bd  UART3_IRQHandler                
000054c0  C$$EXIT                         
000054c1  HOSTexit                        
000054c5  Reset_Handler                   
000054c9  _system_pre_init                
000054d0  __aeabi_ctype_table_            
000054d0  __aeabi_ctype_table_C           
000058c0  __TI_Handler_Table_Base         
000058cc  __TI_Handler_Table_Limit        
000058dc  __TI_CINIT_Base                 
000058ec  __TI_CINIT_Limit                
000058ec  __TI_CINIT_Warm                 
20200000  __start___llvm_prf_bits         
20200000  __start___llvm_prf_cnts         
20200000  __stop___llvm_prf_bits          
20200000  __stop___llvm_prf_cnts          
20200400  gCONTROL_TIMERBackup            
202004bc  gPWM_RIGHTBackup                
20200700  __aeabi_errno                   
20207e00  __stack                         
20208000  __STACK_END                     
ffffffff  __TI_pprof_out_hndl             
ffffffff  __TI_prof_data_size             
ffffffff  __TI_prof_data_start            
ffffffff  __binit__                       
ffffffff  binit                           
UNDEFED   __mpu_init                      
UNDEFED   _system_post_cinit              

[216 symbols]
