******************************************************************************
            TI ARM Clang Linker PC v4.0.4                      
******************************************************************************
>> Linked Sat Aug  1 19:17:27 2026

OUTPUT FILE NAME:   <H2_LineCar_CCS.out>
ENTRY POINT SYMBOL: "_c_int00_noargs"  address: 00004be5


MEMORY CONFIGURATION

         name            origin    length      used     unused   attr    fill
----------------------  --------  ---------  --------  --------  ----  --------
  FLASH                 00000000   00020000  000058a0  0001a760  R  X
  SRAM                  20200000   00008000  00000971  0000768f  RW X
  BCR_CONFIG            41c00000   000000ff  00000000  000000ff  R   
  BSL_CONFIG            41c00100   00000080  00000000  00000080  R   


SEGMENT ALLOCATION MAP

run origin  load origin   length   init length attrs members
----------  ----------- ---------- ----------- ----- -------
00000000    00000000    000058a0   000058a0    r-x
  00000000    00000000    000000c0   000000c0    r-- .intvecs
  000000c0    000000c0    00005380   00005380    r-x .text
  00005440    00005440    00000430   00000430    r-- .rodata
  00005870    00005870    00000030   00000030    r-- .cinit
20200000    20200000    00000772   00000000    rw-
  20200000    20200000    0000076b   00000000    rw- .bss
  2020076c    2020076c    00000006   00000000    rw- .data
20207e00    20207e00    00000200   00000000    rw-
  20207e00    20207e00    00000200   00000000    rw- .stack


SECTION ALLOCATION MAP

 output                                  attributes/
section   page    origin      length       input sections
--------  ----  ----------  ----------   ----------------
.intvecs   0    00000000    000000c0     
                  00000000    000000c0     startup_mspm0g350x_ticlang.o (.intvecs)

.text      0    000000c0    00005380     
                  000000c0    00000868     libc.a : _printfi.c.obj (.text:__TI_printfi_nofloat)
                  00000928    00000258     app.o (.text.run_control_5ms)
                  00000b80    00000208     h3_ball_control.o (.text.update_ui)
                  00000d88    000001cc     ti_msp_dl_config.o (.text.SYSCFG_DL_GPIO_init)
                  00000f54    000001ae     h3_vision.o (.text.parse_decimal_i32)
                  00001102    00000002     libclang_rt.builtins.a : aeabi_div0.c.obj (.text.__aeabi_idiv0)
                  00001104    000001a4     app.o (.text.update_ui)
                  000012a8    00000178     app.o (.text.app_process)
                  00001420    00000178     h3_vision.o (.text.commit_frame)
                  00001598    00000174     h3_ball_control.o (.text.h3_ball_control_process)
                  0000170c    00000170     ssd1306.o (.text.ssd1306_draw_text_2x)
                  0000187c    00000170     h3_ball_control.o (.text.update_motion_state)
                  000019ec    0000016c     line_sensor.o (.text.line_sensor_read)
                  00001b58    00000148     h3_ball_control.o (.text.run_outer_loop)
                  00001ca0    00000134     h3_vision.o (.text.h3_vision_process)
                  00001dd4    00000128     main.o (.text.main)
                  00001efc    00000128     ssd1306.o (.text.ssd1306_init)
                  00002024    00000104     driverlib.a : dl_timer.o (.text.DL_Timer_initFourCCPWMMode)
                  00002128    000000fc                 : dl_timer.o (.text.DL_Timer_initTimerMode)
                  00002224    000000f8     ssd1306.o (.text.ssd1306_refresh_next_page)
                  0000231c    000000f0     h3_ball_control.o (.text.send_motor_angle)
                  0000240c    000000ec     h3_vision.o (.text.parse_legacy_line)
                  000024f8    000000e8     ssd1306.o (.text.glyph_index)
                  000025e0    000000e8     main.o (.text.poll_keys_1ms_isr)
                  000026c8    000000e2     h3_vision.o (.text.parse_u32)
                  000027aa    00000002     libclang_rt.builtins.a : aeabi_div0.c.obj (.text.__aeabi_ldiv0)
                  000027ac    000000e0     app.o (.text.app_init)
                  0000288c    000000d8     app.o (.text.state_text)
                  00002964    000000d8     libclang_rt.builtins.a : addsf3.S.obj (.text)
                  00002a3c    000000cc     ssd1306.o (.text.ssd1306_draw_text)
                  00002b08    000000c4     h3_ball_control.o (.text.h3_ball_control_init)
                  00002bcc    000000c0     main.o (.text.select_or_trigger_mode)
                  00002c8c    000000b4     motor_encoder.o (.text.motor_speed_control_10ms)
                  00002d40    000000a8     motor_encoder.o (.text.speed_pi)
                  00002de8    000000a4     app.o (.text.start_run)
                  00002e8c    000000a2     libclang_rt.builtins.a : udivmoddi4.S.obj (.text)
                  00002f2e    00000002     --HOLE-- [fill = 0]
                  00002f30    000000a0     ti_msp_dl_config.o (.text.SYSCFG_DL_initPower)
                  00002fd0    000000a0     h3_ball_control.o (.text.handle_key)
                  00003070    000000a0     i2c_bus.o (.text.i2c_bus_write)
                  00003110    0000009c     h3_ball_control.o (.text.state_text)
                  000031ac    0000009c     ssd1306.o (.text.write_commands)
                  00003248    0000009a     h3_vision.o (.text.parse_i32)
                  000032e2    00000002     --HOLE-- [fill = 0]
                  000032e4    00000098     h3_vision.o (.text.inside_legacy_checksum)
                  0000337c    00000098     h3_vision.o (.text.parse_line)
                  00003414    00000094     main.o (.text.draw_mode_menu)
                  000034a8    00000094     zdt_stepper.o (.text.zdt_stepper_move_absolute_deg)
                  0000353c    0000008c     libclang_rt.builtins.a : mulsf3.S.obj (.text.__mulsf3)
                  000035c8    00000084     zdt_stepper.o (.text.zdt_stepper_rx_byte_isr)
                  0000364c    00000082     libclang_rt.builtins.a : divsf3.S.obj (.text.__divsf3)
                  000036ce    00000002     --HOLE-- [fill = 0]
                  000036d0    00000080     i2c_bus.o (.text.finish_transfer)
                  00003750    00000080     app.o (.text.handle_key)
                  000037d0    00000080     h3_vision.o (.text.skip_field)
                  00003850    0000007e     h3_vision.o (.text.parse_standard_line)
                  000038ce    00000002     --HOLE-- [fill = 0]
                  000038d0    0000007c     libc.a : copy_decompress_lzss.c.obj (.text:decompress:lzss)
                  0000394c    00000078     h3_ball_control.o (.text.send_camera_ack)
                  000039c4    00000070     main.o (.text.read_pressed_keys)
                  00003a34    00000068     motor_encoder.o (.text.set_pwm)
                  00003a9c    00000064     ti_msp_dl_config.o (.text.SYSCFG_DL_PWM_LEFT_init)
                  00003b00    00000064     ti_msp_dl_config.o (.text.SYSCFG_DL_PWM_RIGHT_init)
                  00003b64    00000064     motor_encoder.o (.text.motor_encoder_right_edge_isr)
                  00003bc8    00000062     libclang_rt.builtins.a : aeabi_fcmp.S.obj (.text.__aeabi_fcmp)
                  00003c2a    00000002     --HOLE-- [fill = 0]
                  00003c2c    00000060     h3_vision.o (.text.h3_vision_rx_byte_isr)
                  00003c8c    00000060     motor_encoder.o (.text.motor_encoder_left_edge_isr)
                  00003cec    00000060     motor_encoder.o (.text.motor_init)
                  00003d4c    00000060     app.o (.text.travelled_distance_mm)
                  00003dac    0000005e     driverlib.a : dl_i2c.o (.text.DL_I2C_fillControllerTXFIFO)
                  00003e0a    00000002     --HOLE-- [fill = 0]
                  00003e0c    0000005c     zdt_stepper.o (.text.zdt_stepper_init)
                  00003e68    00000058     ti_msp_dl_config.o (.text.SYSCFG_DL_I2C_DISPLAY_init)
                  00003ec0    00000058     motor_encoder.o (.text.motor_prepare_run)
                  00003f18    00000058     zdt_stepper.o (.text.send_frame)
                  00003f70    00000056     libclang_rt.builtins.a : aeabi_idivmod.S.obj (.text.__aeabi_idivmod)
                  00003fc6    00000002     --HOLE-- [fill = 0]
                  00003fc8    00000050     ti_msp_dl_config.o (.text.DL_GPIO_initPeripheralInputFunctionFeatures)
                  00004018    00000050     i2c_bus.o (.text.DL_I2C_startControllerTransfer)
                  00004068    0000004c     ti_msp_dl_config.o (.text.DL_GPIO_initDigitalInputFeatures)
                  000040b4    0000004c     ti_msp_dl_config.o (.text.DL_UART_setBaudRateDivisor)
                  00004100    0000004c     ti_msp_dl_config.o (.text.SYSCFG_DL_VISION_UART_init)
                  0000414c    0000004c     h3_vision.o (.text.h3_vision_init)
                  00004198    0000004c     libc.a : snprintf.c.obj (.text.snprintf)
                  000041e4    0000004c     h3_ball_control.o (.text.start_run)
                  00004230    0000004c     i2c_bus.o (.text.wait_idle)
                  0000427c    00000048     driverlib.a : dl_uart.o (.text.DL_UART_init)
                  000042c4    00000048     ti_msp_dl_config.o (.text.SYSCFG_DL_DEBUG_UART_init)
                  0000430c    00000048     main.o (.text.dispatch_key_debounced)
                  00004354    00000048     app.o (.text.stop_with_state)
                  0000439c    00000044     main.o (.text.GROUP1_IRQHandler)
                  000043e0    00000044     main.o (.text.vision_uart_start_clean)
                  00004424    00000042     h3_ball_control.o (.text.vision_is_recent)
                  00004466    00000002     --HOLE-- [fill = 0]
                  00004468    00000040     libclang_rt.builtins.a : aeabi_uidivmod.S.obj (.text.__aeabi_uidivmod)
                  000044a8    00000040     libc.a : atoi.c.obj (.text.atoi)
                  000044e8    00000040     main.o (.text.start_selected_mode)
                  00004528    0000003e     app.o (.text.clampf)
                  00004566    0000003e     h3_ball_control.o (.text.clampf)
                  000045a4    0000003e     motor_encoder.o (.text.clampf)
                  000045e2    00000002     --HOLE-- [fill = 0]
                  000045e4    0000003c     driverlib.a : dl_i2c.o (.text.DL_I2C_flushControllerTXFIFO)
                  00004620    0000003c     ti_msp_dl_config.o (.text.DL_Timer_setCounterControl)
                  0000465c    0000003c     ti_msp_dl_config.o (.text.SYSCFG_DL_init)
                  00004698    0000003c     libclang_rt.builtins.a : floatsisf.S.obj (.text.__floatsisf)
                  000046d4    0000003c                            : comparesf2.S.obj (.text.__gtsf2)
                  00004710    0000003c     motor_encoder.o (.text.motor_active_brake)
                  0000474c    0000003c     motor_encoder.o (.text.motor_coast)
                  00004788    0000003c     libc.a : autoinit.c.obj (.text:__TI_auto_init_nobinit_nopinit)
                  000047c4    0000003a     libclang_rt.builtins.a : comparesf2.S.obj (.text.__eqsf2)
                  000047fe    00000002     --HOLE-- [fill = 0]
                  00004800    0000003a                            : muldsi3.S.obj (.text.__muldsi3)
                  0000483a    00000002     --HOLE-- [fill = 0]
                  0000483c    00000038                            : fixsfsi.S.obj (.text.__fixsfsi)
                  00004874    00000038     motor_encoder.o (.text.motor_set_targets)
                  000048ac    00000034     ti_msp_dl_config.o (.text.SYSCFG_DL_CONTROL_TIMER_init)
                  000048e0    00000034     main.o (.text.__NVIC_DisableIRQ)
                  00004914    00000032     libclang_rt.builtins.a : fixunssfsi.S.obj (.text.__fixunssfsi)
                  00004946    00000002     --HOLE-- [fill = 0]
                  00004948    00000030     driverlib.a : dl_i2c.o (.text.DL_I2C_flushControllerRXFIFO)
                  00004978    00000030                 : dl_uart.o (.text.DL_UART_transmitDataBlocking)
                  000049a8    00000030     main.o (.text.TIMA1_IRQHandler)
                  000049d8    00000030     main.o (.text.UART0_IRQHandler)
                  00004a08    00000030     main.o (.text.UART1_IRQHandler)
                  00004a38    00000030     libc.a : snprintf.c.obj (.text._outs)
                  00004a68    0000002e     zdt_stepper.o (.text.zdt_stepper_enable)
                  00004a96    00000002     --HOLE-- [fill = 0]
                  00004a98    0000002c     main.o (.text.__NVIC_ClearPendingIRQ)
                  00004ac4    0000002c     main.o (.text.__NVIC_EnableIRQ)
                  00004af0    0000002c     h3_ball_control.o (.text.absf)
                  00004b1c    00000028     i2c_bus.o (.text.DL_Common_updateReg)
                  00004b44    00000028     ti_msp_dl_config.o (.text.DL_Common_updateReg)
                  00004b6c    00000028     ti_msp_dl_config.o (.text.DL_I2C_setControllerRXFIFOThreshold)
                  00004b94    00000028     ti_msp_dl_config.o (.text.DL_I2C_setControllerTXFIFOThreshold)
                  00004bbc    00000028     libclang_rt.builtins.a : floatunsisf.S.obj (.text.__floatunsisf)
                  00004be4    00000028     libc.a : boot_cortex_m.c.obj (.text:_c_int00_noargs)
                  00004c0c    00000026     ti_msp_dl_config.o (.text.DL_I2C_setAnalogGlitchFilterPulseWidth)
                  00004c32    00000026     driverlib.a : dl_i2c.o (.text.DL_I2C_setClockConfig)
                  00004c58    00000024     libclang_rt.builtins.a : muldi3.S.obj (.text.__muldi3)
                  00004c7c    00000024     motor_encoder.o (.text.set_right_direction_forward)
                  00004ca0    00000024     ssd1306.o (.text.try_init_at)
                  00004cc4    00000022     ti_msp_dl_config.o (.text.SYSCFG_DL_SYSCTL_init)
                  00004ce6    00000022     line_sensor.o (.text.is_black)
                  00004d08    00000022     libc.a : memccpy.c.obj (.text.memccpy)
                  00004d2a    00000002     --HOLE-- [fill = 0]
                  00004d2c    00000020     ti_msp_dl_config.o (.text.DL_GPIO_initPeripheralInputFunction)
                  00004d4c    00000020     app.o (.text.abs_i32)
                  00004d6c    00000020     h3_vision.o (.text.h3_vision_take_new_sample)
                  00004d8c    00000020     motor_encoder.o (.text.set_left_direction_forward)
                  00004dac    0000001e     ti_msp_dl_config.o (.text.DL_UART_setOversampling)
                  00004dca    00000002     --HOLE-- [fill = 0]
                  00004dcc    0000001e     libclang_rt.builtins.a : ashldi3.S.obj (.text.__ashldi3)
                  00004dea    00000002     --HOLE-- [fill = 0]
                  00004dec    0000001c     ti_msp_dl_config.o (.text.DL_GPIO_clearInterruptStatus)
                  00004e08    0000001c     ti_msp_dl_config.o (.text.DL_GPIO_enableHiZ)
                  00004e24    0000001c     ti_msp_dl_config.o (.text.DL_GPIO_enableInterrupt)
                  00004e40    0000001c     ti_msp_dl_config.o (.text.DL_GPIO_initPeripheralOutputFunction)
                  00004e5c    0000001c     ti_msp_dl_config.o (.text.DL_GPIO_setLowerPinsPolarity)
                  00004e78    0000001c     main.o (.text.DL_Interrupt_getPendingGroup)
                  00004e94    0000001c     ti_msp_dl_config.o (.text.DL_SYSCTL_setSYSOSCFreq)
                  00004eb0    0000001c     ti_msp_dl_config.o (.text.DL_Timer_enableInterrupt)
                  00004ecc    0000001c     driverlib.a : dl_timer.o (.text.DL_Timer_setCaptCompUpdateMethod)
                  00004ee8    0000001c                 : dl_timer.o (.text.DL_Timer_setClockConfig)
                  00004f04    0000001c     ti_msp_dl_config.o (.text.DL_UART_enableInterrupt)
                  00004f20    0000001c     main.o (.text.take_key_events)
                  00004f3c    00000018     ti_msp_dl_config.o (.text.DL_GPIO_enableOutput)
                  00004f54    00000018     ti_msp_dl_config.o (.text.DL_GPIO_enablePower)
                  00004f6c    00000018     ti_msp_dl_config.o (.text.DL_GPIO_initDigitalOutput)
                  00004f84    00000018     ti_msp_dl_config.o (.text.DL_GPIO_reset)
                  00004f9c    00000018     motor_encoder.o (.text.DL_GPIO_setPins)
                  00004fb4    00000018     ti_msp_dl_config.o (.text.DL_GPIO_setUpperPinsPolarity)
                  00004fcc    00000018     ti_msp_dl_config.o (.text.DL_I2C_enableAnalogGlitchFilter)
                  00004fe4    00000018     ti_msp_dl_config.o (.text.DL_I2C_enableController)
                  00004ffc    00000018     ti_msp_dl_config.o (.text.DL_I2C_enableControllerClockStretching)
                  00005014    00000018     ti_msp_dl_config.o (.text.DL_I2C_enablePower)
                  0000502c    00000018     ti_msp_dl_config.o (.text.DL_I2C_reset)
                  00005044    00000018     ti_msp_dl_config.o (.text.DL_I2C_setTimerPeriod)
                  0000505c    00000018     ti_msp_dl_config.o (.text.DL_SYSCTL_setBORThreshold)
                  00005074    00000018     ti_msp_dl_config.o (.text.DL_Timer_enablePower)
                  0000508c    00000018     ti_msp_dl_config.o (.text.DL_Timer_reset)
                  000050a4    00000018     driverlib.a : dl_timer.o (.text.DL_Timer_setCaptureCompareOutCtl)
                  000050bc    00000018     main.o (.text.DL_UART_clearInterruptStatus)
                  000050d4    00000018     ti_msp_dl_config.o (.text.DL_UART_enablePower)
                  000050ec    00000018     main.o (.text.DL_UART_isRXFIFOEmpty)
                  00005104    00000018     ti_msp_dl_config.o (.text.DL_UART_reset)
                  0000511c    00000018     libc.a : snprintf.c.obj (.text._outc)
                  00005134    00000016     line_sensor.o (.text.DL_GPIO_readPins)
                  0000514a    00000016     main.o (.text.DL_GPIO_readPins)
                  00005160    00000016     motor_encoder.o (.text.DL_GPIO_readPins)
                  00005176    00000016     ti_msp_dl_config.o (.text.DL_UART_enable)
                  0000518c    00000014     motor_encoder.o (.text.DL_GPIO_clearPins)
                  000051a0    00000014     ti_msp_dl_config.o (.text.DL_GPIO_clearPins)
                  000051b4    00000014     i2c_bus.o (.text.DL_I2C_getControllerStatus)
                  000051c8    00000014     i2c_bus.o (.text.DL_I2C_resetControllerTransfer)
                  000051dc    00000014     ti_msp_dl_config.o (.text.DL_I2C_resetControllerTransfer)
                  000051f0    00000014     ti_msp_dl_config.o (.text.DL_SYSCTL_disableSYSPLL)
                  00005204    00000014     ti_msp_dl_config.o (.text.DL_SYSCTL_enableMFCLK)
                  00005218    00000014     ti_msp_dl_config.o (.text.DL_Timer_enableClock)
                  0000522c    00000014     ti_msp_dl_config.o (.text.DL_Timer_setCCPDirection)
                  00005240    00000014     main.o (.text.DL_UART_receiveData)
                  00005254    00000014     libclang_rt.builtins.a : aeabi_uldivmod.S.obj (.text.__aeabi_uldivmod)
                  00005268    00000014     h3_ball_control.o (.text.h3_ball_control_vision_rx_isr)
                  0000527c    00000014     h3_ball_control.o (.text.h3_ball_control_zdt_rx_isr)
                  00005290    00000014     ssd1306.o (.text.ssd1306_clear)
                  000052a4    00000012     main.o (.text.DL_GPIO_getPendingInterrupt)
                  000052b6    00000012     main.o (.text.DL_Timer_getPendingInterrupt)
                  000052c8    00000012     driverlib.a : dl_uart.o (.text.DL_UART_setClockConfig)
                  000052da    00000012     libc.a : memcpy16.S.obj (.text:TI_memcpy_small)
                  000052ec    00000012            : copy_decompress_none.c.obj (.text:decompress:none)
                  000052fe    00000002     --HOLE-- [fill = 0]
                  00005300    00000010     ti_msp_dl_config.o (.text.DL_SYSCTL_disableHFXT)
                  00005310    00000010     driverlib.a : dl_timer.o (.text.DL_Timer_setCaptureCompareValue)
                  00005320    00000010     app.o (.text.app_tick_1ms_isr)
                  00005330    00000010     h3_ball_control.o (.text.h3_ball_control_tick_1ms_isr)
                  00005340    00000010     ssd1306.o (.text.ssd1306_is_present)
                  00005350    00000010     libc.a : wcslen.c.obj (.text.wcslen)
                  00005360    00000010            : copy_zero_init.c.obj (.text:decompress:ZI)
                  00005370    0000000e     libclang_rt.builtins.a : aeabi_memset.S.obj (.text.__aeabi_memset)
                  0000537e    0000000e     libc.a : _printfi.c.obj (.text.strlen)
                  0000538c    0000000e            : memset16.S.obj (.text:TI_memset_small)
                  0000539a    00000002     --HOLE-- [fill = 0]
                  0000539c    0000000c     libclang_rt.builtins.a : aeabi_memset.S.obj (.text.__aeabi_memclr)
                  000053a8    0000000c     app.o (.text.app_millis)
                  000053b4    0000000c     app.o (.text.app_start_key_isr)
                  000053c0    0000000c     h3_ball_control.o (.text.h3_ball_control_start_key_isr)
                  000053cc    0000000c     h3_ball_control.o (.text.h3_ball_control_vision_ready)
                  000053d8    0000000c     h3_ball_control.o (.text.h3_millis)
                  000053e4    0000000a     driverlib.a : dl_common.o (.text.DL_Common_delayCycles)
                  000053ee    00000002     --HOLE-- [fill = 0]
                  000053f0    00000008     libc.a : aeabi_portable.c.obj (.text.__aeabi_errno_addr)
                  000053f8    00000008     libclang_rt.builtins.a : aeabi_memcpy.S.obj (.text.__aeabi_memcpy)
                  00005400    00000008     h3_vision.o (.text.h3_vision_get)
                  00005408    00000008     motor_encoder.o (.text.motor_get)
                  00005410    00000008     zdt_stepper.o (.text.zdt_stepper_get_status)
                  00005418    00000006     libc.a : exit.c.obj (.text:abort)
                  0000541e    00000004     startup_mspm0g350x_ticlang.o (.text.Default_Handler)
                  00005422    00000004     libsysbm.a : hostexit.c.obj (.text.HOSTexit)
                  00005426    00000004     startup_mspm0g350x_ticlang.o (.text.Reset_Handler)
                  0000542a    00000002     --HOLE-- [fill = 0]
                  0000542c    00000010     libc.a : boot_cortex_m.c.obj (.tramp._c_int00_noargs.1)
                  0000543c    00000004            : pre_init.c.obj (.text._system_pre_init)

.cinit     0    00005870    00000030     
                  00005870    0000000c     (__TI_handler_table)
                  0000587c    00000008     (.cinit..bss.load) [load image, compression = zero_init]
                  00005884    00000007     (.cinit..data.load) [load image, compression = lzss]
                  0000588b    00000001     --HOLE-- [fill = 0]
                  0000588c    00000010     (__TI_cinit_table)
                  0000589c    00000004     --HOLE-- [fill = 0]

.rodata    0    00005440    00000430     
                  00005440    00000101     libc.a : aeabi_ctype.S.obj (.rodata:__aeabi_ctype_table_)
                  00005541    000000d2     ssd1306.o (.rodata.g_font)
                  00005613    00000019     ssd1306.o (.rodata.try_init_at.init_commands)
                  0000562c    00000014     ti_msp_dl_config.o (.rodata.gCONTROL_TIMERTimerConfig)
                  00005640    00000013     h3_ball_control.o (.rodata.str1.10557231840400332371.1)
                  00005653    00000013     h3_ball_control.o (.rodata.str1.7106409058061791663.1)
                  00005666    00000012     h3_ball_control.o (.rodata.str1.1126359134911944296.1)
                  00005678    00000011     libc.a : _printfi.c.obj (.rodata.str1.10348868589481759720.1)
                  00005689    00000011            : _printfi.c.obj (.rodata.str1.15363888844622738466.1)
                  0000569a    00000011     app.o (.rodata.str1.2606929252065540862.1)
                  000056ab    00000001     --HOLE-- [fill = 0]
                  000056ac    00000010     line_sensor.o (.rodata.line_sensor_read.weights)
                  000056bc    00000010     main.o (.rodata.str1.17100691992556644108.1)
                  000056cc    00000010     h3_ball_control.o (.rodata.str1.7577149768182804784.1)
                  000056dc    00000010     main.o (.rodata.str1.8154729771448623357.1)
                  000056ec    0000000f     h3_ball_control.o (.rodata.str1.13141150544294324688.1)
                  000056fb    0000000e     main.o (.rodata.str1.15159059442110792349.1)
                  00005709    0000000e     app.o (.rodata.str1.3543938948723267646.1)
                  00005717    0000000e     h3_ball_control.o (.rodata.str1.5334463718731916073.1)
                  00005725    0000000e     app.o (.rodata.str1.5602021903949372904.1)
                  00005733    0000000e     app.o (.rodata.str1.8682387830711593804.1)
                  00005741    0000000e     h3_ball_control.o (.rodata.str1.8801625546549058199.1)
                  0000574f    0000000d     app.o (.rodata.str1.14141965288680528547.1)
                  0000575c    0000000d     h3_ball_control.o (.rodata.str1.6320901919405435980.1)
                  00005769    0000000c     app.o (.rodata.str1.13935281678674483141.1)
                  00005775    0000000b     app.o (.rodata.str1.1944712146988729081.1)
                  00005780    0000000a     ti_msp_dl_config.o (.rodata.gDEBUG_UARTConfig)
                  0000578a    0000000a     ti_msp_dl_config.o (.rodata.gVISION_UARTConfig)
                  00005794    0000000a     app.o (.rodata.str1.10450196737795524526.1)
                  0000579e    0000000a     main.o (.rodata.str1.2846389346932560359.1)
                  000057a8    0000000a     app.o (.rodata.str1.4360399834097859481.1)
                  000057b2    00000009     h3_ball_control.o (.rodata.str1.14042360478803217214.1)
                  000057bb    00000009     h3_ball_control.o (.rodata.str1.16556530777337167717.1)
                  000057c4    00000009     main.o (.rodata.str1.18227636981041470289.1)
                  000057cd    00000003     ti_msp_dl_config.o (.rodata.gCONTROL_TIMERClockConfig)
                  000057d0    00000008     ti_msp_dl_config.o (.rodata.gPWM_LEFTConfig)
                  000057d8    00000008     ti_msp_dl_config.o (.rodata.gPWM_RIGHTConfig)
                  000057e0    00000008     h3_ball_control.o (.rodata.str1.10153115017827215444.1)
                  000057e8    00000008     h3_ball_control.o (.rodata.str1.12966144182881050767.1)
                  000057f0    00000008     app.o (.rodata.str1.2540114484728192048.1)
                  000057f8    00000008     h3_ball_control.o (.rodata.str1.5543627561405077967.1)
                  00005800    00000008     h3_ball_control.o (.rodata.str1.5788038055639424766.1)
                  00005808    00000007     app.o (.rodata.str1.12441497784875596899.1)
                  0000580f    00000007     h3_ball_control.o (.rodata.str1.14451229389811978652.1)
                  00005816    00000007     app.o (.rodata.str1.2568190970272041647.1)
                  0000581d    00000007     h3_ball_control.o (.rodata.str1.3499223319192506562.1)
                  00005824    00000006     app.o (.rodata.str1.11849843482968746561.1)
                  0000582a    00000006     app.o (.rodata.str1.11879963978103418143.1)
                  00005830    00000006     h3_ball_control.o (.rodata.str1.13132125606125582124.1)
                  00005836    00000006     h3_ball_control.o (.rodata.str1.1405161051558020165.1)
                  0000583c    00000006     app.o (.rodata.str1.7777424699149452427.1)
                  00005842    00000006     h3_ball_control.o (.rodata.str1.8518641162528035037.1)
                  00005848    00000005     app.o (.rodata.str1.1155299426122084162.1)
                  0000584d    00000005     h3_ball_control.o (.rodata.str1.16656616020101717245.1)
                  00005852    00000004     app.o (.rodata.str1.6810515665389614968.1)
                  00005856    00000003     ti_msp_dl_config.o (.rodata.gPWM_LEFTClockConfig)
                  00005859    00000003     ti_msp_dl_config.o (.rodata.gPWM_RIGHTClockConfig)
                  0000585c    00000002     ti_msp_dl_config.o (.rodata.gDEBUG_UARTClockConfig)
                  0000585e    00000002     ti_msp_dl_config.o (.rodata.gI2C_DISPLAYClockConfig)
                  00005860    00000002     ti_msp_dl_config.o (.rodata.gVISION_UARTClockConfig)
                  00005862    0000000e     --HOLE-- [fill = 0]

.init_array 
*          0    00000000    00000000     UNINITIALIZED

.binit     0    00000000    00000000     

.bss       0    20200000    0000076b     UNINITIALIZED
                  20200000    00000400     ssd1306.o (.bss.g_frame)
                  20200400    000000bc     (.common:gCONTROL_TIMERBackup)
                  202004bc    000000bc     (.common:gPWM_RIGHTBackup)
                  20200578    00000080     h3_vision.o (.bss.g_rx_buffer)
                  202005f8    00000040     h3_vision.o (.bss.g_line)
                  20200638    0000003c     h3_vision.o (.bss.g_sample)
                  20200674    00000020     motor_encoder.o (.bss.g_motor)
                  20200694    00000010     zdt_stepper.o (.bss.g_rx_frame)
                  202006a4    00000010     zdt_stepper.o (.bss.g_status)
                  202006b4    00000006     app.o (.bss.g_line)
                  202006ba    00000002     app.o (.bss.g_finish_wide_ms)
                  202006bc    00000004     app.o (.bss.g_boot_ms)
                  202006c0    00000004     app.o (.bss.g_brake_start_ms)
                  202006c4    00000004     h3_ball_control.o (.bss.g_camera_ack_tx_frames)
                  202006c8    00000004     app.o (.bss.g_distance_mm)
                  202006cc    00000004     h3_ball_control.o (.bss.g_finish_elapsed_ms)
                  202006d0    00000004     h3_ball_control.o (.bss.g_integral_mm_s)
                  202006d4    00000004     main.o (.bss.g_key_debounce_count)
                  202006d8    00000004     h3_ball_control.o (.bss.g_last_command_angle_deg)
                  202006dc    00000004     h3_ball_control.o (.bss.g_last_command_ms)
                  202006e0    00000004     main.o (.bss.g_last_dispatch_key_ms)
                  202006e4    00000004     app.o (.bss.g_last_key_ms)
                  202006e8    00000004     h3_ball_control.o (.bss.g_last_key_ms)
                  202006ec    00000004     motor_encoder.o (.bss.g_last_left_count)
                  202006f0    00000004     app.o (.bss.g_last_line_control_ms)
                  202006f4    00000004     app.o (.bss.g_last_line_seen_ms)
                  202006f8    00000004     main.o (.bss.g_last_menu_refresh_ms)
                  202006fc    00000004     app.o (.bss.g_last_oled_page_ms)
                  20200700    00000004     h3_ball_control.o (.bss.g_last_oled_page_ms)
                  20200704    00000004     motor_encoder.o (.bss.g_last_right_count)
                  20200708    00000004     app.o (.bss.g_last_speed_ms)
                  2020070c    00000004     app.o (.bss.g_last_ui_ms)
                  20200710    00000004     h3_ball_control.o (.bss.g_last_ui_ms)
                  20200714    00000004     motor_encoder.o (.bss.g_left_count)
                  20200718    00000004     motor_encoder.o (.bss.g_left_integral)
                  2020071c    00000004     app.o (.bss.g_millis)
                  20200720    00000004     h3_ball_control.o (.bss.g_millis)
                  20200724    00000004     h3_ball_control.o (.bss.g_positive_reached_ms)
                  20200728    00000004     motor_encoder.o (.bss.g_right_count)
                  2020072c    00000004     motor_encoder.o (.bss.g_right_integral)
                  20200730    00000004     app.o (.bss.g_run_start_ms)
                  20200734    00000004     h3_ball_control.o (.bss.g_run_start_ms)
                  20200738    00000004     h3_ball_control.o (.bss.g_stable_start_ms)
                  2020073c    00000004     app.o (.bss.g_start_left_count)
                  20200740    00000004     app.o (.bss.g_start_right_count)
                  20200744    00000004     app.o (.bss.g_stop_elapsed_ms)
                  20200748    00000004     main.o (.bss.g_system_ms)
                  2020074c    00000004     h3_ball_control.o (.bss.g_target_mm)
                  20200750    00000002     app.o (.bss.g_last_line_error)
                  20200752    00000002     h3_vision.o (.bss.g_rx_head)
                  20200754    00000002     h3_vision.o (.bss.g_rx_tail)
                  20200756    00000002     app.o (.bss.g_start_clear_ms)
                  20200758    00000001     main.o (.bss.g_active_mode)
                  20200759    00000001     ssd1306.o (.bss.g_address)
                  2020075a    00000001     app.o (.bss.g_app_state)
                  2020075b    00000001     main.o (.bss.g_dispatch_key_seen)
                  2020075c    00000001     main.o (.bss.g_h3_start_pending)
                  2020075d    00000001     main.o (.bss.g_key_events)
                  2020075e    00000001     main.o (.bss.g_key_stable_pressed)
                  2020075f    00000001     h3_vision.o (.bss.g_line_length)
                  20200760    00000001     h3_vision.o (.bss.g_new_sample)
                  20200761    00000001     h3_ball_control.o (.bss.g_oled_present)
                  20200762    00000001     ssd1306.o (.bss.g_present)
                  20200763    00000001     ssd1306.o (.bss.g_refresh_page)
                  20200764    00000001     app.o (.bss.g_result_valid)
                  20200765    00000001     zdt_stepper.o (.bss.g_rx_length)
                  20200766    00000001     main.o (.bss.g_selected_mode)
                  20200767    00000001     app.o (.bss.g_start_key_event)
                  20200768    00000001     h3_ball_control.o (.bss.g_start_key_event)
                  20200769    00000001     app.o (.bss.g_start_line_cleared)
                  2020076a    00000001     h3_ball_control.o (.bss.g_state)

.data      0    2020076c    00000006     UNINITIALIZED
                  2020076c    00000004     libc.a : aeabi_portable.c.obj (.data.__aeabi_errno)
                  20200770    00000002     line_sensor.o (.data.line_sensor_read.last_error)

.stack     0    20207e00    00000200     UNINITIALIZED
                  20207e00    00000004     libc.a : boot_cortex_m.c.obj (.stack)
                  20207e04    000001fc     --HOLE--

__llvm_prf_cnts 
*          0    20200000    00000000     UNINITIALIZED

__llvm_prf_bits 
*          0    20200000    00000000     UNINITIALIZED

MODULE SUMMARY

       Module                         code    ro data   rw data
       ------                         ----    -------   -------
    .\
       ti_msp_dl_config.o             2480    71        376    
       main.o                         1718    65        22     
       startup_mspm0g350x_ticlang.o   8       192       0      
    +--+------------------------------+-------+---------+---------+
       Total:                         4206    328       398    
                                                               
    .\src\
       h3_ball_control.o              2800    215       55     
       ssd1306.o                      1576    235       1027   
       h3_vision.o                    2500    0         258    
       app.o                          2430    164       72     
       motor_encoder.o                1212    0         56     
       zdt_stepper.o                  514     0         33     
       i2c_bus.o                      524     0         0      
       line_sensor.o                  420     16        2      
    +--+------------------------------+-------+---------+---------+
       Total:                         11976   630       1503   
                                                               
    F:/ti/mspm0_sdk_2_10_00_04/source/ti/driverlib/lib/ticlang/m0p/mspm0g1x0x_g3x0x/driverlib.a
       dl_timer.o                     608     0         0      
       dl_i2c.o                       240     0         0      
       dl_uart.o                      138     0         0      
       dl_common.o                    10      0         0      
    +--+------------------------------+-------+---------+---------+
       Total:                         996     0         0      
                                                               
    F:\ti\ccs2051\ccs\tools\compiler\ti-cgt-armllvm_4.0.4.LTS\lib\armv6m-ti-none-eabi/c/libc.a
       _printfi.c.obj                 2166    34        0      
       aeabi_ctype.S.obj              0       257       0      
       snprintf.c.obj                 148     0         0      
       copy_decompress_lzss.c.obj     124     0         0      
       atoi.c.obj                     64      0         0      
       autoinit.c.obj                 60      0         0      
       boot_cortex_m.c.obj            56      0         0      
       memccpy.c.obj                  34      0         0      
       copy_decompress_none.c.obj     18      0         0      
       memcpy16.S.obj                 18      0         0      
       copy_zero_init.c.obj           16      0         0      
       wcslen.c.obj                   16      0         0      
       memset16.S.obj                 14      0         0      
       aeabi_portable.c.obj           8       0         4      
       exit.c.obj                     6       0         0      
       pre_init.c.obj                 4       0         0      
    +--+------------------------------+-------+---------+---------+
       Total:                         2752    291       4      
                                                               
    F:\ti\ccs2051\ccs\tools\compiler\ti-cgt-armllvm_4.0.4.LTS\lib\armv6m-ti-none-eabi/c/libsysbm.a
       hostexit.c.obj                 4       0         0      
    +--+------------------------------+-------+---------+---------+
       Total:                         4       0         0      
                                                               
    F:\ti\ccs2051\ccs\tools\compiler\ti-cgt-armllvm_4.0.4.LTS\lib\armv6m-ti-none-eabi/libclang_rt.builtins.a
       addsf3.S.obj                   216     0         0      
       udivmoddi4.S.obj               162     0         0      
       mulsf3.S.obj                   140     0         0      
       divsf3.S.obj                   130     0         0      
       comparesf2.S.obj               118     0         0      
       aeabi_fcmp.S.obj               98      0         0      
       aeabi_idivmod.S.obj            86      0         0      
       aeabi_uidivmod.S.obj           64      0         0      
       floatsisf.S.obj                60      0         0      
       muldsi3.S.obj                  58      0         0      
       fixsfsi.S.obj                  56      0         0      
       fixunssfsi.S.obj               50      0         0      
       floatunsisf.S.obj              40      0         0      
       muldi3.S.obj                   36      0         0      
       ashldi3.S.obj                  30      0         0      
       aeabi_memset.S.obj             26      0         0      
       aeabi_uldivmod.S.obj           20      0         0      
       aeabi_memcpy.S.obj             8       0         0      
       aeabi_div0.c.obj               4       0         0      
    +--+------------------------------+-------+---------+---------+
       Total:                         1402    0         0      
                                                               
       Stack:                         0       0         512    
       Linker Generated:              0       43        0      
    +--+------------------------------+-------+---------+---------+
       Grand Total:                   21336   1292      2417   


LINKER GENERATED COPY TABLES

__TI_cinit_table @ 0000588c records: 2, size/record: 8, table size: 16
	.bss: load addr=0000587c, load size=00000008 bytes, run addr=20200000, run size=0000076b bytes, compression=zero_init
	.data: load addr=00005884, load size=00000007 bytes, run addr=2020076c, run size=00000006 bytes, compression=lzss


LINKER GENERATED HANDLER TABLE

__TI_handler_table @ 00005870 records: 3, size/record: 4, table size: 12
	index: 0, handler: __TI_decompress_lzss
	index: 1, handler: __TI_decompress_none
	index: 2, handler: __TI_zero_init


FAR CALL TRAMPOLINES

callee name               trampoline name
   callee addr  tramp addr   call addr  call info
--------------  -----------  ---------  ----------------
_c_int00_noargs           $Tramp$TT$L$PI$$_c_int00_noargs
   00004be5     0000542c     00005426   startup_mspm0g350x_ticlang.o (.text.Reset_Handler)

[1 trampolines]
[1 trampoline calls]


GLOBAL SYMBOLS: SORTED ALPHABETICALLY BY Name 

address   name                            
-------   ----                            
0000541f  ADC0_IRQHandler                 
0000541f  ADC1_IRQHandler                 
0000541f  AES_IRQHandler                  
00005422  C$$EXIT                         
0000541f  CANFD0_IRQHandler               
0000541f  DAC0_IRQHandler                 
000053e5  DL_Common_delayCycles           
00003dad  DL_I2C_fillControllerTXFIFO     
00004949  DL_I2C_flushControllerRXFIFO    
000045e5  DL_I2C_flushControllerTXFIFO    
00004c33  DL_I2C_setClockConfig           
00002025  DL_Timer_initFourCCPWMMode      
00002129  DL_Timer_initTimerMode          
00004ecd  DL_Timer_setCaptCompUpdateMethod
000050a5  DL_Timer_setCaptureCompareOutCtl
00005311  DL_Timer_setCaptureCompareValue 
00004ee9  DL_Timer_setClockConfig         
0000427d  DL_UART_init                    
000052c9  DL_UART_setClockConfig          
00004979  DL_UART_transmitDataBlocking    
0000541f  DMA_IRQHandler                  
0000541f  Default_Handler                 
0000541f  GROUP0_IRQHandler               
0000439d  GROUP1_IRQHandler               
00005423  HOSTexit                        
0000541f  HardFault_Handler               
0000541f  I2C0_IRQHandler                 
0000541f  I2C1_IRQHandler                 
0000541f  NMI_Handler                     
0000541f  PendSV_Handler                  
0000541f  RTC_IRQHandler                  
00005427  Reset_Handler                   
0000541f  SPI0_IRQHandler                 
0000541f  SPI1_IRQHandler                 
0000541f  SVC_Handler                     
000048ad  SYSCFG_DL_CONTROL_TIMER_init    
000042c5  SYSCFG_DL_DEBUG_UART_init       
00000d89  SYSCFG_DL_GPIO_init             
00003e69  SYSCFG_DL_I2C_DISPLAY_init      
00003a9d  SYSCFG_DL_PWM_LEFT_init         
00003b01  SYSCFG_DL_PWM_RIGHT_init        
00004cc5  SYSCFG_DL_SYSCTL_init           
00004101  SYSCFG_DL_VISION_UART_init      
0000465d  SYSCFG_DL_init                  
00002f31  SYSCFG_DL_initPower             
0000541f  SysTick_Handler                 
0000541f  TIMA0_IRQHandler                
000049a9  TIMA1_IRQHandler                
0000541f  TIMG0_IRQHandler                
0000541f  TIMG12_IRQHandler               
0000541f  TIMG6_IRQHandler                
0000541f  TIMG7_IRQHandler                
0000541f  TIMG8_IRQHandler                
000052db  TI_memcpy_small                 
0000538d  TI_memset_small                 
000049d9  UART0_IRQHandler                
00004a09  UART1_IRQHandler                
0000541f  UART2_IRQHandler                
0000541f  UART3_IRQHandler                
20208000  __STACK_END                     
00000200  __STACK_SIZE                    
00000000  __TI_ATRegion0_region_sz        
00000000  __TI_ATRegion0_src_addr         
00000000  __TI_ATRegion0_trg_addr         
00000000  __TI_ATRegion1_region_sz        
00000000  __TI_ATRegion1_src_addr         
00000000  __TI_ATRegion1_trg_addr         
00000000  __TI_ATRegion2_region_sz        
00000000  __TI_ATRegion2_src_addr         
00000000  __TI_ATRegion2_trg_addr         
0000588c  __TI_CINIT_Base                 
0000589c  __TI_CINIT_Limit                
0000589c  __TI_CINIT_Warm                 
00005870  __TI_Handler_Table_Base         
0000587c  __TI_Handler_Table_Limit        
00004789  __TI_auto_init_nobinit_nopinit  
000038d1  __TI_decompress_lzss            
000052ed  __TI_decompress_none            
ffffffff  __TI_pprof_out_hndl             
000000c1  __TI_printfi_nofloat            
ffffffff  __TI_prof_data_size             
ffffffff  __TI_prof_data_start            
00000000  __TI_static_base__              
00005361  __TI_zero_init                  
0000296f  __addsf3                        
00005440  __aeabi_ctype_table_            
00005440  __aeabi_ctype_table_C           
2020076c  __aeabi_errno                   
000053f1  __aeabi_errno_addr              
0000483d  __aeabi_f2iz                    
00004915  __aeabi_f2uiz                   
0000296f  __aeabi_fadd                    
00003bc9  __aeabi_fcmpeq                  
00003c05  __aeabi_fcmpge                  
00003c19  __aeabi_fcmpgt                  
00003bf1  __aeabi_fcmple                  
00003bdd  __aeabi_fcmplt                  
0000364d  __aeabi_fdiv                    
0000353d  __aeabi_fmul                    
00002965  __aeabi_fsub                    
00004699  __aeabi_i2f                     
00003f71  __aeabi_idiv                    
00001103  __aeabi_idiv0                   
00003f71  __aeabi_idivmod                 
000027ab  __aeabi_ldiv0                   
00004dcd  __aeabi_llsl                    
00004c59  __aeabi_lmul                    
0000539d  __aeabi_memclr                  
0000539d  __aeabi_memclr4                 
0000539d  __aeabi_memclr8                 
000053f9  __aeabi_memcpy                  
000053f9  __aeabi_memcpy4                 
000053f9  __aeabi_memcpy8                 
00005371  __aeabi_memset                  
00005371  __aeabi_memset4                 
00005371  __aeabi_memset8                 
00004bbd  __aeabi_ui2f                    
00004469  __aeabi_uidiv                   
00004469  __aeabi_uidivmod                
00005255  __aeabi_uldivmod                
00004dcd  __ashldi3                       
ffffffff  __binit__                       
000047c5  __cmpsf2                        
0000364d  __divsf3                        
000047c5  __eqsf2                         
0000483d  __fixsfsi                       
00004915  __fixunssfsi                    
00004699  __floatsisf                     
00004bbd  __floatunsisf                   
000046d5  __gesf2                         
000046d5  __gtsf2                         
000047c5  __lesf2                         
000047c5  __ltsf2                         
UNDEFED   __mpu_init                      
00004c59  __muldi3                        
00004801  __muldsi3                       
0000353d  __mulsf3                        
000047c5  __nesf2                         
20207e00  __stack                         
20200000  __start___llvm_prf_bits         
20200000  __start___llvm_prf_cnts         
20200000  __stop___llvm_prf_bits          
20200000  __stop___llvm_prf_cnts          
00002965  __subsf3                        
00002e8d  __udivmoddi4                    
00004be5  _c_int00_noargs                 
UNDEFED   _system_post_cinit              
0000543d  _system_pre_init                
00005419  abort                           
000027ad  app_init                        
000053a9  app_millis                      
000012a9  app_process                     
000053b5  app_start_key_isr               
00005321  app_tick_1ms_isr                
000044a9  atoi                            
ffffffff  binit                           
20200400  gCONTROL_TIMERBackup            
202004bc  gPWM_RIGHTBackup                
00002b09  h3_ball_control_init            
00001599  h3_ball_control_process         
000053c1  h3_ball_control_start_key_isr   
00005331  h3_ball_control_tick_1ms_isr    
000053cd  h3_ball_control_vision_ready    
00005269  h3_ball_control_vision_rx_isr   
0000527d  h3_ball_control_zdt_rx_isr      
00005401  h3_vision_get                   
0000414d  h3_vision_init                  
00001ca1  h3_vision_process               
00003c2d  h3_vision_rx_byte_isr           
00004d6d  h3_vision_take_new_sample       
00003071  i2c_bus_write                   
00000000  interruptVectors                
000019ed  line_sensor_read                
00001dd5  main                            
00004d09  memccpy                         
00004711  motor_active_brake              
0000474d  motor_coast                     
00003c8d  motor_encoder_left_edge_isr     
00003b65  motor_encoder_right_edge_isr    
00005409  motor_get                       
00003ced  motor_init                      
00003ec1  motor_prepare_run               
00004875  motor_set_targets               
00002c8d  motor_speed_control_10ms        
00004199  snprintf                        
00005291  ssd1306_clear                   
00002a3d  ssd1306_draw_text               
0000170d  ssd1306_draw_text_2x            
00001efd  ssd1306_init                    
00005341  ssd1306_is_present              
00002225  ssd1306_refresh_next_page       
00005351  wcslen                          
00004a69  zdt_stepper_enable              
00005411  zdt_stepper_get_status          
00003e0d  zdt_stepper_init                
000034a9  zdt_stepper_move_absolute_deg   
000035c9  zdt_stepper_rx_byte_isr         


GLOBAL SYMBOLS: SORTED BY Symbol Address 

address   name                            
-------   ----                            
00000000  __TI_ATRegion0_region_sz        
00000000  __TI_ATRegion0_src_addr         
00000000  __TI_ATRegion0_trg_addr         
00000000  __TI_ATRegion1_region_sz        
00000000  __TI_ATRegion1_src_addr         
00000000  __TI_ATRegion1_trg_addr         
00000000  __TI_ATRegion2_region_sz        
00000000  __TI_ATRegion2_src_addr         
00000000  __TI_ATRegion2_trg_addr         
00000000  __TI_static_base__              
00000000  interruptVectors                
000000c1  __TI_printfi_nofloat            
00000200  __STACK_SIZE                    
00000d89  SYSCFG_DL_GPIO_init             
00001103  __aeabi_idiv0                   
000012a9  app_process                     
00001599  h3_ball_control_process         
0000170d  ssd1306_draw_text_2x            
000019ed  line_sensor_read                
00001ca1  h3_vision_process               
00001dd5  main                            
00001efd  ssd1306_init                    
00002025  DL_Timer_initFourCCPWMMode      
00002129  DL_Timer_initTimerMode          
00002225  ssd1306_refresh_next_page       
000027ab  __aeabi_ldiv0                   
000027ad  app_init                        
00002965  __aeabi_fsub                    
00002965  __subsf3                        
0000296f  __addsf3                        
0000296f  __aeabi_fadd                    
00002a3d  ssd1306_draw_text               
00002b09  h3_ball_control_init            
00002c8d  motor_speed_control_10ms        
00002e8d  __udivmoddi4                    
00002f31  SYSCFG_DL_initPower             
00003071  i2c_bus_write                   
000034a9  zdt_stepper_move_absolute_deg   
0000353d  __aeabi_fmul                    
0000353d  __mulsf3                        
000035c9  zdt_stepper_rx_byte_isr         
0000364d  __aeabi_fdiv                    
0000364d  __divsf3                        
000038d1  __TI_decompress_lzss            
00003a9d  SYSCFG_DL_PWM_LEFT_init         
00003b01  SYSCFG_DL_PWM_RIGHT_init        
00003b65  motor_encoder_right_edge_isr    
00003bc9  __aeabi_fcmpeq                  
00003bdd  __aeabi_fcmplt                  
00003bf1  __aeabi_fcmple                  
00003c05  __aeabi_fcmpge                  
00003c19  __aeabi_fcmpgt                  
00003c2d  h3_vision_rx_byte_isr           
00003c8d  motor_encoder_left_edge_isr     
00003ced  motor_init                      
00003dad  DL_I2C_fillControllerTXFIFO     
00003e0d  zdt_stepper_init                
00003e69  SYSCFG_DL_I2C_DISPLAY_init      
00003ec1  motor_prepare_run               
00003f71  __aeabi_idiv                    
00003f71  __aeabi_idivmod                 
00004101  SYSCFG_DL_VISION_UART_init      
0000414d  h3_vision_init                  
00004199  snprintf                        
0000427d  DL_UART_init                    
000042c5  SYSCFG_DL_DEBUG_UART_init       
0000439d  GROUP1_IRQHandler               
00004469  __aeabi_uidiv                   
00004469  __aeabi_uidivmod                
000044a9  atoi                            
000045e5  DL_I2C_flushControllerTXFIFO    
0000465d  SYSCFG_DL_init                  
00004699  __aeabi_i2f                     
00004699  __floatsisf                     
000046d5  __gesf2                         
000046d5  __gtsf2                         
00004711  motor_active_brake              
0000474d  motor_coast                     
00004789  __TI_auto_init_nobinit_nopinit  
000047c5  __cmpsf2                        
000047c5  __eqsf2                         
000047c5  __lesf2                         
000047c5  __ltsf2                         
000047c5  __nesf2                         
00004801  __muldsi3                       
0000483d  __aeabi_f2iz                    
0000483d  __fixsfsi                       
00004875  motor_set_targets               
000048ad  SYSCFG_DL_CONTROL_TIMER_init    
00004915  __aeabi_f2uiz                   
00004915  __fixunssfsi                    
00004949  DL_I2C_flushControllerRXFIFO    
00004979  DL_UART_transmitDataBlocking    
000049a9  TIMA1_IRQHandler                
000049d9  UART0_IRQHandler                
00004a09  UART1_IRQHandler                
00004a69  zdt_stepper_enable              
00004bbd  __aeabi_ui2f                    
00004bbd  __floatunsisf                   
00004be5  _c_int00_noargs                 
00004c33  DL_I2C_setClockConfig           
00004c59  __aeabi_lmul                    
00004c59  __muldi3                        
00004cc5  SYSCFG_DL_SYSCTL_init           
00004d09  memccpy                         
00004d6d  h3_vision_take_new_sample       
00004dcd  __aeabi_llsl                    
00004dcd  __ashldi3                       
00004ecd  DL_Timer_setCaptCompUpdateMethod
00004ee9  DL_Timer_setClockConfig         
000050a5  DL_Timer_setCaptureCompareOutCtl
00005255  __aeabi_uldivmod                
00005269  h3_ball_control_vision_rx_isr   
0000527d  h3_ball_control_zdt_rx_isr      
00005291  ssd1306_clear                   
000052c9  DL_UART_setClockConfig          
000052db  TI_memcpy_small                 
000052ed  __TI_decompress_none            
00005311  DL_Timer_setCaptureCompareValue 
00005321  app_tick_1ms_isr                
00005331  h3_ball_control_tick_1ms_isr    
00005341  ssd1306_is_present              
00005351  wcslen                          
00005361  __TI_zero_init                  
00005371  __aeabi_memset                  
00005371  __aeabi_memset4                 
00005371  __aeabi_memset8                 
0000538d  TI_memset_small                 
0000539d  __aeabi_memclr                  
0000539d  __aeabi_memclr4                 
0000539d  __aeabi_memclr8                 
000053a9  app_millis                      
000053b5  app_start_key_isr               
000053c1  h3_ball_control_start_key_isr   
000053cd  h3_ball_control_vision_ready    
000053e5  DL_Common_delayCycles           
000053f1  __aeabi_errno_addr              
000053f9  __aeabi_memcpy                  
000053f9  __aeabi_memcpy4                 
000053f9  __aeabi_memcpy8                 
00005401  h3_vision_get                   
00005409  motor_get                       
00005411  zdt_stepper_get_status          
00005419  abort                           
0000541f  ADC0_IRQHandler                 
0000541f  ADC1_IRQHandler                 
0000541f  AES_IRQHandler                  
0000541f  CANFD0_IRQHandler               
0000541f  DAC0_IRQHandler                 
0000541f  DMA_IRQHandler                  
0000541f  Default_Handler                 
0000541f  GROUP0_IRQHandler               
0000541f  HardFault_Handler               
0000541f  I2C0_IRQHandler                 
0000541f  I2C1_IRQHandler                 
0000541f  NMI_Handler                     
0000541f  PendSV_Handler                  
0000541f  RTC_IRQHandler                  
0000541f  SPI0_IRQHandler                 
0000541f  SPI1_IRQHandler                 
0000541f  SVC_Handler                     
0000541f  SysTick_Handler                 
0000541f  TIMA0_IRQHandler                
0000541f  TIMG0_IRQHandler                
0000541f  TIMG12_IRQHandler               
0000541f  TIMG6_IRQHandler                
0000541f  TIMG7_IRQHandler                
0000541f  TIMG8_IRQHandler                
0000541f  UART2_IRQHandler                
0000541f  UART3_IRQHandler                
00005422  C$$EXIT                         
00005423  HOSTexit                        
00005427  Reset_Handler                   
0000543d  _system_pre_init                
00005440  __aeabi_ctype_table_            
00005440  __aeabi_ctype_table_C           
00005870  __TI_Handler_Table_Base         
0000587c  __TI_Handler_Table_Limit        
0000588c  __TI_CINIT_Base                 
0000589c  __TI_CINIT_Limit                
0000589c  __TI_CINIT_Warm                 
20200000  __start___llvm_prf_bits         
20200000  __start___llvm_prf_cnts         
20200000  __stop___llvm_prf_bits          
20200000  __stop___llvm_prf_cnts          
20200400  gCONTROL_TIMERBackup            
202004bc  gPWM_RIGHTBackup                
2020076c  __aeabi_errno                   
20207e00  __stack                         
20208000  __STACK_END                     
ffffffff  __TI_pprof_out_hndl             
ffffffff  __TI_prof_data_size             
ffffffff  __TI_prof_data_start            
ffffffff  __binit__                       
ffffffff  binit                           
UNDEFED   __mpu_init                      
UNDEFED   _system_post_cinit              

[197 symbols]
