<?xml version="1.0" encoding="ISO-8859-1" ?>
<link_info>
   <banner>TI ARM Clang Linker PC v4.0.4.LTS</banner>
   <copyright>Copyright (c) 1996-2018 Texas Instruments Incorporated</copyright>
   <command_line>F:\ti\ccs2051\ccs\tools\compiler\ti-cgt-armllvm_4.0.4.LTS\bin\tiarmlnk -IF:\ti\ccs2051\ccs\tools\compiler\ti-cgt-armllvm_4.0.4.LTS\lib -o H2_LineCar_CCS.out -mH2_LineCar_CCS.map -iF:/ti/mspm0_sdk_2_10_00_04/source -iF:/ti/26H/H2_LineCar_CCS -iF:/ti/26H/H2_LineCar_CCS/Debug/syscfg -iF:/ti/ccs2051/ccs/tools/compiler/ti-cgt-armllvm_4.0.4.LTS/lib --diag_wrap=off --display_error_number --warn_sections --xml_link_info=H2_LineCar_CCS_linkInfo.xml --rom_model ./ti_msp_dl_config.o ./startup_mspm0g350x_ticlang.o ./main.o ./src/app.o ./src/h3_ball_control.o ./src/h3_vision.o ./src/i2c_bus.o ./src/line_sensor.o ./src/motor_encoder.o ./src/ssd1306.o ./src/zdt_stepper.o -l./device_linker.cmd -ldevice.cmd.genlibs -llibc.a --start-group -llibc++.a -llibc++abi.a -llibc.a -llibsys.a -llibsysbm.a -llibclang_rt.builtins.a -llibclang_rt.profile.a --end-group --cg_opt_level=0</command_line>
   <link_time>0x6a6cd83a</link_time>
   <link_errors>0x0</link_errors>
   <output_file>F:\ti\26H\H2_LineCar_CCS\Debug\H2_LineCar_CCS.out</output_file>
   <entry_point>
      <name>_c_int00_noargs</name>
      <address>0x4cfd</address>
   </entry_point>
   <input_file_list>
      <input_file id="fl-1">
         <path>F:\ti\26H\H2_LineCar_CCS\Debug\.\</path>
         <kind>object</kind>
         <file>ti_msp_dl_config.o</file>
         <name>ti_msp_dl_config.o</name>
      </input_file>
      <input_file id="fl-2">
         <path>F:\ti\26H\H2_LineCar_CCS\Debug\.\</path>
         <kind>object</kind>
         <file>startup_mspm0g350x_ticlang.o</file>
         <name>startup_mspm0g350x_ticlang.o</name>
      </input_file>
      <input_file id="fl-3">
         <path>F:\ti\26H\H2_LineCar_CCS\Debug\.\</path>
         <kind>object</kind>
         <file>main.o</file>
         <name>main.o</name>
      </input_file>
      <input_file id="fl-4">
         <path>F:\ti\26H\H2_LineCar_CCS\Debug\.\src\</path>
         <kind>object</kind>
         <file>app.o</file>
         <name>app.o</name>
      </input_file>
      <input_file id="fl-5">
         <path>F:\ti\26H\H2_LineCar_CCS\Debug\.\src\</path>
         <kind>object</kind>
         <file>h3_ball_control.o</file>
         <name>h3_ball_control.o</name>
      </input_file>
      <input_file id="fl-6">
         <path>F:\ti\26H\H2_LineCar_CCS\Debug\.\src\</path>
         <kind>object</kind>
         <file>h3_vision.o</file>
         <name>h3_vision.o</name>
      </input_file>
      <input_file id="fl-7">
         <path>F:\ti\26H\H2_LineCar_CCS\Debug\.\src\</path>
         <kind>object</kind>
         <file>i2c_bus.o</file>
         <name>i2c_bus.o</name>
      </input_file>
      <input_file id="fl-8">
         <path>F:\ti\26H\H2_LineCar_CCS\Debug\.\src\</path>
         <kind>object</kind>
         <file>line_sensor.o</file>
         <name>line_sensor.o</name>
      </input_file>
      <input_file id="fl-9">
         <path>F:\ti\26H\H2_LineCar_CCS\Debug\.\src\</path>
         <kind>object</kind>
         <file>motor_encoder.o</file>
         <name>motor_encoder.o</name>
      </input_file>
      <input_file id="fl-a">
         <path>F:\ti\26H\H2_LineCar_CCS\Debug\.\src\</path>
         <kind>object</kind>
         <file>ssd1306.o</file>
         <name>ssd1306.o</name>
      </input_file>
      <input_file id="fl-b">
         <path>F:\ti\26H\H2_LineCar_CCS\Debug\.\src\</path>
         <kind>object</kind>
         <file>zdt_stepper.o</file>
         <name>zdt_stepper.o</name>
      </input_file>
      <input_file id="fl-18">
         <path>F:\ti\26H\H2_LineCar_CCS\Debug\</path>
         <kind>object</kind>
         <file>&lt;internal&gt;</file>
         <name>&lt;internal&gt;</name>
      </input_file>
      <input_file id="fl-19">
         <path>F:\ti\mspm0_sdk_2_10_00_04\source\ti\driverlib\lib\ticlang\m0p\mspm0g1x0x_g3x0x\</path>
         <kind>archive</kind>
         <file>driverlib.a</file>
         <name>dl_common.o</name>
      </input_file>
      <input_file id="fl-1a">
         <path>F:\ti\mspm0_sdk_2_10_00_04\source\ti\driverlib\lib\ticlang\m0p\mspm0g1x0x_g3x0x\</path>
         <kind>archive</kind>
         <file>driverlib.a</file>
         <name>dl_i2c.o</name>
      </input_file>
      <input_file id="fl-1b">
         <path>F:\ti\mspm0_sdk_2_10_00_04\source\ti\driverlib\lib\ticlang\m0p\mspm0g1x0x_g3x0x\</path>
         <kind>archive</kind>
         <file>driverlib.a</file>
         <name>dl_timer.o</name>
      </input_file>
      <input_file id="fl-1c">
         <path>F:\ti\mspm0_sdk_2_10_00_04\source\ti\driverlib\lib\ticlang\m0p\mspm0g1x0x_g3x0x\</path>
         <kind>archive</kind>
         <file>driverlib.a</file>
         <name>dl_uart.o</name>
      </input_file>
      <input_file id="fl-33">
         <path>F:\ti\ccs2051\ccs\tools\compiler\ti-cgt-armllvm_4.0.4.LTS\lib\armv6m-ti-none-eabi\c\</path>
         <kind>archive</kind>
         <file>libc.a</file>
         <name>snprintf.c.obj</name>
      </input_file>
      <input_file id="fl-34">
         <path>F:\ti\ccs2051\ccs\tools\compiler\ti-cgt-armllvm_4.0.4.LTS\lib\armv6m-ti-none-eabi\c\</path>
         <kind>archive</kind>
         <file>libc.a</file>
         <name>sscanf.c.obj</name>
      </input_file>
      <input_file id="fl-35">
         <path>F:\ti\ccs2051\ccs\tools\compiler\ti-cgt-armllvm_4.0.4.LTS\lib\armv6m-ti-none-eabi\c\</path>
         <kind>archive</kind>
         <file>libc.a</file>
         <name>aeabi_ctype.S.obj</name>
      </input_file>
      <input_file id="fl-36">
         <path>F:\ti\ccs2051\ccs\tools\compiler\ti-cgt-armllvm_4.0.4.LTS\lib\armv6m-ti-none-eabi\c\</path>
         <kind>archive</kind>
         <file>libc.a</file>
         <name>boot_cortex_m.c.obj</name>
      </input_file>
      <input_file id="fl-37">
         <path>F:\ti\ccs2051\ccs\tools\compiler\ti-cgt-armllvm_4.0.4.LTS\lib\armv6m-ti-none-eabi\c\</path>
         <kind>archive</kind>
         <file>libc.a</file>
         <name>mathacl_init.c.obj</name>
      </input_file>
      <input_file id="fl-38">
         <path>F:\ti\ccs2051\ccs\tools\compiler\ti-cgt-armllvm_4.0.4.LTS\lib\armv6m-ti-none-eabi\c\</path>
         <kind>archive</kind>
         <file>libc.a</file>
         <name>autoinit.c.obj</name>
      </input_file>
      <input_file id="fl-39">
         <path>F:\ti\ccs2051\ccs\tools\compiler\ti-cgt-armllvm_4.0.4.LTS\lib\armv6m-ti-none-eabi\c\</path>
         <kind>archive</kind>
         <file>libc.a</file>
         <name>pre_init.c.obj</name>
      </input_file>
      <input_file id="fl-3a">
         <path>F:\ti\ccs2051\ccs\tools\compiler\ti-cgt-armllvm_4.0.4.LTS\lib\armv6m-ti-none-eabi\c\</path>
         <kind>archive</kind>
         <file>libc.a</file>
         <name>cpy_tbl.c.obj</name>
      </input_file>
      <input_file id="fl-3b">
         <path>F:\ti\ccs2051\ccs\tools\compiler\ti-cgt-armllvm_4.0.4.LTS\lib\armv6m-ti-none-eabi\c\</path>
         <kind>archive</kind>
         <file>libc.a</file>
         <name>copy_zero_init.c.obj</name>
      </input_file>
      <input_file id="fl-3c">
         <path>F:\ti\ccs2051\ccs\tools\compiler\ti-cgt-armllvm_4.0.4.LTS\lib\armv6m-ti-none-eabi\c\</path>
         <kind>archive</kind>
         <file>libc.a</file>
         <name>copy_decompress_none.c.obj</name>
      </input_file>
      <input_file id="fl-3d">
         <path>F:\ti\ccs2051\ccs\tools\compiler\ti-cgt-armllvm_4.0.4.LTS\lib\armv6m-ti-none-eabi\c\</path>
         <kind>archive</kind>
         <file>libc.a</file>
         <name>copy_decompress_lzss.c.obj</name>
      </input_file>
      <input_file id="fl-3e">
         <path>F:\ti\ccs2051\ccs\tools\compiler\ti-cgt-armllvm_4.0.4.LTS\lib\armv6m-ti-none-eabi\c\</path>
         <kind>archive</kind>
         <file>libc.a</file>
         <name>_printfi.c.obj</name>
      </input_file>
      <input_file id="fl-3f">
         <path>F:\ti\ccs2051\ccs\tools\compiler\ti-cgt-armllvm_4.0.4.LTS\lib\armv6m-ti-none-eabi\c\</path>
         <kind>archive</kind>
         <file>libc.a</file>
         <name>_scanfi.c.obj</name>
      </input_file>
      <input_file id="fl-40">
         <path>F:\ti\ccs2051\ccs\tools\compiler\ti-cgt-armllvm_4.0.4.LTS\lib\armv6m-ti-none-eabi\c\</path>
         <kind>archive</kind>
         <file>libc.a</file>
         <name>aeabi_portable.c.obj</name>
      </input_file>
      <input_file id="fl-41">
         <path>F:\ti\ccs2051\ccs\tools\compiler\ti-cgt-armllvm_4.0.4.LTS\lib\armv6m-ti-none-eabi\c\</path>
         <kind>archive</kind>
         <file>libc.a</file>
         <name>exit.c.obj</name>
      </input_file>
      <input_file id="fl-42">
         <path>F:\ti\ccs2051\ccs\tools\compiler\ti-cgt-armllvm_4.0.4.LTS\lib\armv6m-ti-none-eabi\c\</path>
         <kind>archive</kind>
         <file>libc.a</file>
         <name>_lock.c.obj</name>
      </input_file>
      <input_file id="fl-43">
         <path>F:\ti\ccs2051\ccs\tools\compiler\ti-cgt-armllvm_4.0.4.LTS\lib\armv6m-ti-none-eabi\c\</path>
         <kind>archive</kind>
         <file>libc.a</file>
         <name>_ltoa.c.obj</name>
      </input_file>
      <input_file id="fl-44">
         <path>F:\ti\ccs2051\ccs\tools\compiler\ti-cgt-armllvm_4.0.4.LTS\lib\armv6m-ti-none-eabi\c\</path>
         <kind>archive</kind>
         <file>libc.a</file>
         <name>args_main.c.obj</name>
      </input_file>
      <input_file id="fl-45">
         <path>F:\ti\ccs2051\ccs\tools\compiler\ti-cgt-armllvm_4.0.4.LTS\lib\armv6m-ti-none-eabi\c\</path>
         <kind>archive</kind>
         <file>libc.a</file>
         <name>assert.c.obj</name>
      </input_file>
      <input_file id="fl-46">
         <path>F:\ti\ccs2051\ccs\tools\compiler\ti-cgt-armllvm_4.0.4.LTS\lib\armv6m-ti-none-eabi\c\</path>
         <kind>archive</kind>
         <file>libc.a</file>
         <name>atoi.c.obj</name>
      </input_file>
      <input_file id="fl-47">
         <path>F:\ti\ccs2051\ccs\tools\compiler\ti-cgt-armllvm_4.0.4.LTS\lib\armv6m-ti-none-eabi\c\</path>
         <kind>archive</kind>
         <file>libc.a</file>
         <name>defs.c.obj</name>
      </input_file>
      <input_file id="fl-48">
         <path>F:\ti\ccs2051\ccs\tools\compiler\ti-cgt-armllvm_4.0.4.LTS\lib\armv6m-ti-none-eabi\c\</path>
         <kind>archive</kind>
         <file>libc.a</file>
         <name>memccpy.c.obj</name>
      </input_file>
      <input_file id="fl-49">
         <path>F:\ti\ccs2051\ccs\tools\compiler\ti-cgt-armllvm_4.0.4.LTS\lib\armv6m-ti-none-eabi\c\</path>
         <kind>archive</kind>
         <file>libc.a</file>
         <name>memory.c.obj</name>
      </input_file>
      <input_file id="fl-4a">
         <path>F:\ti\ccs2051\ccs\tools\compiler\ti-cgt-armllvm_4.0.4.LTS\lib\armv6m-ti-none-eabi\c\</path>
         <kind>archive</kind>
         <file>libc.a</file>
         <name>strtod.c.obj</name>
      </input_file>
      <input_file id="fl-4b">
         <path>F:\ti\ccs2051\ccs\tools\compiler\ti-cgt-armllvm_4.0.4.LTS\lib\armv6m-ti-none-eabi\c\</path>
         <kind>archive</kind>
         <file>libc.a</file>
         <name>strtol.c.obj</name>
      </input_file>
      <input_file id="fl-4c">
         <path>F:\ti\ccs2051\ccs\tools\compiler\ti-cgt-armllvm_4.0.4.LTS\lib\armv6m-ti-none-eabi\c\</path>
         <kind>archive</kind>
         <file>libc.a</file>
         <name>strtoll.c.obj</name>
      </input_file>
      <input_file id="fl-4d">
         <path>F:\ti\ccs2051\ccs\tools\compiler\ti-cgt-armllvm_4.0.4.LTS\lib\armv6m-ti-none-eabi\c\</path>
         <kind>archive</kind>
         <file>libc.a</file>
         <name>strtoul.c.obj</name>
      </input_file>
      <input_file id="fl-4e">
         <path>F:\ti\ccs2051\ccs\tools\compiler\ti-cgt-armllvm_4.0.4.LTS\lib\armv6m-ti-none-eabi\c\</path>
         <kind>archive</kind>
         <file>libc.a</file>
         <name>strtoull.c.obj</name>
      </input_file>
      <input_file id="fl-4f">
         <path>F:\ti\ccs2051\ccs\tools\compiler\ti-cgt-armllvm_4.0.4.LTS\lib\armv6m-ti-none-eabi\c\</path>
         <kind>archive</kind>
         <file>libc.a</file>
         <name>s_frexp.c.obj</name>
      </input_file>
      <input_file id="fl-50">
         <path>F:\ti\ccs2051\ccs\tools\compiler\ti-cgt-armllvm_4.0.4.LTS\lib\armv6m-ti-none-eabi\c\</path>
         <kind>archive</kind>
         <file>libc.a</file>
         <name>s_scalbn.c.obj</name>
      </input_file>
      <input_file id="fl-51">
         <path>F:\ti\ccs2051\ccs\tools\compiler\ti-cgt-armllvm_4.0.4.LTS\lib\armv6m-ti-none-eabi\c\</path>
         <kind>archive</kind>
         <file>libc.a</file>
         <name>wcslen.c.obj</name>
      </input_file>
      <input_file id="fl-52">
         <path>F:\ti\ccs2051\ccs\tools\compiler\ti-cgt-armllvm_4.0.4.LTS\lib\armv6m-ti-none-eabi\c\</path>
         <kind>archive</kind>
         <file>libc.a</file>
         <name>sprintf.c.obj</name>
      </input_file>
      <input_file id="fl-53">
         <path>F:\ti\ccs2051\ccs\tools\compiler\ti-cgt-armllvm_4.0.4.LTS\lib\armv6m-ti-none-eabi\c\</path>
         <kind>archive</kind>
         <file>libc.a</file>
         <name>fflush.c.obj</name>
      </input_file>
      <input_file id="fl-54">
         <path>F:\ti\ccs2051\ccs\tools\compiler\ti-cgt-armllvm_4.0.4.LTS\lib\armv6m-ti-none-eabi\c\</path>
         <kind>archive</kind>
         <file>libc.a</file>
         <name>fputs.c.obj</name>
      </input_file>
      <input_file id="fl-55">
         <path>F:\ti\ccs2051\ccs\tools\compiler\ti-cgt-armllvm_4.0.4.LTS\lib\armv6m-ti-none-eabi\c\</path>
         <kind>archive</kind>
         <file>libc.a</file>
         <name>_io_perm.c.obj</name>
      </input_file>
      <input_file id="fl-56">
         <path>F:\ti\ccs2051\ccs\tools\compiler\ti-cgt-armllvm_4.0.4.LTS\lib\armv6m-ti-none-eabi\c\</path>
         <kind>archive</kind>
         <file>libc.a</file>
         <name>setvbuf.c.obj</name>
      </input_file>
      <input_file id="fl-57">
         <path>F:\ti\ccs2051\ccs\tools\compiler\ti-cgt-armllvm_4.0.4.LTS\lib\armv6m-ti-none-eabi\c\</path>
         <kind>archive</kind>
         <file>libc.a</file>
         <name>fopen.c.obj</name>
      </input_file>
      <input_file id="fl-58">
         <path>F:\ti\ccs2051\ccs\tools\compiler\ti-cgt-armllvm_4.0.4.LTS\lib\armv6m-ti-none-eabi\c\</path>
         <kind>archive</kind>
         <file>libc.a</file>
         <name>fseek.c.obj</name>
      </input_file>
      <input_file id="fl-59">
         <path>F:\ti\ccs2051\ccs\tools\compiler\ti-cgt-armllvm_4.0.4.LTS\lib\armv6m-ti-none-eabi\c\</path>
         <kind>archive</kind>
         <file>libc.a</file>
         <name>fclose.c.obj</name>
      </input_file>
      <input_file id="fl-f9">
         <path>F:\ti\ccs2051\ccs\tools\compiler\ti-cgt-armllvm_4.0.4.LTS\lib\armv6m-ti-none-eabi\c\</path>
         <kind>archive</kind>
         <file>libsysbm.a</file>
         <name>hostexit.c.obj</name>
      </input_file>
      <input_file id="fl-fa">
         <path>F:\ti\ccs2051\ccs\tools\compiler\ti-cgt-armllvm_4.0.4.LTS\lib\armv6m-ti-none-eabi\c\</path>
         <kind>archive</kind>
         <file>libsysbm.a</file>
         <name>write.c.obj</name>
      </input_file>
      <input_file id="fl-fb">
         <path>F:\ti\ccs2051\ccs\tools\compiler\ti-cgt-armllvm_4.0.4.LTS\lib\armv6m-ti-none-eabi\c\</path>
         <kind>archive</kind>
         <file>libsysbm.a</file>
         <name>host_device.c.obj</name>
      </input_file>
      <input_file id="fl-fc">
         <path>F:\ti\ccs2051\ccs\tools\compiler\ti-cgt-armllvm_4.0.4.LTS\lib\armv6m-ti-none-eabi\c\</path>
         <kind>archive</kind>
         <file>libsysbm.a</file>
         <name>remove.c.obj</name>
      </input_file>
      <input_file id="fl-fd">
         <path>F:\ti\ccs2051\ccs\tools\compiler\ti-cgt-armllvm_4.0.4.LTS\lib\armv6m-ti-none-eabi\c\</path>
         <kind>archive</kind>
         <file>libsysbm.a</file>
         <name>open.c.obj</name>
      </input_file>
      <input_file id="fl-fe">
         <path>F:\ti\ccs2051\ccs\tools\compiler\ti-cgt-armllvm_4.0.4.LTS\lib\armv6m-ti-none-eabi\c\</path>
         <kind>archive</kind>
         <file>libsysbm.a</file>
         <name>lseek.c.obj</name>
      </input_file>
      <input_file id="fl-ff">
         <path>F:\ti\ccs2051\ccs\tools\compiler\ti-cgt-armllvm_4.0.4.LTS\lib\armv6m-ti-none-eabi\c\</path>
         <kind>archive</kind>
         <file>libsysbm.a</file>
         <name>close.c.obj</name>
      </input_file>
      <input_file id="fl-100">
         <path>F:\ti\ccs2051\ccs\tools\compiler\ti-cgt-armllvm_4.0.4.LTS\lib\armv6m-ti-none-eabi\c\</path>
         <kind>archive</kind>
         <file>libsysbm.a</file>
         <name>unlink.c.obj</name>
      </input_file>
      <input_file id="fl-101">
         <path>F:\ti\ccs2051\ccs\tools\compiler\ti-cgt-armllvm_4.0.4.LTS\lib\armv6m-ti-none-eabi\c\</path>
         <kind>archive</kind>
         <file>libsysbm.a</file>
         <name>hostclose.c.obj</name>
      </input_file>
      <input_file id="fl-102">
         <path>F:\ti\ccs2051\ccs\tools\compiler\ti-cgt-armllvm_4.0.4.LTS\lib\armv6m-ti-none-eabi\c\</path>
         <kind>archive</kind>
         <file>libsysbm.a</file>
         <name>hostlseek.c.obj</name>
      </input_file>
      <input_file id="fl-103">
         <path>F:\ti\ccs2051\ccs\tools\compiler\ti-cgt-armllvm_4.0.4.LTS\lib\armv6m-ti-none-eabi\c\</path>
         <kind>archive</kind>
         <file>libsysbm.a</file>
         <name>hostopen.c.obj</name>
      </input_file>
      <input_file id="fl-104">
         <path>F:\ti\ccs2051\ccs\tools\compiler\ti-cgt-armllvm_4.0.4.LTS\lib\armv6m-ti-none-eabi\c\</path>
         <kind>archive</kind>
         <file>libsysbm.a</file>
         <name>hostread.c.obj</name>
      </input_file>
      <input_file id="fl-105">
         <path>F:\ti\ccs2051\ccs\tools\compiler\ti-cgt-armllvm_4.0.4.LTS\lib\armv6m-ti-none-eabi\c\</path>
         <kind>archive</kind>
         <file>libsysbm.a</file>
         <name>hostrename.c.obj</name>
      </input_file>
      <input_file id="fl-106">
         <path>F:\ti\ccs2051\ccs\tools\compiler\ti-cgt-armllvm_4.0.4.LTS\lib\armv6m-ti-none-eabi\c\</path>
         <kind>archive</kind>
         <file>libsysbm.a</file>
         <name>hostunlink.c.obj</name>
      </input_file>
      <input_file id="fl-107">
         <path>F:\ti\ccs2051\ccs\tools\compiler\ti-cgt-armllvm_4.0.4.LTS\lib\armv6m-ti-none-eabi\c\</path>
         <kind>archive</kind>
         <file>libsysbm.a</file>
         <name>hostwrite.c.obj</name>
      </input_file>
      <input_file id="fl-108">
         <path>F:\ti\ccs2051\ccs\tools\compiler\ti-cgt-armllvm_4.0.4.LTS\lib\armv6m-ti-none-eabi\c\</path>
         <kind>archive</kind>
         <file>libsysbm.a</file>
         <name>trgmsg.c.obj</name>
      </input_file>
      <input_file id="fl-109">
         <path>F:\ti\ccs2051\ccs\tools\compiler\ti-cgt-armllvm_4.0.4.LTS\lib\armv6m-ti-none-eabi\</path>
         <kind>archive</kind>
         <file>libclang_rt.builtins.a</file>
         <name>addsf3.S.obj</name>
      </input_file>
      <input_file id="fl-10a">
         <path>F:\ti\ccs2051\ccs\tools\compiler\ti-cgt-armllvm_4.0.4.LTS\lib\armv6m-ti-none-eabi\</path>
         <kind>archive</kind>
         <file>libclang_rt.builtins.a</file>
         <name>adddf3.S.obj</name>
      </input_file>
      <input_file id="fl-10b">
         <path>F:\ti\ccs2051\ccs\tools\compiler\ti-cgt-armllvm_4.0.4.LTS\lib\armv6m-ti-none-eabi\</path>
         <kind>archive</kind>
         <file>libclang_rt.builtins.a</file>
         <name>muldf3.S.obj</name>
      </input_file>
      <input_file id="fl-10c">
         <path>F:\ti\ccs2051\ccs\tools\compiler\ti-cgt-armllvm_4.0.4.LTS\lib\armv6m-ti-none-eabi\</path>
         <kind>archive</kind>
         <file>libclang_rt.builtins.a</file>
         <name>muldsi3.S.obj</name>
      </input_file>
      <input_file id="fl-10d">
         <path>F:\ti\ccs2051\ccs\tools\compiler\ti-cgt-armllvm_4.0.4.LTS\lib\armv6m-ti-none-eabi\</path>
         <kind>archive</kind>
         <file>libclang_rt.builtins.a</file>
         <name>mulsf3.S.obj</name>
      </input_file>
      <input_file id="fl-10e">
         <path>F:\ti\ccs2051\ccs\tools\compiler\ti-cgt-armllvm_4.0.4.LTS\lib\armv6m-ti-none-eabi\</path>
         <kind>archive</kind>
         <file>libclang_rt.builtins.a</file>
         <name>divsf3.S.obj</name>
      </input_file>
      <input_file id="fl-10f">
         <path>F:\ti\ccs2051\ccs\tools\compiler\ti-cgt-armllvm_4.0.4.LTS\lib\armv6m-ti-none-eabi\</path>
         <kind>archive</kind>
         <file>libclang_rt.builtins.a</file>
         <name>divdf3.S.obj</name>
      </input_file>
      <input_file id="fl-110">
         <path>F:\ti\ccs2051\ccs\tools\compiler\ti-cgt-armllvm_4.0.4.LTS\lib\armv6m-ti-none-eabi\</path>
         <kind>archive</kind>
         <file>libclang_rt.builtins.a</file>
         <name>fixdfsi.S.obj</name>
      </input_file>
      <input_file id="fl-111">
         <path>F:\ti\ccs2051\ccs\tools\compiler\ti-cgt-armllvm_4.0.4.LTS\lib\armv6m-ti-none-eabi\</path>
         <kind>archive</kind>
         <file>libclang_rt.builtins.a</file>
         <name>fixsfsi.S.obj</name>
      </input_file>
      <input_file id="fl-112">
         <path>F:\ti\ccs2051\ccs\tools\compiler\ti-cgt-armllvm_4.0.4.LTS\lib\armv6m-ti-none-eabi\</path>
         <kind>archive</kind>
         <file>libclang_rt.builtins.a</file>
         <name>fixunssfsi.S.obj</name>
      </input_file>
      <input_file id="fl-113">
         <path>F:\ti\ccs2051\ccs\tools\compiler\ti-cgt-armllvm_4.0.4.LTS\lib\armv6m-ti-none-eabi\</path>
         <kind>archive</kind>
         <file>libclang_rt.builtins.a</file>
         <name>floatsidf.S.obj</name>
      </input_file>
      <input_file id="fl-114">
         <path>F:\ti\ccs2051\ccs\tools\compiler\ti-cgt-armllvm_4.0.4.LTS\lib\armv6m-ti-none-eabi\</path>
         <kind>archive</kind>
         <file>libclang_rt.builtins.a</file>
         <name>floatsisf.S.obj</name>
      </input_file>
      <input_file id="fl-115">
         <path>F:\ti\ccs2051\ccs\tools\compiler\ti-cgt-armllvm_4.0.4.LTS\lib\armv6m-ti-none-eabi\</path>
         <kind>archive</kind>
         <file>libclang_rt.builtins.a</file>
         <name>floatunsisf.S.obj</name>
      </input_file>
      <input_file id="fl-116">
         <path>F:\ti\ccs2051\ccs\tools\compiler\ti-cgt-armllvm_4.0.4.LTS\lib\armv6m-ti-none-eabi\</path>
         <kind>archive</kind>
         <file>libclang_rt.builtins.a</file>
         <name>muldi3.S.obj</name>
      </input_file>
      <input_file id="fl-117">
         <path>F:\ti\ccs2051\ccs\tools\compiler\ti-cgt-armllvm_4.0.4.LTS\lib\armv6m-ti-none-eabi\</path>
         <kind>archive</kind>
         <file>libclang_rt.builtins.a</file>
         <name>truncdfsf2.S.obj</name>
      </input_file>
      <input_file id="fl-118">
         <path>F:\ti\ccs2051\ccs\tools\compiler\ti-cgt-armllvm_4.0.4.LTS\lib\armv6m-ti-none-eabi\</path>
         <kind>archive</kind>
         <file>libclang_rt.builtins.a</file>
         <name>aeabi_dcmp.S.obj</name>
      </input_file>
      <input_file id="fl-119">
         <path>F:\ti\ccs2051\ccs\tools\compiler\ti-cgt-armllvm_4.0.4.LTS\lib\armv6m-ti-none-eabi\</path>
         <kind>archive</kind>
         <file>libclang_rt.builtins.a</file>
         <name>aeabi_fcmp.S.obj</name>
      </input_file>
      <input_file id="fl-11a">
         <path>F:\ti\ccs2051\ccs\tools\compiler\ti-cgt-armllvm_4.0.4.LTS\lib\armv6m-ti-none-eabi\</path>
         <kind>archive</kind>
         <file>libclang_rt.builtins.a</file>
         <name>aeabi_idivmod.S.obj</name>
      </input_file>
      <input_file id="fl-11b">
         <path>F:\ti\ccs2051\ccs\tools\compiler\ti-cgt-armllvm_4.0.4.LTS\lib\armv6m-ti-none-eabi\</path>
         <kind>archive</kind>
         <file>libclang_rt.builtins.a</file>
         <name>aeabi_memcpy.S.obj</name>
      </input_file>
      <input_file id="fl-11c">
         <path>F:\ti\ccs2051\ccs\tools\compiler\ti-cgt-armllvm_4.0.4.LTS\lib\armv6m-ti-none-eabi\</path>
         <kind>archive</kind>
         <file>libclang_rt.builtins.a</file>
         <name>aeabi_memset.S.obj</name>
      </input_file>
      <input_file id="fl-11d">
         <path>F:\ti\ccs2051\ccs\tools\compiler\ti-cgt-armllvm_4.0.4.LTS\lib\armv6m-ti-none-eabi\</path>
         <kind>archive</kind>
         <file>libclang_rt.builtins.a</file>
         <name>aeabi_uidivmod.S.obj</name>
      </input_file>
      <input_file id="fl-11e">
         <path>F:\ti\ccs2051\ccs\tools\compiler\ti-cgt-armllvm_4.0.4.LTS\lib\armv6m-ti-none-eabi\</path>
         <kind>archive</kind>
         <file>libclang_rt.builtins.a</file>
         <name>aeabi_uldivmod.S.obj</name>
      </input_file>
      <input_file id="fl-11f">
         <path>F:\ti\ccs2051\ccs\tools\compiler\ti-cgt-armllvm_4.0.4.LTS\lib\armv6m-ti-none-eabi\</path>
         <kind>archive</kind>
         <file>libclang_rt.builtins.a</file>
         <name>comparesf2.S.obj</name>
      </input_file>
      <input_file id="fl-120">
         <path>F:\ti\ccs2051\ccs\tools\compiler\ti-cgt-armllvm_4.0.4.LTS\lib\armv6m-ti-none-eabi\</path>
         <kind>archive</kind>
         <file>libclang_rt.builtins.a</file>
         <name>udivmoddi4.S.obj</name>
      </input_file>
      <input_file id="fl-121">
         <path>F:\ti\ccs2051\ccs\tools\compiler\ti-cgt-armllvm_4.0.4.LTS\lib\armv6m-ti-none-eabi\</path>
         <kind>archive</kind>
         <file>libclang_rt.builtins.a</file>
         <name>ashldi3.S.obj</name>
      </input_file>
      <input_file id="fl-122">
         <path>F:\ti\ccs2051\ccs\tools\compiler\ti-cgt-armllvm_4.0.4.LTS\lib\armv6m-ti-none-eabi\</path>
         <kind>archive</kind>
         <file>libclang_rt.builtins.a</file>
         <name>comparedf2.c.obj</name>
      </input_file>
      <input_file id="fl-123">
         <path>F:\ti\ccs2051\ccs\tools\compiler\ti-cgt-armllvm_4.0.4.LTS\lib\armv6m-ti-none-eabi\</path>
         <kind>archive</kind>
         <file>libclang_rt.builtins.a</file>
         <name>aeabi_div0.c.obj</name>
      </input_file>
      <input_file id="fl-124">
         <path>F:\ti\ccs2051\ccs\tools\compiler\ti-cgt-armllvm_4.0.4.LTS\lib\armv6m-ti-none-eabi\c\</path>
         <kind>archive</kind>
         <file>libc.a</file>
         <name>getdevice.c.obj</name>
      </input_file>
      <input_file id="fl-125">
         <path>F:\ti\ccs2051\ccs\tools\compiler\ti-cgt-armllvm_4.0.4.LTS\lib\armv6m-ti-none-eabi\c\</path>
         <kind>archive</kind>
         <file>libc.a</file>
         <name>memcpy16.S.obj</name>
      </input_file>
      <input_file id="fl-126">
         <path>F:\ti\ccs2051\ccs\tools\compiler\ti-cgt-armllvm_4.0.4.LTS\lib\armv6m-ti-none-eabi\c\</path>
         <kind>archive</kind>
         <file>libc.a</file>
         <name>memset16.S.obj</name>
      </input_file>
      <input_file id="fl-127">
         <path>F:\ti\ccs2051\ccs\tools\compiler\ti-cgt-armllvm_4.0.4.LTS\lib\armv6m-ti-none-eabi\c\</path>
         <kind>archive</kind>
         <file>libc.a</file>
         <name>strcmp-armv6m.S.obj</name>
      </input_file>
   </input_file_list>
   <object_component_list>
      <object_component id="oc-18">
         <name>.intvecs</name>
         <load_address>0x0</load_address>
         <readonly>true</readonly>
         <run_address>0x0</run_address>
         <size>0xc0</size>
         <alignment>0x4</alignment>
         <input_file_ref idref="fl-2"/>
      </object_component>
      <object_component id="oc-21d">
         <name>.text.__TI_scanfi</name>
         <load_address>0xc0</load_address>
         <readonly>true</readonly>
         <executable>true</executable>
         <run_address>0xc0</run_address>
         <size>0xbdc</size>
         <alignment>0x4</alignment>
         <input_file_ref idref="fl-3f"/>
      </object_component>
      <object_component id="oc-218">
         <name>.text:__TI_printfi_nofloat</name>
         <load_address>0xc9c</load_address>
         <readonly>true</readonly>
         <executable>true</executable>
         <run_address>0xc9c</run_address>
         <size>0x868</size>
         <alignment>0x4</alignment>
         <input_file_ref idref="fl-3e"/>
      </object_component>
      <object_component id="oc-25c">
         <name>.text.strtod</name>
         <load_address>0x1504</load_address>
         <readonly>true</readonly>
         <executable>true</executable>
         <run_address>0x1504</run_address>
         <size>0x3b8</size>
         <alignment>0x4</alignment>
         <input_file_ref idref="fl-4a"/>
      </object_component>
      <object_component id="oc-273">
         <name>.text.strtoll</name>
         <load_address>0x18bc</load_address>
         <readonly>true</readonly>
         <executable>true</executable>
         <run_address>0x18bc</run_address>
         <size>0x1e0</size>
         <alignment>0x4</alignment>
         <input_file_ref idref="fl-4c"/>
      </object_component>
      <object_component id="oc-1a8">
         <name>.text.parse_line</name>
         <load_address>0x1a9c</load_address>
         <readonly>true</readonly>
         <executable>true</executable>
         <run_address>0x1a9c</run_address>
         <size>0x1c0</size>
         <alignment>0x4</alignment>
         <input_file_ref idref="fl-6"/>
      </object_component>
      <object_component id="oc-d5">
         <name>.text.SYSCFG_DL_GPIO_init</name>
         <load_address>0x1c5c</load_address>
         <readonly>true</readonly>
         <executable>true</executable>
         <run_address>0x1c5c</run_address>
         <size>0x1b8</size>
         <alignment>0x4</alignment>
         <input_file_ref idref="fl-1"/>
      </object_component>
      <object_component id="oc-ef">
         <name>.text.update_ui</name>
         <load_address>0x1e14</load_address>
         <readonly>true</readonly>
         <executable>true</executable>
         <run_address>0x1e14</run_address>
         <size>0x1a4</size>
         <alignment>0x4</alignment>
         <input_file_ref idref="fl-5"/>
      </object_component>
      <object_component id="oc-2b5">
         <name>.text.adddf3_subdf3</name>
         <load_address>0x1fb8</load_address>
         <readonly>true</readonly>
         <executable>true</executable>
         <run_address>0x1fb8</run_address>
         <size>0x192</size>
         <alignment>0x4</alignment>
         <input_file_ref idref="fl-10a"/>
      </object_component>
      <object_component id="oc-1f4">
         <name>.text.__aeabi_idiv0</name>
         <load_address>0x214a</load_address>
         <readonly>true</readonly>
         <executable>true</executable>
         <run_address>0x214a</run_address>
         <size>0x2</size>
         <alignment>0x2</alignment>
         <input_file_ref idref="fl-123"/>
      </object_component>
      <object_component id="oc-1b1">
         <name>.text.update_motion_state</name>
         <load_address>0x214c</load_address>
         <readonly>true</readonly>
         <executable>true</executable>
         <run_address>0x214c</run_address>
         <size>0x170</size>
         <alignment>0x4</alignment>
         <input_file_ref idref="fl-5"/>
      </object_component>
      <object_component id="oc-26f">
         <name>.text.strtoull</name>
         <load_address>0x22bc</load_address>
         <readonly>true</readonly>
         <executable>true</executable>
         <run_address>0x22bc</run_address>
         <size>0x16c</size>
         <alignment>0x4</alignment>
         <input_file_ref idref="fl-4e"/>
      </object_component>
      <object_component id="oc-a8">
         <name>.text.h3_ball_control_process</name>
         <load_address>0x2428</load_address>
         <readonly>true</readonly>
         <executable>true</executable>
         <run_address>0x2428</run_address>
         <size>0x15c</size>
         <alignment>0x4</alignment>
         <input_file_ref idref="fl-5"/>
      </object_component>
      <object_component id="oc-26b">
         <name>.text.strtol</name>
         <load_address>0x2584</load_address>
         <readonly>true</readonly>
         <executable>true</executable>
         <run_address>0x2584</run_address>
         <size>0x144</size>
         <alignment>0x4</alignment>
         <input_file_ref idref="fl-4b"/>
      </object_component>
      <object_component id="oc-104">
         <name>.text.run_outer_loop</name>
         <load_address>0x26c8</load_address>
         <readonly>true</readonly>
         <executable>true</executable>
         <run_address>0x26c8</run_address>
         <size>0x13c</size>
         <alignment>0x4</alignment>
         <input_file_ref idref="fl-5"/>
      </object_component>
      <object_component id="oc-267">
         <name>.text.strtoul</name>
         <load_address>0x2804</load_address>
         <readonly>true</readonly>
         <executable>true</executable>
         <run_address>0x2804</run_address>
         <size>0x12c</size>
         <alignment>0x4</alignment>
         <input_file_ref idref="fl-4d"/>
      </object_component>
      <object_component id="oc-e8">
         <name>.text.ssd1306_init</name>
         <load_address>0x2930</load_address>
         <readonly>true</readonly>
         <executable>true</executable>
         <run_address>0x2930</run_address>
         <size>0x128</size>
         <alignment>0x4</alignment>
         <input_file_ref idref="fl-a"/>
      </object_component>
      <object_component id="oc-2b1">
         <name>.text.__divdf3</name>
         <load_address>0x2a58</load_address>
         <readonly>true</readonly>
         <executable>true</executable>
         <run_address>0x2a58</run_address>
         <size>0x10c</size>
         <alignment>0x4</alignment>
         <input_file_ref idref="fl-10f"/>
      </object_component>
      <object_component id="oc-13a">
         <name>.text.DL_Timer_initFourCCPWMMode</name>
         <load_address>0x2b64</load_address>
         <readonly>true</readonly>
         <executable>true</executable>
         <run_address>0x2b64</run_address>
         <size>0x104</size>
         <alignment>0x4</alignment>
         <input_file_ref idref="fl-1b"/>
      </object_component>
      <object_component id="oc-145">
         <name>.text.DL_Timer_initTimerMode</name>
         <load_address>0x2c68</load_address>
         <readonly>true</readonly>
         <executable>true</executable>
         <run_address>0x2c68</run_address>
         <size>0xfc</size>
         <alignment>0x4</alignment>
         <input_file_ref idref="fl-1b"/>
      </object_component>
      <object_component id="oc-105">
         <name>.text.ssd1306_refresh_next_page</name>
         <load_address>0x2d64</load_address>
         <readonly>true</readonly>
         <executable>true</executable>
         <run_address>0x2d64</run_address>
         <size>0xf8</size>
         <alignment>0x4</alignment>
         <input_file_ref idref="fl-a"/>
      </object_component>
      <object_component id="oc-103">
         <name>.text.send_motor_angle</name>
         <load_address>0x2e5c</load_address>
         <readonly>true</readonly>
         <executable>true</executable>
         <run_address>0x2e5c</run_address>
         <size>0xf0</size>
         <alignment>0x4</alignment>
         <input_file_ref idref="fl-5"/>
      </object_component>
      <object_component id="oc-1e4">
         <name>.text.glyph_index</name>
         <load_address>0x2f4c</load_address>
         <readonly>true</readonly>
         <executable>true</executable>
         <run_address>0x2f4c</run_address>
         <size>0xe8</size>
         <alignment>0x4</alignment>
         <input_file_ref idref="fl-a"/>
      </object_component>
      <object_component id="oc-2a1">
         <name>.text.__muldf3</name>
         <load_address>0x3034</load_address>
         <readonly>true</readonly>
         <executable>true</executable>
         <run_address>0x3034</run_address>
         <size>0xe4</size>
         <alignment>0x4</alignment>
         <input_file_ref idref="fl-10b"/>
      </object_component>
      <object_component id="oc-290">
         <name>.text.scalbn</name>
         <load_address>0x3118</load_address>
         <readonly>true</readonly>
         <executable>true</executable>
         <run_address>0x3118</run_address>
         <size>0xd8</size>
         <alignment>0x4</alignment>
         <input_file_ref idref="fl-50"/>
      </object_component>
      <object_component id="oc-186">
         <name>.text</name>
         <load_address>0x31f0</load_address>
         <readonly>true</readonly>
         <executable>true</executable>
         <run_address>0x31f0</run_address>
         <size>0xd8</size>
         <alignment>0x4</alignment>
         <input_file_ref idref="fl-109"/>
      </object_component>
      <object_component id="oc-193">
         <name>.text.ssd1306_draw_text</name>
         <load_address>0x32c8</load_address>
         <readonly>true</readonly>
         <executable>true</executable>
         <run_address>0x32c8</run_address>
         <size>0xcc</size>
         <alignment>0x4</alignment>
         <input_file_ref idref="fl-a"/>
      </object_component>
      <object_component id="oc-102">
         <name>.text.handle_key</name>
         <load_address>0x3394</load_address>
         <readonly>true</readonly>
         <executable>true</executable>
         <run_address>0x3394</run_address>
         <size>0xc4</size>
         <alignment>0x4</alignment>
         <input_file_ref idref="fl-5"/>
      </object_component>
      <object_component id="oc-a4">
         <name>.text.h3_ball_control_init</name>
         <load_address>0x3458</load_address>
         <readonly>true</readonly>
         <executable>true</executable>
         <run_address>0x3458</run_address>
         <size>0xb8</size>
         <alignment>0x4</alignment>
         <input_file_ref idref="fl-5"/>
      </object_component>
      <object_component id="oc-fe">
         <name>.text.h3_vision_process</name>
         <load_address>0x3510</load_address>
         <readonly>true</readonly>
         <executable>true</executable>
         <run_address>0x3510</run_address>
         <size>0xa4</size>
         <alignment>0x4</alignment>
         <input_file_ref idref="fl-6"/>
      </object_component>
      <object_component id="oc-287">
         <name>.text</name>
         <load_address>0x35b4</load_address>
         <readonly>true</readonly>
         <executable>true</executable>
         <run_address>0x35b4</run_address>
         <size>0xa2</size>
         <alignment>0x4</alignment>
         <input_file_ref idref="fl-120"/>
      </object_component>
      <object_component id="oc-2d4">
         <name>.text.__aeabi_ldiv0</name>
         <load_address>0x3656</load_address>
         <readonly>true</readonly>
         <executable>true</executable>
         <run_address>0x3656</run_address>
         <size>0x2</size>
         <alignment>0x2</alignment>
         <input_file_ref idref="fl-123"/>
      </object_component>
      <object_component id="oc-d4">
         <name>.text.SYSCFG_DL_initPower</name>
         <load_address>0x3658</load_address>
         <readonly>true</readonly>
         <executable>true</executable>
         <run_address>0x3658</run_address>
         <size>0xa0</size>
         <alignment>0x4</alignment>
         <input_file_ref idref="fl-1"/>
      </object_component>
      <object_component id="oc-1b3">
         <name>.text.i2c_bus_write</name>
         <load_address>0x36f8</load_address>
         <readonly>true</readonly>
         <executable>true</executable>
         <run_address>0x36f8</run_address>
         <size>0xa0</size>
         <alignment>0x2</alignment>
         <input_file_ref idref="fl-7"/>
      </object_component>
      <object_component id="oc-194">
         <name>.text.state_text</name>
         <load_address>0x3798</load_address>
         <readonly>true</readonly>
         <executable>true</executable>
         <run_address>0x3798</run_address>
         <size>0x9c</size>
         <alignment>0x4</alignment>
         <input_file_ref idref="fl-5"/>
      </object_component>
      <object_component id="oc-1b2">
         <name>.text.write_commands</name>
         <load_address>0x3834</load_address>
         <readonly>true</readonly>
         <executable>true</executable>
         <run_address>0x3834</run_address>
         <size>0x9c</size>
         <alignment>0x4</alignment>
         <input_file_ref idref="fl-a"/>
      </object_component>
      <object_component id="oc-ee">
         <name>.text.zdt_stepper_move_absolute_deg</name>
         <load_address>0x38d0</load_address>
         <readonly>true</readonly>
         <executable>true</executable>
         <run_address>0x38d0</run_address>
         <size>0x94</size>
         <alignment>0x4</alignment>
         <input_file_ref idref="fl-b"/>
      </object_component>
      <object_component id="oc-17e">
         <name>.text.__mulsf3</name>
         <load_address>0x3964</load_address>
         <readonly>true</readonly>
         <executable>true</executable>
         <run_address>0x3964</run_address>
         <size>0x8c</size>
         <alignment>0x4</alignment>
         <input_file_ref idref="fl-10d"/>
      </object_component>
      <object_component id="oc-179">
         <name>.text.send_frame</name>
         <load_address>0x39f0</load_address>
         <readonly>true</readonly>
         <executable>true</executable>
         <run_address>0x39f0</run_address>
         <size>0x8c</size>
         <alignment>0x4</alignment>
         <input_file_ref idref="fl-b"/>
      </object_component>
      <object_component id="oc-8f">
         <name>.text.zdt_stepper_rx_byte_isr</name>
         <load_address>0x3a7c</load_address>
         <readonly>true</readonly>
         <executable>true</executable>
         <run_address>0x3a7c</run_address>
         <size>0x84</size>
         <alignment>0x4</alignment>
         <input_file_ref idref="fl-b"/>
      </object_component>
      <object_component id="oc-182">
         <name>.text.__divsf3</name>
         <load_address>0x3b00</load_address>
         <readonly>true</readonly>
         <executable>true</executable>
         <run_address>0x3b00</run_address>
         <size>0x82</size>
         <alignment>0x4</alignment>
         <input_file_ref idref="fl-10e"/>
      </object_component>
      <object_component id="oc-20c">
         <name>.text.finish_transfer</name>
         <load_address>0x3b84</load_address>
         <readonly>true</readonly>
         <executable>true</executable>
         <run_address>0x3b84</run_address>
         <size>0x80</size>
         <alignment>0x4</alignment>
         <input_file_ref idref="fl-7"/>
      </object_component>
      <object_component id="oc-1c">
         <name>.text:decompress:lzss</name>
         <load_address>0x3c04</load_address>
         <readonly>true</readonly>
         <executable>true</executable>
         <run_address>0x3c04</run_address>
         <size>0x7c</size>
         <alignment>0x4</alignment>
         <input_file_ref idref="fl-3d"/>
      </object_component>
      <object_component id="oc-2af">
         <name>.text.__gedf2</name>
         <load_address>0x3c80</load_address>
         <readonly>true</readonly>
         <executable>true</executable>
         <run_address>0x3c80</run_address>
         <size>0x74</size>
         <alignment>0x4</alignment>
         <input_file_ref idref="fl-122"/>
      </object_component>
      <object_component id="oc-73">
         <name>.text.__aeabi_memclr</name>
         <load_address>0x3cf4</load_address>
         <readonly>true</readonly>
         <executable>true</executable>
         <run_address>0x3cf4</run_address>
         <size>0xc</size>
         <alignment>0x4</alignment>
         <input_file_ref idref="fl-11c"/>
      </object_component>
      <object_component id="oc-262">
         <name>.text.__truncdfsf2</name>
         <load_address>0x3d00</load_address>
         <readonly>true</readonly>
         <executable>true</executable>
         <run_address>0x3d00</run_address>
         <size>0x74</size>
         <alignment>0x10</alignment>
         <input_file_ref idref="fl-117"/>
      </object_component>
      <object_component id="oc-225">
         <name>.text._chkmbc</name>
         <load_address>0x3d74</load_address>
         <readonly>true</readonly>
         <executable>true</executable>
         <run_address>0x3d74</run_address>
         <size>0x74</size>
         <alignment>0x4</alignment>
         <input_file_ref idref="fl-34"/>
      </object_component>
      <object_component id="oc-2a9">
         <name>.text.__ledf2</name>
         <load_address>0x3de8</load_address>
         <readonly>true</readonly>
         <executable>true</executable>
         <run_address>0x3de8</run_address>
         <size>0x68</size>
         <alignment>0x4</alignment>
         <input_file_ref idref="fl-122"/>
      </object_component>
      <object_component id="oc-1d0">
         <name>.text.set_pwm</name>
         <load_address>0x3e50</load_address>
         <readonly>true</readonly>
         <executable>true</executable>
         <run_address>0x3e50</run_address>
         <size>0x68</size>
         <alignment>0x4</alignment>
         <input_file_ref idref="fl-9"/>
      </object_component>
      <object_component id="oc-d8">
         <name>.text.SYSCFG_DL_PWM_LEFT_init</name>
         <load_address>0x3eb8</load_address>
         <readonly>true</readonly>
         <executable>true</executable>
         <run_address>0x3eb8</run_address>
         <size>0x64</size>
         <alignment>0x4</alignment>
         <input_file_ref idref="fl-1"/>
      </object_component>
      <object_component id="oc-d7">
         <name>.text.SYSCFG_DL_PWM_RIGHT_init</name>
         <load_address>0x3f1c</load_address>
         <readonly>true</readonly>
         <executable>true</executable>
         <run_address>0x3f1c</run_address>
         <size>0x64</size>
         <alignment>0x4</alignment>
         <input_file_ref idref="fl-1"/>
      </object_component>
      <object_component id="oc-24d">
         <name>.text.__aeabi_dcmp</name>
         <load_address>0x3f80</load_address>
         <readonly>true</readonly>
         <executable>true</executable>
         <run_address>0x3f80</run_address>
         <size>0x62</size>
         <alignment>0x4</alignment>
         <input_file_ref idref="fl-118"/>
      </object_component>
      <object_component id="oc-17a">
         <name>.text.__aeabi_fcmp</name>
         <load_address>0x3fe4</load_address>
         <readonly>true</readonly>
         <executable>true</executable>
         <run_address>0x3fe4</run_address>
         <size>0x62</size>
         <alignment>0x4</alignment>
         <input_file_ref idref="fl-119"/>
      </object_component>
      <object_component id="oc-e1">
         <name>.text.motor_init</name>
         <load_address>0x4048</load_address>
         <readonly>true</readonly>
         <executable>true</executable>
         <run_address>0x4048</run_address>
         <size>0x60</size>
         <alignment>0x4</alignment>
         <input_file_ref idref="fl-9"/>
      </object_component>
      <object_component id="oc-20a">
         <name>.text.DL_I2C_fillControllerTXFIFO</name>
         <load_address>0x40a8</load_address>
         <readonly>true</readonly>
         <executable>true</executable>
         <run_address>0x40a8</run_address>
         <size>0x5e</size>
         <alignment>0x2</alignment>
         <input_file_ref idref="fl-1a"/>
      </object_component>
      <object_component id="oc-e7">
         <name>.text.zdt_stepper_init</name>
         <load_address>0x4108</load_address>
         <readonly>true</readonly>
         <executable>true</executable>
         <run_address>0x4108</run_address>
         <size>0x5c</size>
         <alignment>0x4</alignment>
         <input_file_ref idref="fl-b"/>
      </object_component>
      <object_component id="oc-da">
         <name>.text.SYSCFG_DL_I2C_DISPLAY_init</name>
         <load_address>0x4164</load_address>
         <readonly>true</readonly>
         <executable>true</executable>
         <run_address>0x4164</run_address>
         <size>0x58</size>
         <alignment>0x4</alignment>
         <input_file_ref idref="fl-1"/>
      </object_component>
      <object_component id="oc-8a">
         <name>.text.h3_vision_rx_byte_isr</name>
         <load_address>0x41bc</load_address>
         <readonly>true</readonly>
         <executable>true</executable>
         <run_address>0x41bc</run_address>
         <size>0x58</size>
         <alignment>0x4</alignment>
         <input_file_ref idref="fl-6"/>
      </object_component>
      <object_component id="oc-19b">
         <name>.text.__aeabi_idivmod</name>
         <load_address>0x4214</load_address>
         <readonly>true</readonly>
         <executable>true</executable>
         <run_address>0x4214</run_address>
         <size>0x56</size>
         <alignment>0x4</alignment>
         <input_file_ref idref="fl-11a"/>
      </object_component>
      <object_component id="oc-7c">
         <name>.text.main</name>
         <load_address>0x426c</load_address>
         <readonly>true</readonly>
         <executable>true</executable>
         <run_address>0x426c</run_address>
         <size>0x54</size>
         <alignment>0x4</alignment>
         <input_file_ref idref="fl-3"/>
      </object_component>
      <object_component id="oc-125">
         <name>.text.DL_GPIO_initPeripheralInputFunctionFeatures</name>
         <load_address>0x42c0</load_address>
         <readonly>true</readonly>
         <executable>true</executable>
         <run_address>0x42c0</run_address>
         <size>0x50</size>
         <alignment>0x4</alignment>
         <input_file_ref idref="fl-1"/>
      </object_component>
      <object_component id="oc-20b">
         <name>.text.DL_I2C_startControllerTransfer</name>
         <load_address>0x4310</load_address>
         <readonly>true</readonly>
         <executable>true</executable>
         <run_address>0x4310</run_address>
         <size>0x50</size>
         <alignment>0x4</alignment>
         <input_file_ref idref="fl-7"/>
      </object_component>
      <object_component id="oc-129">
         <name>.text.DL_GPIO_initDigitalInputFeatures</name>
         <load_address>0x4360</load_address>
         <readonly>true</readonly>
         <executable>true</executable>
         <run_address>0x4360</run_address>
         <size>0x4c</size>
         <alignment>0x4</alignment>
         <input_file_ref idref="fl-1"/>
      </object_component>
      <object_component id="oc-160">
         <name>.text.DL_UART_setBaudRateDivisor</name>
         <load_address>0x43ac</load_address>
         <readonly>true</readonly>
         <executable>true</executable>
         <run_address>0x43ac</run_address>
         <size>0x4c</size>
         <alignment>0x4</alignment>
         <input_file_ref idref="fl-1"/>
      </object_component>
      <object_component id="oc-195">
         <name>.text.snprintf</name>
         <load_address>0x43f8</load_address>
         <readonly>true</readonly>
         <executable>true</executable>
         <run_address>0x43f8</run_address>
         <size>0x4c</size>
         <alignment>0x4</alignment>
         <input_file_ref idref="fl-33"/>
      </object_component>
      <object_component id="oc-1ab">
         <name>.text.start_run</name>
         <load_address>0x4444</load_address>
         <readonly>true</readonly>
         <executable>true</executable>
         <run_address>0x4444</run_address>
         <size>0x4c</size>
         <alignment>0x4</alignment>
         <input_file_ref idref="fl-5"/>
      </object_component>
      <object_component id="oc-208">
         <name>.text.wait_idle</name>
         <load_address>0x4490</load_address>
         <readonly>true</readonly>
         <executable>true</executable>
         <run_address>0x4490</run_address>
         <size>0x4c</size>
         <alignment>0x4</alignment>
         <input_file_ref idref="fl-7"/>
      </object_component>
      <object_component id="oc-15e">
         <name>.text.DL_UART_init</name>
         <load_address>0x44dc</load_address>
         <readonly>true</readonly>
         <executable>true</executable>
         <run_address>0x44dc</run_address>
         <size>0x48</size>
         <alignment>0x4</alignment>
         <input_file_ref idref="fl-1c"/>
      </object_component>
      <object_component id="oc-db">
         <name>.text.SYSCFG_DL_DEBUG_UART_init</name>
         <load_address>0x4524</load_address>
         <readonly>true</readonly>
         <executable>true</executable>
         <run_address>0x4524</run_address>
         <size>0x48</size>
         <alignment>0x4</alignment>
         <input_file_ref idref="fl-1"/>
      </object_component>
      <object_component id="oc-dc">
         <name>.text.SYSCFG_DL_VISION_UART_init</name>
         <load_address>0x456c</load_address>
         <readonly>true</readonly>
         <executable>true</executable>
         <run_address>0x456c</run_address>
         <size>0x48</size>
         <alignment>0x4</alignment>
         <input_file_ref idref="fl-1"/>
      </object_component>
      <object_component id="oc-e6">
         <name>.text.h3_vision_init</name>
         <load_address>0x45b4</load_address>
         <readonly>true</readonly>
         <executable>true</executable>
         <run_address>0x45b4</run_address>
         <size>0x48</size>
         <alignment>0x4</alignment>
         <input_file_ref idref="fl-6"/>
      </object_component>
      <object_component id="oc-101">
         <name>.text.vision_is_recent</name>
         <load_address>0x45fc</load_address>
         <readonly>true</readonly>
         <executable>true</executable>
         <run_address>0x45fc</run_address>
         <size>0x42</size>
         <alignment>0x2</alignment>
         <input_file_ref idref="fl-5"/>
      </object_component>
      <object_component id="oc-19f">
         <name>.text.__aeabi_uidivmod</name>
         <load_address>0x4640</load_address>
         <readonly>true</readonly>
         <executable>true</executable>
         <run_address>0x4640</run_address>
         <size>0x40</size>
         <alignment>0x4</alignment>
         <input_file_ref idref="fl-11d"/>
      </object_component>
      <object_component id="oc-236">
         <name>.text.atoi</name>
         <load_address>0x4680</load_address>
         <readonly>true</readonly>
         <executable>true</executable>
         <run_address>0x4680</run_address>
         <size>0x40</size>
         <alignment>0x4</alignment>
         <input_file_ref idref="fl-46"/>
      </object_component>
      <object_component id="oc-1ac">
         <name>.text.clampf</name>
         <load_address>0x46c0</load_address>
         <readonly>true</readonly>
         <executable>true</executable>
         <run_address>0x46c0</run_address>
         <size>0x3e</size>
         <alignment>0x2</alignment>
         <input_file_ref idref="fl-5"/>
      </object_component>
      <object_component id="oc-20f">
         <name>.text.clampf</name>
         <load_address>0x46fe</load_address>
         <readonly>true</readonly>
         <executable>true</executable>
         <run_address>0x46fe</run_address>
         <size>0x3e</size>
         <alignment>0x2</alignment>
         <input_file_ref idref="fl-9"/>
      </object_component>
      <object_component id="oc-209">
         <name>.text.DL_I2C_flushControllerTXFIFO</name>
         <load_address>0x473c</load_address>
         <readonly>true</readonly>
         <executable>true</executable>
         <run_address>0x473c</run_address>
         <size>0x3c</size>
         <alignment>0x4</alignment>
         <input_file_ref idref="fl-1a"/>
      </object_component>
      <object_component id="oc-13b">
         <name>.text.DL_Timer_setCounterControl</name>
         <load_address>0x4778</load_address>
         <readonly>true</readonly>
         <executable>true</executable>
         <run_address>0x4778</run_address>
         <size>0x3c</size>
         <alignment>0x4</alignment>
         <input_file_ref idref="fl-1"/>
      </object_component>
      <object_component id="oc-9f">
         <name>.text.SYSCFG_DL_init</name>
         <load_address>0x47b4</load_address>
         <readonly>true</readonly>
         <executable>true</executable>
         <run_address>0x47b4</run_address>
         <size>0x3c</size>
         <alignment>0x4</alignment>
         <input_file_ref idref="fl-1"/>
      </object_component>
      <object_component id="oc-202">
         <name>.text.__floatsisf</name>
         <load_address>0x47f0</load_address>
         <readonly>true</readonly>
         <executable>true</executable>
         <run_address>0x47f0</run_address>
         <size>0x3c</size>
         <alignment>0x4</alignment>
         <input_file_ref idref="fl-114"/>
      </object_component>
      <object_component id="oc-1d9">
         <name>.text.__gtsf2</name>
         <load_address>0x482c</load_address>
         <readonly>true</readonly>
         <executable>true</executable>
         <run_address>0x482c</run_address>
         <size>0x3c</size>
         <alignment>0x4</alignment>
         <input_file_ref idref="fl-11f"/>
      </object_component>
      <object_component id="oc-167">
         <name>.text.motor_coast</name>
         <load_address>0x4868</load_address>
         <readonly>true</readonly>
         <executable>true</executable>
         <run_address>0x4868</run_address>
         <size>0x3c</size>
         <alignment>0x4</alignment>
         <input_file_ref idref="fl-9"/>
      </object_component>
      <object_component id="oc-b0">
         <name>.text:__TI_auto_init_nobinit_nopinit</name>
         <load_address>0x48a4</load_address>
         <readonly>true</readonly>
         <executable>true</executable>
         <run_address>0x48a4</run_address>
         <size>0x3c</size>
         <alignment>0x4</alignment>
         <input_file_ref idref="fl-38"/>
      </object_component>
      <object_component id="oc-1d4">
         <name>.text.__eqsf2</name>
         <load_address>0x48e0</load_address>
         <readonly>true</readonly>
         <executable>true</executable>
         <run_address>0x48e0</run_address>
         <size>0x3a</size>
         <alignment>0x4</alignment>
         <input_file_ref idref="fl-11f"/>
      </object_component>
      <object_component id="oc-1db">
         <name>.text.__muldsi3</name>
         <load_address>0x491c</load_address>
         <readonly>true</readonly>
         <executable>true</executable>
         <run_address>0x491c</run_address>
         <size>0x3a</size>
         <alignment>0x4</alignment>
         <input_file_ref idref="fl-10c"/>
      </object_component>
      <object_component id="oc-18f">
         <name>.text.__fixsfsi</name>
         <load_address>0x4958</load_address>
         <readonly>true</readonly>
         <executable>true</executable>
         <run_address>0x4958</run_address>
         <size>0x38</size>
         <alignment>0x4</alignment>
         <input_file_ref idref="fl-111"/>
      </object_component>
      <object_component id="oc-1cf">
         <name>.text.motor_set_targets</name>
         <load_address>0x4990</load_address>
         <readonly>true</readonly>
         <executable>true</executable>
         <run_address>0x4990</run_address>
         <size>0x38</size>
         <alignment>0x4</alignment>
         <input_file_ref idref="fl-9"/>
      </object_component>
      <object_component id="oc-d9">
         <name>.text.SYSCFG_DL_CONTROL_TIMER_init</name>
         <load_address>0x49c8</load_address>
         <readonly>true</readonly>
         <executable>true</executable>
         <run_address>0x49c8</run_address>
         <size>0x34</size>
         <alignment>0x4</alignment>
         <input_file_ref idref="fl-1"/>
      </object_component>
      <object_component id="oc-201">
         <name>.text.sequence_is_new</name>
         <load_address>0x49fc</load_address>
         <readonly>true</readonly>
         <executable>true</executable>
         <run_address>0x49fc</run_address>
         <size>0x34</size>
         <alignment>0x4</alignment>
         <input_file_ref idref="fl-6"/>
      </object_component>
      <object_component id="oc-18a">
         <name>.text.__fixunssfsi</name>
         <load_address>0x4a30</load_address>
         <readonly>true</readonly>
         <executable>true</executable>
         <run_address>0x4a30</run_address>
         <size>0x32</size>
         <alignment>0x4</alignment>
         <input_file_ref idref="fl-112"/>
      </object_component>
      <object_component id="oc-22c">
         <name>.text.DL_I2C_flushControllerRXFIFO</name>
         <load_address>0x4a64</load_address>
         <readonly>true</readonly>
         <executable>true</executable>
         <run_address>0x4a64</run_address>
         <size>0x30</size>
         <alignment>0x4</alignment>
         <input_file_ref idref="fl-1a"/>
      </object_component>
      <object_component id="oc-3a">
         <name>.text.UART0_IRQHandler</name>
         <load_address>0x4a94</load_address>
         <readonly>true</readonly>
         <executable>true</executable>
         <run_address>0x4a94</run_address>
         <size>0x30</size>
         <alignment>0x4</alignment>
         <input_file_ref idref="fl-3"/>
      </object_component>
      <object_component id="oc-39">
         <name>.text.UART1_IRQHandler</name>
         <load_address>0x4ac4</load_address>
         <readonly>true</readonly>
         <executable>true</executable>
         <run_address>0x4ac4</run_address>
         <size>0x30</size>
         <alignment>0x4</alignment>
         <input_file_ref idref="fl-3"/>
      </object_component>
      <object_component id="oc-1f0">
         <name>.text._outs</name>
         <load_address>0x4af4</load_address>
         <readonly>true</readonly>
         <executable>true</executable>
         <run_address>0x4af4</run_address>
         <size>0x30</size>
         <alignment>0x2</alignment>
         <input_file_ref idref="fl-33"/>
      </object_component>
      <object_component id="oc-1fb">
         <name>.text.sscanf</name>
         <load_address>0x4b24</load_address>
         <readonly>true</readonly>
         <executable>true</executable>
         <run_address>0x4b24</run_address>
         <size>0x30</size>
         <alignment>0x4</alignment>
         <input_file_ref idref="fl-34"/>
      </object_component>
      <object_component id="oc-ed">
         <name>.text.zdt_stepper_enable</name>
         <load_address>0x4b54</load_address>
         <readonly>true</readonly>
         <executable>true</executable>
         <run_address>0x4b54</run_address>
         <size>0x2e</size>
         <alignment>0x2</alignment>
         <input_file_ref idref="fl-b"/>
      </object_component>
      <object_component id="oc-34">
         <name>.text.GROUP1_IRQHandler</name>
         <load_address>0x4b84</load_address>
         <readonly>true</readonly>
         <executable>true</executable>
         <run_address>0x4b84</run_address>
         <size>0x2c</size>
         <alignment>0x4</alignment>
         <input_file_ref idref="fl-3"/>
      </object_component>
      <object_component id="oc-a6">
         <name>.text.__NVIC_ClearPendingIRQ</name>
         <load_address>0x4bb0</load_address>
         <readonly>true</readonly>
         <executable>true</executable>
         <run_address>0x4bb0</run_address>
         <size>0x2c</size>
         <alignment>0x4</alignment>
         <input_file_ref idref="fl-3"/>
      </object_component>
      <object_component id="oc-a7">
         <name>.text.__NVIC_EnableIRQ</name>
         <load_address>0x4bdc</load_address>
         <readonly>true</readonly>
         <executable>true</executable>
         <run_address>0x4bdc</run_address>
         <size>0x2c</size>
         <alignment>0x4</alignment>
         <input_file_ref idref="fl-3"/>
      </object_component>
      <object_component id="oc-1aa">
         <name>.text.absf</name>
         <load_address>0x4c08</load_address>
         <readonly>true</readonly>
         <executable>true</executable>
         <run_address>0x4c08</run_address>
         <size>0x2c</size>
         <alignment>0x2</alignment>
         <input_file_ref idref="fl-5"/>
      </object_component>
      <object_component id="oc-22a">
         <name>.text.DL_Common_updateReg</name>
         <load_address>0x4c34</load_address>
         <readonly>true</readonly>
         <executable>true</executable>
         <run_address>0x4c34</run_address>
         <size>0x28</size>
         <alignment>0x2</alignment>
         <input_file_ref idref="fl-7"/>
      </object_component>
      <object_component id="oc-1c8">
         <name>.text.DL_Common_updateReg</name>
         <load_address>0x4c5c</load_address>
         <readonly>true</readonly>
         <executable>true</executable>
         <run_address>0x4c5c</run_address>
         <size>0x28</size>
         <alignment>0x2</alignment>
         <input_file_ref idref="fl-1"/>
      </object_component>
      <object_component id="oc-154">
         <name>.text.DL_I2C_setControllerRXFIFOThreshold</name>
         <load_address>0x4c84</load_address>
         <readonly>true</readonly>
         <executable>true</executable>
         <run_address>0x4c84</run_address>
         <size>0x28</size>
         <alignment>0x4</alignment>
         <input_file_ref idref="fl-1"/>
      </object_component>
      <object_component id="oc-153">
         <name>.text.DL_I2C_setControllerTXFIFOThreshold</name>
         <load_address>0x4cac</load_address>
         <readonly>true</readonly>
         <executable>true</executable>
         <run_address>0x4cac</run_address>
         <size>0x28</size>
         <alignment>0x4</alignment>
         <input_file_ref idref="fl-1"/>
      </object_component>
      <object_component id="oc-1ad">
         <name>.text.__floatunsisf</name>
         <load_address>0x4cd4</load_address>
         <readonly>true</readonly>
         <executable>true</executable>
         <run_address>0x4cd4</run_address>
         <size>0x28</size>
         <alignment>0x4</alignment>
         <input_file_ref idref="fl-115"/>
      </object_component>
      <object_component id="oc-57">
         <name>.text:_c_int00_noargs</name>
         <load_address>0x4cfc</load_address>
         <readonly>true</readonly>
         <executable>true</executable>
         <run_address>0x4cfc</run_address>
         <size>0x28</size>
         <alignment>0x4</alignment>
         <input_file_ref idref="fl-36"/>
      </object_component>
      <object_component id="oc-14f">
         <name>.text.DL_I2C_setAnalogGlitchFilterPulseWidth</name>
         <load_address>0x4d24</load_address>
         <readonly>true</readonly>
         <executable>true</executable>
         <run_address>0x4d24</run_address>
         <size>0x26</size>
         <alignment>0x2</alignment>
         <input_file_ref idref="fl-1"/>
      </object_component>
      <object_component id="oc-149">
         <name>.text.DL_I2C_setClockConfig</name>
         <load_address>0x4d4a</load_address>
         <readonly>true</readonly>
         <executable>true</executable>
         <run_address>0x4d4a</run_address>
         <size>0x26</size>
         <alignment>0x2</alignment>
         <input_file_ref idref="fl-1a"/>
      </object_component>
      <object_component id="oc-243">
         <name>.text.__muldi3</name>
         <load_address>0x4d70</load_address>
         <readonly>true</readonly>
         <executable>true</executable>
         <run_address>0x4d70</run_address>
         <size>0x24</size>
         <alignment>0x4</alignment>
         <input_file_ref idref="fl-116"/>
      </object_component>
      <object_component id="oc-173">
         <name>.text.try_init_at</name>
         <load_address>0x4d94</load_address>
         <readonly>true</readonly>
         <executable>true</executable>
         <run_address>0x4d94</run_address>
         <size>0x24</size>
         <alignment>0x4</alignment>
         <input_file_ref idref="fl-a"/>
      </object_component>
      <object_component id="oc-d6">
         <name>.text.SYSCFG_DL_SYSCTL_init</name>
         <load_address>0x4db8</load_address>
         <readonly>true</readonly>
         <executable>true</executable>
         <run_address>0x4db8</run_address>
         <size>0x22</size>
         <alignment>0x2</alignment>
         <input_file_ref idref="fl-1"/>
      </object_component>
      <object_component id="oc-22f">
         <name>.text.memccpy</name>
         <load_address>0x4dda</load_address>
         <readonly>true</readonly>
         <executable>true</executable>
         <run_address>0x4dda</run_address>
         <size>0x22</size>
         <alignment>0x2</alignment>
         <input_file_ref idref="fl-48"/>
      </object_component>
      <object_component id="oc-127">
         <name>.text.DL_GPIO_initPeripheralInputFunction</name>
         <load_address>0x4dfc</load_address>
         <readonly>true</readonly>
         <executable>true</executable>
         <run_address>0x4dfc</run_address>
         <size>0x20</size>
         <alignment>0x4</alignment>
         <input_file_ref idref="fl-1"/>
      </object_component>
      <object_component id="oc-ff">
         <name>.text.h3_vision_take_new_sample</name>
         <load_address>0x4e1c</load_address>
         <readonly>true</readonly>
         <executable>true</executable>
         <run_address>0x4e1c</run_address>
         <size>0x20</size>
         <alignment>0x4</alignment>
         <input_file_ref idref="fl-6"/>
      </object_component>
      <object_component id="oc-15f">
         <name>.text.DL_UART_setOversampling</name>
         <load_address>0x4e3c</load_address>
         <readonly>true</readonly>
         <executable>true</executable>
         <run_address>0x4e3c</run_address>
         <size>0x1e</size>
         <alignment>0x2</alignment>
         <input_file_ref idref="fl-1"/>
      </object_component>
      <object_component id="oc-2d5">
         <name>.text.__ashldi3</name>
         <load_address>0x4e5c</load_address>
         <readonly>true</readonly>
         <executable>true</executable>
         <run_address>0x4e5c</run_address>
         <size>0x1e</size>
         <alignment>0x4</alignment>
         <input_file_ref idref="fl-121"/>
      </object_component>
      <object_component id="oc-12b">
         <name>.text.DL_GPIO_clearInterruptStatus</name>
         <load_address>0x4e7c</load_address>
         <readonly>true</readonly>
         <executable>true</executable>
         <run_address>0x4e7c</run_address>
         <size>0x1c</size>
         <alignment>0x4</alignment>
         <input_file_ref idref="fl-1"/>
      </object_component>
      <object_component id="oc-126">
         <name>.text.DL_GPIO_enableHiZ</name>
         <load_address>0x4e98</load_address>
         <readonly>true</readonly>
         <executable>true</executable>
         <run_address>0x4e98</run_address>
         <size>0x1c</size>
         <alignment>0x4</alignment>
         <input_file_ref idref="fl-1"/>
      </object_component>
      <object_component id="oc-12c">
         <name>.text.DL_GPIO_enableInterrupt</name>
         <load_address>0x4eb4</load_address>
         <readonly>true</readonly>
         <executable>true</executable>
         <run_address>0x4eb4</run_address>
         <size>0x1c</size>
         <alignment>0x4</alignment>
         <input_file_ref idref="fl-1"/>
      </object_component>
      <object_component id="oc-123">
         <name>.text.DL_GPIO_initPeripheralOutputFunction</name>
         <load_address>0x4ed0</load_address>
         <readonly>true</readonly>
         <executable>true</executable>
         <run_address>0x4ed0</run_address>
         <size>0x1c</size>
         <alignment>0x4</alignment>
         <input_file_ref idref="fl-1"/>
      </object_component>
      <object_component id="oc-12e">
         <name>.text.DL_GPIO_setLowerPinsPolarity</name>
         <load_address>0x4eec</load_address>
         <readonly>true</readonly>
         <executable>true</executable>
         <run_address>0x4eec</run_address>
         <size>0x1c</size>
         <alignment>0x4</alignment>
         <input_file_ref idref="fl-1"/>
      </object_component>
      <object_component id="oc-5e">
         <name>.text.DL_Interrupt_getPendingGroup</name>
         <load_address>0x4f08</load_address>
         <readonly>true</readonly>
         <executable>true</executable>
         <run_address>0x4f08</run_address>
         <size>0x1c</size>
         <alignment>0x4</alignment>
         <input_file_ref idref="fl-3"/>
      </object_component>
      <object_component id="oc-130">
         <name>.text.DL_SYSCTL_setSYSOSCFreq</name>
         <load_address>0x4f24</load_address>
         <readonly>true</readonly>
         <executable>true</executable>
         <run_address>0x4f24</run_address>
         <size>0x1c</size>
         <alignment>0x4</alignment>
         <input_file_ref idref="fl-1"/>
      </object_component>
      <object_component id="oc-146">
         <name>.text.DL_Timer_enableInterrupt</name>
         <load_address>0x4f40</load_address>
         <readonly>true</readonly>
         <executable>true</executable>
         <run_address>0x4f40</run_address>
         <size>0x1c</size>
         <alignment>0x4</alignment>
         <input_file_ref idref="fl-1"/>
      </object_component>
      <object_component id="oc-13d">
         <name>.text.DL_Timer_setCaptCompUpdateMethod</name>
         <load_address>0x4f5c</load_address>
         <readonly>true</readonly>
         <executable>true</executable>
         <run_address>0x4f5c</run_address>
         <size>0x1c</size>
         <alignment>0x4</alignment>
         <input_file_ref idref="fl-1b"/>
      </object_component>
      <object_component id="oc-134">
         <name>.text.DL_Timer_setClockConfig</name>
         <load_address>0x4f78</load_address>
         <readonly>true</readonly>
         <executable>true</executable>
         <run_address>0x4f78</run_address>
         <size>0x1c</size>
         <alignment>0x4</alignment>
         <input_file_ref idref="fl-1b"/>
      </object_component>
      <object_component id="oc-a5">
         <name>.text.DL_UART_enableInterrupt</name>
         <load_address>0x4f94</load_address>
         <readonly>true</readonly>
         <executable>true</executable>
         <run_address>0x4f94</run_address>
         <size>0x1c</size>
         <alignment>0x4</alignment>
         <input_file_ref idref="fl-3"/>
      </object_component>
      <object_component id="oc-161">
         <name>.text.DL_UART_enableInterrupt</name>
         <load_address>0x4fb0</load_address>
         <readonly>true</readonly>
         <executable>true</executable>
         <run_address>0x4fb0</run_address>
         <size>0x1c</size>
         <alignment>0x4</alignment>
         <input_file_ref idref="fl-1"/>
      </object_component>
      <object_component id="oc-1d3">
         <name>.text.DL_UART_transmitDataCheck</name>
         <load_address>0x4fcc</load_address>
         <readonly>true</readonly>
         <executable>true</executable>
         <run_address>0x4fcc</run_address>
         <size>0x1c</size>
         <alignment>0x4</alignment>
         <input_file_ref idref="fl-1c"/>
      </object_component>
      <object_component id="oc-3b">
         <name>.text.TIMA1_IRQHandler</name>
         <load_address>0x4fe8</load_address>
         <readonly>true</readonly>
         <executable>true</executable>
         <run_address>0x4fe8</run_address>
         <size>0x1c</size>
         <alignment>0x4</alignment>
         <input_file_ref idref="fl-3"/>
      </object_component>
      <object_component id="oc-124">
         <name>.text.DL_GPIO_enableOutput</name>
         <load_address>0x5004</load_address>
         <readonly>true</readonly>
         <executable>true</executable>
         <run_address>0x5004</run_address>
         <size>0x18</size>
         <alignment>0x4</alignment>
         <input_file_ref idref="fl-1"/>
      </object_component>
      <object_component id="oc-11b">
         <name>.text.DL_GPIO_enablePower</name>
         <load_address>0x501c</load_address>
         <readonly>true</readonly>
         <executable>true</executable>
         <run_address>0x501c</run_address>
         <size>0x18</size>
         <alignment>0x4</alignment>
         <input_file_ref idref="fl-1"/>
      </object_component>
      <object_component id="oc-128">
         <name>.text.DL_GPIO_initDigitalOutput</name>
         <load_address>0x5034</load_address>
         <readonly>true</readonly>
         <executable>true</executable>
         <run_address>0x5034</run_address>
         <size>0x18</size>
         <alignment>0x4</alignment>
         <input_file_ref idref="fl-1"/>
      </object_component>
      <object_component id="oc-117">
         <name>.text.DL_GPIO_reset</name>
         <load_address>0x504c</load_address>
         <readonly>true</readonly>
         <executable>true</executable>
         <run_address>0x504c</run_address>
         <size>0x18</size>
         <alignment>0x4</alignment>
         <input_file_ref idref="fl-1"/>
      </object_component>
      <object_component id="oc-12a">
         <name>.text.DL_GPIO_setUpperPinsPolarity</name>
         <load_address>0x5064</load_address>
         <readonly>true</readonly>
         <executable>true</executable>
         <run_address>0x5064</run_address>
         <size>0x18</size>
         <alignment>0x2</alignment>
         <input_file_ref idref="fl-1"/>
      </object_component>
      <object_component id="oc-150">
         <name>.text.DL_I2C_enableAnalogGlitchFilter</name>
         <load_address>0x507c</load_address>
         <readonly>true</readonly>
         <executable>true</executable>
         <run_address>0x507c</run_address>
         <size>0x18</size>
         <alignment>0x2</alignment>
         <input_file_ref idref="fl-1"/>
      </object_component>
      <object_component id="oc-156">
         <name>.text.DL_I2C_enableController</name>
         <load_address>0x5094</load_address>
         <readonly>true</readonly>
         <executable>true</executable>
         <run_address>0x5094</run_address>
         <size>0x18</size>
         <alignment>0x4</alignment>
         <input_file_ref idref="fl-1"/>
      </object_component>
      <object_component id="oc-155">
         <name>.text.DL_I2C_enableControllerClockStretching</name>
         <load_address>0x50ac</load_address>
         <readonly>true</readonly>
         <executable>true</executable>
         <run_address>0x50ac</run_address>
         <size>0x18</size>
         <alignment>0x4</alignment>
         <input_file_ref idref="fl-1"/>
      </object_component>
      <object_component id="oc-11d">
         <name>.text.DL_I2C_enablePower</name>
         <load_address>0x50c4</load_address>
         <readonly>true</readonly>
         <executable>true</executable>
         <run_address>0x50c4</run_address>
         <size>0x18</size>
         <alignment>0x4</alignment>
         <input_file_ref idref="fl-1"/>
      </object_component>
      <object_component id="oc-119">
         <name>.text.DL_I2C_reset</name>
         <load_address>0x50dc</load_address>
         <readonly>true</readonly>
         <executable>true</executable>
         <run_address>0x50dc</run_address>
         <size>0x18</size>
         <alignment>0x4</alignment>
         <input_file_ref idref="fl-1"/>
      </object_component>
      <object_component id="oc-152">
         <name>.text.DL_I2C_setTimerPeriod</name>
         <load_address>0x50f4</load_address>
         <readonly>true</readonly>
         <executable>true</executable>
         <run_address>0x50f4</run_address>
         <size>0x18</size>
         <alignment>0x4</alignment>
         <input_file_ref idref="fl-1"/>
      </object_component>
      <object_component id="oc-12f">
[...]
      <symbol id="sm-2c1">
         <name>__TI_ATRegion0_region_sz</name>
         <value>0x0</value>
      </symbol>
      <symbol id="sm-2c2">
         <name>__TI_ATRegion1_src_addr</name>
         <value>0x0</value>
      </symbol>
      <symbol id="sm-2c3">
         <name>__TI_ATRegion1_trg_addr</name>
         <value>0x0</value>
      </symbol>
      <symbol id="sm-2c4">
         <name>__TI_ATRegion1_region_sz</name>
         <value>0x0</value>
      </symbol>
      <symbol id="sm-2c5">
         <name>__TI_ATRegion2_src_addr</name>
         <value>0x0</value>
      </symbol>
      <symbol id="sm-2c6">
         <name>__TI_ATRegion2_trg_addr</name>
         <value>0x0</value>
      </symbol>
      <symbol id="sm-2c7">
         <name>__TI_ATRegion2_region_sz</name>
         <value>0x0</value>
      </symbol>
      <symbol id="sm-2d0">
         <name>DL_Common_delayCycles</name>
         <value>0x5455</value>
         <object_component_ref idref="oc-11f"/>
      </symbol>
      <symbol id="sm-2e2">
         <name>DL_I2C_setClockConfig</name>
         <value>0x4d4b</value>
         <object_component_ref idref="oc-149"/>
      </symbol>
      <symbol id="sm-2e3">
         <name>DL_I2C_fillControllerTXFIFO</name>
         <value>0x40a9</value>
         <object_component_ref idref="oc-20a"/>
      </symbol>
      <symbol id="sm-2e4">
         <name>DL_I2C_flushControllerTXFIFO</name>
         <value>0x473d</value>
         <object_component_ref idref="oc-209"/>
      </symbol>
      <symbol id="sm-2e5">
         <name>DL_I2C_flushControllerRXFIFO</name>
         <value>0x4a65</value>
         <object_component_ref idref="oc-22c"/>
      </symbol>
      <symbol id="sm-301">
         <name>DL_Timer_setClockConfig</name>
         <value>0x4f79</value>
         <object_component_ref idref="oc-134"/>
      </symbol>
      <symbol id="sm-302">
         <name>DL_Timer_initTimerMode</name>
         <value>0x2c69</value>
         <object_component_ref idref="oc-145"/>
      </symbol>
      <symbol id="sm-303">
         <name>DL_Timer_setCaptureCompareValue</name>
         <value>0x53a5</value>
         <object_component_ref idref="oc-13e"/>
      </symbol>
      <symbol id="sm-304">
         <name>DL_Timer_setCaptCompUpdateMethod</name>
         <value>0x4f5d</value>
         <object_component_ref idref="oc-13d"/>
      </symbol>
      <symbol id="sm-305">
         <name>DL_Timer_setCaptureCompareOutCtl</name>
         <value>0x5155</value>
         <object_component_ref idref="oc-13c"/>
      </symbol>
      <symbol id="sm-306">
         <name>DL_Timer_initFourCCPWMMode</name>
         <value>0x2b65</value>
         <object_component_ref idref="oc-13a"/>
      </symbol>
      <symbol id="sm-316">
         <name>DL_UART_init</name>
         <value>0x44dd</value>
         <object_component_ref idref="oc-15e"/>
      </symbol>
      <symbol id="sm-317">
         <name>DL_UART_setClockConfig</name>
         <value>0x535f</value>
         <object_component_ref idref="oc-158"/>
      </symbol>
      <symbol id="sm-318">
         <name>DL_UART_transmitDataCheck</name>
         <value>0x4fcd</value>
         <object_component_ref idref="oc-1d3"/>
      </symbol>
      <symbol id="sm-329">
         <name>snprintf</name>
         <value>0x43f9</value>
         <object_component_ref idref="oc-195"/>
      </symbol>
      <symbol id="sm-33e">
         <name>sscanf</name>
         <value>0x4b25</value>
         <object_component_ref idref="oc-1fb"/>
      </symbol>
      <symbol id="sm-33f">
         <name>__aeabi_ctype_table_</name>
         <value>0x54d0</value>
         <object_component_ref idref="oc-256"/>
      </symbol>
      <symbol id="sm-340">
         <name>__aeabi_ctype_table_C</name>
         <value>0x54d0</value>
         <object_component_ref idref="oc-256"/>
      </symbol>
      <symbol id="sm-34b">
         <name>_c_int00_noargs</name>
         <value>0x4cfd</value>
         <object_component_ref idref="oc-57"/>
      </symbol>
      <symbol id="sm-34c">
         <name>__stack</name>
         <value>0x20207e00</value>
         <object_component_ref idref="oc-1a"/>
      </symbol>
      <symbol id="sm-358">
         <name>__TI_auto_init_nobinit_nopinit</name>
         <value>0x48a5</value>
         <object_component_ref idref="oc-b0"/>
      </symbol>
      <symbol id="sm-360">
         <name>_system_pre_init</name>
         <value>0x54c9</value>
         <object_component_ref idref="oc-78"/>
      </symbol>
      <symbol id="sm-36b">
         <name>__TI_zero_init</name>
         <value>0x53d5</value>
         <object_component_ref idref="oc-54"/>
      </symbol>
      <symbol id="sm-374">
         <name>__TI_decompress_none</name>
         <value>0x5383</value>
         <object_component_ref idref="oc-20"/>
      </symbol>
      <symbol id="sm-37f">
         <name>__TI_decompress_lzss</name>
         <value>0x3c05</value>
         <object_component_ref idref="oc-1c"/>
      </symbol>
      <symbol id="sm-3a1">
         <name>__TI_printfi_nofloat</name>
         <value>0xc9d</value>
         <object_component_ref idref="oc-218"/>
      </symbol>
      <symbol id="sm-3c8">
         <name>__TI_scanfi</name>
         <value>0xc1</value>
         <object_component_ref idref="oc-21d"/>
      </symbol>
      <symbol id="sm-3d3">
         <name>__aeabi_errno_addr</name>
         <value>0x5489</value>
         <object_component_ref idref="oc-23e"/>
      </symbol>
      <symbol id="sm-3d4">
         <name>__aeabi_errno</name>
         <value>0x20200700</value>
         <object_component_ref idref="oc-282"/>
      </symbol>
      <symbol id="sm-3de">
         <name>abort</name>
         <value>0x54b7</value>
         <object_component_ref idref="oc-a9"/>
      </symbol>
      <symbol id="sm-3ec">
         <name>atoi</name>
         <value>0x4681</value>
         <object_component_ref idref="oc-236"/>
      </symbol>
      <symbol id="sm-3f6">
         <name>memccpy</name>
         <value>0x4ddb</value>
         <object_component_ref idref="oc-22f"/>
      </symbol>
      <symbol id="sm-40c">
         <name>strtod</name>
         <value>0x1505</value>
         <object_component_ref idref="oc-25c"/>
      </symbol>
      <symbol id="sm-40d">
         <name>strtold</name>
         <value>0x1505</value>
         <object_component_ref idref="oc-25c"/>
      </symbol>
      <symbol id="sm-418">
         <name>strtol</name>
         <value>0x2585</value>
         <object_component_ref idref="oc-26b"/>
      </symbol>
      <symbol id="sm-423">
         <name>strtoll</name>
         <value>0x18bd</value>
         <object_component_ref idref="oc-273"/>
      </symbol>
      <symbol id="sm-42e">
         <name>strtoul</name>
         <value>0x2805</value>
         <object_component_ref idref="oc-267"/>
      </symbol>
      <symbol id="sm-439">
         <name>strtoull</name>
         <value>0x22bd</value>
         <object_component_ref idref="oc-26f"/>
      </symbol>
      <symbol id="sm-444">
         <name>scalbn</name>
         <value>0x3119</value>
         <object_component_ref idref="oc-290"/>
      </symbol>
      <symbol id="sm-445">
         <name>ldexp</name>
         <value>0x3119</value>
         <object_component_ref idref="oc-290"/>
      </symbol>
      <symbol id="sm-446">
         <name>scalbnl</name>
         <value>0x3119</value>
         <object_component_ref idref="oc-290"/>
      </symbol>
      <symbol id="sm-447">
         <name>ldexpl</name>
         <value>0x3119</value>
         <object_component_ref idref="oc-290"/>
      </symbol>
      <symbol id="sm-450">
         <name>wcslen</name>
         <value>0x53c5</value>
         <object_component_ref idref="oc-23a"/>
      </symbol>
      <symbol id="sm-460">
         <name>HOSTexit</name>
         <value>0x54c1</value>
         <object_component_ref idref="oc-106"/>
      </symbol>
      <symbol id="sm-461">
         <name>C$$EXIT</name>
         <value>0x54c0</value>
         <object_component_ref idref="oc-106"/>
      </symbol>
      <symbol id="sm-476">
         <name>__aeabi_fadd</name>
         <value>0x31fb</value>
         <object_component_ref idref="oc-186"/>
      </symbol>
      <symbol id="sm-477">
         <name>__addsf3</name>
         <value>0x31fb</value>
         <object_component_ref idref="oc-186"/>
      </symbol>
      <symbol id="sm-478">
         <name>__aeabi_fsub</name>
         <value>0x31f1</value>
         <object_component_ref idref="oc-186"/>
      </symbol>
      <symbol id="sm-479">
         <name>__subsf3</name>
         <value>0x31f1</value>
         <object_component_ref idref="oc-186"/>
      </symbol>
      <symbol id="sm-47f">
         <name>__aeabi_dadd</name>
         <value>0x1fc3</value>
         <object_component_ref idref="oc-2b5"/>
      </symbol>
      <symbol id="sm-480">
         <name>__adddf3</name>
         <value>0x1fc3</value>
         <object_component_ref idref="oc-2b5"/>
      </symbol>
      <symbol id="sm-481">
         <name>__aeabi_dsub</name>
         <value>0x1fb9</value>
         <object_component_ref idref="oc-2b5"/>
      </symbol>
      <symbol id="sm-482">
         <name>__subdf3</name>
         <value>0x1fb9</value>
         <object_component_ref idref="oc-2b5"/>
      </symbol>
      <symbol id="sm-488">
         <name>__aeabi_dmul</name>
         <value>0x3035</value>
         <object_component_ref idref="oc-2a1"/>
      </symbol>
      <symbol id="sm-489">
         <name>__muldf3</name>
         <value>0x3035</value>
         <object_component_ref idref="oc-2a1"/>
      </symbol>
      <symbol id="sm-48f">
         <name>__muldsi3</name>
         <value>0x491d</value>
         <object_component_ref idref="oc-1db"/>
      </symbol>
      <symbol id="sm-495">
         <name>__aeabi_fmul</name>
         <value>0x3965</value>
         <object_component_ref idref="oc-17e"/>
      </symbol>
      <symbol id="sm-496">
         <name>__mulsf3</name>
         <value>0x3965</value>
         <object_component_ref idref="oc-17e"/>
      </symbol>
      <symbol id="sm-49c">
         <name>__aeabi_fdiv</name>
         <value>0x3b01</value>
         <object_component_ref idref="oc-182"/>
      </symbol>
      <symbol id="sm-49d">
         <name>__divsf3</name>
         <value>0x3b01</value>
         <object_component_ref idref="oc-182"/>
      </symbol>
      <symbol id="sm-4a3">
         <name>__aeabi_ddiv</name>
         <value>0x2a59</value>
         <object_component_ref idref="oc-2b1"/>
      </symbol>
      <symbol id="sm-4a4">
         <name>__divdf3</name>
         <value>0x2a59</value>
         <object_component_ref idref="oc-2b1"/>
      </symbol>
      <symbol id="sm-4aa">
         <name>__aeabi_f2iz</name>
         <value>0x4959</value>
         <object_component_ref idref="oc-18f"/>
      </symbol>
      <symbol id="sm-4ab">
         <name>__fixsfsi</name>
         <value>0x4959</value>
         <object_component_ref idref="oc-18f"/>
      </symbol>
      <symbol id="sm-4b1">
         <name>__aeabi_f2uiz</name>
         <value>0x4a31</value>
         <object_component_ref idref="oc-18a"/>
      </symbol>
      <symbol id="sm-4b2">
         <name>__fixunssfsi</name>
         <value>0x4a31</value>
         <object_component_ref idref="oc-18a"/>
      </symbol>
      <symbol id="sm-4b8">
         <name>__aeabi_i2f</name>
         <value>0x47f1</value>
         <object_component_ref idref="oc-202"/>
      </symbol>
      <symbol id="sm-4b9">
         <name>__floatsisf</name>
         <value>0x47f1</value>
         <object_component_ref idref="oc-202"/>
      </symbol>
      <symbol id="sm-4bf">
         <name>__aeabi_ui2f</name>
         <value>0x4cd5</value>
         <object_component_ref idref="oc-1ad"/>
      </symbol>
      <symbol id="sm-4c0">
         <name>__floatunsisf</name>
         <value>0x4cd5</value>
         <object_component_ref idref="oc-1ad"/>
      </symbol>
      <symbol id="sm-4c6">
         <name>__aeabi_lmul</name>
         <value>0x4d71</value>
         <object_component_ref idref="oc-243"/>
      </symbol>
      <symbol id="sm-4c7">
         <name>__muldi3</name>
         <value>0x4d71</value>
         <object_component_ref idref="oc-243"/>
      </symbol>
      <symbol id="sm-4ce">
         <name>__aeabi_d2f</name>
         <value>0x3d01</value>
         <object_component_ref idref="oc-262"/>
      </symbol>
      <symbol id="sm-4cf">
         <name>__truncdfsf2</name>
         <value>0x3d01</value>
         <object_component_ref idref="oc-262"/>
      </symbol>
      <symbol id="sm-4d5">
         <name>__aeabi_dcmpeq</name>
         <value>0x3f81</value>
         <object_component_ref idref="oc-24d"/>
      </symbol>
      <symbol id="sm-4d6">
         <name>__aeabi_dcmplt</name>
         <value>0x3f95</value>
         <object_component_ref idref="oc-24d"/>
      </symbol>
      <symbol id="sm-4d7">
         <name>__aeabi_dcmple</name>
         <value>0x3fa9</value>
         <object_component_ref idref="oc-24d"/>
      </symbol>
      <symbol id="sm-4d8">
         <name>__aeabi_dcmpge</name>
         <value>0x3fbd</value>
         <object_component_ref idref="oc-24d"/>
      </symbol>
      <symbol id="sm-4d9">
         <name>__aeabi_dcmpgt</name>
         <value>0x3fd1</value>
         <object_component_ref idref="oc-24d"/>
      </symbol>
      <symbol id="sm-4e2">
         <name>__aeabi_fcmpeq</name>
         <value>0x3fe5</value>
         <object_component_ref idref="oc-17a"/>
      </symbol>
      <symbol id="sm-4e3">
         <name>__aeabi_fcmplt</name>
         <value>0x3ff9</value>
         <object_component_ref idref="oc-17a"/>
      </symbol>
      <symbol id="sm-4e4">
         <name>__aeabi_fcmple</name>
         <value>0x400d</value>
         <object_component_ref idref="oc-17a"/>
      </symbol>
      <symbol id="sm-4e5">
         <name>__aeabi_fcmpge</name>
         <value>0x4021</value>
         <object_component_ref idref="oc-17a"/>
      </symbol>
      <symbol id="sm-4e6">
         <name>__aeabi_fcmpgt</name>
         <value>0x4035</value>
         <object_component_ref idref="oc-17a"/>
      </symbol>
      <symbol id="sm-4ec">
         <name>__aeabi_idiv</name>
         <value>0x4215</value>
         <object_component_ref idref="oc-19b"/>
      </symbol>
      <symbol id="sm-4ed">
         <name>__aeabi_idivmod</name>
         <value>0x4215</value>
         <object_component_ref idref="oc-19b"/>
      </symbol>
      <symbol id="sm-4f3">
         <name>__aeabi_memcpy</name>
         <value>0x5491</value>
         <object_component_ref idref="oc-47"/>
      </symbol>
      <symbol id="sm-4f4">
         <name>__aeabi_memcpy4</name>
         <value>0x5491</value>
         <object_component_ref idref="oc-47"/>
      </symbol>
      <symbol id="sm-4f5">
         <name>__aeabi_memcpy8</name>
         <value>0x5491</value>
         <object_component_ref idref="oc-47"/>
      </symbol>
      <symbol id="sm-4fe">
         <name>__aeabi_memset</name>
         <value>0x5411</value>
         <object_component_ref idref="oc-22e"/>
      </symbol>
      <symbol id="sm-4ff">
         <name>__aeabi_memset4</name>
         <value>0x5411</value>
         <object_component_ref idref="oc-22e"/>
      </symbol>
      <symbol id="sm-500">
         <name>__aeabi_memset8</name>
         <value>0x5411</value>
         <object_component_ref idref="oc-22e"/>
      </symbol>
      <symbol id="sm-501">
         <name>__aeabi_memclr</name>
         <value>0x3cf5</value>
         <object_component_ref idref="oc-73"/>
      </symbol>
      <symbol id="sm-502">
         <name>__aeabi_memclr4</name>
         <value>0x3cf5</value>
         <object_component_ref idref="oc-73"/>
      </symbol>
      <symbol id="sm-503">
         <name>__aeabi_memclr8</name>
         <value>0x3cf5</value>
         <object_component_ref idref="oc-73"/>
      </symbol>
      <symbol id="sm-509">
         <name>__aeabi_uidiv</name>
         <value>0x4641</value>
         <object_component_ref idref="oc-19f"/>
      </symbol>
      <symbol id="sm-50a">
         <name>__aeabi_uidivmod</name>
         <value>0x4641</value>
         <object_component_ref idref="oc-19f"/>
      </symbol>
      <symbol id="sm-510">
         <name>__aeabi_uldivmod</name>
         <value>0x52c5</value>
         <object_component_ref idref="oc-248"/>
      </symbol>
      <symbol id="sm-519">
         <name>__eqsf2</name>
         <value>0x48e1</value>
         <object_component_ref idref="oc-1d4"/>
      </symbol>
      <symbol id="sm-51a">
         <name>__lesf2</name>
         <value>0x48e1</value>
         <object_component_ref idref="oc-1d4"/>
      </symbol>
      <symbol id="sm-51b">
         <name>__ltsf2</name>
         <value>0x48e1</value>
         <object_component_ref idref="oc-1d4"/>
      </symbol>
      <symbol id="sm-51c">
         <name>__nesf2</name>
         <value>0x48e1</value>
         <object_component_ref idref="oc-1d4"/>
      </symbol>
      <symbol id="sm-51d">
         <name>__cmpsf2</name>
         <value>0x48e1</value>
         <object_component_ref idref="oc-1d4"/>
      </symbol>
      <symbol id="sm-51e">
         <name>__gtsf2</name>
         <value>0x482d</value>
         <object_component_ref idref="oc-1d9"/>
      </symbol>
      <symbol id="sm-51f">
         <name>__gesf2</name>
         <value>0x482d</value>
         <object_component_ref idref="oc-1d9"/>
      </symbol>
      <symbol id="sm-525">
         <name>__udivmoddi4</name>
         <value>0x35b5</value>
         <object_component_ref idref="oc-287"/>
      </symbol>
      <symbol id="sm-52b">
         <name>__aeabi_llsl</name>
         <value>0x4e5d</value>
         <object_component_ref idref="oc-2d5"/>
      </symbol>
      <symbol id="sm-52c">
         <name>__ashldi3</name>
         <value>0x4e5d</value>
         <object_component_ref idref="oc-2d5"/>
      </symbol>
      <symbol id="sm-53a">
         <name>__ledf2</name>
         <value>0x3de9</value>
         <object_component_ref idref="oc-2a9"/>
      </symbol>
      <symbol id="sm-53b">
         <name>__gedf2</name>
         <value>0x3c81</value>
         <object_component_ref idref="oc-2af"/>
      </symbol>
      <symbol id="sm-53c">
         <name>__cmpdf2</name>
         <value>0x3de9</value>
         <object_component_ref idref="oc-2a9"/>
      </symbol>
      <symbol id="sm-53d">
         <name>__eqdf2</name>
         <value>0x3de9</value>
         <object_component_ref idref="oc-2a9"/>
      </symbol>
      <symbol id="sm-53e">
         <name>__ltdf2</name>
         <value>0x3de9</value>
         <object_component_ref idref="oc-2a9"/>
      </symbol>
      <symbol id="sm-53f">
         <name>__nedf2</name>
         <value>0x3de9</value>
         <object_component_ref idref="oc-2a9"/>
      </symbol>
      <symbol id="sm-540">
         <name>__gtdf2</name>
         <value>0x3c81</value>
         <object_component_ref idref="oc-2af"/>
      </symbol>
      <symbol id="sm-54c">
         <name>__aeabi_idiv0</name>
         <value>0x214b</value>
         <object_component_ref idref="oc-1f4"/>
      </symbol>
      <symbol id="sm-54d">
         <name>__aeabi_ldiv0</name>
         <value>0x3657</value>
         <object_component_ref idref="oc-2d4"/>
      </symbol>
      <symbol id="sm-557">
         <name>TI_memcpy_small</name>
         <value>0x5371</value>
         <object_component_ref idref="oc-95"/>
      </symbol>
      <symbol id="sm-560">
         <name>TI_memset_small</name>
         <value>0x542d</value>
         <object_component_ref idref="oc-ce"/>
      </symbol>
      <symbol id="sm-561">
         <name>__TI_static_base__</name>
         <value>0x0</value>
      </symbol>
      <symbol id="sm-565">
         <name>__mpu_init</name>
         <value>0x0</value>
      </symbol>
      <symbol id="sm-566">
         <name>_system_post_cinit</name>
         <value>0x0</value>
      </symbol>
   </symbol_table>
   <title>Link successful</title>
</link_info>
