******************************************************************************
            TI ARM Clang Linker PC v4.0.4                      
******************************************************************************
>> Linked Thu Jul 30 23:47:06 2026

OUTPUT FILE NAME:   <H2_LineCar_CCS.out>
ENTRY POINT SYMBOL: "_c_int00_noargs"  address: 00002f81


MEMORY CONFIGURATION

         name            origin    length      used     unused   attr    fill
----------------------  --------  ---------  --------  --------  ----  --------
  FLASH                 00000000   00020000  00003a00  0001c600  R  X
  SRAM                  20200000   00008000  00000801  000077ff  RW X
  BCR_CONFIG            41c00000   000000ff  00000000  000000ff  R   
  BSL_CONFIG            41c00100   00000080  00000000  00000080  R   


SEGMENT ALLOCATION MAP

run origin  load origin   length   init length attrs members
----------  ----------- ---------- ----------- ----- -------
00000000    00000000    00003a00   00003a00    r-x
  00000000    00000000    000000c0   000000c0    r-- .intvecs
  000000c0    000000c0    00003610   00003610    r-x .text
  000036d0    000036d0    00000300   00000300    r-- .rodata
  000039d0    000039d0    00000030   00000030    r-- .cinit
20200000    20200000    00000602   00000000    rw-
  20200000    20200000    000005fb   00000000    rw- .bss
  202005fc    202005fc    00000006   00000000    rw- .data
20207e00    20207e00    00000200   00000000    rw-
  20207e00    20207e00    00000200   00000000    rw- .stack


SECTION ALLOCATION MAP

 output                                  attributes/
section   page    origin      length       input sections
--------  ----  ----------  ----------   ----------------
.intvecs   0    00000000    000000c0     
                  00000000    000000c0     startup_mspm0g350x_ticlang.o (.intvecs)

.text      0    000000c0    00003610     
                  000000c0    00000868     libc.a : _printfi.c.obj (.text:__TI_printfi_nofloat)
                  00000928    00000258     app.o (.text.run_control_5ms)
                  00000b80    000001a8     ti_msp_dl_config.o (.text.SYSCFG_DL_GPIO_init)
                  00000d28    000001a4     app.o (.text.update_ui)
                  00000ecc    0000017c     app.o (.text.app_process)
                  00001048    00000170     ssd1306.o (.text.ssd1306_draw_text_2x)
                  000011b8    0000016c     line_sensor.o (.text.line_sensor_read)
                  00001324    00000128     ssd1306.o (.text.ssd1306_init)
                  0000144c    00000104     driverlib.a : dl_timer.o (.text.DL_Timer_initFourCCPWMMode)
                  00001550    000000fc                 : dl_timer.o (.text.DL_Timer_initTimerMode)
                  0000164c    000000f8     ssd1306.o (.text.ssd1306_refresh_next_page)
                  00001744    000000e8     ssd1306.o (.text.glyph_index)
                  0000182c    000000e0     app.o (.text.app_init)
                  0000190c    000000d8     app.o (.text.state_text)
                  000019e4    000000d8     libclang_rt.builtins.a : addsf3.S.obj (.text)
                  00001abc    000000cc     ssd1306.o (.text.ssd1306_draw_text)
                  00001b88    000000b4     motor_encoder.o (.text.motor_speed_control_10ms)
                  00001c3c    000000a8     motor_encoder.o (.text.speed_pi)
                  00001ce4    000000a4     app.o (.text.start_run)
                  00001d88    000000a2     libclang_rt.builtins.a : udivmoddi4.S.obj (.text)
                  00001e2a    000000a0     i2c_bus.o (.text.i2c_bus_write)
                  00001eca    00000002     libclang_rt.builtins.a : aeabi_div0.c.obj (.text.__aeabi_idiv0)
                  00001ecc    0000009c     ssd1306.o (.text.write_commands)
                  00001f68    0000008c     ti_msp_dl_config.o (.text.SYSCFG_DL_initPower)
                  00001ff4    0000008c     libclang_rt.builtins.a : mulsf3.S.obj (.text.__mulsf3)
                  00002080    00000082                            : divsf3.S.obj (.text.__divsf3)
                  00002102    00000002                            : aeabi_div0.c.obj (.text.__aeabi_ldiv0)
                  00002104    00000080     i2c_bus.o (.text.finish_transfer)
                  00002184    0000007c     libc.a : copy_decompress_lzss.c.obj (.text:decompress:lzss)
                  00002200    00000074     app.o (.text.handle_key)
                  00002274    00000068     main.o (.text.GROUP1_IRQHandler)
                  000022dc    00000068     motor_encoder.o (.text.set_pwm)
                  00002344    00000064     ti_msp_dl_config.o (.text.SYSCFG_DL_PWM_LEFT_init)
                  000023a8    00000064     ti_msp_dl_config.o (.text.SYSCFG_DL_PWM_RIGHT_init)
                  0000240c    00000064     motor_encoder.o (.text.motor_encoder_right_edge_isr)
                  00002470    00000062     libclang_rt.builtins.a : aeabi_fcmp.S.obj (.text.__aeabi_fcmp)
                  000024d2    00000002     --HOLE-- [fill = 0]
                  000024d4    00000060     motor_encoder.o (.text.motor_encoder_left_edge_isr)
                  00002534    00000060     motor_encoder.o (.text.motor_init)
                  00002594    00000060     app.o (.text.travelled_distance_mm)
                  000025f4    0000005e     driverlib.a : dl_i2c.o (.text.DL_I2C_fillControllerTXFIFO)
                  00002652    00000002     --HOLE-- [fill = 0]
                  00002654    00000058     ti_msp_dl_config.o (.text.SYSCFG_DL_I2C_DISPLAY_init)
                  000026ac    00000058     motor_encoder.o (.text.motor_prepare_run)
                  00002704    00000056     libclang_rt.builtins.a : aeabi_idivmod.S.obj (.text.__aeabi_idivmod)
                  0000275a    00000002     --HOLE-- [fill = 0]
                  0000275c    00000050     ti_msp_dl_config.o (.text.DL_GPIO_initPeripheralInputFunctionFeatures)
                  000027ac    00000050     i2c_bus.o (.text.DL_I2C_startControllerTransfer)
                  000027fc    0000004c     ti_msp_dl_config.o (.text.DL_GPIO_initDigitalInputFeatures)
                  00002848    0000004c     ti_msp_dl_config.o (.text.DL_UART_setBaudRateDivisor)
                  00002894    0000004c     libc.a : snprintf.c.obj (.text.snprintf)
                  000028e0    0000004c     i2c_bus.o (.text.wait_idle)
                  0000292c    00000048     driverlib.a : dl_uart.o (.text.DL_UART_init)
                  00002974    00000048     app.o (.text.stop_with_state)
                  000029bc    00000040     ti_msp_dl_config.o (.text.SYSCFG_DL_DEBUG_UART_init)
                  000029fc    00000040     libclang_rt.builtins.a : aeabi_uidivmod.S.obj (.text.__aeabi_uidivmod)
                  00002a3c    00000040     libc.a : atoi.c.obj (.text.atoi)
                  00002a7c    0000003e     app.o (.text.clampf)
                  00002aba    0000003e     motor_encoder.o (.text.clampf)
                  00002af8    0000003c     driverlib.a : dl_i2c.o (.text.DL_I2C_flushControllerTXFIFO)
                  00002b34    0000003c     ti_msp_dl_config.o (.text.DL_Timer_setCounterControl)
                  00002b70    0000003c     libclang_rt.builtins.a : floatsisf.S.obj (.text.__floatsisf)
                  00002bac    0000003c                            : comparesf2.S.obj (.text.__gtsf2)
                  00002be8    0000003c     motor_encoder.o (.text.motor_active_brake)
                  00002c24    0000003c     motor_encoder.o (.text.motor_coast)
                  00002c60    0000003c     libc.a : autoinit.c.obj (.text:__TI_auto_init_nobinit_nopinit)
                  00002c9c    0000003a     libclang_rt.builtins.a : comparesf2.S.obj (.text.__eqsf2)
                  00002cd6    00000002     --HOLE-- [fill = 0]
                  00002cd8    0000003a                            : muldsi3.S.obj (.text.__muldsi3)
                  00002d12    00000002     --HOLE-- [fill = 0]
                  00002d14    00000038     ti_msp_dl_config.o (.text.SYSCFG_DL_init)
                  00002d4c    00000038     libclang_rt.builtins.a : fixsfsi.S.obj (.text.__fixsfsi)
                  00002d84    00000038     motor_encoder.o (.text.motor_set_targets)
                  00002dbc    00000034     ti_msp_dl_config.o (.text.SYSCFG_DL_CONTROL_TIMER_init)
                  00002df0    00000032     libclang_rt.builtins.a : fixunssfsi.S.obj (.text.__fixunssfsi)
                  00002e22    00000002     --HOLE-- [fill = 0]
                  00002e24    00000030     driverlib.a : dl_i2c.o (.text.DL_I2C_flushControllerRXFIFO)
                  00002e54    00000030     libc.a : snprintf.c.obj (.text._outs)
                  00002e84    00000030     main.o (.text.main)
                  00002eb4    0000002c     main.o (.text.__NVIC_EnableIRQ)
                  00002ee0    00000028     i2c_bus.o (.text.DL_Common_updateReg)
                  00002f08    00000028     ti_msp_dl_config.o (.text.DL_Common_updateReg)
                  00002f30    00000028     ti_msp_dl_config.o (.text.DL_I2C_setControllerRXFIFOThreshold)
                  00002f58    00000028     ti_msp_dl_config.o (.text.DL_I2C_setControllerTXFIFOThreshold)
                  00002f80    00000028     libc.a : boot_cortex_m.c.obj (.text:_c_int00_noargs)
                  00002fa8    00000026     ti_msp_dl_config.o (.text.DL_I2C_setAnalogGlitchFilterPulseWidth)
                  00002fce    00000026     driverlib.a : dl_i2c.o (.text.DL_I2C_setClockConfig)
                  00002ff4    00000024     libclang_rt.builtins.a : muldi3.S.obj (.text.__muldi3)
                  00003018    00000024     motor_encoder.o (.text.set_right_direction_forward)
                  0000303c    00000024     ssd1306.o (.text.try_init_at)
                  00003060    00000022     ti_msp_dl_config.o (.text.SYSCFG_DL_SYSCTL_init)
                  00003082    00000022     line_sensor.o (.text.is_black)
                  000030a4    00000022     libc.a : memccpy.c.obj (.text.memccpy)
                  000030c6    00000002     --HOLE-- [fill = 0]
                  000030c8    00000020     ti_msp_dl_config.o (.text.DL_GPIO_initPeripheralInputFunction)
                  000030e8    00000020     app.o (.text.abs_i32)
                  00003108    00000020     motor_encoder.o (.text.set_left_direction_forward)
                  00003128    0000001e     ti_msp_dl_config.o (.text.DL_UART_setOversampling)
                  00003146    00000002     --HOLE-- [fill = 0]
                  00003148    0000001e     libclang_rt.builtins.a : ashldi3.S.obj (.text.__ashldi3)
                  00003166    00000002     --HOLE-- [fill = 0]
                  00003168    0000001c     ti_msp_dl_config.o (.text.DL_GPIO_clearInterruptStatus)
                  00003184    0000001c     ti_msp_dl_config.o (.text.DL_GPIO_enableHiZ)
                  000031a0    0000001c     ti_msp_dl_config.o (.text.DL_GPIO_enableInterrupt)
                  000031bc    0000001c     ti_msp_dl_config.o (.text.DL_GPIO_initPeripheralOutputFunction)
                  000031d8    0000001c     ti_msp_dl_config.o (.text.DL_GPIO_setLowerPinsPolarity)
                  000031f4    0000001c     main.o (.text.DL_Interrupt_getPendingGroup)
                  00003210    0000001c     ti_msp_dl_config.o (.text.DL_SYSCTL_setSYSOSCFreq)
                  0000322c    0000001c     ti_msp_dl_config.o (.text.DL_Timer_enableInterrupt)
                  00003248    0000001c     driverlib.a : dl_timer.o (.text.DL_Timer_setCaptCompUpdateMethod)
                  00003264    0000001c                 : dl_timer.o (.text.DL_Timer_setClockConfig)
                  00003280    0000001c     main.o (.text.TIMA1_IRQHandler)
                  0000329c    00000018     ti_msp_dl_config.o (.text.DL_GPIO_enableOutput)
                  000032b4    00000018     ti_msp_dl_config.o (.text.DL_GPIO_enablePower)
                  000032cc    00000018     ti_msp_dl_config.o (.text.DL_GPIO_initDigitalOutput)
                  000032e4    00000018     ti_msp_dl_config.o (.text.DL_GPIO_reset)
                  000032fc    00000018     motor_encoder.o (.text.DL_GPIO_setPins)
                  00003314    00000018     ti_msp_dl_config.o (.text.DL_GPIO_setUpperPinsPolarity)
                  0000332c    00000018     ti_msp_dl_config.o (.text.DL_I2C_enableAnalogGlitchFilter)
                  00003344    00000018     ti_msp_dl_config.o (.text.DL_I2C_enableController)
                  0000335c    00000018     ti_msp_dl_config.o (.text.DL_I2C_enableControllerClockStretching)
                  00003374    00000018     ti_msp_dl_config.o (.text.DL_I2C_enablePower)
                  0000338c    00000018     ti_msp_dl_config.o (.text.DL_I2C_reset)
                  000033a4    00000018     ti_msp_dl_config.o (.text.DL_I2C_setTimerPeriod)
                  000033bc    00000018     ti_msp_dl_config.o (.text.DL_SYSCTL_setBORThreshold)
                  000033d4    00000018     ti_msp_dl_config.o (.text.DL_Timer_enablePower)
                  000033ec    00000018     ti_msp_dl_config.o (.text.DL_Timer_reset)
                  00003404    00000018     driverlib.a : dl_timer.o (.text.DL_Timer_setCaptureCompareOutCtl)
                  0000341c    00000018     ti_msp_dl_config.o (.text.DL_UART_enablePower)
                  00003434    00000018     ti_msp_dl_config.o (.text.DL_UART_reset)
                  0000344c    00000018     libc.a : snprintf.c.obj (.text._outc)
                  00003464    00000016     line_sensor.o (.text.DL_GPIO_readPins)
                  0000347a    00000016     motor_encoder.o (.text.DL_GPIO_readPins)
                  00003490    00000016     ti_msp_dl_config.o (.text.DL_UART_enable)
                  000034a6    00000014     motor_encoder.o (.text.DL_GPIO_clearPins)
                  000034ba    00000014     ti_msp_dl_config.o (.text.DL_GPIO_clearPins)
                  000034ce    00000002     --HOLE-- [fill = 0]
                  000034d0    00000014     i2c_bus.o (.text.DL_I2C_getControllerStatus)
                  000034e4    00000014     i2c_bus.o (.text.DL_I2C_resetControllerTransfer)
                  000034f8    00000014     ti_msp_dl_config.o (.text.DL_I2C_resetControllerTransfer)
                  0000350c    00000014     ti_msp_dl_config.o (.text.DL_SYSCTL_disableSYSPLL)
                  00003520    00000014     ti_msp_dl_config.o (.text.DL_SYSCTL_enableMFCLK)
                  00003534    00000014     ti_msp_dl_config.o (.text.DL_Timer_enableClock)
                  00003548    00000014     ti_msp_dl_config.o (.text.DL_Timer_setCCPDirection)
                  0000355c    00000014     libclang_rt.builtins.a : aeabi_uldivmod.S.obj (.text.__aeabi_uldivmod)
                  00003570    00000014     ssd1306.o (.text.ssd1306_clear)
                  00003584    00000012     main.o (.text.DL_GPIO_getPendingInterrupt)
                  00003596    00000012     main.o (.text.DL_Timer_getPendingInterrupt)
                  000035a8    00000012     driverlib.a : dl_uart.o (.text.DL_UART_setClockConfig)
                  000035ba    00000012     libc.a : memcpy16.S.obj (.text:TI_memcpy_small)
                  000035cc    00000012            : copy_decompress_none.c.obj (.text:decompress:none)
                  000035de    00000002     --HOLE-- [fill = 0]
                  000035e0    00000010     ti_msp_dl_config.o (.text.DL_SYSCTL_disableHFXT)
                  000035f0    00000010     driverlib.a : dl_timer.o (.text.DL_Timer_setCaptureCompareValue)
                  00003600    00000010     app.o (.text.app_tick_1ms_isr)
                  00003610    00000010     ssd1306.o (.text.ssd1306_is_present)
                  00003620    00000010     libc.a : wcslen.c.obj (.text.wcslen)
                  00003630    00000010            : copy_zero_init.c.obj (.text:decompress:ZI)
                  00003640    0000000e     libclang_rt.builtins.a : aeabi_memset.S.obj (.text.__aeabi_memset)
                  0000364e    0000000e     libc.a : _printfi.c.obj (.text.strlen)
                  0000365c    0000000e            : memset16.S.obj (.text:TI_memset_small)
                  0000366a    00000002     --HOLE-- [fill = 0]
                  0000366c    0000000c     libclang_rt.builtins.a : aeabi_memset.S.obj (.text.__aeabi_memclr)
                  00003678    0000000c     app.o (.text.app_millis)
                  00003684    0000000c     app.o (.text.app_start_key_isr)
                  00003690    0000000a     driverlib.a : dl_common.o (.text.DL_Common_delayCycles)
                  0000369a    00000002     --HOLE-- [fill = 0]
                  0000369c    00000008     libc.a : aeabi_portable.c.obj (.text.__aeabi_errno_addr)
                  000036a4    00000008     libclang_rt.builtins.a : aeabi_memcpy.S.obj (.text.__aeabi_memcpy)
                  000036ac    00000008     motor_encoder.o (.text.motor_get)
                  000036b4    00000006     libc.a : exit.c.obj (.text:abort)
                  000036ba    00000004     startup_mspm0g350x_ticlang.o (.text.Default_Handler)
                  000036be    00000004     libsysbm.a : hostexit.c.obj (.text.HOSTexit)
                  000036c2    00000004     startup_mspm0g350x_ticlang.o (.text.Reset_Handler)
                  000036c6    00000004     libc.a : pre_init.c.obj (.text._system_pre_init)
                  000036ca    00000006     --HOLE-- [fill = 0]

.cinit     0    000039d0    00000030     
                  000039d0    0000000c     (__TI_handler_table)
                  000039dc    00000008     (.cinit..bss.load) [load image, compression = zero_init]
                  000039e4    00000007     (.cinit..data.load) [load image, compression = lzss]
                  000039eb    00000001     --HOLE-- [fill = 0]
                  000039ec    00000010     (__TI_cinit_table)
                  000039fc    00000004     --HOLE-- [fill = 0]

.rodata    0    000036d0    00000300     
                  000036d0    00000101     libc.a : aeabi_ctype.S.obj (.rodata:__aeabi_ctype_table_)
                  000037d1    000000d2     ssd1306.o (.rodata.g_font)
                  000038a3    00000019     ssd1306.o (.rodata.try_init_at.init_commands)
                  000038bc    00000014     ti_msp_dl_config.o (.rodata.gCONTROL_TIMERTimerConfig)
                  000038d0    00000011     libc.a : _printfi.c.obj (.rodata.str1.10348868589481759720.1)
                  000038e1    00000011            : _printfi.c.obj (.rodata.str1.15363888844622738466.1)
                  000038f2    00000011     app.o (.rodata.str1.2606929252065540862.1)
                  00003903    00000001     --HOLE-- [fill = 0]
                  00003904    00000010     line_sensor.o (.rodata.line_sensor_read.weights)
                  00003914    0000000e     app.o (.rodata.str1.3543938948723267646.1)
                  00003922    0000000e     app.o (.rodata.str1.5602021903949372904.1)
                  00003930    0000000e     app.o (.rodata.str1.8682387830711593804.1)
                  0000393e    0000000d     app.o (.rodata.str1.14141965288680528547.1)
                  0000394b    0000000c     app.o (.rodata.str1.13935281678674483141.1)
                  00003957    0000000b     app.o (.rodata.str1.1944712146988729081.1)
                  00003962    0000000a     ti_msp_dl_config.o (.rodata.gDEBUG_UARTConfig)
                  0000396c    0000000a     app.o (.rodata.str1.10450196737795524526.1)
                  00003976    0000000a     app.o (.rodata.str1.4360399834097859481.1)
                  00003980    00000008     ti_msp_dl_config.o (.rodata.gPWM_LEFTConfig)
                  00003988    00000008     ti_msp_dl_config.o (.rodata.gPWM_RIGHTConfig)
                  00003990    00000008     app.o (.rodata.str1.2540114484728192048.1)
                  00003998    00000007     app.o (.rodata.str1.12441497784875596899.1)
                  0000399f    00000007     app.o (.rodata.str1.2568190970272041647.1)
                  000039a6    00000006     app.o (.rodata.str1.11849843482968746561.1)
                  000039ac    00000006     app.o (.rodata.str1.11879963978103418143.1)
                  000039b2    00000006     app.o (.rodata.str1.7777424699149452427.1)
                  000039b8    00000005     app.o (.rodata.str1.1155299426122084162.1)
                  000039bd    00000004     app.o (.rodata.str1.6810515665389614968.1)
                  000039c1    00000003     ti_msp_dl_config.o (.rodata.gCONTROL_TIMERClockConfig)
                  000039c4    00000003     ti_msp_dl_config.o (.rodata.gPWM_LEFTClockConfig)
                  000039c7    00000003     ti_msp_dl_config.o (.rodata.gPWM_RIGHTClockConfig)
                  000039ca    00000002     ti_msp_dl_config.o (.rodata.gDEBUG_UARTClockConfig)
                  000039cc    00000002     ti_msp_dl_config.o (.rodata.gI2C_DISPLAYClockConfig)
                  000039ce    00000002     --HOLE-- [fill = 0]

.init_array 
*          0    00000000    00000000     UNINITIALIZED

.binit     0    00000000    00000000     

.bss       0    20200000    000005fb     UNINITIALIZED
                  20200000    00000400     ssd1306.o (.bss.g_frame)
                  20200400    000000bc     (.common:gCONTROL_TIMERBackup)
                  202004bc    000000bc     (.common:gPWM_RIGHTBackup)
                  20200578    00000020     motor_encoder.o (.bss.g_motor)
                  20200598    00000006     app.o (.bss.g_line)
                  2020059e    00000002     app.o (.bss.g_finish_wide_ms)
                  202005a0    00000004     app.o (.bss.g_boot_ms)
                  202005a4    00000004     app.o (.bss.g_brake_start_ms)
                  202005a8    00000004     app.o (.bss.g_distance_mm)
                  202005ac    00000004     app.o (.bss.g_last_key_ms)
                  202005b0    00000004     motor_encoder.o (.bss.g_last_left_count)
                  202005b4    00000004     app.o (.bss.g_last_line_control_ms)
                  202005b8    00000004     app.o (.bss.g_last_line_seen_ms)
                  202005bc    00000004     app.o (.bss.g_last_oled_page_ms)
                  202005c0    00000004     motor_encoder.o (.bss.g_last_right_count)
                  202005c4    00000004     app.o (.bss.g_last_speed_ms)
                  202005c8    00000004     app.o (.bss.g_last_ui_ms)
                  202005cc    00000004     motor_encoder.o (.bss.g_left_count)
                  202005d0    00000004     motor_encoder.o (.bss.g_left_integral)
                  202005d4    00000004     app.o (.bss.g_millis)
                  202005d8    00000004     motor_encoder.o (.bss.g_right_count)
                  202005dc    00000004     motor_encoder.o (.bss.g_right_integral)
                  202005e0    00000004     app.o (.bss.g_run_start_ms)
                  202005e4    00000004     app.o (.bss.g_start_left_count)
                  202005e8    00000004     app.o (.bss.g_start_right_count)
                  202005ec    00000004     app.o (.bss.g_stop_elapsed_ms)
                  202005f0    00000002     app.o (.bss.g_last_line_error)
                  202005f2    00000002     app.o (.bss.g_start_clear_ms)
                  202005f4    00000001     ssd1306.o (.bss.g_address)
                  202005f5    00000001     app.o (.bss.g_app_state)
                  202005f6    00000001     ssd1306.o (.bss.g_present)
                  202005f7    00000001     ssd1306.o (.bss.g_refresh_page)
                  202005f8    00000001     app.o (.bss.g_result_valid)
                  202005f9    00000001     app.o (.bss.g_start_key_event)
                  202005fa    00000001     app.o (.bss.g_start_line_cleared)

.data      0    202005fc    00000006     UNINITIALIZED
                  202005fc    00000004     libc.a : aeabi_portable.c.obj (.data.__aeabi_errno)
                  20200600    00000002     line_sensor.o (.data.line_sensor_read.last_error)

.stack     0    20207e00    00000200     UNINITIALIZED
                  20207e00    00000004     libc.a : boot_cortex_m.c.obj (.stack)
                  20207e04    000001fc     --HOLE--

__llvm_prf_cnts 
*          0    20200000    00000000     UNINITIALIZED

__llvm_prf_bits 
*          0    20200000    00000000     UNINITIALIZED

MODULE SUMMARY

       Module                         code    ro data   rw data
       ------                         ----    -------   -------
    .\
       ti_msp_dl_config.o             2308    59        376    
       main.o                         288     0         0      
       startup_mspm0g350x_ticlang.o   8       192       0      
    +--+------------------------------+-------+---------+---------+
       Total:                         2604    251       376    
                                                               
    .\src\
       ssd1306.o                      1576    235       1027   
       app.o                          2422    164       72     
       motor_encoder.o                1212    0         56     
       i2c_bus.o                      524     0         0      
       line_sensor.o                  420     16        2      
    +--+------------------------------+-------+---------+---------+
       Total:                         6154    415       1157   
                                                               
    F:/ti/mspm0_sdk_2_10_00_04/source/ti/driverlib/lib/ticlang/m0p/mspm0g1x0x_g3x0x/driverlib.a
       dl_timer.o                     608     0         0      
       dl_i2c.o                       240     0         0      
       dl_uart.o                      90      0         0      
       dl_common.o                    10      0         0      
    +--+------------------------------+-------+---------+---------+
       Total:                         948     0         0      
                                                               
    F:\ti\ccs2051\ccs\tools\compiler\ti-cgt-armllvm_4.0.4.LTS\lib\armv6m-ti-none-eabi/c/libc.a
       _printfi.c.obj                 2166    34        0      
       aeabi_ctype.S.obj              0       257       0      
       snprintf.c.obj                 148     0         0      
       copy_decompress_lzss.c.obj     124     0         0      
       atoi.c.obj                     64      0         0      
       autoinit.c.obj                 60      0         0      
       boot_cortex_m.c.obj            40      0         0      
       memccpy.c.obj                  34      0         0      
       copy_decompress_none.c.obj     18      0         0      
       memcpy16.S.obj                 18      0         0      
       copy_zero_init.c.obj           16      0         0      
       wcslen.c.obj                   16      0         0      
       memset16.S.obj                 14      0         0      
       aeabi_portable.c.obj           8       0         4      
       exit.c.obj                     6       0         0      
       pre_init.c.obj                 4       0         0      
    +--+------------------------------+-------+---------+---------+
       Total:                         2736    291       4      
                                                               
    F:\ti\ccs2051\ccs\tools\compiler\ti-cgt-armllvm_4.0.4.LTS\lib\armv6m-ti-none-eabi/c/libsysbm.a
       hostexit.c.obj                 4       0         0      
    +--+------------------------------+-------+---------+---------+
       Total:                         4       0         0      
                                                               
    F:\ti\ccs2051\ccs\tools\compiler\ti-cgt-armllvm_4.0.4.LTS\lib\armv6m-ti-none-eabi/libclang_rt.builtins.a
       addsf3.S.obj                   216     0         0      
       udivmoddi4.S.obj               162     0         0      
       mulsf3.S.obj                   140     0         0      
       divsf3.S.obj                   130     0         0      
       comparesf2.S.obj               118     0         0      
       aeabi_fcmp.S.obj               98      0         0      
       aeabi_idivmod.S.obj            86      0         0      
       aeabi_uidivmod.S.obj           64      0         0      
       floatsisf.S.obj                60      0         0      
       muldsi3.S.obj                  58      0         0      
       fixsfsi.S.obj                  56      0         0      
       fixunssfsi.S.obj               50      0         0      
       muldi3.S.obj                   36      0         0      
       ashldi3.S.obj                  30      0         0      
       aeabi_memset.S.obj             26      0         0      
       aeabi_uldivmod.S.obj           20      0         0      
       aeabi_memcpy.S.obj             8       0         0      
       aeabi_div0.c.obj               4       0         0      
    +--+------------------------------+-------+---------+---------+
       Total:                         1362    0         0      
                                                               
       Stack:                         0       0         512    
       Linker Generated:              0       43        0      
    +--+------------------------------+-------+---------+---------+
       Grand Total:                   13808   1000      2049   


LINKER GENERATED COPY TABLES

__TI_cinit_table @ 000039ec records: 2, size/record: 8, table size: 16
	.bss: load addr=000039dc, load size=00000008 bytes, run addr=20200000, run size=000005fb bytes, compression=zero_init
	.data: load addr=000039e4, load size=00000007 bytes, run addr=202005fc, run size=00000006 bytes, compression=lzss


LINKER GENERATED HANDLER TABLE

__TI_handler_table @ 000039d0 records: 3, size/record: 4, table size: 12
	index: 0, handler: __TI_decompress_lzss
	index: 1, handler: __TI_decompress_none
	index: 2, handler: __TI_zero_init


GLOBAL SYMBOLS: SORTED ALPHABETICALLY BY Name 

address   name                            
-------   ----                            
000036bb  ADC0_IRQHandler                 
000036bb  ADC1_IRQHandler                 
000036bb  AES_IRQHandler                  
000036be  C$$EXIT                         
000036bb  CANFD0_IRQHandler               
000036bb  DAC0_IRQHandler                 
00003691  DL_Common_delayCycles           
000025f5  DL_I2C_fillControllerTXFIFO     
00002e25  DL_I2C_flushControllerRXFIFO    
00002af9  DL_I2C_flushControllerTXFIFO    
00002fcf  DL_I2C_setClockConfig           
0000144d  DL_Timer_initFourCCPWMMode      
00001551  DL_Timer_initTimerMode          
00003249  DL_Timer_setCaptCompUpdateMethod
00003405  DL_Timer_setCaptureCompareOutCtl
000035f1  DL_Timer_setCaptureCompareValue 
00003265  DL_Timer_setClockConfig         
0000292d  DL_UART_init                    
000035a9  DL_UART_setClockConfig          
000036bb  DMA_IRQHandler                  
000036bb  Default_Handler                 
000036bb  GROUP0_IRQHandler               
00002275  GROUP1_IRQHandler               
000036bf  HOSTexit                        
000036bb  HardFault_Handler               
000036bb  I2C0_IRQHandler                 
000036bb  I2C1_IRQHandler                 
000036bb  NMI_Handler                     
000036bb  PendSV_Handler                  
000036bb  RTC_IRQHandler                  
000036c3  Reset_Handler                   
000036bb  SPI0_IRQHandler                 
000036bb  SPI1_IRQHandler                 
000036bb  SVC_Handler                     
00002dbd  SYSCFG_DL_CONTROL_TIMER_init    
000029bd  SYSCFG_DL_DEBUG_UART_init       
00000b81  SYSCFG_DL_GPIO_init             
00002655  SYSCFG_DL_I2C_DISPLAY_init      
00002345  SYSCFG_DL_PWM_LEFT_init         
000023a9  SYSCFG_DL_PWM_RIGHT_init        
00003061  SYSCFG_DL_SYSCTL_init           
00002d15  SYSCFG_DL_init                  
00001f69  SYSCFG_DL_initPower             
000036bb  SysTick_Handler                 
000036bb  TIMA0_IRQHandler                
00003281  TIMA1_IRQHandler                
000036bb  TIMG0_IRQHandler                
000036bb  TIMG12_IRQHandler               
000036bb  TIMG6_IRQHandler                
000036bb  TIMG7_IRQHandler                
000036bb  TIMG8_IRQHandler                
000035bb  TI_memcpy_small                 
0000365d  TI_memset_small                 
000036bb  UART0_IRQHandler                
000036bb  UART1_IRQHandler                
000036bb  UART2_IRQHandler                
000036bb  UART3_IRQHandler                
20208000  __STACK_END                     
00000200  __STACK_SIZE                    
00000000  __TI_ATRegion0_region_sz        
00000000  __TI_ATRegion0_src_addr         
00000000  __TI_ATRegion0_trg_addr         
00000000  __TI_ATRegion1_region_sz        
00000000  __TI_ATRegion1_src_addr         
00000000  __TI_ATRegion1_trg_addr         
00000000  __TI_ATRegion2_region_sz        
00000000  __TI_ATRegion2_src_addr         
00000000  __TI_ATRegion2_trg_addr         
000039ec  __TI_CINIT_Base                 
000039fc  __TI_CINIT_Limit                
000039fc  __TI_CINIT_Warm                 
000039d0  __TI_Handler_Table_Base         
000039dc  __TI_Handler_Table_Limit        
00002c61  __TI_auto_init_nobinit_nopinit  
00002185  __TI_decompress_lzss            
000035cd  __TI_decompress_none            
ffffffff  __TI_pprof_out_hndl             
000000c1  __TI_printfi_nofloat            
ffffffff  __TI_prof_data_size             
ffffffff  __TI_prof_data_start            
00000000  __TI_static_base__              
00003631  __TI_zero_init                  
000019ef  __addsf3                        
000036d0  __aeabi_ctype_table_            
000036d0  __aeabi_ctype_table_C           
202005fc  __aeabi_errno                   
0000369d  __aeabi_errno_addr              
00002d4d  __aeabi_f2iz                    
00002df1  __aeabi_f2uiz                   
000019ef  __aeabi_fadd                    
00002471  __aeabi_fcmpeq                  
000024ad  __aeabi_fcmpge                  
000024c1  __aeabi_fcmpgt                  
00002499  __aeabi_fcmple                  
00002485  __aeabi_fcmplt                  
00002081  __aeabi_fdiv                    
00001ff5  __aeabi_fmul                    
000019e5  __aeabi_fsub                    
00002b71  __aeabi_i2f                     
00002705  __aeabi_idiv                    
00001ecb  __aeabi_idiv0                   
00002705  __aeabi_idivmod                 
00002103  __aeabi_ldiv0                   
00003149  __aeabi_llsl                    
00002ff5  __aeabi_lmul                    
0000366d  __aeabi_memclr                  
0000366d  __aeabi_memclr4                 
0000366d  __aeabi_memclr8                 
000036a5  __aeabi_memcpy                  
000036a5  __aeabi_memcpy4                 
000036a5  __aeabi_memcpy8                 
00003641  __aeabi_memset                  
00003641  __aeabi_memset4                 
00003641  __aeabi_memset8                 
000029fd  __aeabi_uidiv                   
000029fd  __aeabi_uidivmod                
0000355d  __aeabi_uldivmod                
00003149  __ashldi3                       
ffffffff  __binit__                       
00002c9d  __cmpsf2                        
00002081  __divsf3                        
00002c9d  __eqsf2                         
00002d4d  __fixsfsi                       
00002df1  __fixunssfsi                    
00002b71  __floatsisf                     
00002bad  __gesf2                         
00002bad  __gtsf2                         
00002c9d  __lesf2                         
00002c9d  __ltsf2                         
UNDEFED   __mpu_init                      
00002ff5  __muldi3                        
00002cd9  __muldsi3                       
00001ff5  __mulsf3                        
00002c9d  __nesf2                         
20207e00  __stack                         
20200000  __start___llvm_prf_bits         
20200000  __start___llvm_prf_cnts         
20200000  __stop___llvm_prf_bits          
20200000  __stop___llvm_prf_cnts          
000019e5  __subsf3                        
00001d89  __udivmoddi4                    
00002f81  _c_int00_noargs                 
UNDEFED   _system_post_cinit              
000036c7  _system_pre_init                
000036b5  abort                           
0000182d  app_init                        
00003679  app_millis                      
00000ecd  app_process                     
00003685  app_start_key_isr               
00003601  app_tick_1ms_isr                
00002a3d  atoi                            
ffffffff  binit                           
20200400  gCONTROL_TIMERBackup            
202004bc  gPWM_RIGHTBackup                
00001e2b  i2c_bus_write                   
00000000  interruptVectors                
000011b9  line_sensor_read                
00002e85  main                            
000030a5  memccpy                         
00002be9  motor_active_brake              
00002c25  motor_coast                     
000024d5  motor_encoder_left_edge_isr     
0000240d  motor_encoder_right_edge_isr    
000036ad  motor_get                       
00002535  motor_init                      
000026ad  motor_prepare_run               
00002d85  motor_set_targets               
00001b89  motor_speed_control_10ms        
00002895  snprintf                        
00003571  ssd1306_clear                   
00001abd  ssd1306_draw_text               
00001049  ssd1306_draw_text_2x            
00001325  ssd1306_init                    
00003611  ssd1306_is_present              
0000164d  ssd1306_refresh_next_page       
00003621  wcslen                          


GLOBAL SYMBOLS: SORTED BY Symbol Address 

address   name                            
-------   ----                            
00000000  __TI_ATRegion0_region_sz        
00000000  __TI_ATRegion0_src_addr         
00000000  __TI_ATRegion0_trg_addr         
00000000  __TI_ATRegion1_region_sz        
00000000  __TI_ATRegion1_src_addr         
00000000  __TI_ATRegion1_trg_addr         
00000000  __TI_ATRegion2_region_sz        
00000000  __TI_ATRegion2_src_addr         
00000000  __TI_ATRegion2_trg_addr         
00000000  __TI_static_base__              
00000000  interruptVectors                
000000c1  __TI_printfi_nofloat            
00000200  __STACK_SIZE                    
00000b81  SYSCFG_DL_GPIO_init             
00000ecd  app_process                     
00001049  ssd1306_draw_text_2x            
000011b9  line_sensor_read                
00001325  ssd1306_init                    
0000144d  DL_Timer_initFourCCPWMMode      
00001551  DL_Timer_initTimerMode          
0000164d  ssd1306_refresh_next_page       
0000182d  app_init                        
000019e5  __aeabi_fsub                    
000019e5  __subsf3                        
000019ef  __addsf3                        
000019ef  __aeabi_fadd                    
00001abd  ssd1306_draw_text               
00001b89  motor_speed_control_10ms        
00001d89  __udivmoddi4                    
00001e2b  i2c_bus_write                   
00001ecb  __aeabi_idiv0                   
00001f69  SYSCFG_DL_initPower             
00001ff5  __aeabi_fmul                    
00001ff5  __mulsf3                        
00002081  __aeabi_fdiv                    
00002081  __divsf3                        
00002103  __aeabi_ldiv0                   
00002185  __TI_decompress_lzss            
00002275  GROUP1_IRQHandler               
00002345  SYSCFG_DL_PWM_LEFT_init         
000023a9  SYSCFG_DL_PWM_RIGHT_init        
0000240d  motor_encoder_right_edge_isr    
00002471  __aeabi_fcmpeq                  
00002485  __aeabi_fcmplt                  
00002499  __aeabi_fcmple                  
000024ad  __aeabi_fcmpge                  
000024c1  __aeabi_fcmpgt                  
000024d5  motor_encoder_left_edge_isr     
00002535  motor_init                      
000025f5  DL_I2C_fillControllerTXFIFO     
00002655  SYSCFG_DL_I2C_DISPLAY_init      
000026ad  motor_prepare_run               
00002705  __aeabi_idiv                    
00002705  __aeabi_idivmod                 
00002895  snprintf                        
0000292d  DL_UART_init                    
000029bd  SYSCFG_DL_DEBUG_UART_init       
000029fd  __aeabi_uidiv                   
000029fd  __aeabi_uidivmod                
00002a3d  atoi                            
00002af9  DL_I2C_flushControllerTXFIFO    
00002b71  __aeabi_i2f                     
00002b71  __floatsisf                     
00002bad  __gesf2                         
00002bad  __gtsf2                         
00002be9  motor_active_brake              
00002c25  motor_coast                     
00002c61  __TI_auto_init_nobinit_nopinit  
00002c9d  __cmpsf2                        
00002c9d  __eqsf2                         
00002c9d  __lesf2                         
00002c9d  __ltsf2                         
00002c9d  __nesf2                         
00002cd9  __muldsi3                       
00002d15  SYSCFG_DL_init                  
00002d4d  __aeabi_f2iz                    
00002d4d  __fixsfsi                       
00002d85  motor_set_targets               
00002dbd  SYSCFG_DL_CONTROL_TIMER_init    
00002df1  __aeabi_f2uiz                   
00002df1  __fixunssfsi                    
00002e25  DL_I2C_flushControllerRXFIFO    
00002e85  main                            
00002f81  _c_int00_noargs                 
00002fcf  DL_I2C_setClockConfig           
00002ff5  __aeabi_lmul                    
00002ff5  __muldi3                        
00003061  SYSCFG_DL_SYSCTL_init           
000030a5  memccpy                         
00003149  __aeabi_llsl                    
00003149  __ashldi3                       
00003249  DL_Timer_setCaptCompUpdateMethod
00003265  DL_Timer_setClockConfig         
00003281  TIMA1_IRQHandler                
00003405  DL_Timer_setCaptureCompareOutCtl
0000355d  __aeabi_uldivmod                
00003571  ssd1306_clear                   
000035a9  DL_UART_setClockConfig          
000035bb  TI_memcpy_small                 
000035cd  __TI_decompress_none            
000035f1  DL_Timer_setCaptureCompareValue 
00003601  app_tick_1ms_isr                
00003611  ssd1306_is_present              
00003621  wcslen                          
00003631  __TI_zero_init                  
00003641  __aeabi_memset                  
00003641  __aeabi_memset4                 
00003641  __aeabi_memset8                 
0000365d  TI_memset_small                 
0000366d  __aeabi_memclr                  
0000366d  __aeabi_memclr4                 
0000366d  __aeabi_memclr8                 
00003679  app_millis                      
00003685  app_start_key_isr               
00003691  DL_Common_delayCycles           
0000369d  __aeabi_errno_addr              
000036a5  __aeabi_memcpy                  
000036a5  __aeabi_memcpy4                 
000036a5  __aeabi_memcpy8                 
000036ad  motor_get                       
000036b5  abort                           
000036bb  ADC0_IRQHandler                 
000036bb  ADC1_IRQHandler                 
000036bb  AES_IRQHandler                  
000036bb  CANFD0_IRQHandler               
000036bb  DAC0_IRQHandler                 
000036bb  DMA_IRQHandler                  
000036bb  Default_Handler                 
000036bb  GROUP0_IRQHandler               
000036bb  HardFault_Handler               
000036bb  I2C0_IRQHandler                 
000036bb  I2C1_IRQHandler                 
000036bb  NMI_Handler                     
000036bb  PendSV_Handler                  
000036bb  RTC_IRQHandler                  
000036bb  SPI0_IRQHandler                 
000036bb  SPI1_IRQHandler                 
000036bb  SVC_Handler                     
000036bb  SysTick_Handler                 
000036bb  TIMA0_IRQHandler                
000036bb  TIMG0_IRQHandler                
000036bb  TIMG12_IRQHandler               
000036bb  TIMG6_IRQHandler                
000036bb  TIMG7_IRQHandler                
000036bb  TIMG8_IRQHandler                
000036bb  UART0_IRQHandler                
000036bb  UART1_IRQHandler                
000036bb  UART2_IRQHandler                
000036bb  UART3_IRQHandler                
000036be  C$$EXIT                         
000036bf  HOSTexit                        
000036c3  Reset_Handler                   
000036c7  _system_pre_init                
000036d0  __aeabi_ctype_table_            
000036d0  __aeabi_ctype_table_C           
000039d0  __TI_Handler_Table_Base         
000039dc  __TI_Handler_Table_Limit        
000039ec  __TI_CINIT_Base                 
000039fc  __TI_CINIT_Limit                
000039fc  __TI_CINIT_Warm                 
20200000  __start___llvm_prf_bits         
20200000  __start___llvm_prf_cnts         
20200000  __stop___llvm_prf_bits          
20200000  __stop___llvm_prf_cnts          
20200400  gCONTROL_TIMERBackup            
202004bc  gPWM_RIGHTBackup                
202005fc  __aeabi_errno                   
20207e00  __stack                         
20208000  __STACK_END                     
ffffffff  __TI_pprof_out_hndl             
ffffffff  __TI_prof_data_size             
ffffffff  __TI_prof_data_start            
ffffffff  __binit__                       
ffffffff  binit                           
UNDEFED   __mpu_init                      
UNDEFED   _system_post_cinit              

[176 symbols]
