******************************************************************************
            TI ARM Clang Linker PC v4.0.4                      
******************************************************************************
>> Linked Sat Aug  1 05:49:31 2026

OUTPUT FILE NAME:   <H2_LineCar_CCS.out>
ENTRY POINT SYMBOL: "_c_int00_noargs"  address: 0000382d


MEMORY CONFIGURATION

         name            origin    length      used     unused   attr    fill
----------------------  --------  ---------  --------  --------  ----  --------
  FLASH                 00000000   00020000  000042d8  0001bd28  R  X
  SRAM                  20200000   00008000  00000911  000076ef  RW X
  BCR_CONFIG            41c00000   000000ff  00000000  000000ff  R   
  BSL_CONFIG            41c00100   00000080  00000000  00000080  R   


SEGMENT ALLOCATION MAP

run origin  load origin   length   init length attrs members
----------  ----------- ---------- ----------- ----- -------
00000000    00000000    00003f78   00003f78    r-x
  00000000    00000000    000000c0   000000c0    r-- .intvecs
  000000c0    000000c0    00003eb8   00003eb8    r-x .text
00003f80    00003f80    00000360   00000360    r--
  00003f80    00003f80    00000330   00000330    r-- .rodata
  000042b0    000042b0    00000030   00000030    r-- .cinit
20200000    20200000    00000714   00000000    rw-
  20200000    20200000    0000070d   00000000    rw- .bss
  20200710    20200710    00000004   00000000    rw- .data
20207e00    20207e00    00000200   00000000    rw-
  20207e00    20207e00    00000200   00000000    rw- .stack


SECTION ALLOCATION MAP

 output                                  attributes/
section   page    origin      length       input sections
--------  ----  ----------  ----------   ----------------
.intvecs   0    00000000    000000c0     
                  00000000    000000c0     startup_mspm0g350x_ticlang.o (.intvecs)

.text      0    000000c0    00003eb8     
                  000000c0    00000868     libc.a : _printfi.c.obj (.text:__TI_printfi_nofloat)
                  00000928    00000208     h3_ball_control.o (.text.update_ui)
                  00000b30    000001b8     ti_msp_dl_config.o (.text.SYSCFG_DL_GPIO_init)
                  00000ce8    000001ae     h3_vision.o (.text.parse_decimal_i32)
                  00000e96    00000002     libclang_rt.builtins.a : aeabi_div0.c.obj (.text.__aeabi_idiv0)
                  00000e98    00000178     h3_vision.o (.text.commit_frame)
                  00001010    00000174     h3_ball_control.o (.text.h3_ball_control_process)
                  00001184    00000170     h3_ball_control.o (.text.update_motion_state)
                  000012f4    00000138     h3_ball_control.o (.text.run_outer_loop)
                  0000142c    00000134     h3_vision.o (.text.h3_vision_process)
                  00001560    00000128     ssd1306.o (.text.ssd1306_init)
                  00001688    00000104     driverlib.a : dl_timer.o (.text.DL_Timer_initFourCCPWMMode)
                  0000178c    000000fc                 : dl_timer.o (.text.DL_Timer_initTimerMode)
                  00001888    000000f8     ssd1306.o (.text.ssd1306_refresh_next_page)
                  00001980    000000f0     h3_ball_control.o (.text.send_motor_angle)
                  00001a70    000000ec     h3_vision.o (.text.parse_legacy_line)
                  00001b5c    000000e8     ssd1306.o (.text.glyph_index)
                  00001c44    000000e2     h3_vision.o (.text.parse_u32)
                  00001d26    00000002     libclang_rt.builtins.a : aeabi_div0.c.obj (.text.__aeabi_ldiv0)
                  00001d28    000000d8                            : addsf3.S.obj (.text)
                  00001e00    000000cc     ssd1306.o (.text.ssd1306_draw_text)
                  00001ecc    000000c4     h3_ball_control.o (.text.h3_ball_control_init)
                  00001f90    000000a2     libclang_rt.builtins.a : udivmoddi4.S.obj (.text)
                  00002032    00000002     --HOLE-- [fill = 0]
                  00002034    000000a0     ti_msp_dl_config.o (.text.SYSCFG_DL_initPower)
                  000020d4    000000a0     h3_ball_control.o (.text.handle_key)
                  00002174    000000a0     i2c_bus.o (.text.i2c_bus_write)
                  00002214    0000009c     h3_ball_control.o (.text.state_text)
                  000022b0    0000009c     ssd1306.o (.text.write_commands)
                  0000234c    0000009a     h3_vision.o (.text.parse_i32)
                  000023e6    00000002     --HOLE-- [fill = 0]
                  000023e8    00000098     h3_vision.o (.text.inside_legacy_checksum)
                  00002480    00000098     h3_vision.o (.text.parse_line)
                  00002518    00000094     zdt_stepper.o (.text.zdt_stepper_move_absolute_deg)
                  000025ac    0000008c     libclang_rt.builtins.a : mulsf3.S.obj (.text.__mulsf3)
                  00002638    0000008c     zdt_stepper.o (.text.send_frame)
                  000026c4    00000084     zdt_stepper.o (.text.zdt_stepper_rx_byte_isr)
                  00002748    00000082     libclang_rt.builtins.a : divsf3.S.obj (.text.__divsf3)
                  000027ca    00000002     --HOLE-- [fill = 0]
                  000027cc    00000080     i2c_bus.o (.text.finish_transfer)
                  0000284c    00000080     h3_vision.o (.text.skip_field)
                  000028cc    0000007e     h3_vision.o (.text.parse_standard_line)
                  0000294a    00000002     --HOLE-- [fill = 0]
                  0000294c    0000007c     libc.a : copy_decompress_lzss.c.obj (.text:decompress:lzss)
                  000029c8    00000078     h3_ball_control.o (.text.send_camera_ack)
                  00002a40    00000068     motor_encoder.o (.text.set_pwm)
                  00002aa8    00000064     ti_msp_dl_config.o (.text.SYSCFG_DL_PWM_LEFT_init)
                  00002b0c    00000064     ti_msp_dl_config.o (.text.SYSCFG_DL_PWM_RIGHT_init)
                  00002b70    00000062     libclang_rt.builtins.a : aeabi_fcmp.S.obj (.text.__aeabi_fcmp)
                  00002bd2    00000002     --HOLE-- [fill = 0]
                  00002bd4    00000060     h3_vision.o (.text.h3_vision_rx_byte_isr)
                  00002c34    00000060     motor_encoder.o (.text.motor_init)
                  00002c94    0000005e     driverlib.a : dl_i2c.o (.text.DL_I2C_fillControllerTXFIFO)
                  00002cf2    00000002     --HOLE-- [fill = 0]
                  00002cf4    0000005c     zdt_stepper.o (.text.zdt_stepper_init)
                  00002d50    00000058     ti_msp_dl_config.o (.text.SYSCFG_DL_I2C_DISPLAY_init)
                  00002da8    00000050     ti_msp_dl_config.o (.text.DL_GPIO_initPeripheralInputFunctionFeatures)
                  00002df8    00000050     i2c_bus.o (.text.DL_I2C_startControllerTransfer)
                  00002e48    0000004c     ti_msp_dl_config.o (.text.DL_GPIO_initDigitalInputFeatures)
                  00002e94    0000004c     ti_msp_dl_config.o (.text.DL_UART_setBaudRateDivisor)
                  00002ee0    0000004c     ti_msp_dl_config.o (.text.SYSCFG_DL_VISION_UART_init)
                  00002f2c    0000004c     h3_vision.o (.text.h3_vision_init)
                  00002f78    0000004c     libc.a : snprintf.c.obj (.text.snprintf)
                  00002fc4    0000004c     h3_ball_control.o (.text.start_run)
                  00003010    0000004c     i2c_bus.o (.text.wait_idle)
                  0000305c    00000048     driverlib.a : dl_uart.o (.text.DL_UART_init)
                  000030a4    00000048     ti_msp_dl_config.o (.text.SYSCFG_DL_DEBUG_UART_init)
                  000030ec    00000048     main.o (.text.main)
                  00003134    00000042     h3_ball_control.o (.text.vision_is_recent)
                  00003176    00000002     --HOLE-- [fill = 0]
                  00003178    00000040     libclang_rt.builtins.a : aeabi_uidivmod.S.obj (.text.__aeabi_uidivmod)
                  000031b8    00000040     libc.a : atoi.c.obj (.text.atoi)
                  000031f8    0000003e     h3_ball_control.o (.text.clampf)
                  00003236    0000003e     motor_encoder.o (.text.clampf)
                  00003274    0000003c     driverlib.a : dl_i2c.o (.text.DL_I2C_flushControllerTXFIFO)
                  000032b0    0000003c     ti_msp_dl_config.o (.text.DL_Timer_setCounterControl)
                  000032ec    0000003c     ti_msp_dl_config.o (.text.SYSCFG_DL_init)
                  00003328    0000003c     libclang_rt.builtins.a : floatsisf.S.obj (.text.__floatsisf)
                  00003364    0000003c                            : comparesf2.S.obj (.text.__gtsf2)
                  000033a0    0000003c     motor_encoder.o (.text.motor_coast)
                  000033dc    0000003c     libc.a : autoinit.c.obj (.text:__TI_auto_init_nobinit_nopinit)
                  00003418    0000003a     libclang_rt.builtins.a : comparesf2.S.obj (.text.__eqsf2)
                  00003452    00000002     --HOLE-- [fill = 0]
                  00003454    0000003a                            : muldsi3.S.obj (.text.__muldsi3)
                  0000348e    00000002     --HOLE-- [fill = 0]
                  00003490    00000038                            : fixsfsi.S.obj (.text.__fixsfsi)
                  000034c8    00000038     motor_encoder.o (.text.motor_set_targets)
                  00003500    00000034     ti_msp_dl_config.o (.text.SYSCFG_DL_CONTROL_TIMER_init)
                  00003534    00000032     libclang_rt.builtins.a : fixunssfsi.S.obj (.text.__fixunssfsi)
                  00003566    00000002     --HOLE-- [fill = 0]
                  00003568    00000030     driverlib.a : dl_i2c.o (.text.DL_I2C_flushControllerRXFIFO)
                  00003598    00000030                 : dl_uart.o (.text.DL_UART_transmitDataBlocking)
                  000035c8    00000030     main.o (.text.UART0_IRQHandler)
                  000035f8    00000030     main.o (.text.UART1_IRQHandler)
                  00003628    00000030     libc.a : snprintf.c.obj (.text._outs)
                  00003658    0000002e     zdt_stepper.o (.text.zdt_stepper_enable)
                  00003686    00000002     --HOLE-- [fill = 0]
                  00003688    0000002c     main.o (.text.GROUP1_IRQHandler)
                  000036b4    0000002c     main.o (.text.__NVIC_ClearPendingIRQ)
                  000036e0    0000002c     main.o (.text.__NVIC_EnableIRQ)
                  0000370c    0000002c     h3_ball_control.o (.text.absf)
                  00003738    0000002c     main.o (.text.vision_uart_discard_startup_fragment)
                  00003764    00000028     i2c_bus.o (.text.DL_Common_updateReg)
                  0000378c    00000028     ti_msp_dl_config.o (.text.DL_Common_updateReg)
                  000037b4    00000028     ti_msp_dl_config.o (.text.DL_I2C_setControllerRXFIFOThreshold)
                  000037dc    00000028     ti_msp_dl_config.o (.text.DL_I2C_setControllerTXFIFOThreshold)
                  00003804    00000028     libclang_rt.builtins.a : floatunsisf.S.obj (.text.__floatunsisf)
                  0000382c    00000028     libc.a : boot_cortex_m.c.obj (.text:_c_int00_noargs)
                  00003854    00000026     ti_msp_dl_config.o (.text.DL_I2C_setAnalogGlitchFilterPulseWidth)
                  0000387a    00000026     driverlib.a : dl_i2c.o (.text.DL_I2C_setClockConfig)
                  000038a0    00000024     libclang_rt.builtins.a : muldi3.S.obj (.text.__muldi3)
                  000038c4    00000024     ssd1306.o (.text.try_init_at)
                  000038e8    00000022     ti_msp_dl_config.o (.text.SYSCFG_DL_SYSCTL_init)
                  0000390a    00000022     libc.a : memccpy.c.obj (.text.memccpy)
                  0000392c    00000020     ti_msp_dl_config.o (.text.DL_GPIO_initPeripheralInputFunction)
                  0000394c    00000020     h3_vision.o (.text.h3_vision_take_new_sample)
                  0000396c    0000001e     ti_msp_dl_config.o (.text.DL_UART_setOversampling)
                  0000398a    00000002     --HOLE-- [fill = 0]
                  0000398c    0000001e     libclang_rt.builtins.a : ashldi3.S.obj (.text.__ashldi3)
                  000039aa    00000002     --HOLE-- [fill = 0]
                  000039ac    0000001c     ti_msp_dl_config.o (.text.DL_GPIO_clearInterruptStatus)
                  000039c8    0000001c     ti_msp_dl_config.o (.text.DL_GPIO_enableHiZ)
                  000039e4    0000001c     ti_msp_dl_config.o (.text.DL_GPIO_enableInterrupt)
                  00003a00    0000001c     ti_msp_dl_config.o (.text.DL_GPIO_initPeripheralOutputFunction)
                  00003a1c    0000001c     ti_msp_dl_config.o (.text.DL_GPIO_setLowerPinsPolarity)
                  00003a38    0000001c     main.o (.text.DL_Interrupt_getPendingGroup)
                  00003a54    0000001c     ti_msp_dl_config.o (.text.DL_SYSCTL_setSYSOSCFreq)
                  00003a70    0000001c     ti_msp_dl_config.o (.text.DL_Timer_enableInterrupt)
                  00003a8c    0000001c     driverlib.a : dl_timer.o (.text.DL_Timer_setCaptCompUpdateMethod)
                  00003aa8    0000001c                 : dl_timer.o (.text.DL_Timer_setClockConfig)
                  00003ac4    0000001c     ti_msp_dl_config.o (.text.DL_UART_enableInterrupt)
                  00003ae0    0000001c     driverlib.a : dl_uart.o (.text.DL_UART_transmitDataCheck)
                  00003afc    0000001c     main.o (.text.TIMA1_IRQHandler)
                  00003b18    00000018     ti_msp_dl_config.o (.text.DL_GPIO_enableOutput)
                  00003b30    00000018     ti_msp_dl_config.o (.text.DL_GPIO_enablePower)
                  00003b48    00000018     ti_msp_dl_config.o (.text.DL_GPIO_initDigitalOutput)
                  00003b60    00000018     ti_msp_dl_config.o (.text.DL_GPIO_reset)
                  00003b78    00000018     ti_msp_dl_config.o (.text.DL_GPIO_setUpperPinsPolarity)
                  00003b90    00000018     ti_msp_dl_config.o (.text.DL_I2C_enableAnalogGlitchFilter)
                  00003ba8    00000018     ti_msp_dl_config.o (.text.DL_I2C_enableController)
                  00003bc0    00000018     ti_msp_dl_config.o (.text.DL_I2C_enableControllerClockStretching)
                  00003bd8    00000018     ti_msp_dl_config.o (.text.DL_I2C_enablePower)
                  00003bf0    00000018     ti_msp_dl_config.o (.text.DL_I2C_reset)
                  00003c08    00000018     ti_msp_dl_config.o (.text.DL_I2C_setTimerPeriod)
                  00003c20    00000018     ti_msp_dl_config.o (.text.DL_SYSCTL_setBORThreshold)
                  00003c38    00000018     ti_msp_dl_config.o (.text.DL_Timer_enablePower)
                  00003c50    00000018     ti_msp_dl_config.o (.text.DL_Timer_reset)
                  00003c68    00000018     driverlib.a : dl_timer.o (.text.DL_Timer_setCaptureCompareOutCtl)
                  00003c80    00000018     main.o (.text.DL_UART_clearInterruptStatus)
                  00003c98    00000018     ti_msp_dl_config.o (.text.DL_UART_enablePower)
                  00003cb0    00000018     main.o (.text.DL_UART_isRXFIFOEmpty)
                  00003cc8    00000018     ti_msp_dl_config.o (.text.DL_UART_reset)
                  00003ce0    00000018     libc.a : snprintf.c.obj (.text._outc)
                  00003cf8    00000016     ti_msp_dl_config.o (.text.DL_UART_enable)
                  00003d0e    00000014     motor_encoder.o (.text.DL_GPIO_clearPins)
                  00003d22    00000014     ti_msp_dl_config.o (.text.DL_GPIO_clearPins)
                  00003d36    00000002     --HOLE-- [fill = 0]
                  00003d38    00000014     i2c_bus.o (.text.DL_I2C_getControllerStatus)
                  00003d4c    00000014     i2c_bus.o (.text.DL_I2C_resetControllerTransfer)
                  00003d60    00000014     ti_msp_dl_config.o (.text.DL_I2C_resetControllerTransfer)
                  00003d74    00000014     ti_msp_dl_config.o (.text.DL_SYSCTL_disableSYSPLL)
                  00003d88    00000014     ti_msp_dl_config.o (.text.DL_SYSCTL_enableMFCLK)
                  00003d9c    00000014     ti_msp_dl_config.o (.text.DL_Timer_enableClock)
                  00003db0    00000014     ti_msp_dl_config.o (.text.DL_Timer_setCCPDirection)
                  00003dc4    00000014     main.o (.text.DL_UART_receiveData)
                  00003dd8    00000014     libclang_rt.builtins.a : aeabi_uldivmod.S.obj (.text.__aeabi_uldivmod)
                  00003dec    00000014     h3_ball_control.o (.text.h3_ball_control_vision_rx_isr)
                  00003e00    00000014     h3_ball_control.o (.text.h3_ball_control_zdt_rx_isr)
                  00003e14    00000014     ssd1306.o (.text.ssd1306_clear)
                  00003e28    00000012     main.o (.text.DL_GPIO_getPendingInterrupt)
                  00003e3a    00000012     main.o (.text.DL_Timer_getPendingInterrupt)
                  00003e4c    00000012     main.o (.text.DL_UART_getPendingInterrupt)
                  00003e5e    00000012     driverlib.a : dl_uart.o (.text.DL_UART_setClockConfig)
                  00003e70    00000012     libc.a : memcpy16.S.obj (.text:TI_memcpy_small)
                  00003e82    00000012            : copy_decompress_none.c.obj (.text:decompress:none)
                  00003e94    00000010     ti_msp_dl_config.o (.text.DL_SYSCTL_disableHFXT)
                  00003ea4    00000010     driverlib.a : dl_timer.o (.text.DL_Timer_setCaptureCompareValue)
                  00003eb4    00000010     h3_ball_control.o (.text.h3_ball_control_tick_1ms_isr)
                  00003ec4    00000010     libc.a : wcslen.c.obj (.text.wcslen)
                  00003ed4    00000010            : copy_zero_init.c.obj (.text:decompress:ZI)
                  00003ee4    0000000e     libclang_rt.builtins.a : aeabi_memset.S.obj (.text.__aeabi_memset)
                  00003ef2    0000000e     libc.a : _printfi.c.obj (.text.strlen)
                  00003f00    0000000e            : memset16.S.obj (.text:TI_memset_small)
                  00003f0e    00000002     --HOLE-- [fill = 0]
                  00003f10    0000000c     libclang_rt.builtins.a : aeabi_memset.S.obj (.text.__aeabi_memclr)
                  00003f1c    0000000c     h3_ball_control.o (.text.h3_ball_control_start_key_isr)
                  00003f28    0000000c     h3_ball_control.o (.text.h3_millis)
                  00003f34    0000000a     driverlib.a : dl_common.o (.text.DL_Common_delayCycles)
                  00003f3e    00000002     --HOLE-- [fill = 0]
                  00003f40    00000008     libc.a : aeabi_portable.c.obj (.text.__aeabi_errno_addr)
                  00003f48    00000008     libclang_rt.builtins.a : aeabi_memcpy.S.obj (.text.__aeabi_memcpy)
                  00003f50    00000008     h3_vision.o (.text.h3_vision_get)
                  00003f58    00000008     zdt_stepper.o (.text.zdt_stepper_get_status)
                  00003f60    00000006     libc.a : exit.c.obj (.text:abort)
                  00003f66    00000004     startup_mspm0g350x_ticlang.o (.text.Default_Handler)
                  00003f6a    00000004     libsysbm.a : hostexit.c.obj (.text.HOSTexit)
                  00003f6e    00000004     startup_mspm0g350x_ticlang.o (.text.Reset_Handler)
                  00003f72    00000004     libc.a : pre_init.c.obj (.text._system_pre_init)
                  00003f76    00000002     --HOLE-- [fill = 0]

.cinit     0    000042b0    00000030     
                  000042b0    0000000c     (__TI_handler_table)
                  000042bc    00000008     (.cinit..bss.load) [load image, compression = zero_init]
                  000042c4    00000007     (.cinit..data.load) [load image, compression = lzss]
                  000042cb    00000001     --HOLE-- [fill = 0]
                  000042cc    00000010     (__TI_cinit_table)
                  000042dc    00000004     --HOLE-- [fill = 0]

.rodata    0    00003f80    00000330     
                  00003f80    00000101     libc.a : aeabi_ctype.S.obj (.rodata:__aeabi_ctype_table_)
                  00004081    000000d2     ssd1306.o (.rodata.g_font)
                  00004153    00000019     ssd1306.o (.rodata.try_init_at.init_commands)
                  0000416c    00000014     ti_msp_dl_config.o (.rodata.gCONTROL_TIMERTimerConfig)
                  00004180    00000013     h3_ball_control.o (.rodata.str1.10557231840400332371.1)
                  00004193    00000013     h3_ball_control.o (.rodata.str1.7106409058061791663.1)
                  000041a6    00000012     h3_ball_control.o (.rodata.str1.1126359134911944296.1)
                  000041b8    00000011     libc.a : _printfi.c.obj (.rodata.str1.10348868589481759720.1)
                  000041c9    00000011            : _printfi.c.obj (.rodata.str1.15363888844622738466.1)
                  000041da    00000010     h3_ball_control.o (.rodata.str1.7577149768182804784.1)
                  000041ea    0000000f     h3_ball_control.o (.rodata.str1.13141150544294324688.1)
                  000041f9    0000000e     h3_ball_control.o (.rodata.str1.5334463718731916073.1)
                  00004207    0000000e     h3_ball_control.o (.rodata.str1.8801625546549058199.1)
                  00004215    0000000d     h3_ball_control.o (.rodata.str1.6320901919405435980.1)
                  00004222    0000000a     ti_msp_dl_config.o (.rodata.gDEBUG_UARTConfig)
                  0000422c    0000000a     ti_msp_dl_config.o (.rodata.gVISION_UARTConfig)
                  00004236    00000009     h3_ball_control.o (.rodata.str1.14042360478803217214.1)
                  0000423f    00000009     h3_ball_control.o (.rodata.str1.16556530777337167717.1)
                  00004248    00000008     ti_msp_dl_config.o (.rodata.gPWM_LEFTConfig)
                  00004250    00000008     ti_msp_dl_config.o (.rodata.gPWM_RIGHTConfig)
                  00004258    00000008     h3_ball_control.o (.rodata.str1.10153115017827215444.1)
                  00004260    00000008     h3_ball_control.o (.rodata.str1.12966144182881050767.1)
                  00004268    00000008     h3_ball_control.o (.rodata.str1.5543627561405077967.1)
                  00004270    00000008     h3_ball_control.o (.rodata.str1.5788038055639424766.1)
                  00004278    00000007     h3_ball_control.o (.rodata.str1.14451229389811978652.1)
                  0000427f    00000007     h3_ball_control.o (.rodata.str1.3499223319192506562.1)
                  00004286    00000006     h3_ball_control.o (.rodata.str1.13132125606125582124.1)
                  0000428c    00000006     h3_ball_control.o (.rodata.str1.1405161051558020165.1)
                  00004292    00000006     h3_ball_control.o (.rodata.str1.8518641162528035037.1)
                  00004298    00000005     h3_ball_control.o (.rodata.str1.16656616020101717245.1)
                  0000429d    00000003     ti_msp_dl_config.o (.rodata.gCONTROL_TIMERClockConfig)
                  000042a0    00000003     ti_msp_dl_config.o (.rodata.gPWM_LEFTClockConfig)
                  000042a3    00000003     ti_msp_dl_config.o (.rodata.gPWM_RIGHTClockConfig)
                  000042a6    00000002     ti_msp_dl_config.o (.rodata.gDEBUG_UARTClockConfig)
                  000042a8    00000002     ti_msp_dl_config.o (.rodata.gI2C_DISPLAYClockConfig)
                  000042aa    00000002     ti_msp_dl_config.o (.rodata.gVISION_UARTClockConfig)
                  000042ac    00000004     --HOLE-- [fill = 0]

.init_array 
*          0    00000000    00000000     UNINITIALIZED

.binit     0    00000000    00000000     

.bss       0    20200000    0000070d     UNINITIALIZED
                  20200000    00000400     ssd1306.o (.bss.g_frame)
                  20200400    000000bc     (.common:gCONTROL_TIMERBackup)
                  202004bc    000000bc     (.common:gPWM_RIGHTBackup)
                  20200578    00000080     h3_vision.o (.bss.g_rx_buffer)
                  202005f8    00000040     h3_vision.o (.bss.g_line)
                  20200638    0000003c     h3_vision.o (.bss.g_sample)
                  20200674    00000020     motor_encoder.o (.bss.g_motor)
                  20200694    00000010     zdt_stepper.o (.bss.g_rx_frame)
                  202006a4    00000010     zdt_stepper.o (.bss.g_status)
                  202006b4    00000004     h3_ball_control.o (.bss.g_camera_ack_tx_frames)
                  202006b8    00000004     h3_ball_control.o (.bss.g_finish_elapsed_ms)
                  202006bc    00000004     h3_ball_control.o (.bss.g_integral_mm_s)
                  202006c0    00000004     h3_ball_control.o (.bss.g_last_command_angle_deg)
                  202006c4    00000004     h3_ball_control.o (.bss.g_last_command_ms)
                  202006c8    00000004     h3_ball_control.o (.bss.g_last_key_ms)
                  202006cc    00000004     motor_encoder.o (.bss.g_last_left_count)
                  202006d0    00000004     h3_ball_control.o (.bss.g_last_oled_page_ms)
                  202006d4    00000004     motor_encoder.o (.bss.g_last_right_count)
                  202006d8    00000004     h3_ball_control.o (.bss.g_last_ui_ms)
                  202006dc    00000004     motor_encoder.o (.bss.g_left_count)
                  202006e0    00000004     motor_encoder.o (.bss.g_left_integral)
                  202006e4    00000004     h3_ball_control.o (.bss.g_millis)
                  202006e8    00000004     h3_ball_control.o (.bss.g_positive_reached_ms)
                  202006ec    00000004     motor_encoder.o (.bss.g_right_count)
                  202006f0    00000004     motor_encoder.o (.bss.g_right_integral)
                  202006f4    00000004     h3_ball_control.o (.bss.g_run_start_ms)
                  202006f8    00000004     h3_ball_control.o (.bss.g_stable_start_ms)
                  202006fc    00000004     h3_ball_control.o (.bss.g_target_mm)
                  20200700    00000002     h3_vision.o (.bss.g_rx_head)
                  20200702    00000002     h3_vision.o (.bss.g_rx_tail)
                  20200704    00000001     ssd1306.o (.bss.g_address)
                  20200705    00000001     h3_vision.o (.bss.g_line_length)
                  20200706    00000001     h3_vision.o (.bss.g_new_sample)
                  20200707    00000001     h3_ball_control.o (.bss.g_oled_present)
                  20200708    00000001     ssd1306.o (.bss.g_present)
                  20200709    00000001     ssd1306.o (.bss.g_refresh_page)
                  2020070a    00000001     zdt_stepper.o (.bss.g_rx_length)
                  2020070b    00000001     h3_ball_control.o (.bss.g_start_key_event)
                  2020070c    00000001     h3_ball_control.o (.bss.g_state)

.data      0    20200710    00000004     UNINITIALIZED
                  20200710    00000004     libc.a : aeabi_portable.c.obj (.data.__aeabi_errno)

.stack     0    20207e00    00000200     UNINITIALIZED
                  20207e00    00000004     libc.a : boot_cortex_m.c.obj (.stack)
                  20207e04    000001fc     --HOLE--

__llvm_prf_cnts 
*          0    20200000    00000000     UNINITIALIZED

__llvm_prf_bits 
*          0    20200000    00000000     UNINITIALIZED

MODULE SUMMARY

       Module                         code    ro data   rw data
       ------                         ----    -------   -------
    .\
       ti_msp_dl_config.o             2460    71        376    
       main.o                         522     0         0      
       startup_mspm0g350x_ticlang.o   8       192       0      
    +--+------------------------------+-------+---------+---------+
       Total:                         2990    263       376    
                                                               
    .\src\
       h3_ball_control.o              2772    215       55     
       h3_vision.o                    2500    0         258    
       ssd1306.o                      1192    235       1027   
       zdt_stepper.o                  566     0         33     
       i2c_bus.o                      524     0         0      
       motor_encoder.o                398     0         56     
    +--+------------------------------+-------+---------+---------+
       Total:                         7952    450       1429   
                                                               
    F:/ti/mspm0_sdk_2_10_00_04/source/ti/driverlib/lib/ticlang/m0p/mspm0g1x0x_g3x0x/driverlib.a
       dl_timer.o                     608     0         0      
       dl_i2c.o                       240     0         0      
       dl_uart.o                      166     0         0      
       dl_common.o                    10      0         0      
    +--+------------------------------+-------+---------+---------+
       Total:                         1024    0         0      
                                                               
    F:\ti\ccs2051\ccs\tools\compiler\ti-cgt-armllvm_4.0.4.LTS\lib\armv6m-ti-none-eabi/c/libc.a
       _printfi.c.obj                 2166    34        0      
       aeabi_ctype.S.obj              0       257       0      
       snprintf.c.obj                 148     0         0      
       copy_decompress_lzss.c.obj     124     0         0      
       atoi.c.obj                     64      0         0      
       autoinit.c.obj                 60      0         0      
       boot_cortex_m.c.obj            40      0         0      
       memccpy.c.obj                  34      0         0      
       copy_decompress_none.c.obj     18      0         0      
       memcpy16.S.obj                 18      0         0      
       copy_zero_init.c.obj           16      0         0      
       wcslen.c.obj                   16      0         0      
       memset16.S.obj                 14      0         0      
       aeabi_portable.c.obj           8       0         4      
       exit.c.obj                     6       0         0      
       pre_init.c.obj                 4       0         0      
    +--+------------------------------+-------+---------+---------+
       Total:                         2736    291       4      
                                                               
    F:\ti\ccs2051\ccs\tools\compiler\ti-cgt-armllvm_4.0.4.LTS\lib\armv6m-ti-none-eabi/c/libsysbm.a
       hostexit.c.obj                 4       0         0      
    +--+------------------------------+-------+---------+---------+
       Total:                         4       0         0      
                                                               
    F:\ti\ccs2051\ccs\tools\compiler\ti-cgt-armllvm_4.0.4.LTS\lib\armv6m-ti-none-eabi/libclang_rt.builtins.a
       addsf3.S.obj                   216     0         0      
       udivmoddi4.S.obj               162     0         0      
       mulsf3.S.obj                   140     0         0      
       divsf3.S.obj                   130     0         0      
       comparesf2.S.obj               118     0         0      
       aeabi_fcmp.S.obj               98      0         0      
       aeabi_uidivmod.S.obj           64      0         0      
       floatsisf.S.obj                60      0         0      
       muldsi3.S.obj                  58      0         0      
       fixsfsi.S.obj                  56      0         0      
       fixunssfsi.S.obj               50      0         0      
       floatunsisf.S.obj              40      0         0      
       muldi3.S.obj                   36      0         0      
       ashldi3.S.obj                  30      0         0      
       aeabi_memset.S.obj             26      0         0      
       aeabi_uldivmod.S.obj           20      0         0      
       aeabi_memcpy.S.obj             8       0         0      
       aeabi_div0.c.obj               4       0         0      
    +--+------------------------------+-------+---------+---------+
       Total:                         1316    0         0      
                                                               
       Stack:                         0       0         512    
       Linker Generated:              0       43        0      
    +--+------------------------------+-------+---------+---------+
       Grand Total:                   16022   1047      2321   


LINKER GENERATED COPY TABLES

__TI_cinit_table @ 000042cc records: 2, size/record: 8, table size: 16
	.bss: load addr=000042bc, load size=00000008 bytes, run addr=20200000, run size=0000070d bytes, compression=zero_init
	.data: load addr=000042c4, load size=00000007 bytes, run addr=20200710, run size=00000004 bytes, compression=lzss


LINKER GENERATED HANDLER TABLE

__TI_handler_table @ 000042b0 records: 3, size/record: 4, table size: 12
	index: 0, handler: __TI_decompress_lzss
	index: 1, handler: __TI_decompress_none
	index: 2, handler: __TI_zero_init


GLOBAL SYMBOLS: SORTED ALPHABETICALLY BY Name 

address   name                            
-------   ----                            
00003f67  ADC0_IRQHandler                 
00003f67  ADC1_IRQHandler                 
00003f67  AES_IRQHandler                  
00003f6a  C$$EXIT                         
00003f67  CANFD0_IRQHandler               
00003f67  DAC0_IRQHandler                 
00003f35  DL_Common_delayCycles           
00002c95  DL_I2C_fillControllerTXFIFO     
00003569  DL_I2C_flushControllerRXFIFO    
00003275  DL_I2C_flushControllerTXFIFO    
0000387b  DL_I2C_setClockConfig           
00001689  DL_Timer_initFourCCPWMMode      
0000178d  DL_Timer_initTimerMode          
00003a8d  DL_Timer_setCaptCompUpdateMethod
00003c69  DL_Timer_setCaptureCompareOutCtl
00003ea5  DL_Timer_setCaptureCompareValue 
00003aa9  DL_Timer_setClockConfig         
0000305d  DL_UART_init                    
00003e5f  DL_UART_setClockConfig          
00003599  DL_UART_transmitDataBlocking    
00003ae1  DL_UART_transmitDataCheck       
00003f67  DMA_IRQHandler                  
00003f67  Default_Handler                 
00003f67  GROUP0_IRQHandler               
00003689  GROUP1_IRQHandler               
00003f6b  HOSTexit                        
00003f67  HardFault_Handler               
00003f67  I2C0_IRQHandler                 
00003f67  I2C1_IRQHandler                 
00003f67  NMI_Handler                     
00003f67  PendSV_Handler                  
00003f67  RTC_IRQHandler                  
00003f6f  Reset_Handler                   
00003f67  SPI0_IRQHandler                 
00003f67  SPI1_IRQHandler                 
00003f67  SVC_Handler                     
00003501  SYSCFG_DL_CONTROL_TIMER_init    
000030a5  SYSCFG_DL_DEBUG_UART_init       
00000b31  SYSCFG_DL_GPIO_init             
00002d51  SYSCFG_DL_I2C_DISPLAY_init      
00002aa9  SYSCFG_DL_PWM_LEFT_init         
00002b0d  SYSCFG_DL_PWM_RIGHT_init        
000038e9  SYSCFG_DL_SYSCTL_init           
00002ee1  SYSCFG_DL_VISION_UART_init      
000032ed  SYSCFG_DL_init                  
00002035  SYSCFG_DL_initPower             
00003f67  SysTick_Handler                 
00003f67  TIMA0_IRQHandler                
00003afd  TIMA1_IRQHandler                
00003f67  TIMG0_IRQHandler                
00003f67  TIMG12_IRQHandler               
00003f67  TIMG6_IRQHandler                
00003f67  TIMG7_IRQHandler                
00003f67  TIMG8_IRQHandler                
00003e71  TI_memcpy_small                 
00003f01  TI_memset_small                 
000035c9  UART0_IRQHandler                
000035f9  UART1_IRQHandler                
00003f67  UART2_IRQHandler                
00003f67  UART3_IRQHandler                
20208000  __STACK_END                     
00000200  __STACK_SIZE                    
00000000  __TI_ATRegion0_region_sz        
00000000  __TI_ATRegion0_src_addr         
00000000  __TI_ATRegion0_trg_addr         
00000000  __TI_ATRegion1_region_sz        
00000000  __TI_ATRegion1_src_addr         
00000000  __TI_ATRegion1_trg_addr         
00000000  __TI_ATRegion2_region_sz        
00000000  __TI_ATRegion2_src_addr         
00000000  __TI_ATRegion2_trg_addr         
000042cc  __TI_CINIT_Base                 
000042dc  __TI_CINIT_Limit                
000042dc  __TI_CINIT_Warm                 
000042b0  __TI_Handler_Table_Base         
000042bc  __TI_Handler_Table_Limit        
000033dd  __TI_auto_init_nobinit_nopinit  
0000294d  __TI_decompress_lzss            
00003e83  __TI_decompress_none            
ffffffff  __TI_pprof_out_hndl             
000000c1  __TI_printfi_nofloat            
ffffffff  __TI_prof_data_size             
ffffffff  __TI_prof_data_start            
00000000  __TI_static_base__              
00003ed5  __TI_zero_init                  
00001d33  __addsf3                        
00003f80  __aeabi_ctype_table_            
00003f80  __aeabi_ctype_table_C           
20200710  __aeabi_errno                   
00003f41  __aeabi_errno_addr              
00003491  __aeabi_f2iz                    
00003535  __aeabi_f2uiz                   
00001d33  __aeabi_fadd                    
00002b71  __aeabi_fcmpeq                  
00002bad  __aeabi_fcmpge                  
00002bc1  __aeabi_fcmpgt                  
00002b99  __aeabi_fcmple                  
00002b85  __aeabi_fcmplt                  
00002749  __aeabi_fdiv                    
000025ad  __aeabi_fmul                    
00001d29  __aeabi_fsub                    
00003329  __aeabi_i2f                     
00000e97  __aeabi_idiv0                   
00001d27  __aeabi_ldiv0                   
0000398d  __aeabi_llsl                    
000038a1  __aeabi_lmul                    
00003f11  __aeabi_memclr                  
00003f11  __aeabi_memclr4                 
00003f11  __aeabi_memclr8                 
00003f49  __aeabi_memcpy                  
00003f49  __aeabi_memcpy4                 
00003f49  __aeabi_memcpy8                 
00003ee5  __aeabi_memset                  
00003ee5  __aeabi_memset4                 
00003ee5  __aeabi_memset8                 
00003805  __aeabi_ui2f                    
00003179  __aeabi_uidiv                   
00003179  __aeabi_uidivmod                
00003dd9  __aeabi_uldivmod                
0000398d  __ashldi3                       
ffffffff  __binit__                       
00003419  __cmpsf2                        
00002749  __divsf3                        
00003419  __eqsf2                         
00003491  __fixsfsi                       
00003535  __fixunssfsi                    
00003329  __floatsisf                     
00003805  __floatunsisf                   
00003365  __gesf2                         
00003365  __gtsf2                         
00003419  __lesf2                         
00003419  __ltsf2                         
UNDEFED   __mpu_init                      
000038a1  __muldi3                        
00003455  __muldsi3                       
000025ad  __mulsf3                        
00003419  __nesf2                         
20207e00  __stack                         
20200000  __start___llvm_prf_bits         
20200000  __start___llvm_prf_cnts         
20200000  __stop___llvm_prf_bits          
20200000  __stop___llvm_prf_cnts          
00001d29  __subsf3                        
00001f91  __udivmoddi4                    
0000382d  _c_int00_noargs                 
UNDEFED   _system_post_cinit              
00003f73  _system_pre_init                
00003f61  abort                           
000031b9  atoi                            
ffffffff  binit                           
20200400  gCONTROL_TIMERBackup            
202004bc  gPWM_RIGHTBackup                
00001ecd  h3_ball_control_init            
00001011  h3_ball_control_process         
00003f1d  h3_ball_control_start_key_isr   
00003eb5  h3_ball_control_tick_1ms_isr    
00003ded  h3_ball_control_vision_rx_isr   
00003e01  h3_ball_control_zdt_rx_isr      
00003f51  h3_vision_get                   
00002f2d  h3_vision_init                  
0000142d  h3_vision_process               
00002bd5  h3_vision_rx_byte_isr           
0000394d  h3_vision_take_new_sample       
00002175  i2c_bus_write                   
00000000  interruptVectors                
000030ed  main                            
0000390b  memccpy                         
000033a1  motor_coast                     
00002c35  motor_init                      
000034c9  motor_set_targets               
00002f79  snprintf                        
00003e15  ssd1306_clear                   
00001e01  ssd1306_draw_text               
00001561  ssd1306_init                    
00001889  ssd1306_refresh_next_page       
00003ec5  wcslen                          
00003659  zdt_stepper_enable              
00003f59  zdt_stepper_get_status          
00002cf5  zdt_stepper_init                
00002519  zdt_stepper_move_absolute_deg   
000026c5  zdt_stepper_rx_byte_isr         


GLOBAL SYMBOLS: SORTED BY Symbol Address 

address   name                            
-------   ----                            
00000000  __TI_ATRegion0_region_sz        
00000000  __TI_ATRegion0_src_addr         
00000000  __TI_ATRegion0_trg_addr         
00000000  __TI_ATRegion1_region_sz        
00000000  __TI_ATRegion1_src_addr         
00000000  __TI_ATRegion1_trg_addr         
00000000  __TI_ATRegion2_region_sz        
00000000  __TI_ATRegion2_src_addr         
00000000  __TI_ATRegion2_trg_addr         
00000000  __TI_static_base__              
00000000  interruptVectors                
000000c1  __TI_printfi_nofloat            
00000200  __STACK_SIZE                    
00000b31  SYSCFG_DL_GPIO_init             
00000e97  __aeabi_idiv0                   
00001011  h3_ball_control_process         
0000142d  h3_vision_process               
00001561  ssd1306_init                    
00001689  DL_Timer_initFourCCPWMMode      
0000178d  DL_Timer_initTimerMode          
00001889  ssd1306_refresh_next_page       
00001d27  __aeabi_ldiv0                   
00001d29  __aeabi_fsub                    
00001d29  __subsf3                        
00001d33  __addsf3                        
00001d33  __aeabi_fadd                    
00001e01  ssd1306_draw_text               
00001ecd  h3_ball_control_init            
00001f91  __udivmoddi4                    
00002035  SYSCFG_DL_initPower             
00002175  i2c_bus_write                   
00002519  zdt_stepper_move_absolute_deg   
000025ad  __aeabi_fmul                    
000025ad  __mulsf3                        
000026c5  zdt_stepper_rx_byte_isr         
00002749  __aeabi_fdiv                    
00002749  __divsf3                        
0000294d  __TI_decompress_lzss            
00002aa9  SYSCFG_DL_PWM_LEFT_init         
00002b0d  SYSCFG_DL_PWM_RIGHT_init        
00002b71  __aeabi_fcmpeq                  
00002b85  __aeabi_fcmplt                  
00002b99  __aeabi_fcmple                  
00002bad  __aeabi_fcmpge                  
00002bc1  __aeabi_fcmpgt                  
00002bd5  h3_vision_rx_byte_isr           
00002c35  motor_init                      
00002c95  DL_I2C_fillControllerTXFIFO     
00002cf5  zdt_stepper_init                
00002d51  SYSCFG_DL_I2C_DISPLAY_init      
00002ee1  SYSCFG_DL_VISION_UART_init      
00002f2d  h3_vision_init                  
00002f79  snprintf                        
0000305d  DL_UART_init                    
000030a5  SYSCFG_DL_DEBUG_UART_init       
000030ed  main                            
00003179  __aeabi_uidiv                   
00003179  __aeabi_uidivmod                
000031b9  atoi                            
00003275  DL_I2C_flushControllerTXFIFO    
000032ed  SYSCFG_DL_init                  
00003329  __aeabi_i2f                     
00003329  __floatsisf                     
00003365  __gesf2                         
00003365  __gtsf2                         
000033a1  motor_coast                     
000033dd  __TI_auto_init_nobinit_nopinit  
00003419  __cmpsf2                        
00003419  __eqsf2                         
00003419  __lesf2                         
00003419  __ltsf2                         
00003419  __nesf2                         
00003455  __muldsi3                       
00003491  __aeabi_f2iz                    
00003491  __fixsfsi                       
000034c9  motor_set_targets               
00003501  SYSCFG_DL_CONTROL_TIMER_init    
00003535  __aeabi_f2uiz                   
00003535  __fixunssfsi                    
00003569  DL_I2C_flushControllerRXFIFO    
00003599  DL_UART_transmitDataBlocking    
000035c9  UART0_IRQHandler                
000035f9  UART1_IRQHandler                
00003659  zdt_stepper_enable              
00003689  GROUP1_IRQHandler               
00003805  __aeabi_ui2f                    
00003805  __floatunsisf                   
0000382d  _c_int00_noargs                 
0000387b  DL_I2C_setClockConfig           
000038a1  __aeabi_lmul                    
000038a1  __muldi3                        
000038e9  SYSCFG_DL_SYSCTL_init           
0000390b  memccpy                         
0000394d  h3_vision_take_new_sample       
0000398d  __aeabi_llsl                    
0000398d  __ashldi3                       
00003a8d  DL_Timer_setCaptCompUpdateMethod
00003aa9  DL_Timer_setClockConfig         
00003ae1  DL_UART_transmitDataCheck       
00003afd  TIMA1_IRQHandler                
00003c69  DL_Timer_setCaptureCompareOutCtl
00003dd9  __aeabi_uldivmod                
00003ded  h3_ball_control_vision_rx_isr   
00003e01  h3_ball_control_zdt_rx_isr      
00003e15  ssd1306_clear                   
00003e5f  DL_UART_setClockConfig          
00003e71  TI_memcpy_small                 
00003e83  __TI_decompress_none            
00003ea5  DL_Timer_setCaptureCompareValue 
00003eb5  h3_ball_control_tick_1ms_isr    
00003ec5  wcslen                          
00003ed5  __TI_zero_init                  
00003ee5  __aeabi_memset                  
00003ee5  __aeabi_memset4                 
00003ee5  __aeabi_memset8                 
00003f01  TI_memset_small                 
00003f11  __aeabi_memclr                  
00003f11  __aeabi_memclr4                 
00003f11  __aeabi_memclr8                 
00003f1d  h3_ball_control_start_key_isr   
00003f35  DL_Common_delayCycles           
00003f41  __aeabi_errno_addr              
00003f49  __aeabi_memcpy                  
00003f49  __aeabi_memcpy4                 
00003f49  __aeabi_memcpy8                 
00003f51  h3_vision_get                   
00003f59  zdt_stepper_get_status          
00003f61  abort                           
00003f67  ADC0_IRQHandler                 
00003f67  ADC1_IRQHandler                 
00003f67  AES_IRQHandler                  
00003f67  CANFD0_IRQHandler               
00003f67  DAC0_IRQHandler                 
00003f67  DMA_IRQHandler                  
00003f67  Default_Handler                 
00003f67  GROUP0_IRQHandler               
00003f67  HardFault_Handler               
00003f67  I2C0_IRQHandler                 
00003f67  I2C1_IRQHandler                 
00003f67  NMI_Handler                     
00003f67  PendSV_Handler                  
00003f67  RTC_IRQHandler                  
00003f67  SPI0_IRQHandler                 
00003f67  SPI1_IRQHandler                 
00003f67  SVC_Handler                     
00003f67  SysTick_Handler                 
00003f67  TIMA0_IRQHandler                
00003f67  TIMG0_IRQHandler                
00003f67  TIMG12_IRQHandler               
00003f67  TIMG6_IRQHandler                
00003f67  TIMG7_IRQHandler                
00003f67  TIMG8_IRQHandler                
00003f67  UART2_IRQHandler                
00003f67  UART3_IRQHandler                
00003f6a  C$$EXIT                         
00003f6b  HOSTexit                        
00003f6f  Reset_Handler                   
00003f73  _system_pre_init                
00003f80  __aeabi_ctype_table_            
00003f80  __aeabi_ctype_table_C           
000042b0  __TI_Handler_Table_Base         
000042bc  __TI_Handler_Table_Limit        
000042cc  __TI_CINIT_Base                 
000042dc  __TI_CINIT_Limit                
000042dc  __TI_CINIT_Warm                 
20200000  __start___llvm_prf_bits         
20200000  __start___llvm_prf_cnts         
20200000  __stop___llvm_prf_bits          
20200000  __stop___llvm_prf_cnts          
20200400  gCONTROL_TIMERBackup            
202004bc  gPWM_RIGHTBackup                
20200710  __aeabi_errno                   
20207e00  __stack                         
20208000  __STACK_END                     
ffffffff  __TI_pprof_out_hndl             
ffffffff  __TI_prof_data_size             
ffffffff  __TI_prof_data_start            
ffffffff  __binit__                       
ffffffff  binit                           
UNDEFED   __mpu_init                      
UNDEFED   _system_post_cinit              

[181 symbols]
