******************************************************************************
            TI ARM Clang Linker PC v4.0.4                      
******************************************************************************
>> Linked Wed Jul 29 23:13:51 2026

OUTPUT FILE NAME:   <C:\Users\ASUSlxg\Documents\Codex\2026-07-29\pcb-pcb-ccs-maxican-pro-go\work\build_final\H2_LineCar_CCS.out>
ENTRY POINT SYMBOL: "_c_int00_noargs"  address: 0000281d


MEMORY CONFIGURATION

         name            origin    length      used     unused   attr    fill
----------------------  --------  ---------  --------  --------  ----  --------
  FLASH                 00000000   00020000  00002d88  0001d278  R  X
  SRAM                  20200000   00008000  000007fc  00007804  RW X
  BCR_CONFIG            41c00000   000000ff  00000000  000000ff  R   
  BSL_CONFIG            41c00100   00000080  00000000  00000080  R   


SEGMENT ALLOCATION MAP

run origin  load origin   length   init length attrs members
----------  ----------- ---------- ----------- ----- -------
00000000    00000000    00002a58   00002a58    r-x
  00000000    00000000    000000c0   000000c0    r-- .intvecs
  000000c0    000000c0    00002998   00002998    r-x .text
00002a60    00002a60    00000330   00000330    r--
  00002a60    00002a60    00000300   00000300    r-- .rodata
  00002d60    00002d60    00000030   00000030    r-- .cinit
20200000    20200000    000005fe   00000000    rw-
  20200000    20200000    000005f6   00000000    rw- .bss
  202005f8    202005f8    00000006   00000000    rw- .data
20207e00    20207e00    00000200   00000000    rw-
  20207e00    20207e00    00000200   00000000    rw- .stack


SECTION ALLOCATION MAP

 output                                  attributes/
section   page    origin      length       input sections
--------  ----  ----------  ----------   ----------------
.intvecs   0    00000000    000000c0     
                  00000000    000000c0     startup_mspm0g350x_ticlang.o (.intvecs)

.text      0    000000c0    00002998     
                  000000c0    00000868     libc.a : _printfi.c.obj (.text:__TI_printfi_nofloat)
                  00000928    0000038c     app.o (.text.app_process)
                  00000cb4    0000025c     motor_encoder.o (.text.motor_speed_control_10ms)
                  00000f10    00000194     line_sensor.o (.text.line_sensor_read)
                  000010a4    00000144     ssd1306.o (.text.ssd1306_draw_text_2x)
                  000011e8    00000134     app.o (.text.update_ui)
                  0000131c    00000128     ssd1306.o (.text.ssd1306_refresh_next_page)
                  00001444    0000010c     ti_msp_dl_config.o (.text.SYSCFG_DL_GPIO_init)
                  00001550    00000108     i2c_bus.o (.text.i2c_bus_write)
                  00001658    00000104     driverlib.a : dl_timer.o (.text.DL_Timer_initFourCCPWMMode)
                  0000175c    000000fc                 : dl_timer.o (.text.DL_Timer_initTimerMode)
                  00001858    000000d8     libclang_rt.builtins.a : addsf3.S.obj (.text)
                  00001930    000000cc     ssd1306.o (.text.ssd1306_init)
                  000019fc    000000c0     app.o (.text.app_init)
                  00001abc    000000b4     ssd1306.o (.text.ssd1306_draw_text)
                  00001b70    000000a2     libclang_rt.builtins.a : udivmoddi4.S.obj (.text)
                  00001c12    0000009a     libc.a : memcpy16.S.obj (.text:memcpy)
                  00001cac    0000008c     libclang_rt.builtins.a : mulsf3.S.obj (.text.__mulsf3)
                  00001d38    00000082                            : divsf3.S.obj (.text.__divsf3)
                  00001dba    00000002     startup_mspm0g350x_ticlang.o (.text.Default_Handler)
                  00001dbc    0000007c     libc.a : copy_decompress_lzss.c.obj (.text:decompress:lzss)
                  00001e38    00000078     motor_encoder.o (.text.motor_init)
                  00001eb0    00000068     ti_msp_dl_config.o (.text.SYSCFG_DL_PWM_LEFT_init)
                  00001f18    00000068     ti_msp_dl_config.o (.text.SYSCFG_DL_PWM_RIGHT_init)
                  00001f80    00000062     libclang_rt.builtins.a : aeabi_fcmp.S.obj (.text.__aeabi_fcmp)
                  00001fe2    00000062     libc.a : memset16.S.obj (.text:memset)
                  00002044    00000060     ti_msp_dl_config.o (.text.SYSCFG_DL_DEBUG_UART_init)
                  000020a4    00000060     ti_msp_dl_config.o (.text.SYSCFG_DL_initPower)
                  00002104    00000060     motor_encoder.o (.text.motor_set_targets)
                  00002164    0000005e     driverlib.a : dl_i2c.o (.text.DL_I2C_fillControllerTXFIFO)
                  000021c2    00000002     libclang_rt.builtins.a : aeabi_div0.c.obj (.text.__aeabi_idiv0)
                  000021c4    00000056                            : aeabi_idivmod.S.obj (.text.__aeabi_idivmod)
                  0000221a    00000002                            : aeabi_div0.c.obj (.text.__aeabi_ldiv0)
                  0000221c    00000054     ti_msp_dl_config.o (.text.SYSCFG_DL_I2C_DISPLAY_init)
                  00002270    0000004c     motor_encoder.o (.text.motor_active_brake)
                  000022bc    0000004c     libc.a : snprintf.c.obj (.text.snprintf)
                  00002308    00000048     driverlib.a : dl_uart.o (.text.DL_UART_init)
                  00002350    00000048     motor_encoder.o (.text.motor_coast)
                  00002398    00000048     motor_encoder.o (.text.motor_prepare_run)
                  000023e0    00000044     main.o (.text.GROUP1_IRQHandler)
                  00002424    00000040     libclang_rt.builtins.a : aeabi_uidivmod.S.obj (.text.__aeabi_uidivmod)
                  00002464    00000040     libc.a : atoi.c.obj (.text.atoi)
                  000024a4    0000003c     driverlib.a : dl_i2c.o (.text.DL_I2C_flushControllerTXFIFO)
                  000024e0    0000003c     ti_msp_dl_config.o (.text.SYSCFG_DL_CONTROL_TIMER_init)
                  0000251c    0000003c     ti_msp_dl_config.o (.text.SYSCFG_DL_SYSCTL_init)
                  00002558    0000003c     libclang_rt.builtins.a : floatsisf.S.obj (.text.__floatsisf)
                  00002594    0000003c                            : comparesf2.S.obj (.text.__gtsf2)
                  000025d0    0000003c     libc.a : autoinit.c.obj (.text:__TI_auto_init_nobinit_nopinit)
                  0000260c    0000003a     libclang_rt.builtins.a : comparesf2.S.obj (.text.__eqsf2)
                  00002646    00000002     --HOLE-- [fill = 0]
                  00002648    0000003a                            : muldsi3.S.obj (.text.__muldsi3)
                  00002682    00000002     --HOLE-- [fill = 0]
                  00002684    00000038     ti_msp_dl_config.o (.text.SYSCFG_DL_init)
                  000026bc    00000038     libclang_rt.builtins.a : fixsfsi.S.obj (.text.__fixsfsi)
                  000026f4    00000034     motor_encoder.o (.text.motor_encoder_left_edge_isr)
                  00002728    00000032     libclang_rt.builtins.a : fixunssfsi.S.obj (.text.__fixunssfsi)
                  0000275a    00000002     --HOLE-- [fill = 0]
                  0000275c    00000030     driverlib.a : dl_i2c.o (.text.DL_I2C_flushControllerRXFIFO)
                  0000278c    00000030     libc.a : snprintf.c.obj (.text._outs)
                  000027bc    00000030     main.o (.text.main)
                  000027ec    00000030     motor_encoder.o (.text.motor_encoder_right_edge_isr)
                  0000281c    00000028     libc.a : boot_cortex_m.c.obj (.text:_c_int00_noargs)
                  00002844    00000026     driverlib.a : dl_i2c.o (.text.DL_I2C_setClockConfig)
                  0000286a    00000002     --HOLE-- [fill = 0]
                  0000286c    00000024     libclang_rt.builtins.a : muldi3.S.obj (.text.__muldi3)
                  00002890    00000022     libc.a : memccpy.c.obj (.text.memccpy)
                  000028b2    00000002     --HOLE-- [fill = 0]
                  000028b4    0000001e     libclang_rt.builtins.a : ashldi3.S.obj (.text.__ashldi3)
                  000028d2    00000002     --HOLE-- [fill = 0]
                  000028d4    0000001c     driverlib.a : dl_timer.o (.text.DL_Timer_setCaptCompUpdateMethod)
                  000028f0    0000001c                 : dl_timer.o (.text.DL_Timer_setClockConfig)
                  0000290c    00000018                 : dl_timer.o (.text.DL_Timer_setCaptureCompareOutCtl)
                  00002924    00000018     main.o (.text.TIMA1_IRQHandler)
                  0000293c    00000018     libc.a : snprintf.c.obj (.text._outc)
                  00002954    00000014     libclang_rt.builtins.a : aeabi_uldivmod.S.obj (.text.__aeabi_uldivmod)
                  00002968    00000014     ssd1306.o (.text.ssd1306_clear)
                  0000297c    00000012     driverlib.a : dl_uart.o (.text.DL_UART_setClockConfig)
                  0000298e    00000012     libc.a : copy_decompress_none.c.obj (.text:decompress:none)
                  000029a0    00000010     driverlib.a : dl_timer.o (.text.DL_Timer_setCaptureCompareValue)
                  000029b0    00000010     app.o (.text.app_tick_1ms_isr)
                  000029c0    00000010     libc.a : wcslen.c.obj (.text.wcslen)
                  000029d0    00000010            : copy_zero_init.c.obj (.text:decompress:ZI)
                  000029e0    0000000e     libclang_rt.builtins.a : aeabi_memset.S.obj (.text.__aeabi_memset)
                  000029ee    0000000e     libc.a : _printfi.c.obj (.text.strlen)
                  000029fc    0000000c     libclang_rt.builtins.a : aeabi_memset.S.obj (.text.__aeabi_memclr)
                  00002a08    0000000c     app.o (.text.app_start_key_isr)
                  00002a14    0000000c     ssd1306.o (.text.ssd1306_is_present)
                  00002a20    0000000a     driverlib.a : dl_common.o (.text.DL_Common_delayCycles)
                  00002a2a    00000002     --HOLE-- [fill = 0]
                  00002a2c    00000008     libc.a : aeabi_portable.c.obj (.text.__aeabi_errno_addr)
                  00002a34    00000008     libclang_rt.builtins.a : aeabi_memcpy.S.obj (.text.__aeabi_memcpy)
                  00002a3c    00000008     motor_encoder.o (.text.motor_get)
                  00002a44    00000006     libc.a : exit.c.obj (.text:abort)
                  00002a4a    00000004     libsysbm.a : hostexit.c.obj (.text.HOSTexit)
                  00002a4e    00000004     startup_mspm0g350x_ticlang.o (.text.Reset_Handler)
                  00002a52    00000004     libc.a : pre_init.c.obj (.text._system_pre_init)
                  00002a56    00000002     --HOLE-- [fill = 0]

.cinit     0    00002d60    00000030     
                  00002d60    0000000c     (__TI_handler_table)
                  00002d6c    00000008     (.cinit..bss.load) [load image, compression = zero_init]
                  00002d74    00000007     (.cinit..data.load) [load image, compression = lzss]
                  00002d7b    00000001     --HOLE-- [fill = 0]
                  00002d7c    00000010     (__TI_cinit_table)
                  00002d8c    00000004     --HOLE-- [fill = 0]

.rodata    0    00002a60    00000300     
                  00002a60    00000101     libc.a : aeabi_ctype.S.obj (.rodata:__aeabi_ctype_table_)
                  00002b61    000000d2     ssd1306.o (.rodata.g_font)
                  00002c33    00000001     --HOLE-- [fill = 0]
                  00002c34    00000024     app.o (.rodata..Lswitch.table.update_ui)
                  00002c58    00000019     ssd1306.o (.rodata.try_init_at.init_commands)
                  00002c71    00000003     ti_msp_dl_config.o (.rodata.gCONTROL_TIMERClockConfig)
                  00002c74    00000014     ti_msp_dl_config.o (.rodata.gCONTROL_TIMERTimerConfig)
                  00002c88    00000011     libc.a : _printfi.c.obj (.rodata.str1.10348868589481759720.1)
                  00002c99    00000011            : _printfi.c.obj (.rodata.str1.15363888844622738466.1)
                  00002caa    00000011     app.o (.rodata.str1.8682387830711593804.1)
                  00002cbb    0000000e     app.o (.rodata.str1.11849843482968746561.1)
                  00002cc9    0000000e     app.o (.rodata.str1.3543938948723267646.1)
                  00002cd7    0000000d     app.o (.rodata.str1.14141965288680528547.1)
                  00002ce4    0000000c     app.o (.rodata.str1.13935281678674483141.1)
                  00002cf0    0000000b     app.o (.rodata.str1.1155299426122084162.1)
                  00002cfb    00000001     --HOLE-- [fill = 0]
                  00002cfc    0000000a     ti_msp_dl_config.o (.rodata.gDEBUG_UARTConfig)
                  00002d06    0000000a     app.o (.rodata.str1.4360399834097859481.1)
                  00002d10    0000000a     app.o (.rodata.str1.5602021903949372904.1)
                  00002d1a    00000002     ti_msp_dl_config.o (.rodata.gDEBUG_UARTClockConfig)
                  00002d1c    00000008     ti_msp_dl_config.o (.rodata.gPWM_LEFTConfig)
                  00002d24    00000008     ti_msp_dl_config.o (.rodata.gPWM_RIGHTConfig)
                  00002d2c    00000008     app.o (.rodata.str1.1944712146988729081.1)
                  00002d34    00000007     app.o (.rodata.str1.2606929252065540862.1)
                  00002d3b    00000006     app.o (.rodata.str1.12441497784875596899.1)
                  00002d41    00000006     app.o (.rodata.str1.7777424699149452427.1)
                  00002d47    00000005     app.o (.rodata.str1.6810515665389614968.1)
                  00002d4c    00000004     app.o (.rodata.str1.2568190970272041647.1)
                  00002d50    00000003     ti_msp_dl_config.o (.rodata.gPWM_LEFTClockConfig)
                  00002d53    00000003     ti_msp_dl_config.o (.rodata.gPWM_RIGHTClockConfig)
                  00002d56    00000002     ti_msp_dl_config.o (.rodata.gI2C_DISPLAYClockConfig)
                  00002d58    00000008     --HOLE-- [fill = 0]

.init_array 
*          0    00000000    00000000     UNINITIALIZED

.binit     0    00000000    00000000     

.bss       0    20200000    000005f6     UNINITIALIZED
                  20200000    00000400     ssd1306.o (.bss.g_frame)
                  20200400    000000bc     (.common:gCONTROL_TIMERBackup)
                  202004bc    000000bc     (.common:gPWM_RIGHTBackup)
                  20200578    00000020     motor_encoder.o (.bss.g_motor)
                  20200598    00000006     app.o (.bss.g_line)
                  2020059e    00000002     app.o (.bss.g_finish_wide_ms)
                  202005a0    00000004     app.o (.bss.g_brake_start_ms)
                  202005a4    00000004     app.o (.bss.g_distance_mm)
                  202005a8    00000004     app.o (.bss.g_last_key_ms)
                  202005ac    00000004     motor_encoder.o (.bss.g_last_left_count)
                  202005b0    00000004     app.o (.bss.g_last_line_control_ms)
                  202005b4    00000004     app.o (.bss.g_last_line_seen_ms)
                  202005b8    00000004     app.o (.bss.g_last_oled_page_ms)
                  202005bc    00000004     motor_encoder.o (.bss.g_last_right_count)
                  202005c0    00000004     app.o (.bss.g_last_speed_ms)
                  202005c4    00000004     app.o (.bss.g_last_ui_ms)
                  202005c8    00000004     motor_encoder.o (.bss.g_left_count)
                  202005cc    00000004     motor_encoder.o (.bss.g_left_integral)
                  202005d0    00000004     app.o (.bss.g_millis)
                  202005d4    00000004     motor_encoder.o (.bss.g_right_count)
                  202005d8    00000004     motor_encoder.o (.bss.g_right_integral)
                  202005dc    00000004     app.o (.bss.g_run_start_ms)
                  202005e0    00000004     app.o (.bss.g_start_left_count)
                  202005e4    00000004     app.o (.bss.g_start_right_count)
                  202005e8    00000004     app.o (.bss.g_stop_elapsed_ms)
                  202005ec    00000002     app.o (.bss.g_last_line_error)
                  202005ee    00000002     app.o (.bss.g_start_clear_ms)
                  202005f0    00000001     ssd1306.o (.bss.g_address)
                  202005f1    00000001     app.o (.bss.g_app_state)
                  202005f2    00000001     ssd1306.o (.bss.g_present)
                  202005f3    00000001     ssd1306.o (.bss.g_refresh_page)
                  202005f4    00000001     app.o (.bss.g_start_key_event)
                  202005f5    00000001     app.o (.bss.g_start_line_cleared)

.data      0    202005f8    00000006     UNINITIALIZED
                  202005f8    00000004     libc.a : aeabi_portable.c.obj (.data.__aeabi_errno)
                  202005fc    00000002     line_sensor.o (.data.line_sensor_read.last_error)

.stack     0    20207e00    00000200     UNINITIALIZED
                  20207e00    00000004     libc.a : boot_cortex_m.c.obj (.stack)
                  20207e04    000001fc     --HOLE--

__llvm_prf_cnts 
*          0    20200000    00000000     UNINITIALIZED

__llvm_prf_bits 
*          0    20200000    00000000     UNINITIALIZED

MODULE SUMMARY

       Module                         code    ro data   rw data
       ------                         ----    -------   -------
    C:\Users\ASUSlxg\Documents\Codex\2026-07-29\pcb-pcb-ccs-maxican-pro-go\work\build_final\
       ssd1306.o                      1036    235       1027   
       app.o                          1436    173       67     
       ti_msp_dl_config.o             928     59        376    
       motor_encoder.o                1148    0         56     
       line_sensor.o                  404     0         2      
       i2c_bus.o                      264     0         0      
       startup_mspm0g350x_ticlang.o   6       192       0      
       main.o                         140     0         0      
    +--+------------------------------+-------+---------+---------+
       Total:                         5362    659       1528   
                                                               
    F:\ti\ccs2051\ccs\tools\compiler\ti-cgt-armllvm_4.0.4.LTS\lib\armv6m-ti-none-eabi/c/libc.a
       _printfi.c.obj                 2166    34        0      
       aeabi_ctype.S.obj              0       257       0      
       memcpy16.S.obj                 154     0         0      
       snprintf.c.obj                 148     0         0      
       copy_decompress_lzss.c.obj     124     0         0      
       memset16.S.obj                 98      0         0      
       atoi.c.obj                     64      0         0      
       autoinit.c.obj                 60      0         0      
       boot_cortex_m.c.obj            40      0         0      
       memccpy.c.obj                  34      0         0      
       copy_decompress_none.c.obj     18      0         0      
       copy_zero_init.c.obj           16      0         0      
       wcslen.c.obj                   16      0         0      
       aeabi_portable.c.obj           8       0         4      
       exit.c.obj                     6       0         0      
       pre_init.c.obj                 4       0         0      
    +--+------------------------------+-------+---------+---------+
       Total:                         2956    291       4      
                                                               
    F:\ti\ccs2051\ccs\tools\compiler\ti-cgt-armllvm_4.0.4.LTS\lib\armv6m-ti-none-eabi/c/libsysbm.a
       hostexit.c.obj                 4       0         0      
    +--+------------------------------+-------+---------+---------+
       Total:                         4       0         0      
                                                               
    F:\ti\ccs2051\ccs\tools\compiler\ti-cgt-armllvm_4.0.4.LTS\lib\armv6m-ti-none-eabi/libclang_rt.builtins.a
       addsf3.S.obj                   216     0         0      
       udivmoddi4.S.obj               162     0         0      
       mulsf3.S.obj                   140     0         0      
       divsf3.S.obj                   130     0         0      
       comparesf2.S.obj               118     0         0      
       aeabi_fcmp.S.obj               98      0         0      
       aeabi_idivmod.S.obj            86      0         0      
       aeabi_uidivmod.S.obj           64      0         0      
       floatsisf.S.obj                60      0         0      
       muldsi3.S.obj                  58      0         0      
       fixsfsi.S.obj                  56      0         0      
       fixunssfsi.S.obj               50      0         0      
       muldi3.S.obj                   36      0         0      
       ashldi3.S.obj                  30      0         0      
       aeabi_memset.S.obj             26      0         0      
       aeabi_uldivmod.S.obj           20      0         0      
       aeabi_memcpy.S.obj             8       0         0      
       aeabi_div0.c.obj               4       0         0      
    +--+------------------------------+-------+---------+---------+
       Total:                         1362    0         0      
                                                               
    F:\ti\mspm0_sdk_2_10_00_04\source\ti\driverlib\lib\ticlang\m0p\mspm0g1x0x_g3x0x\driverlib.a
       dl_timer.o                     608     0         0      
       dl_i2c.o                       240     0         0      
       dl_uart.o                      90      0         0      
       dl_common.o                    10      0         0      
    +--+------------------------------+-------+---------+---------+
       Total:                         948     0         0      
                                                               
       Stack:                         0       0         512    
       Linker Generated:              0       43        0      
    +--+------------------------------+-------+---------+---------+
       Grand Total:                   10632   993       2044   


LINKER GENERATED COPY TABLES

__TI_cinit_table @ 00002d7c records: 2, size/record: 8, table size: 16
	.bss: load addr=00002d6c, load size=00000008 bytes, run addr=20200000, run size=000005f6 bytes, compression=zero_init
	.data: load addr=00002d74, load size=00000007 bytes, run addr=202005f8, run size=00000006 bytes, compression=lzss


LINKER GENERATED HANDLER TABLE

__TI_handler_table @ 00002d60 records: 3, size/record: 4, table size: 12
	index: 0, handler: __TI_decompress_lzss
	index: 1, handler: __TI_decompress_none
	index: 2, handler: __TI_zero_init


GLOBAL SYMBOLS: SORTED ALPHABETICALLY BY Name 

address   name                            
-------   ----                            
00001dbb  ADC0_IRQHandler                 
00001dbb  ADC1_IRQHandler                 
00001dbb  AES_IRQHandler                  
00002a4a  C$$EXIT                         
00001dbb  CANFD0_IRQHandler               
00001dbb  DAC0_IRQHandler                 
00002a21  DL_Common_delayCycles           
00002165  DL_I2C_fillControllerTXFIFO     
0000275d  DL_I2C_flushControllerRXFIFO    
000024a5  DL_I2C_flushControllerTXFIFO    
00002845  DL_I2C_setClockConfig           
00001659  DL_Timer_initFourCCPWMMode      
0000175d  DL_Timer_initTimerMode          
000028d5  DL_Timer_setCaptCompUpdateMethod
0000290d  DL_Timer_setCaptureCompareOutCtl
000029a1  DL_Timer_setCaptureCompareValue 
000028f1  DL_Timer_setClockConfig         
00002309  DL_UART_init                    
0000297d  DL_UART_setClockConfig          
00001dbb  DMA_IRQHandler                  
00001dbb  Default_Handler                 
00001dbb  GROUP0_IRQHandler               
000023e1  GROUP1_IRQHandler               
00002a4b  HOSTexit                        
00001dbb  HardFault_Handler               
00001dbb  I2C0_IRQHandler                 
00001dbb  I2C1_IRQHandler                 
00001dbb  NMI_Handler                     
00001dbb  PendSV_Handler                  
00001dbb  RTC_IRQHandler                  
00002a4f  Reset_Handler                   
00001dbb  SPI0_IRQHandler                 
00001dbb  SPI1_IRQHandler                 
00001dbb  SVC_Handler                     
000024e1  SYSCFG_DL_CONTROL_TIMER_init    
00002045  SYSCFG_DL_DEBUG_UART_init       
00001445  SYSCFG_DL_GPIO_init             
0000221d  SYSCFG_DL_I2C_DISPLAY_init      
00001eb1  SYSCFG_DL_PWM_LEFT_init         
00001f19  SYSCFG_DL_PWM_RIGHT_init        
0000251d  SYSCFG_DL_SYSCTL_init           
00002685  SYSCFG_DL_init                  
000020a5  SYSCFG_DL_initPower             
00001dbb  SysTick_Handler                 
00001dbb  TIMA0_IRQHandler                
00002925  TIMA1_IRQHandler                
00001dbb  TIMG0_IRQHandler                
00001dbb  TIMG12_IRQHandler               
00001dbb  TIMG6_IRQHandler                
00001dbb  TIMG7_IRQHandler                
00001dbb  TIMG8_IRQHandler                
00001dbb  UART0_IRQHandler                
00001dbb  UART1_IRQHandler                
00001dbb  UART2_IRQHandler                
00001dbb  UART3_IRQHandler                
20208000  __STACK_END                     
00000200  __STACK_SIZE                    
00000000  __TI_ATRegion0_region_sz        
00000000  __TI_ATRegion0_src_addr         
00000000  __TI_ATRegion0_trg_addr         
00000000  __TI_ATRegion1_region_sz        
00000000  __TI_ATRegion1_src_addr         
00000000  __TI_ATRegion1_trg_addr         
00000000  __TI_ATRegion2_region_sz        
00000000  __TI_ATRegion2_src_addr         
00000000  __TI_ATRegion2_trg_addr         
00002d7c  __TI_CINIT_Base                 
00002d8c  __TI_CINIT_Limit                
00002d8c  __TI_CINIT_Warm                 
00002d60  __TI_Handler_Table_Base         
00002d6c  __TI_Handler_Table_Limit        
000025d1  __TI_auto_init_nobinit_nopinit  
00001dbd  __TI_decompress_lzss            
0000298f  __TI_decompress_none            
ffffffff  __TI_pprof_out_hndl             
000000c1  __TI_printfi_nofloat            
ffffffff  __TI_prof_data_size             
ffffffff  __TI_prof_data_start            
00000000  __TI_static_base__              
000029d1  __TI_zero_init                  
00001863  __addsf3                        
00002a60  __aeabi_ctype_table_            
00002a60  __aeabi_ctype_table_C           
202005f8  __aeabi_errno                   
00002a2d  __aeabi_errno_addr              
000026bd  __aeabi_f2iz                    
00002729  __aeabi_f2uiz                   
00001863  __aeabi_fadd                    
00001f81  __aeabi_fcmpeq                  
00001fbd  __aeabi_fcmpge                  
00001fd1  __aeabi_fcmpgt                  
00001fa9  __aeabi_fcmple                  
00001f95  __aeabi_fcmplt                  
00001d39  __aeabi_fdiv                    
00001cad  __aeabi_fmul                    
00001859  __aeabi_fsub                    
00002559  __aeabi_i2f                     
000021c5  __aeabi_idiv                    
000021c3  __aeabi_idiv0                   
000021c5  __aeabi_idivmod                 
0000221b  __aeabi_ldiv0                   
000028b5  __aeabi_llsl                    
0000286d  __aeabi_lmul                    
000029fd  __aeabi_memclr                  
000029fd  __aeabi_memclr4                 
000029fd  __aeabi_memclr8                 
00002a35  __aeabi_memcpy                  
00002a35  __aeabi_memcpy4                 
00002a35  __aeabi_memcpy8                 
000029e1  __aeabi_memset                  
000029e1  __aeabi_memset4                 
000029e1  __aeabi_memset8                 
00002425  __aeabi_uidiv                   
00002425  __aeabi_uidivmod                
00002955  __aeabi_uldivmod                
000028b5  __ashldi3                       
ffffffff  __binit__                       
0000260d  __cmpsf2                        
00001d39  __divsf3                        
0000260d  __eqsf2                         
000026bd  __fixsfsi                       
00002729  __fixunssfsi                    
00002559  __floatsisf                     
00002595  __gesf2                         
00002595  __gtsf2                         
0000260d  __lesf2                         
0000260d  __ltsf2                         
UNDEFED   __mpu_init                      
0000286d  __muldi3                        
00002649  __muldsi3                       
00001cad  __mulsf3                        
0000260d  __nesf2                         
20207e00  __stack                         
20200000  __start___llvm_prf_bits         
20200000  __start___llvm_prf_cnts         
20200000  __stop___llvm_prf_bits          
20200000  __stop___llvm_prf_cnts          
00001859  __subsf3                        
00001b71  __udivmoddi4                    
0000281d  _c_int00_noargs                 
UNDEFED   _system_post_cinit              
00002a53  _system_pre_init                
00002a45  abort                           
000019fd  app_init                        
00000929  app_process                     
00002a09  app_start_key_isr               
000029b1  app_tick_1ms_isr                
00002465  atoi                            
ffffffff  binit                           
20200400  gCONTROL_TIMERBackup            
202004bc  gPWM_RIGHTBackup                
00001551  i2c_bus_write                   
00000000  interruptVectors                
00000f11  line_sensor_read                
000027bd  main                            
00002891  memccpy                         
00001c13  memcpy                          
00001fe3  memset                          
00002271  motor_active_brake              
00002351  motor_coast                     
000026f5  motor_encoder_left_edge_isr     
000027ed  motor_encoder_right_edge_isr    
00002a3d  motor_get                       
00001e39  motor_init                      
00002399  motor_prepare_run               
00002105  motor_set_targets               
00000cb5  motor_speed_control_10ms        
000022bd  snprintf                        
00002969  ssd1306_clear                   
00001abd  ssd1306_draw_text               
000010a5  ssd1306_draw_text_2x            
00001931  ssd1306_init                    
00002a15  ssd1306_is_present              
0000131d  ssd1306_refresh_next_page       
000029c1  wcslen                          


GLOBAL SYMBOLS: SORTED BY Symbol Address 

address   name                            
-------   ----                            
00000000  __TI_ATRegion0_region_sz        
00000000  __TI_ATRegion0_src_addr         
00000000  __TI_ATRegion0_trg_addr         
00000000  __TI_ATRegion1_region_sz        
00000000  __TI_ATRegion1_src_addr         
00000000  __TI_ATRegion1_trg_addr         
00000000  __TI_ATRegion2_region_sz        
00000000  __TI_ATRegion2_src_addr         
00000000  __TI_ATRegion2_trg_addr         
00000000  __TI_static_base__              
00000000  interruptVectors                
000000c1  __TI_printfi_nofloat            
00000200  __STACK_SIZE                    
00000929  app_process                     
00000cb5  motor_speed_control_10ms        
00000f11  line_sensor_read                
000010a5  ssd1306_draw_text_2x            
0000131d  ssd1306_refresh_next_page       
00001445  SYSCFG_DL_GPIO_init             
00001551  i2c_bus_write                   
00001659  DL_Timer_initFourCCPWMMode      
0000175d  DL_Timer_initTimerMode          
00001859  __aeabi_fsub                    
00001859  __subsf3                        
00001863  __addsf3                        
00001863  __aeabi_fadd                    
00001931  ssd1306_init                    
000019fd  app_init                        
00001abd  ssd1306_draw_text               
00001b71  __udivmoddi4                    
00001c13  memcpy                          
00001cad  __aeabi_fmul                    
00001cad  __mulsf3                        
00001d39  __aeabi_fdiv                    
00001d39  __divsf3                        
00001dbb  ADC0_IRQHandler                 
00001dbb  ADC1_IRQHandler                 
00001dbb  AES_IRQHandler                  
00001dbb  CANFD0_IRQHandler               
00001dbb  DAC0_IRQHandler                 
00001dbb  DMA_IRQHandler                  
00001dbb  Default_Handler                 
00001dbb  GROUP0_IRQHandler               
00001dbb  HardFault_Handler               
00001dbb  I2C0_IRQHandler                 
00001dbb  I2C1_IRQHandler                 
00001dbb  NMI_Handler                     
00001dbb  PendSV_Handler                  
00001dbb  RTC_IRQHandler                  
00001dbb  SPI0_IRQHandler                 
00001dbb  SPI1_IRQHandler                 
00001dbb  SVC_Handler                     
00001dbb  SysTick_Handler                 
00001dbb  TIMA0_IRQHandler                
00001dbb  TIMG0_IRQHandler                
00001dbb  TIMG12_IRQHandler               
00001dbb  TIMG6_IRQHandler                
00001dbb  TIMG7_IRQHandler                
00001dbb  TIMG8_IRQHandler                
00001dbb  UART0_IRQHandler                
00001dbb  UART1_IRQHandler                
00001dbb  UART2_IRQHandler                
00001dbb  UART3_IRQHandler                
00001dbd  __TI_decompress_lzss            
00001e39  motor_init                      
00001eb1  SYSCFG_DL_PWM_LEFT_init         
00001f19  SYSCFG_DL_PWM_RIGHT_init        
00001f81  __aeabi_fcmpeq                  
00001f95  __aeabi_fcmplt                  
00001fa9  __aeabi_fcmple                  
00001fbd  __aeabi_fcmpge                  
00001fd1  __aeabi_fcmpgt                  
00001fe3  memset                          
00002045  SYSCFG_DL_DEBUG_UART_init       
000020a5  SYSCFG_DL_initPower             
00002105  motor_set_targets               
00002165  DL_I2C_fillControllerTXFIFO     
000021c3  __aeabi_idiv0                   
000021c5  __aeabi_idiv                    
000021c5  __aeabi_idivmod                 
0000221b  __aeabi_ldiv0                   
0000221d  SYSCFG_DL_I2C_DISPLAY_init      
00002271  motor_active_brake              
000022bd  snprintf                        
00002309  DL_UART_init                    
00002351  motor_coast                     
00002399  motor_prepare_run               
000023e1  GROUP1_IRQHandler               
00002425  __aeabi_uidiv                   
00002425  __aeabi_uidivmod                
00002465  atoi                            
000024a5  DL_I2C_flushControllerTXFIFO    
000024e1  SYSCFG_DL_CONTROL_TIMER_init    
0000251d  SYSCFG_DL_SYSCTL_init           
00002559  __aeabi_i2f                     
00002559  __floatsisf                     
00002595  __gesf2                         
00002595  __gtsf2                         
000025d1  __TI_auto_init_nobinit_nopinit  
0000260d  __cmpsf2                        
0000260d  __eqsf2                         
0000260d  __lesf2                         
0000260d  __ltsf2                         
0000260d  __nesf2                         
00002649  __muldsi3                       
00002685  SYSCFG_DL_init                  
000026bd  __aeabi_f2iz                    
000026bd  __fixsfsi                       
000026f5  motor_encoder_left_edge_isr     
00002729  __aeabi_f2uiz                   
00002729  __fixunssfsi                    
0000275d  DL_I2C_flushControllerRXFIFO    
000027bd  main                            
000027ed  motor_encoder_right_edge_isr    
0000281d  _c_int00_noargs                 
00002845  DL_I2C_setClockConfig           
0000286d  __aeabi_lmul                    
0000286d  __muldi3                        
00002891  memccpy                         
000028b5  __aeabi_llsl                    
000028b5  __ashldi3                       
000028d5  DL_Timer_setCaptCompUpdateMethod
000028f1  DL_Timer_setClockConfig         
0000290d  DL_Timer_setCaptureCompareOutCtl
00002925  TIMA1_IRQHandler                
00002955  __aeabi_uldivmod                
00002969  ssd1306_clear                   
0000297d  DL_UART_setClockConfig          
0000298f  __TI_decompress_none            
000029a1  DL_Timer_setCaptureCompareValue 
000029b1  app_tick_1ms_isr                
000029c1  wcslen                          
000029d1  __TI_zero_init                  
000029e1  __aeabi_memset                  
000029e1  __aeabi_memset4                 
000029e1  __aeabi_memset8                 
000029fd  __aeabi_memclr                  
000029fd  __aeabi_memclr4                 
000029fd  __aeabi_memclr8                 
00002a09  app_start_key_isr               
00002a15  ssd1306_is_present              
00002a21  DL_Common_delayCycles           
00002a2d  __aeabi_errno_addr              
00002a35  __aeabi_memcpy                  
00002a35  __aeabi_memcpy4                 
00002a35  __aeabi_memcpy8                 
00002a3d  motor_get                       
00002a45  abort                           
00002a4a  C$$EXIT                         
00002a4b  HOSTexit                        
00002a4f  Reset_Handler                   
00002a53  _system_pre_init                
00002a60  __aeabi_ctype_table_            
00002a60  __aeabi_ctype_table_C           
00002d60  __TI_Handler_Table_Base         
00002d6c  __TI_Handler_Table_Limit        
00002d7c  __TI_CINIT_Base                 
00002d8c  __TI_CINIT_Limit                
00002d8c  __TI_CINIT_Warm                 
20200000  __start___llvm_prf_bits         
20200000  __start___llvm_prf_cnts         
20200000  __stop___llvm_prf_bits          
20200000  __stop___llvm_prf_cnts          
20200400  gCONTROL_TIMERBackup            
202004bc  gPWM_RIGHTBackup                
202005f8  __aeabi_errno                   
20207e00  __stack                         
20208000  __STACK_END                     
ffffffff  __TI_pprof_out_hndl             
ffffffff  __TI_prof_data_size             
ffffffff  __TI_prof_data_start            
ffffffff  __binit__                       
ffffffff  binit                           
UNDEFED   __mpu_init                      
UNDEFED   _system_post_cinit              

[175 symbols]
